******************************************************************************
                  TI ARM Linker Unix v16.9.0                   
******************************************************************************
>> Linked Wed Apr 12 02:40:17 2017

OUTPUT FILE NAME:   <rx_using_usb.out>
ENTRY POINT SYMBOL: "_c_int00"  address: 000023e5


MEMORY CONFIGURATION

         name            origin    length      used     unused   attr    fill
----------------------  --------  ---------  --------  --------  ----  --------
  FLASH                 00000000   00040000  00003bce  0003c432  R  X
  SRAM                  20000000   00008000  00007458  00000ba8  RW X


SEGMENT ALLOCATION MAP

run origin  load origin   length   init length attrs members
----------  ----------- ---------- ----------- ----- -------
00000000    00000000    00003bd0   00003bd0    r-x
  00000000    00000000    0000026c   0000026c    r-- .intvecs
  0000026c    0000026c    00003506   00003506    r-x .text
  00003774    00003774    00000394   00000394    r-- .const
  00003b08    00003b08    000000c8   000000c8    r-- .cinit
20000000    20000000    00007458   00000000    rw-
  20000000    20000000    0000026c   00000000    rw- .vtable
  2000026c    2000026c    00006ca4   00000000    rw- .bss
  20006f10    20006f10    00000400   00000000    rw- .stack
  20007310    20007310    00000148   00000000    rw- .data


SECTION ALLOCATION MAP

 output                                  attributes/
section   page    origin      length       input sections
--------  ----  ----------  ----------   ----------------
.intvecs   0    00000000    0000026c     
                  00000000    0000026c     startup_ccs.obj (.intvecs)

.text      0    0000026c    00003506     
                  0000026c    00000190     read_data_xtal.obj (.text:gpiob_interrupt_handler)
                  000003fc    00000160     uartstdio.obj (.text:UARTStdioIntHandler)
                  0000055c    00000160     usblib.lib : usbdma.obj (.text:USBLibDMAInit)
                  000006bc    00000150                : usbdenum.obj (.text:USBDCDInit)
                  0000080c    00000150                : usbdenum.obj (.text:USBDEP0StateTxConfig)
                  0000095c    00000150                : usbdenum.obj (.text:USBDeviceIntHandlerInternal)
                  00000aac    00000148                : usbdconfig.obj (.text:USBDeviceConfig)
                  00000bf4    00000132     driverlib.lib : gpio.obj (.text:GPIOPadConfigSet)
                  00000d26    00000002     startup_ccs.obj (.text:FaultISR)
                  00000d28    000000f4     driverlib.lib : sysctl.obj (.text:SysCtlClockSet)
                  00000e1c    000000f4     usblib.lib : usbdma.obj (.text:iDMAUSBTransfer)
                  00000f10    000000e4                : usbdenum.obj (.text:USBDGetDescriptor)
                  00000ff4    000000d8                : usbdenum.obj (.text:USBDeviceEnumHandler)
                  000010cc    000000c4                : usbdma.obj (.text:uDMAUSBChannelAllocate)
                  00001190    000000be                : usbbuffer.obj (.text:HandleRxAvailable)
                  0000124e    000000bc                : usbdma.obj (.text:uDMAUSBTransfer)
                  0000130a    00000002     startup_ccs.obj (.text:IntDefaultHandler)
                  0000130c    000000ac     read_data_xtal.obj (.text:init_zero)
                  000013b8    000000a8     uartstdio.obj (.text:UARTwrite)
                  00001460    0000009c     usblib.lib : usbdbulk.obj (.text:USBDBulkCompositeInit)
                  000014fc    0000009c     rtsv7M4_T_le_v4SPD16_eabi.lib : memcpy_t2.obj (.text)
                  00001598    00000098     usblib.lib : usbdenum.obj (.text:USBDSetInterface)
                  00001630    00000092                : usbbuffer.obj (.text:ScheduleNextTransmission)
                  000016c2    00000002     startup_ccs.obj (.text:NmiSR)
                  000016c4    00000090     usblib.lib : usbdenum.obj (.text:USBDSetConfiguration)
                  00001754    0000008c     uartstdio.obj (.text:UARTPrimeTransmit)
                  000017e0    0000008c     usblib.lib : usbdconfig.obj (.text:USBDeviceConfigAlternate)
                  0000186c    00000084                : usbdma.obj (.text:iDMAUSBChannelAllocate)
                  000018f0    00000084     rx_usb_dev_bulk.obj (.text:main)
                  00001974    00000084     driverlib.lib : udma.obj (.text:uDMAChannelTransferSet)
                  000019f8    00000080     usblib.lib : usbdenum.obj (.text:USBDClearFeature)
                  00001a78    0000007a     driverlib.lib : usb.obj (.text:USBDevEndpointConfigSet)
                  00001af2    0000007a     rtsv7M4_T_le_v4SPD16_eabi.lib : memset_t2.obj (.text)
                  00001b6c    00000078     usblib.lib : usbdenum.obj (.text:USBDGetStatus)
                  00001be4    00000074     read_data_xtal.obj (.text:config_GPIO)
                  00001c58    00000072     usblib.lib : usbdbulk.obj (.text:USBDBulkPacketRead)
                  00001cca    00000002                : usbdma.obj (.text:iDMAUSBArbSizeSet)
                  00001ccc    00000070                : usbdenum.obj (.text:USBDEP0StateTx)
                  00001d3c    00000070     rtsv7M4_T_le_v4SPD16_eabi.lib : autoinit.obj (.text)
                  00001dac    00000070     usblib.lib : usbdma.obj (.text:uDMAUSBArbSizeSet)
                  00001e1c    00000070                : usbdma.obj (.text:uDMAUSBUnitSizeSet)
                  00001e8c    0000006c                : usbdenum.obj (.text:USBDSetFeature)
                  00001ef8    00000068     driverlib.lib : interrupt.obj (.text:IntDisable)
                  00001f60    00000068                   : interrupt.obj (.text:IntEnable)
                  00001fc8    00000068     rtsv7M4_T_le_v4SPD16_eabi.lib : copy_decompress_lzss.obj (.text:decompress:lzss)
                  00002030    00000064     driverlib.lib : interrupt.obj (.text:IntIsEnabled)
                  00002094    00000064     usblib.lib : usbbuffer.obj (.text:USBBufferEventCallback)
                  000020f8    00000064                : usbdma.obj (.text:uDMAUSBChannelEnable)
                  0000215c    00000060                : usbdbulk.obj (.text:HandleDevice)
                  000021bc    00000060                : usbdbulk.obj (.text:ProcessDataFromHost)
                  0000221c    00000060                : usbdenum.obj (.text:USBDReadAndDispatchRequest)
                  0000227c    0000005e     driverlib.lib : usb.obj (.text:USBDevEndpointStatusClear)
                  000022da    00000002     usblib.lib : usbdma.obj (.text:iDMAUSBUnitSizeSet)
                  000022dc    0000005c                : usbdbulk.obj (.text:USBDBulkPacketWrite)
                  00002338    00000056     driverlib.lib : gpio.obj (.text:GPIOIntTypeSet)
                  0000238e    00000056     usblib.lib : usbdma.obj (.text:uDMAUSBChannelRelease)
                  000023e4    00000054     rtsv7M4_T_le_v4SPD16_eabi.lib : boot.obj (.text)
                  00002438    00000054                                   : exit.obj (.text)
                  0000248c    00000052     usblib.lib : usbulpi.obj (.text:ULPIConfigSet)
                  000024de    00000002     rtsv7M4_T_le_v4SPD16_eabi.lib : mpu_init.obj (.text)
                  000024e0    00000050     driverlib.lib : sysctl.obj (.text:SysCtlPeripheralReset)
                  00002530    00000050     usblib.lib : usbdcdesc.obj (.text:USBDCDConfigDescGet)
                  00002580    00000050                : usbdenum.obj (.text:USBDeviceResumeTickHandler)
                  000025d0    0000004c                : usbdconfig.obj (.text:GetEPDescriptorType)
                  0000261c    0000004c                : usbdenum.obj (.text:USBDStringIndexFromRequest)
                  00002668    0000004c     driverlib.lib : usb.obj (.text:USBEndpointDMAConfigSet)
                  000026b4    0000004c     usblib.lib : usbdma.obj (.text:iDMAUSBChannelEnable)
                  00002700    0000004c     rtsv7M4_T_le_v4SPD16_eabi.lib : cpy_tbl.obj (.text)
                  0000274c    0000004a     usblib.lib : usbdcdesc.obj (.text:ConfigAlternateInterfaceGet)
                  00002796    0000004a     driverlib.lib : usb.obj (.text:USBDevEndpointStallClear)
                  000027e0    0000004a     usblib.lib : usbdma.obj (.text:uDMAUSBChannelDisable)
                  0000282a    00000002     rtsv7M4_T_le_v4SPD16_eabi.lib : startup.obj (.text)
                  0000282c    00000048     usblib.lib : usbdenum.obj (.text:USBDeviceEnumResetHandler)
                  00002874    00000048     driverlib.lib : udma.obj (.text:uDMAChannelAttributeDisable)
                  000028bc    00000046                   : usb.obj (.text:USBEndpointDataGet)
                  00002902    00000002     usblib.lib : usbdma.obj (.text:uDMAUSBChannelIntDisable)
                  00002904    00000044                : usbdenum.obj (.text:USBDCDDeviceInfoInit)
                  00002948    00000044                : usbdenum.obj (.text:USBDGetInterface)
                  0000298c    00000040                : usbdbulk.obj (.text:USBDBulkInit)
                  000029cc    00000040     driverlib.lib : gpio.obj (.text:_GPIOIntNumberGet)
                  00002a0c    0000003c     usblib.lib : usbdma.obj (.text:iDMAUSBChannelRelease)
                  00002a48    0000003a     driverlib.lib : usb.obj (.text:USBFIFOConfigSet)
                  00002a82    00000002     usblib.lib : usbdma.obj (.text:uDMAUSBChannelIntEnable)
                  00002a84    00000038                : usbtick.obj (.text:InternalUSBRegisterTickHandler)
                  00002abc    00000038                : usbtick.obj (.text:InternalUSBStartOfFrameTick)
                  00002af4    00000038                : usbdcdesc.obj (.text:USBDCDConfigGetInterfaceEndpoint)
                  00002b2c    00000038     driverlib.lib : usb.obj (.text:USBIntStatusControl)
                  00002b64    00000038     usblib.lib : usbringbuf.obj (.text:USBRingBufAdvanceWrite)
                  00002b9c    00000036     driverlib.lib : usb.obj (.text:USBEndpointDataPut)
                  00002bd2    00000034     usblib.lib : usbdbulk.obj (.text:HandleEndpoints)
                  00002c06    00000002     --HOLE-- [fill = 0]
                  00002c08    00000034     driverlib.lib : interrupt.obj (.text:IntRegister)
                  00002c3c    00000034     rx_usb_dev_bulk.obj (.text:RxHandler)
                  00002c70    00000034     driverlib.lib : sysctl.obj (.text:SysCtlPeripheralEnable)
                  00002ca4    00000034                   : usb.obj (.text:USBEndpointDataSend)
                  00002cd8    00000034     usblib.lib : usbdma.obj (.text:iDMAUSBChannelStatus)
                  00002d0c    00000032                : usbdcdesc.obj (.text:NextConfigDescGet)
                  00002d3e    00000032                : usbdbulk.obj (.text:ProcessDataToHost)
                  00002d70    00000032     driverlib.lib : usb.obj (.text:USBDevEndpointStall)
                  00002da2    00000032     usblib.lib : usbdma.obj (.text:iDMAUSBChannelDisable)
                  00002dd4    00000030                : usbdma.obj (.text:DMAUSBIntHandler)
                  00002e04    00000030                : usbtick.obj (.text:InternalUSBTickInit)
                  00002e34    00000030                : usbdenum.obj (.text:USBDGetConfiguration)
                  00002e64    00000030                : usbringbuf.obj (.text:UpdateIndexAtomic)
                  00002e94    0000002c                : usbdesc.obj (.text:USBDescGet)
                  00002ec0    0000002c                : usbdma.obj (.text:uDMAUSBIntStatus)
                  00002eec    0000002a     driverlib.lib : gpio.obj (.text:GPIODirModeSet)
                  00002f16    0000002a     usblib.lib : usbbuffer.obj (.text:HandleRequestBuffer)
                  00002f40    0000002a                : usbdcdesc.obj (.text:USBDCDConfigDescGetNum)
                  00002f6a    0000002a                : usbdesc.obj (.text:USBDescGetNum)
                  00002f94    0000002a     driverlib.lib : usb.obj (.text:USBDevEndpointDataAck)
                  00002fbe    00000002     --HOLE-- [fill = 0]
                  00002fc0    00000028     usblib.lib : usbdenum.obj (.text:USBDSetAddress)
                  00002fe8    00000028     driverlib.lib : usb.obj (.text:USBIntEnableControl)
                  00003010    00000028     receiver_main.obj (.text:init_rx)
                  00003038    00000028     driverlib.lib : udma.obj (.text:uDMAChannelModeGet)
                  00003060    00000024     usblib.lib : usbdbulk.obj (.text:BulkTickHandler)
                  00003084    00000024                : usbdbulk.obj (.text:HandleConfigChange)
                  000030a8    00000024     driverlib.lib : usb.obj (.text:USBEndpointDMADisable)
                  000030cc    00000024                   : usb.obj (.text:USBEndpointDMAEnable)
                  000030f0    00000024     usblib.lib : usbmode.obj (.text:USBStackModeSet)
                  00003114    00000024     driverlib.lib : udma.obj (.text:uDMAChannelControlSet)
                  00003138    00000022     usblib.lib : usbdbulk.obj (.text:HandleDisconnect)
                  0000315a    00000022                : usbdbulk.obj (.text:USBDBulkRxPacketAvailable)
                  0000317c    00000022                : usbdma.obj (.text:uDMAUSBChannelStatus)
                  0000319e    00000020                : usbdconfig.obj (.text:GetEndpointFIFOSize)
                  000031be    00000020                : usbbuffer.obj (.text:HandleDataRemaining)
                  000031de    00000020                : usbringbuf.obj (.text:USBRingBufAdvanceRead)
                  000031fe    0000001e                : usbringbuf.obj (.text:USBRingBufContigFree)
                  0000321c    0000001e     driverlib.lib : usb.obj (.text:USBULPIRegRead)
                  0000323a    0000001e                   : usb.obj (.text:USBULPIRegWrite)
                  00003258    0000001c     usblib.lib : usbdcdesc.obj (.text:USBDCDConfigGetInterface)
                  00003274    0000001c                : usbdenum.obj (.text:USBDCDStallEP0)
                  00003290    0000001c     driverlib.lib : usb.obj (.text:USBEndpointDataAvail)
                  000032ac    0000001c     usblib.lib : usbringbuf.obj (.text:USBRingBufWrite)
                  000032c8    0000001a                : usbdcdesc.obj (.text:USBDCDConfigDescGetSize)
                  000032e2    0000001a     driverlib.lib : usb.obj (.text:USBEndpointDMAChannel)
                  000032fc    00000018                   : gpio.obj (.text:GPIOIntRegister)
                  00003314    00000018                   : gpio.obj (.text:GPIOPinTypeGPIOOutput)
                  0000332c    00000018     uartstdio.obj (.text:IsBufferFull)
                  00003344    00000018     usblib.lib : usbdbulk.obj (.text:SetDeferredOpFlag)
                  0000335c    00000018                : usbdhandler.obj (.text:USB0DeviceIntHandler)
                  00003374    00000018                : usbbuffer.obj (.text:USBBufferInit)
                  0000338c    00000018                : usbdenum.obj (.text:USBDCDFeatureGet)
                  000033a4    00000018                : usbdenum.obj (.text:USBDSetDescriptor)
                  000033bc    00000018                : usbdenum.obj (.text:USBDSyncFrame)
                  000033d4    00000018     rtsv7M4_T_le_v4SPD16_eabi.lib : args_main.obj (.text)
                  000033ec    00000018     driverlib.lib : udma.obj (.text:uDMAChannelDisable)
                  00003404    00000018                   : udma.obj (.text:uDMAChannelEnable)
                  0000341c    00000016                   : usb.obj (.text:USBIntEnableEndpoint)
                  00003432    00000016     usblib.lib : usbringbuf.obj (.text:USBRingBufFlush)
                  00003448    00000016                : usbringbuf.obj (.text:USBRingBufUsed)
                  0000345e    00000014                : usbbuffer.obj (.text:HandleTxComplete)
                  00003472    00000002     --HOLE-- [fill = 0]
                  00003474    00000014     driverlib.lib : sysctl.obj (.text:SysCtlUSBPLLEnable)
                  00003488    00000014     rx_usb_dev_bulk.obj (.text:TxHandler)
                  0000349c    00000014     usblib.lib : usbdbulk.obj (.text:USBDBulkTxPacketAvailable)
                  000034b0    00000014     driverlib.lib : usb.obj (.text:USBDMAChannelConfigSet)
                  000034c4    00000014                   : usb.obj (.text:USBHostResume)
                  000034d8    00000014                   : usb.obj (.text:_USBIndexWrite)
                  000034ec    00000014     rtsv7M4_T_le_v4SPD16_eabi.lib : _lock.obj (.text)
                  00003500    00000012     driverlib.lib : gpio.obj (.text:GPIOPinTypeGPIOInput)
                  00003512    00000012     usblib.lib : usbdbulk.obj (.text:HandleResume)
                  00003524    00000012                : usbdbulk.obj (.text:HandleSuspend)
                  00003536    00000012     driverlib.lib : usb.obj (.text:USBDMAChannelDisable)
                  00003548    00000012                   : usb.obj (.text:USBDMAChannelEnable)
                  0000355a    00000012                   : usb.obj (.text:USBDMAChannelIntDisable)
                  0000356c    00000012                   : usb.obj (.text:USBDMAChannelIntEnable)
                  0000357e    00000012     usblib.lib : usbringbuf.obj (.text:USBRingBufFree)
                  00003590    00000010     driverlib.lib : interrupt.obj (.text:IntMasterDisable)
                  000035a0    00000010                   : interrupt.obj (.text:IntMasterEnable)
                  000035b0    00000010     rx_usb_dev_bulk.obj (.text:SysTickIntHandler)
                  000035c0    00000010     driverlib.lib : usb.obj (.text:USBEndpointStatus)
                  000035d0    00000010     usblib.lib : usbringbuf.obj (.text:USBRingBufContigUsed)
                  000035e0    00000010                : usbringbuf.obj (.text:USBRingBufWriteOne)
                  000035f0    0000000e                : usbdma.obj (.text:DMAUSBIntStatusClear)
                  000035fe    0000000e     driverlib.lib : gpio.obj (.text:GPIOIntDisable)
                  0000360c    0000000e     uartstdio.obj (.text:IsBufferEmpty)
                  0000361a    0000000e     driverlib.lib : usb.obj (.text:USBDMAChannelStatus)
                  00003628    0000000e                   : usb.obj (.text:USBDevLPMDisable)
                  00003636    0000000e                   : usb.obj (.text:USBDevLPMEnable)
                  00003644    0000000e                   : usb.obj (.text:USBULPIDisable)
                  00003652    0000000e                   : usb.obj (.text:USBULPIEnable)
                  00003660    0000000e     rtsv7M4_T_le_v4SPD16_eabi.lib : copy_decompress_none.obj (.text:decompress:none)
                  0000366e    0000000c     driverlib.lib : cpu.obj (.text:CPUcpsid)
                  0000367a    0000000c                   : cpu.obj (.text:CPUcpsie)
                  00003686    0000000c                   : gpio.obj (.text:GPIOIntEnable)
                  00003692    0000000c                   : usb.obj (.text:USBEndpointPacketCountSet)
                  0000369e    0000000c                   : usb.obj (.text:USBLPMIntEnable)
                  000036aa    0000000c     usblib.lib : usbringbuf.obj (.text:USBRingBufInit)
                  000036b6    0000000c     rtsv7M4_T_le_v4SPD16_eabi.lib : copy_zero_init.obj (.text:decompress:ZI)
                  000036c2    0000000a     driverlib.lib : usb.obj (.text:USBClockEnable)
                  000036cc    0000000a                   : usb.obj (.text:USBControllerVersion)
                  000036d6    0000000a                   : usb.obj (.text:USBDMAChannelAddressSet)
                  000036e0    0000000a                   : usb.obj (.text:USBDMAChannelCountSet)
                  000036ea    0000000a                   : usb.obj (.text:USBDevConnect)
                  000036f4    0000000a                   : usb.obj (.text:USBDevDisconnect)
                  000036fe    0000000a                   : usb.obj (.text:USBIntStatusEndpoint)
                  00003708    00000008                   : usb.obj (.text:USBDevMode)
                  00003710    00000008                   : usb.obj (.text:USBFIFOAddrGet)
                  00003718    00000008                   : usb.obj (.text:USBOTGMode)
                  00003720    00000008     usblib.lib : usbdma.obj (.text:iDMAUSBChannelIntDisable)
                  00003728    00000008                : usbdma.obj (.text:iDMAUSBChannelIntEnable)
                  00003730    00000006     driverlib.lib : gpio.obj (.text:GPIOIntClear)
                  00003736    00000006                   : gpio.obj (.text:GPIOPinRead)
                  0000373c    00000006     startup_ccs.obj (.text:ResetISR)
                  00003742    00000006     driverlib.lib : sysctl.obj (.text:SysCtlDelay)
                  00003748    00000006     usblib.lib : usbbuffer.obj (.text:USBBufferFlush)
                  0000374e    00000006     driverlib.lib : usb.obj (.text:USBDMAChannelIntStatus)
                  00003754    00000006                   : usb.obj (.text:USBDevLPMConfig)
                  0000375a    00000006                   : usb.obj (.text:USBLPMIntStatus)
                  00003760    00000006     usblib.lib : usbdma.obj (.text:iDMAUSBIntStatus)
                  00003766    00000004                : usbdma.obj (.text:DMAUSBStatus)
                  0000376a    00000004     driverlib.lib : usb.obj (.text:USBDevAddrSet)
                  0000376e    00000004     rtsv7M4_T_le_v4SPD16_eabi.lib : pre_init.obj (.text)

.const     0    00003774    00000394     
                  00003774    000000c0     driverlib.lib : gpio.obj (.const:g_ppui32GPIOIntMapBlizzard)
                  00003834    000000c0                   : gpio.obj (.const:g_ppui32GPIOIntMapSnowflake)
                  000038f4    00000070                   : interrupt.obj (.const)
                  00003964    00000034     usblib.lib : usbdenum.obj (.const:g_psUSBDStdRequests)
                  00003998    00000030     usb_bulk_structs.obj (.const:.string:g_pui8ConfigString)
                  000039c8    00000030     usblib.lib : usbdbulk.obj (.const:g_sBulkHandlers)
                  000039f8    00000030                : usbdbulk.obj (.const)
                  00003a28    0000002e                : usbdbulk.obj (.const:.string)
                  00003a56    00000028     usb_bulk_structs.obj (.const:.string:g_pui8DataInterfaceString)
                  00003a7e    00000028     usb_bulk_structs.obj (.const:.string:g_pui8ProductString)
                  00003aa6    00000024     usb_bulk_structs.obj (.const:.string:g_pui8ManufacturerString)
                  00003aca    00000002     --HOLE-- [fill = 0]
                  00003acc    00000018     usb_bulk_structs.obj (.const:g_ppui8StringDescriptors)
                  00003ae4    00000012     usb_bulk_structs.obj (.const:.string:g_pui8SerialNumberString)
                  00003af6    00000002     --HOLE-- [fill = 0]
                  00003af8    0000000c     uartstdio.obj (.const:g_ui32UARTInt)
                  00003b04    00000004     usb_bulk_structs.obj (.const:.string:g_pui8LangDescriptor)

.cinit     0    00003b08    000000c8     
                  00003b08    00000094     (.cinit..data.load) [load image, compression = lzss]
                  00003b9c    0000000c     (__TI_handler_table)
                  00003ba8    00000008     (.cinit..bss.load) [load image, compression = zero_init]
                  00003bb0    00000008     (.cinit..vtable.load) [load image, compression = zero_init]
                  00003bb8    00000018     (__TI_cinit_table)

.init_array 
*          0    00000000    00000000     UNINITIALIZED

.vtable    0    20000000    0000026c     UNINITIALIZED
                  20000000    0000026c     driverlib.lib : interrupt.obj (.vtable)

.bss       0    2000026c    00006ca4     UNINITIALIZED
                  2000026c    00006000     (.common:rx_temp_data)
                  2000626c    00000400     uartstdio.obj (.bss:g_pcUARTTxBuffer)
                  2000666c    00000400     (.common:final_buff)
                  20006a6c    00000110     usblib.lib : usbdma.obj (.bss:g_psUSBDMAInst)
                  20006b7c    00000100     (.common:g_pui8USBRxBuffer)
                  20006c7c    00000100     (.common:g_pui8USBTxBuffer)
                  20006d7c    00000080     uartstdio.obj (.bss:g_pcUARTRxBuffer)
                  20006dfc    00000050     usblib.lib : usbdenum.obj (.bss:g_psDCDInst)
                  20006e4c    00000040                : usbdenum.obj (.bss:g_pui8DataBufferIn)
                  20006e8c    00000018     (.common:g_pfnTickHandlers)
                  20006ea4    00000018     (.common:g_pvTickInstance)
                  20006ebc    00000010     (.common:see_bit)
                  20006ecc    00000008     uartstdio.obj (.bss)
                  20006ed4    00000004     (.common:data_in_ptr)
                  20006ed8    00000004     (.common:f_read_index)
                  20006edc    00000004     (.common:final_buff_ptr)
                  20006ee0    00000004     (.common:first_start)
                  20006ee4    00000004     (.common:g_pfnUSBModeCallback)
                  20006ee8    00000004     (.common:g_ppsDevInfo)
                  20006eec    00000004     (.common:g_ui32ULPISupport)
                  20006ef0    00000004     (.common:offset)
                  20006ef4    00000004     (.common:rx_counter)
                  20006ef8    00000004     (.common:rx_temp_data_ptr)
                  20006efc    00000004     (.common:save_start)
                  20006f00    00000004     (.common:see_bit_counter)
                  20006f04    00000004     (.common:see_bit_start)
                  20006f08    00000004     (.common:start_send_to_pc)
                  20006f0c    00000004     (.common:sv_st_tmp)

.data      0    20007310    00000148     UNINITIALIZED
                  20007310    00000044     usb_bulk_structs.obj (.data:g_sBulkDevice)
                  20007354    00000038     usb_bulk_structs.obj (.data:g_sRxBuffer)
                  2000738c    00000038     usb_bulk_structs.obj (.data:g_sTxBuffer)
                  200073c4    0000002e     usblib.lib : usbdbulk.obj (.data)
                  200073f2    00000002     --HOLE--
                  200073f4    00000015     uartstdio.obj (.data)
                  20007409    00000003     --HOLE--
                  2000740c    00000011     rx_usb_dev_bulk.obj (.data)
                  2000741d    00000003     --HOLE--
                  20007420    0000000c     rtsv7M4_T_le_v4SPD16_eabi.lib : exit.obj (.data:$O1$$)
                  2000742c    0000000c     usblib.lib : usbtick.obj (.data)
                  20007438    00000009                : usbmode.obj (.data)
                  20007441    00000003     --HOLE--
                  20007444    00000008     rtsv7M4_T_le_v4SPD16_eabi.lib : _lock.obj (.data:$O1$$)
                  2000744c    00000008     usblib.lib : usbdenum.obj (.data)
                  20007454    00000004     rtsv7M4_T_le_v4SPD16_eabi.lib : stkdepth_vars.obj (.data)

.stack     0    20006f10    00000400     UNINITIALIZED
                  20006f10    00000400     --HOLE--

MODULE SUMMARY

       Module                     code    ro data   rw data
       ------                     ----    -------   -------
    ./
       read_data_xtal.obj         688     0         25664  
       usb_bulk_structs.obj       0       210       692    
       startup_ccs.obj            12      620       0      
       rx_usb_dev_bulk.obj        220     0         17     
       receiver_main.obj          40      0         0      
    +--+--------------------------+-------+---------+---------+
       Total:                     960     830       26373  
                                                           
    ./utils/
       uartstdio.obj              698     12        1181   
    +--+--------------------------+-------+---------+---------+
       Total:                     698     12        1181   
                                                           
    /home/arktheshadow/ti/SW-EK-TM4C123GXL-2.1.3.156/driverlib/ccs/Debug/driverlib.lib
       usb.obj                    1354    0         0      
       interrupt.obj              392     112       620    
       gpio.obj                   602     384       0      
       sysctl.obj                 402     0         0      
       udma.obj                   328     0         0      
       cpu.obj                    24      0         0      
    +--+--------------------------+-------+---------+---------+
       Total:                     3102    496       620    
                                                           
    /home/arktheshadow/ti/SW-EK-TM4C123GXL-2.1.3.156/usblib/ccs/Debug/usblib.lib
       usbdenum.obj               2864    52        160    
       usbdma.obj                 2008    0         272    
       usbdbulk.obj               940     142       46     
       usbdconfig.obj             576     0         0      
       usbbuffer.obj              560     0         0      
       usbdcdesc.obj              356     0         0      
       usbringbuf.obj             300     0         0      
       usbtick.obj                160     0         60     
       usbdesc.obj                86      0         0      
       usbulpi.obj                82      0         0      
       usbmode.obj                36      0         13     
       usbdhandler.obj            24      0         0      
    +--+--------------------------+-------+---------+---------+
       Total:                     7992    194       551    
                                                           
    /home/arktheshadow/ti/ccsv7/tools/compiler/ti-cgt-arm_16.9.0.LTS/lib/rtsv7M4_T_le_v4SPD16_eabi.lib
       memcpy_t2.obj              156     0         0      
       memset_t2.obj              122     0         0      
       autoinit.obj               112     0         0      
       copy_decompress_lzss.obj   104     0         0      
       exit.obj                   84      0         12     
       boot.obj                   84      0         0      
       cpy_tbl.obj                76      0         0      
       _lock.obj                  20      0         8      
       args_main.obj              24      0         0      
       copy_decompress_none.obj   14      0         0      
       copy_zero_init.obj         12      0         0      
       pre_init.obj               4       0         0      
       stkdepth_vars.obj          0       0         4      
       mpu_init.obj               2       0         0      
       startup.obj                2       0         0      
    +--+--------------------------+-------+---------+---------+
       Total:                     816     0         24     
                                                           
       Stack:                     0       0         1024   
       Linker Generated:          0       200       0      
    +--+--------------------------+-------+---------+---------+
       Grand Total:               13568   1732      29773  


LINKER GENERATED COPY TABLES

__TI_cinit_table @ 00003bb8 records: 3, size/record: 8, table size: 24
	.data: load addr=00003b08, load size=00000094 bytes, run addr=20007310, run size=00000148 bytes, compression=lzss
	.bss: load addr=00003ba8, load size=00000008 bytes, run addr=2000026c, run size=00006ca4 bytes, compression=zero_init
	.vtable: load addr=00003bb0, load size=00000008 bytes, run addr=20000000, run size=0000026c bytes, compression=zero_init


LINKER GENERATED HANDLER TABLE

__TI_handler_table @ 00003b9c records: 3, size/record: 4, table size: 12
	index: 0, handler: __TI_zero_init
	index: 1, handler: __TI_decompress_lzss
	index: 2, handler: __TI_decompress_none


GLOBAL SYMBOLS: SORTED ALPHABETICALLY BY Name 

address   name                            
-------   ----                            
00002439  C$$EXIT                         
0000366f  CPUcpsid                        
0000367b  CPUcpsie                        
00002eed  GPIODirModeSet                  
00003731  GPIOIntClear                    
000035ff  GPIOIntDisable                  
00003687  GPIOIntEnable                   
000032fd  GPIOIntRegister                 
00002339  GPIOIntTypeSet                  
00000bf5  GPIOPadConfigSet                
00003737  GPIOPinRead                     
00003501  GPIOPinTypeGPIOInput            
00003315  GPIOPinTypeGPIOOutput           
00001ef9  IntDisable                      
00001f61  IntEnable                       
00002031  IntIsEnabled                    
00003591  IntMasterDisable                
000035a1  IntMasterEnable                 
00002c09  IntRegister                     
00002a85  InternalUSBRegisterTickHandler  
00002abd  InternalUSBStartOfFrameTick     
00002e05  InternalUSBTickInit             
0000373d  ResetISR                        
00002c3d  RxHandler                       
UNDEFED   SHT$$INIT_ARRAY$$Base           
UNDEFED   SHT$$INIT_ARRAY$$Limit          
00000d29  SysCtlClockSet                  
00003743  SysCtlDelay                     
00002c71  SysCtlPeripheralEnable          
000024e1  SysCtlPeripheralReset           
00003475  SysCtlUSBPLLEnable              
000035b1  SysTickIntHandler               
00003489  TxHandler                       
000003fd  UARTStdioIntHandler             
000013b9  UARTwrite                       
0000248d  ULPIConfigSet                   
0000335d  USB0DeviceIntHandler            
00002095  USBBufferEventCallback          
00003749  USBBufferFlush                  
00003375  USBBufferInit                   
000036c3  USBClockEnable                  
000036cd  USBControllerVersion            
00001461  USBDBulkCompositeInit           
0000298d  USBDBulkInit                    
00001c59  USBDBulkPacketRead              
000022dd  USBDBulkPacketWrite             
0000315b  USBDBulkRxPacketAvailable       
0000349d  USBDBulkTxPacketAvailable       
00002531  USBDCDConfigDescGet             
00002f41  USBDCDConfigDescGetNum          
000032c9  USBDCDConfigDescGetSize         
00003259  USBDCDConfigGetInterface        
00002af5  USBDCDConfigGetInterfaceEndpoint
00002905  USBDCDDeviceInfoInit            
0000338d  USBDCDFeatureGet                
000006bd  USBDCDInit                      
00003275  USBDCDStallEP0                  
000036d7  USBDMAChannelAddressSet         
000034b1  USBDMAChannelConfigSet          
000036e1  USBDMAChannelCountSet           
00003537  USBDMAChannelDisable            
00003549  USBDMAChannelEnable             
0000355b  USBDMAChannelIntDisable         
0000356d  USBDMAChannelIntEnable          
0000374f  USBDMAChannelIntStatus          
0000361b  USBDMAChannelStatus             
00002e95  USBDescGet                      
00002f6b  USBDescGetNum                   
0000376b  USBDevAddrSet                   
000036eb  USBDevConnect                   
000036f5  USBDevDisconnect                
00001a79  USBDevEndpointConfigSet         
00002f95  USBDevEndpointDataAck           
00002d71  USBDevEndpointStall             
00002797  USBDevEndpointStallClear        
0000227d  USBDevEndpointStatusClear       
00003755  USBDevLPMConfig                 
00003629  USBDevLPMDisable                
00003637  USBDevLPMEnable                 
00003709  USBDevMode                      
00000aad  USBDeviceConfig                 
000017e1  USBDeviceConfigAlternate        
00000ff5  USBDeviceEnumHandler            
0000282d  USBDeviceEnumResetHandler       
0000095d  USBDeviceIntHandlerInternal     
00002581  USBDeviceResumeTickHandler      
000032e3  USBEndpointDMAChannel           
00002669  USBEndpointDMAConfigSet         
000030a9  USBEndpointDMADisable           
000030cd  USBEndpointDMAEnable            
00003291  USBEndpointDataAvail            
000028bd  USBEndpointDataGet              
00002b9d  USBEndpointDataPut              
00002ca5  USBEndpointDataSend             
00003693  USBEndpointPacketCountSet       
000035c1  USBEndpointStatus               
00003711  USBFIFOAddrGet                  
00002a49  USBFIFOConfigSet                
000034c5  USBHostResume                   
00002fe9  USBIntEnableControl             
0000341d  USBIntEnableEndpoint            
00002b2d  USBIntStatusControl             
000036ff  USBIntStatusEndpoint            
0000369f  USBLPMIntEnable                 
0000375b  USBLPMIntStatus                 
0000055d  USBLibDMAInit                   
00003719  USBOTGMode                      
000031df  USBRingBufAdvanceRead           
00002b65  USBRingBufAdvanceWrite          
000031ff  USBRingBufContigFree            
000035d1  USBRingBufContigUsed            
00003433  USBRingBufFlush                 
0000357f  USBRingBufFree                  
000036ab  USBRingBufInit                  
00003449  USBRingBufUsed                  
000032ad  USBRingBufWrite                 
000035e1  USBRingBufWriteOne              
000030f1  USBStackModeSet                 
00003645  USBULPIDisable                  
00003653  USBULPIEnable                   
0000321d  USBULPIRegRead                  
0000323b  USBULPIRegWrite                 
20007310  __STACK_END                     
00000400  __STACK_SIZE                    
20007310  __STACK_TOP                     
00003bb8  __TI_CINIT_Base                 
00003bd0  __TI_CINIT_Limit                
00003b9c  __TI_Handler_Table_Base         
00003ba8  __TI_Handler_Table_Limit        
00001d3d  __TI_auto_init                  
20007420  __TI_cleanup_ptr                
00001fc9  __TI_decompress_lzss            
00003661  __TI_decompress_none            
20007424  __TI_dtors_ptr                  
20007428  __TI_enable_exit_profile_output 
ffffffff  __TI_pprof_out_hndl             
ffffffff  __TI_prof_data_size             
ffffffff  __TI_prof_data_start            
00000000  __TI_static_base__              
000036b7  __TI_zero_init                  
00001af3  __aeabi_memclr                  
00001af3  __aeabi_memclr4                 
00001af3  __aeabi_memclr8                 
000014fd  __aeabi_memcpy                  
000014fd  __aeabi_memcpy4                 
000014fd  __aeabi_memcpy8                 
00001af5  __aeabi_memset                  
00001af5  __aeabi_memset4                 
00001af5  __aeabi_memset8                 
ffffffff  __binit__                       
ffffffff  __c_args__                      
000024df  __mpu_init                      
20006f10  __stack                         
000033d5  _args_main                      
000023e5  _c_int00                        
20007444  _lock                           
000034fb  _nop                            
000034f3  _register_lock                  
000034ed  _register_unlock                
0000282b  _system_post_cinit              
0000376f  _system_pre_init                
20007448  _unlock                         
0000243d  abort                           
ffffffff  binit                           
00001be5  config_GPIO                     
00002701  copy_in                         
20006ed4  data_in_ptr                     
00002445  exit                            
20006ed8  f_read_index                    
2000666c  final_buff                      
20006edc  final_buff_ptr                  
20006ee0  first_start                     
2000742c  g_bUSBTimerInitialized          
20007438  g_iUSBMode                      
20000000  g_pfnRAMVectors                 
20006e8c  g_pfnTickHandlers               
00000000  g_pfnVectors                    
00003a20  g_ppBulkConfigDescriptors       
00003a24  g_ppBulkConfigDescriptorsHS     
20006ee8  g_ppsDevInfo                    
00003acc  g_ppui8StringDescriptors        
200073e0  g_psBulkSections                
200073e8  g_psBulkSectionsHS              
20006dfc  g_psDCDInst                     
200073d6  g_pui8BulkDescriptor            
200073c4  g_pui8BulkDeviceDescriptor      
00003a28  g_pui8BulkInterface             
00003a3f  g_pui8BulkInterfaceHS           
00003998  g_pui8ConfigString              
00003a56  g_pui8DataInterfaceString       
00003b04  g_pui8LangDescriptor            
00003aa6  g_pui8ManufacturerString        
00003a7e  g_pui8ProductString             
00003ae4  g_pui8SerialNumberString        
20006b7c  g_pui8USBRxBuffer               
20006c7c  g_pui8USBTxBuffer               
20006ea4  g_pvTickInstance                
00003a10  g_sBulkConfigHeader             
00003a18  g_sBulkConfigHeaderHS           
000039f8  g_sBulkConfigSection            
20007310  g_sBulkDevice                   
000039c8  g_sBulkHandlers                 
00003a00  g_sBulkInterfaceSection         
00003a08  g_sBulkInterfaceSectionHS       
20007354  g_sRxBuffer                     
2000738c  g_sTxBuffer                     
20007430  g_ui32CurrentUSBTick            
20007418  g_ui32Flags                     
20007414  g_ui32RxCount                   
2000740c  g_ui32SysTickCount              
20007410  g_ui32TxCount                   
20007434  g_ui32USBSOFCount               
2000743c  g_ui32WaitTicks                 
0000026d  gpiob_interrupt_handler         
00003011  init_rx                         
0000130d  init_zero                       
000018f1  main                            
20007454  main_func_sp                    
000014fd  memcpy                          
00001afb  memset                          
20006ef0  offset                          
20006ef4  rx_counter                      
2000026c  rx_temp_data                    
20006ef8  rx_temp_data_ptr                
20006efc  save_start                      
20006ebc  see_bit                         
20006f00  see_bit_counter                 
20006f04  see_bit_start                   
20006f08  start_send_to_pc                
20006f0c  sv_st_tmp                       
00002875  uDMAChannelAttributeDisable     
00003115  uDMAChannelControlSet           
000033ed  uDMAChannelDisable              
00003405  uDMAChannelEnable               
00003039  uDMAChannelModeGet              
00001975  uDMAChannelTransferSet          


GLOBAL SYMBOLS: SORTED BY Symbol Address 

address   name                            
-------   ----                            
00000000  __TI_static_base__              
00000000  g_pfnVectors                    
0000026d  gpiob_interrupt_handler         
000003fd  UARTStdioIntHandler             
00000400  __STACK_SIZE                    
0000055d  USBLibDMAInit                   
000006bd  USBDCDInit                      
0000095d  USBDeviceIntHandlerInternal     
00000aad  USBDeviceConfig                 
00000bf5  GPIOPadConfigSet                
00000d29  SysCtlClockSet                  
00000ff5  USBDeviceEnumHandler            
0000130d  init_zero                       
000013b9  UARTwrite                       
00001461  USBDBulkCompositeInit           
000014fd  __aeabi_memcpy                  
000014fd  __aeabi_memcpy4                 
000014fd  __aeabi_memcpy8                 
000014fd  memcpy                          
000017e1  USBDeviceConfigAlternate        
000018f1  main                            
00001975  uDMAChannelTransferSet          
00001a79  USBDevEndpointConfigSet         
00001af3  __aeabi_memclr                  
00001af3  __aeabi_memclr4                 
00001af3  __aeabi_memclr8                 
00001af5  __aeabi_memset                  
00001af5  __aeabi_memset4                 
00001af5  __aeabi_memset8                 
00001afb  memset                          
00001be5  config_GPIO                     
00001c59  USBDBulkPacketRead              
00001d3d  __TI_auto_init                  
00001ef9  IntDisable                      
00001f61  IntEnable                       
00001fc9  __TI_decompress_lzss            
00002031  IntIsEnabled                    
00002095  USBBufferEventCallback          
0000227d  USBDevEndpointStatusClear       
000022dd  USBDBulkPacketWrite             
00002339  GPIOIntTypeSet                  
000023e5  _c_int00                        
00002439  C$$EXIT                         
0000243d  abort                           
00002445  exit                            
0000248d  ULPIConfigSet                   
000024df  __mpu_init                      
000024e1  SysCtlPeripheralReset           
00002531  USBDCDConfigDescGet             
00002581  USBDeviceResumeTickHandler      
00002669  USBEndpointDMAConfigSet         
00002701  copy_in                         
00002797  USBDevEndpointStallClear        
0000282b  _system_post_cinit              
0000282d  USBDeviceEnumResetHandler       
00002875  uDMAChannelAttributeDisable     
000028bd  USBEndpointDataGet              
00002905  USBDCDDeviceInfoInit            
0000298d  USBDBulkInit                    
00002a49  USBFIFOConfigSet                
00002a85  InternalUSBRegisterTickHandler  
00002abd  InternalUSBStartOfFrameTick     
00002af5  USBDCDConfigGetInterfaceEndpoint
00002b2d  USBIntStatusControl             
00002b65  USBRingBufAdvanceWrite          
00002b9d  USBEndpointDataPut              
00002c09  IntRegister                     
00002c3d  RxHandler                       
00002c71  SysCtlPeripheralEnable          
00002ca5  USBEndpointDataSend             
00002d71  USBDevEndpointStall             
00002e05  InternalUSBTickInit             
00002e95  USBDescGet                      
00002eed  GPIODirModeSet                  
00002f41  USBDCDConfigDescGetNum          
00002f6b  USBDescGetNum                   
00002f95  USBDevEndpointDataAck           
00002fe9  USBIntEnableControl             
00003011  init_rx                         
00003039  uDMAChannelModeGet              
000030a9  USBEndpointDMADisable           
000030cd  USBEndpointDMAEnable            
000030f1  USBStackModeSet                 
00003115  uDMAChannelControlSet           
0000315b  USBDBulkRxPacketAvailable       
000031df  USBRingBufAdvanceRead           
000031ff  USBRingBufContigFree            
0000321d  USBULPIRegRead                  
0000323b  USBULPIRegWrite                 
00003259  USBDCDConfigGetInterface        
00003275  USBDCDStallEP0                  
00003291  USBEndpointDataAvail            
000032ad  USBRingBufWrite                 
000032c9  USBDCDConfigDescGetSize         
000032e3  USBEndpointDMAChannel           
000032fd  GPIOIntRegister                 
00003315  GPIOPinTypeGPIOOutput           
0000335d  USB0DeviceIntHandler            
00003375  USBBufferInit                   
0000338d  USBDCDFeatureGet                
000033d5  _args_main                      
000033ed  uDMAChannelDisable              
00003405  uDMAChannelEnable               
0000341d  USBIntEnableEndpoint            
00003433  USBRingBufFlush                 
00003449  USBRingBufUsed                  
00003475  SysCtlUSBPLLEnable              
00003489  TxHandler                       
0000349d  USBDBulkTxPacketAvailable       
000034b1  USBDMAChannelConfigSet          
000034c5  USBHostResume                   
000034ed  _register_unlock                
000034f3  _register_lock                  
000034fb  _nop                            
00003501  GPIOPinTypeGPIOInput            
00003537  USBDMAChannelDisable            
00003549  USBDMAChannelEnable             
0000355b  USBDMAChannelIntDisable         
0000356d  USBDMAChannelIntEnable          
0000357f  USBRingBufFree                  
00003591  IntMasterDisable                
000035a1  IntMasterEnable                 
000035b1  SysTickIntHandler               
000035c1  USBEndpointStatus               
000035d1  USBRingBufContigUsed            
000035e1  USBRingBufWriteOne              
000035ff  GPIOIntDisable                  
0000361b  USBDMAChannelStatus             
00003629  USBDevLPMDisable                
00003637  USBDevLPMEnable                 
00003645  USBULPIDisable                  
00003653  USBULPIEnable                   
00003661  __TI_decompress_none            
0000366f  CPUcpsid                        
0000367b  CPUcpsie                        
00003687  GPIOIntEnable                   
00003693  USBEndpointPacketCountSet       
0000369f  USBLPMIntEnable                 
000036ab  USBRingBufInit                  
000036b7  __TI_zero_init                  
000036c3  USBClockEnable                  
000036cd  USBControllerVersion            
000036d7  USBDMAChannelAddressSet         
000036e1  USBDMAChannelCountSet           
000036eb  USBDevConnect                   
000036f5  USBDevDisconnect                
000036ff  USBIntStatusEndpoint            
00003709  USBDevMode                      
00003711  USBFIFOAddrGet                  
00003719  USBOTGMode                      
00003731  GPIOIntClear                    
00003737  GPIOPinRead                     
0000373d  ResetISR                        
00003743  SysCtlDelay                     
00003749  USBBufferFlush                  
0000374f  USBDMAChannelIntStatus          
00003755  USBDevLPMConfig                 
0000375b  USBLPMIntStatus                 
0000376b  USBDevAddrSet                   
0000376f  _system_pre_init                
00003998  g_pui8ConfigString              
000039c8  g_sBulkHandlers                 
000039f8  g_sBulkConfigSection            
00003a00  g_sBulkInterfaceSection         
00003a08  g_sBulkInterfaceSectionHS       
00003a10  g_sBulkConfigHeader             
00003a18  g_sBulkConfigHeaderHS           
00003a20  g_ppBulkConfigDescriptors       
00003a24  g_ppBulkConfigDescriptorsHS     
00003a28  g_pui8BulkInterface             
00003a3f  g_pui8BulkInterfaceHS           
00003a56  g_pui8DataInterfaceString       
00003a7e  g_pui8ProductString             
00003aa6  g_pui8ManufacturerString        
00003acc  g_ppui8StringDescriptors        
00003ae4  g_pui8SerialNumberString        
00003b04  g_pui8LangDescriptor            
00003b9c  __TI_Handler_Table_Base         
00003ba8  __TI_Handler_Table_Limit        
00003bb8  __TI_CINIT_Base                 
00003bd0  __TI_CINIT_Limit                
20000000  g_pfnRAMVectors                 
2000026c  rx_temp_data                    
2000666c  final_buff                      
20006b7c  g_pui8USBRxBuffer               
20006c7c  g_pui8USBTxBuffer               
20006dfc  g_psDCDInst                     
20006e8c  g_pfnTickHandlers               
20006ea4  g_pvTickInstance                
20006ebc  see_bit                         
20006ed4  data_in_ptr                     
20006ed8  f_read_index                    
20006edc  final_buff_ptr                  
20006ee0  first_start                     
20006ee8  g_ppsDevInfo                    
20006ef0  offset                          
20006ef4  rx_counter                      
20006ef8  rx_temp_data_ptr                
20006efc  save_start                      
20006f00  see_bit_counter                 
20006f04  see_bit_start                   
20006f08  start_send_to_pc                
20006f0c  sv_st_tmp                       
20006f10  __stack                         
20007310  __STACK_END                     
20007310  __STACK_TOP                     
20007310  g_sBulkDevice                   
20007354  g_sRxBuffer                     
2000738c  g_sTxBuffer                     
200073c4  g_pui8BulkDeviceDescriptor      
200073d6  g_pui8BulkDescriptor            
200073e0  g_psBulkSections                
200073e8  g_psBulkSectionsHS              
2000740c  g_ui32SysTickCount              
20007410  g_ui32TxCount                   
20007414  g_ui32RxCount                   
20007418  g_ui32Flags                     
20007420  __TI_cleanup_ptr                
20007424  __TI_dtors_ptr                  
20007428  __TI_enable_exit_profile_output 
2000742c  g_bUSBTimerInitialized          
20007430  g_ui32CurrentUSBTick            
20007434  g_ui32USBSOFCount               
20007438  g_iUSBMode                      
2000743c  g_ui32WaitTicks                 
20007444  _lock                           
20007448  _unlock                         
20007454  main_func_sp                    
ffffffff  __TI_pprof_out_hndl             
ffffffff  __TI_prof_data_size             
ffffffff  __TI_prof_data_start            
ffffffff  __binit__                       
ffffffff  __c_args__                      
ffffffff  binit                           
UNDEFED   SHT$$INIT_ARRAY$$Base           
UNDEFED   SHT$$INIT_ARRAY$$Limit          

[236 symbols]
