******************************************************************************
                  TI ARM Linker Unix v16.9.0                   
******************************************************************************
>> Linked Mon Apr  3 17:22:28 2017

OUTPUT FILE NAME:   <rx_using_usb.out>
ENTRY POINT SYMBOL: "_c_int00"  address: 00002631


MEMORY CONFIGURATION

         name            origin    length      used     unused   attr    fill
----------------------  --------  ---------  --------  --------  ----  --------
  FLASH                 00000000   00040000  00003e96  0003c16a  R  X
  SRAM                  20000000   00008000  0000302c  00004fd4  RW X


SEGMENT ALLOCATION MAP

run origin  load origin   length   init length attrs members
----------  ----------- ---------- ----------- ----- -------
00000000    00000000    00003e98   00003e98    r-x
  00000000    00000000    0000026c   0000026c    r-- .intvecs
  0000026c    0000026c    000037c6   000037c6    r-x .text
  00003a34    00003a34    00000394   00000394    r-- .const
  00003dc8    00003dc8    000000d0   000000d0    r-- .cinit
20000000    20000000    0000302c   00000000    rw-
  20000000    20000000    0000026c   00000000    rw- .vtable
  2000026c    2000026c    00002870   00000000    rw- .bss
  20002adc    20002adc    00000400   00000000    rw- .stack
  20002edc    20002edc    00000150   00000000    rw- .data


SECTION ALLOCATION MAP

 output                                  attributes/
section   page    origin      length       input sections
--------  ----  ----------  ----------   ----------------
.intvecs   0    00000000    0000026c     
                  00000000    0000026c     startup_ccs.obj (.intvecs)

.text      0    0000026c    000037c6     
                  0000026c    000001ea     uartstdio.obj (.text:UARTvprintf)
                  00000456    00000002     startup_ccs.obj (.text:FaultISR)
                  00000458    000001c0     rx_usb_dev_bulk.obj (.text:main)
                  00000618    00000160     uartstdio.obj (.text:UARTStdioIntHandler)
                  00000778    00000160     usblib.lib : usbdma.obj (.text:USBLibDMAInit)
                  000008d8    00000150                : usbdenum.obj (.text:USBDCDInit)
                  00000a28    00000150                : usbdenum.obj (.text:USBDEP0StateTxConfig)
                  00000b78    00000150                : usbdenum.obj (.text:USBDeviceIntHandlerInternal)
                  00000cc8    00000148                : usbdconfig.obj (.text:USBDeviceConfig)
                  00000e10    00000132     driverlib.lib : gpio.obj (.text:GPIOPadConfigSet)
                  00000f42    00000002     startup_ccs.obj (.text:IntDefaultHandler)
                  00000f44    000000f4     driverlib.lib : sysctl.obj (.text:SysCtlClockSet)
                  00001038    000000f4     usblib.lib : usbdma.obj (.text:iDMAUSBTransfer)
                  0000112c    000000e4                : usbdenum.obj (.text:USBDGetDescriptor)
                  00001210    000000d8                : usbdenum.obj (.text:USBDeviceEnumHandler)
                  000012e8    000000c4                : usbdma.obj (.text:uDMAUSBChannelAllocate)
                  000013ac    000000be                : usbbuffer.obj (.text:HandleRxAvailable)
                  0000146a    000000bc                : usbdma.obj (.text:uDMAUSBTransfer)
                  00001526    00000002     startup_ccs.obj (.text:NmiSR)
                  00001528    000000a8     uartstdio.obj (.text:UARTwrite)
                  000015d0    0000009c     usblib.lib : usbdbulk.obj (.text:USBDBulkCompositeInit)
                  0000166c    0000009c     rtsv7M4_T_le_v4SPD16_eabi.lib : memcpy_t2.obj (.text)
                  00001708    00000098     usblib.lib : usbdenum.obj (.text:USBDSetInterface)
                  000017a0    00000092                : usbbuffer.obj (.text:ScheduleNextTransmission)
                  00001832    00000002                : usbdma.obj (.text:iDMAUSBArbSizeSet)
                  00001834    00000090                : usbdenum.obj (.text:USBDSetConfiguration)
                  000018c4    0000008c     uartstdio.obj (.text:UARTPrimeTransmit)
                  00001950    0000008c     usblib.lib : usbdconfig.obj (.text:USBDeviceConfigAlternate)
                  000019dc    00000084                : usbdma.obj (.text:iDMAUSBChannelAllocate)
                  00001a60    00000084     driverlib.lib : udma.obj (.text:uDMAChannelTransferSet)
                  00001ae4    00000080     usblib.lib : usbdenum.obj (.text:USBDClearFeature)
                  00001b64    0000007c     read_data_xtal.obj (.text:gpiob_interrupt_handler)
                  00001be0    0000007c     read_data_xtal.obj (.text:send_to_pc)
                  00001c5c    0000007a     driverlib.lib : usb.obj (.text:USBDevEndpointConfigSet)
                  00001cd6    0000007a     rtsv7M4_T_le_v4SPD16_eabi.lib : memset_t2.obj (.text)
                  00001d50    00000078     usblib.lib : usbdenum.obj (.text:USBDGetStatus)
                  00001dc8    00000074     read_data_xtal.obj (.text:config_GPIO)
                  00001e3c    00000072     usblib.lib : usbdbulk.obj (.text:USBDBulkPacketRead)
                  00001eae    00000002                : usbdma.obj (.text:iDMAUSBUnitSizeSet)
                  00001eb0    00000070                : usbdenum.obj (.text:USBDEP0StateTx)
                  00001f20    00000070     rtsv7M4_T_le_v4SPD16_eabi.lib : autoinit.obj (.text)
                  00001f90    00000070     usblib.lib : usbdma.obj (.text:uDMAUSBArbSizeSet)
                  00002000    00000070                : usbdma.obj (.text:uDMAUSBUnitSizeSet)
                  00002070    0000006c                : usbdenum.obj (.text:USBDSetFeature)
                  000020dc    00000068     driverlib.lib : interrupt.obj (.text:IntDisable)
                  00002144    00000068                   : interrupt.obj (.text:IntEnable)
                  000021ac    00000068     rx_usb_dev_bulk.obj (.text:RxHandler)
                  00002214    00000068     rtsv7M4_T_le_v4SPD16_eabi.lib : copy_decompress_lzss.obj (.text:decompress:lzss)
                  0000227c    00000064     driverlib.lib : interrupt.obj (.text:IntIsEnabled)
                  000022e0    00000064     usblib.lib : usbbuffer.obj (.text:USBBufferEventCallback)
                  00002344    00000064                : usbdma.obj (.text:uDMAUSBChannelEnable)
                  000023a8    00000060                : usbdbulk.obj (.text:HandleDevice)
                  00002408    00000060                : usbdbulk.obj (.text:ProcessDataFromHost)
                  00002468    00000060                : usbdenum.obj (.text:USBDReadAndDispatchRequest)
                  000024c8    0000005e     driverlib.lib : usb.obj (.text:USBDevEndpointStatusClear)
                  00002526    00000002     rtsv7M4_T_le_v4SPD16_eabi.lib : i_div0.obj (.text)
                  00002528    0000005c     usblib.lib : usbdbulk.obj (.text:USBDBulkPacketWrite)
                  00002584    00000056     driverlib.lib : gpio.obj (.text:GPIOIntTypeSet)
                  000025da    00000056     usblib.lib : usbdma.obj (.text:uDMAUSBChannelRelease)
                  00002630    00000054     rtsv7M4_T_le_v4SPD16_eabi.lib : boot.obj (.text)
                  00002684    00000054                                   : exit.obj (.text)
                  000026d8    00000052     usblib.lib : usbulpi.obj (.text:ULPIConfigSet)
                  0000272a    00000002     rtsv7M4_T_le_v4SPD16_eabi.lib : mpu_init.obj (.text)
                  0000272c    00000050     driverlib.lib : sysctl.obj (.text:SysCtlPeripheralReset)
                  0000277c    00000050     usblib.lib : usbdcdesc.obj (.text:USBDCDConfigDescGet)
                  000027cc    00000050                : usbdenum.obj (.text:USBDeviceResumeTickHandler)
                  0000281c    0000004c                : usbdconfig.obj (.text:GetEPDescriptorType)
                  00002868    0000004c                : usbdenum.obj (.text:USBDStringIndexFromRequest)
                  000028b4    0000004c     driverlib.lib : usb.obj (.text:USBEndpointDMAConfigSet)
                  00002900    0000004c     usblib.lib : usbdma.obj (.text:iDMAUSBChannelEnable)
                  0000294c    0000004c     rtsv7M4_T_le_v4SPD16_eabi.lib : cpy_tbl.obj (.text)
                  00002998    0000004a     usblib.lib : usbdcdesc.obj (.text:ConfigAlternateInterfaceGet)
                  000029e2    0000004a     driverlib.lib : usb.obj (.text:USBDevEndpointStallClear)
                  00002a2c    0000004a     usblib.lib : usbdma.obj (.text:uDMAUSBChannelDisable)
                  00002a76    00000002     rtsv7M4_T_le_v4SPD16_eabi.lib : startup.obj (.text)
                  00002a78    00000048     usblib.lib : usbdenum.obj (.text:USBDeviceEnumResetHandler)
                  00002ac0    00000048     driverlib.lib : udma.obj (.text:uDMAChannelAttributeDisable)
                  00002b08    00000046                   : usb.obj (.text:USBEndpointDataGet)
                  00002b4e    00000002     usblib.lib : usbdma.obj (.text:uDMAUSBChannelIntDisable)
                  00002b50    00000044                : usbdenum.obj (.text:USBDCDDeviceInfoInit)
                  00002b94    00000044                : usbdenum.obj (.text:USBDGetInterface)
                  00002bd8    00000040                : usbdbulk.obj (.text:USBDBulkInit)
                  00002c18    00000040     driverlib.lib : gpio.obj (.text:_GPIOIntNumberGet)
                  00002c58    00000040     rtsv7M4_T_le_v4SPD16_eabi.lib : u_divt2.obj (.text)
                  00002c98    0000003c     usblib.lib : usbdma.obj (.text:iDMAUSBChannelRelease)
                  00002cd4    0000003a     driverlib.lib : usb.obj (.text:USBFIFOConfigSet)
                  00002d0e    00000002     usblib.lib : usbdma.obj (.text:uDMAUSBChannelIntEnable)
                  00002d10    00000038                : usbtick.obj (.text:InternalUSBRegisterTickHandler)
                  00002d48    00000038                : usbtick.obj (.text:InternalUSBStartOfFrameTick)
                  00002d80    00000038                : usbdcdesc.obj (.text:USBDCDConfigGetInterfaceEndpoint)
                  00002db8    00000038     driverlib.lib : usb.obj (.text:USBIntStatusControl)
                  00002df0    00000038     usblib.lib : usbringbuf.obj (.text:USBRingBufAdvanceWrite)
                  00002e28    00000036     driverlib.lib : usb.obj (.text:USBEndpointDataPut)
                  00002e5e    00000034     usblib.lib : usbdbulk.obj (.text:HandleEndpoints)
                  00002e92    00000002     --HOLE-- [fill = 0]
                  00002e94    00000034     driverlib.lib : interrupt.obj (.text:IntRegister)
                  00002ec8    00000034                   : sysctl.obj (.text:SysCtlPeripheralEnable)
                  00002efc    00000034                   : usb.obj (.text:USBEndpointDataSend)
                  00002f30    00000034     usblib.lib : usbdma.obj (.text:iDMAUSBChannelStatus)
                  00002f64    00000032                : usbdcdesc.obj (.text:NextConfigDescGet)
                  00002f96    00000032                : usbdbulk.obj (.text:ProcessDataToHost)
                  00002fc8    00000032     driverlib.lib : usb.obj (.text:USBDevEndpointStall)
                  00002ffa    00000032     usblib.lib : usbdma.obj (.text:iDMAUSBChannelDisable)
                  0000302c    00000030                : usbdma.obj (.text:DMAUSBIntHandler)
                  0000305c    00000030                : usbtick.obj (.text:InternalUSBTickInit)
                  0000308c    00000030                : usbdenum.obj (.text:USBDGetConfiguration)
                  000030bc    00000030                : usbringbuf.obj (.text:UpdateIndexAtomic)
                  000030ec    0000002c                : usbdesc.obj (.text:USBDescGet)
                  00003118    0000002c                : usbdma.obj (.text:uDMAUSBIntStatus)
                  00003144    0000002a     driverlib.lib : gpio.obj (.text:GPIODirModeSet)
                  0000316e    0000002a     usblib.lib : usbbuffer.obj (.text:HandleRequestBuffer)
                  00003198    0000002a                : usbdcdesc.obj (.text:USBDCDConfigDescGetNum)
                  000031c2    0000002a                : usbdesc.obj (.text:USBDescGetNum)
                  000031ec    0000002a     driverlib.lib : usb.obj (.text:USBDevEndpointDataAck)
                  00003216    00000002     --HOLE-- [fill = 0]
                  00003218    00000028     usblib.lib : usbdenum.obj (.text:USBDSetAddress)
                  00003240    00000028     driverlib.lib : usb.obj (.text:USBIntEnableControl)
                  00003268    00000028     receiver_main.obj (.text:init_rx)
                  00003290    00000028     driverlib.lib : udma.obj (.text:uDMAChannelModeGet)
                  000032b8    00000024     usblib.lib : usbdbulk.obj (.text:BulkTickHandler)
                  000032dc    00000024                : usbdbulk.obj (.text:HandleConfigChange)
                  00003300    00000024     driverlib.lib : usb.obj (.text:USBEndpointDMADisable)
                  00003324    00000024                   : usb.obj (.text:USBEndpointDMAEnable)
                  00003348    00000024     usblib.lib : usbmode.obj (.text:USBStackModeSet)
                  0000336c    00000024     driverlib.lib : udma.obj (.text:uDMAChannelControlSet)
                  00003390    00000022     usblib.lib : usbdbulk.obj (.text:HandleDisconnect)
                  000033b2    00000022                : usbdbulk.obj (.text:USBDBulkRxPacketAvailable)
                  000033d4    00000022                : usbdma.obj (.text:uDMAUSBChannelStatus)
                  000033f6    00000020                : usbdconfig.obj (.text:GetEndpointFIFOSize)
                  00003416    00000020                : usbbuffer.obj (.text:HandleDataRemaining)
                  00003436    00000020                : usbringbuf.obj (.text:USBRingBufAdvanceRead)
                  00003456    0000001e                : usbringbuf.obj (.text:USBRingBufContigFree)
                  00003474    0000001e     driverlib.lib : usb.obj (.text:USBULPIRegRead)
                  00003492    0000001e                   : usb.obj (.text:USBULPIRegWrite)
                  000034b0    0000001c     usblib.lib : usbdcdesc.obj (.text:USBDCDConfigGetInterface)
                  000034cc    0000001c                : usbdenum.obj (.text:USBDCDStallEP0)
                  000034e8    0000001c     driverlib.lib : usb.obj (.text:USBEndpointDataAvail)
                  00003504    0000001c     usblib.lib : usbringbuf.obj (.text:USBRingBufWrite)
                  00003520    0000001a     uartstdio.obj (.text:UARTprintf)
                  0000353a    0000001a     usblib.lib : usbdcdesc.obj (.text:USBDCDConfigDescGetSize)
                  00003554    0000001a     driverlib.lib : usb.obj (.text:USBEndpointDMAChannel)
                  0000356e    00000018                   : gpio.obj (.text:GPIOIntRegister)
                  00003586    00000018                   : gpio.obj (.text:GPIOPinTypeGPIOOutput)
                  0000359e    00000018     uartstdio.obj (.text:IsBufferFull)
                  000035b6    00000018     usblib.lib : usbdbulk.obj (.text:SetDeferredOpFlag)
                  000035ce    00000002     --HOLE-- [fill = 0]
                  000035d0    00000018                : usbdhandler.obj (.text:USB0DeviceIntHandler)
                  000035e8    00000018                : usbbuffer.obj (.text:USBBufferInit)
                  00003600    00000018                : usbdenum.obj (.text:USBDCDFeatureGet)
                  00003618    00000018                : usbdenum.obj (.text:USBDSetDescriptor)
                  00003630    00000018                : usbdenum.obj (.text:USBDSyncFrame)
                  00003648    00000018     read_data_xtal.obj (.text:init_zero)
                  00003660    00000018     rtsv7M4_T_le_v4SPD16_eabi.lib : args_main.obj (.text)
                  00003678    00000018     driverlib.lib : udma.obj (.text:uDMAChannelDisable)
                  00003690    00000018                   : udma.obj (.text:uDMAChannelEnable)
                  000036a8    00000016     usblib.lib : usbbuffer.obj (.text:USBBufferDataWritten)
                  000036be    00000016     driverlib.lib : usb.obj (.text:USBIntEnableEndpoint)
                  000036d4    00000016     usblib.lib : usbringbuf.obj (.text:USBRingBufFlush)
                  000036ea    00000016                : usbringbuf.obj (.text:USBRingBufUsed)
                  00003700    00000014                : usbbuffer.obj (.text:HandleTxComplete)
                  00003714    00000014     driverlib.lib : sysctl.obj (.text:SysCtlUSBPLLEnable)
                  00003728    00000014     rx_usb_dev_bulk.obj (.text:TxHandler)
                  0000373c    00000014     usblib.lib : usbdbulk.obj (.text:USBDBulkTxPacketAvailable)
                  00003750    00000014     driverlib.lib : usb.obj (.text:USBDMAChannelConfigSet)
                  00003764    00000014                   : usb.obj (.text:USBHostResume)
                  00003778    00000014                   : usb.obj (.text:_USBIndexWrite)
                  0000378c    00000014     rtsv7M4_T_le_v4SPD16_eabi.lib : _lock.obj (.text)
                  000037a0    00000012     driverlib.lib : gpio.obj (.text:GPIOPinTypeGPIOInput)
                  000037b2    00000012     usblib.lib : usbdbulk.obj (.text:HandleResume)
                  000037c4    00000012                : usbdbulk.obj (.text:HandleSuspend)
                  000037d6    00000012                : usbbuffer.obj (.text:USBBufferInfoGet)
                  000037e8    00000012     driverlib.lib : usb.obj (.text:USBDMAChannelDisable)
                  000037fa    00000012                   : usb.obj (.text:USBDMAChannelEnable)
                  0000380c    00000012                   : usb.obj (.text:USBDMAChannelIntDisable)
                  0000381e    00000012                   : usb.obj (.text:USBDMAChannelIntEnable)
                  00003830    00000012     usblib.lib : usbringbuf.obj (.text:USBRingBufFree)
                  00003842    00000010     driverlib.lib : interrupt.obj (.text:IntMasterDisable)
                  00003852    00000010                   : interrupt.obj (.text:IntMasterEnable)
                  00003862    00000002     --HOLE-- [fill = 0]
                  00003864    00000010     rx_usb_dev_bulk.obj (.text:SysTickIntHandler)
                  00003874    00000010     driverlib.lib : usb.obj (.text:USBEndpointStatus)
                  00003884    00000010     usblib.lib : usbringbuf.obj (.text:USBRingBufContigUsed)
                  00003894    00000010                : usbringbuf.obj (.text:USBRingBufWriteOne)
                  000038a4    0000000e                : usbdma.obj (.text:DMAUSBIntStatusClear)
                  000038b2    0000000e     driverlib.lib : gpio.obj (.text:GPIOIntDisable)
                  000038c0    0000000e     uartstdio.obj (.text:IsBufferEmpty)
                  000038ce    0000000e     driverlib.lib : usb.obj (.text:USBDMAChannelStatus)
                  000038dc    0000000e                   : usb.obj (.text:USBDevLPMDisable)
                  000038ea    0000000e                   : usb.obj (.text:USBDevLPMEnable)
                  000038f8    0000000e                   : usb.obj (.text:USBULPIDisable)
                  00003906    0000000e                   : usb.obj (.text:USBULPIEnable)
                  00003914    0000000e     rtsv7M4_T_le_v4SPD16_eabi.lib : copy_decompress_none.obj (.text:decompress:none)
                  00003922    0000000c     driverlib.lib : cpu.obj (.text:CPUcpsid)
                  0000392e    0000000c                   : cpu.obj (.text:CPUcpsie)
                  0000393a    0000000c                   : gpio.obj (.text:GPIOIntEnable)
                  00003946    0000000c                   : usb.obj (.text:USBEndpointPacketCountSet)
                  00003952    0000000c                   : usb.obj (.text:USBLPMIntEnable)
                  0000395e    0000000c     usblib.lib : usbringbuf.obj (.text:USBRingBufInit)
                  0000396a    0000000c     rtsv7M4_T_le_v4SPD16_eabi.lib : copy_zero_init.obj (.text:decompress:ZI)
                  00003976    0000000a     driverlib.lib : usb.obj (.text:USBClockEnable)
                  00003980    0000000a                   : usb.obj (.text:USBControllerVersion)
                  0000398a    0000000a                   : usb.obj (.text:USBDMAChannelAddressSet)
                  00003994    0000000a                   : usb.obj (.text:USBDMAChannelCountSet)
                  0000399e    0000000a                   : usb.obj (.text:USBDevConnect)
                  000039a8    0000000a                   : usb.obj (.text:USBDevDisconnect)
                  000039b2    0000000a                   : usb.obj (.text:USBIntStatusEndpoint)
                  000039bc    00000008                   : usb.obj (.text:USBDevMode)
                  000039c4    00000008                   : usb.obj (.text:USBFIFOAddrGet)
                  000039cc    00000008                   : usb.obj (.text:USBOTGMode)
                  000039d4    00000008     usblib.lib : usbdma.obj (.text:iDMAUSBChannelIntDisable)
                  000039dc    00000008                : usbdma.obj (.text:iDMAUSBChannelIntEnable)
                  000039e4    00000006     driverlib.lib : gpio.obj (.text:GPIOIntClear)
                  000039ea    00000006                   : gpio.obj (.text:GPIOPinRead)
                  000039f0    00000006                   : gpio.obj (.text:GPIOPinWrite)
                  000039f6    00000006     startup_ccs.obj (.text:ResetISR)
                  000039fc    00000006     driverlib.lib : sysctl.obj (.text:SysCtlDelay)
                  00003a02    00000006     usblib.lib : usbbuffer.obj (.text:USBBufferFlush)
                  00003a08    00000006                : usbbuffer.obj (.text:USBBufferSpaceAvailable)
                  00003a0e    00000006     driverlib.lib : usb.obj (.text:USBDMAChannelIntStatus)
                  00003a14    00000006                   : usb.obj (.text:USBDevLPMConfig)
                  00003a1a    00000006                   : usb.obj (.text:USBLPMIntStatus)
                  00003a20    00000006     usblib.lib : usbdma.obj (.text:iDMAUSBIntStatus)
                  00003a26    00000004                : usbdma.obj (.text:DMAUSBStatus)
                  00003a2a    00000004     driverlib.lib : usb.obj (.text:USBDevAddrSet)
                  00003a2e    00000004     rtsv7M4_T_le_v4SPD16_eabi.lib : pre_init.obj (.text)

.const     0    00003a34    00000394     
                  00003a34    000000c0     driverlib.lib : gpio.obj (.const:g_ppui32GPIOIntMapBlizzard)
                  00003af4    000000c0                   : gpio.obj (.const:g_ppui32GPIOIntMapSnowflake)
                  00003bb4    00000070                   : interrupt.obj (.const)
                  00003c24    00000034     usblib.lib : usbdenum.obj (.const:g_psUSBDStdRequests)
                  00003c58    00000030     usb_bulk_structs.obj (.const:.string:g_pui8ConfigString)
                  00003c88    00000030     usblib.lib : usbdbulk.obj (.const:g_sBulkHandlers)
                  00003cb8    00000030                : usbdbulk.obj (.const)
                  00003ce8    0000002e                : usbdbulk.obj (.const:.string)
                  00003d16    00000028     usb_bulk_structs.obj (.const:.string:g_pui8DataInterfaceString)
                  00003d3e    00000028     usb_bulk_structs.obj (.const:.string:g_pui8ProductString)
                  00003d66    00000024     usb_bulk_structs.obj (.const:.string:g_pui8ManufacturerString)
                  00003d8a    00000002     --HOLE-- [fill = 0]
                  00003d8c    00000018     usb_bulk_structs.obj (.const:g_ppui8StringDescriptors)
                  00003da4    00000012     usb_bulk_structs.obj (.const:.string:g_pui8SerialNumberString)
                  00003db6    00000002     --HOLE-- [fill = 0]
                  00003db8    0000000c     uartstdio.obj (.const:g_ui32UARTInt)
                  00003dc4    00000004     usb_bulk_structs.obj (.const:.string:g_pui8LangDescriptor)

.cinit     0    00003dc8    000000d0     
                  00003dc8    00000099     (.cinit..data.load) [load image, compression = lzss]
                  00003e61    00000003     --HOLE-- [fill = 0]
                  00003e64    0000000c     (__TI_handler_table)
                  00003e70    00000008     (.cinit..bss.load) [load image, compression = zero_init]
                  00003e78    00000008     (.cinit..vtable.load) [load image, compression = zero_init]
                  00003e80    00000018     (__TI_cinit_table)

.init_array 
*          0    00000000    00000000     UNINITIALIZED

.vtable    0    20000000    0000026c     UNINITIALIZED
                  20000000    0000026c     driverlib.lib : interrupt.obj (.vtable)

.bss       0    2000026c    00002870     UNINITIALIZED
                  2000026c    00002000     (.common:data_in)
                  2000226c    00000400     uartstdio.obj (.bss:g_pcUARTTxBuffer)
                  2000266c    00000110     usblib.lib : usbdma.obj (.bss:g_psUSBDMAInst)
                  2000277c    00000100     (.common:g_pui8USBRxBuffer)
                  2000287c    00000100     (.common:g_pui8USBTxBuffer)
                  2000297c    00000080     uartstdio.obj (.bss:g_pcUARTRxBuffer)
                  200029fc    00000050     usblib.lib : usbdenum.obj (.bss:g_psDCDInst)
                  20002a4c    00000040                : usbdenum.obj (.bss:g_pui8DataBufferIn)
                  20002a8c    00000018     (.common:g_pfnTickHandlers)
                  20002aa4    00000018     (.common:g_pvTickInstance)
                  20002abc    00000008     uartstdio.obj (.bss)
                  20002ac4    00000008     (.common:see_bit)
                  20002acc    00000004     (.common:counter)
                  20002ad0    00000004     (.common:g_pfnUSBModeCallback)
                  20002ad4    00000004     (.common:g_ppsDevInfo)
                  20002ad8    00000004     (.common:g_ui32ULPISupport)

.data      0    20002edc    00000150     UNINITIALIZED
                  20002edc    00000044     usb_bulk_structs.obj (.data:g_sBulkDevice)
                  20002f20    00000038     usb_bulk_structs.obj (.data:g_sRxBuffer)
                  20002f58    00000038     usb_bulk_structs.obj (.data:g_sTxBuffer)
                  20002f90    0000002e     usblib.lib : usbdbulk.obj (.data)
                  20002fbe    00000002     --HOLE--
                  20002fc0    00000015     uartstdio.obj (.data)
                  20002fd5    00000003     --HOLE--
                  20002fd8    00000011     rx_usb_dev_bulk.obj (.data)
                  20002fe9    00000003     --HOLE--
                  20002fec    0000000c     rtsv7M4_T_le_v4SPD16_eabi.lib : exit.obj (.data:$O1$$)
                  20002ff8    0000000c     usblib.lib : usbtick.obj (.data)
                  20003004    00000009                : usbmode.obj (.data)
                  2000300d    00000003     --HOLE--
                  20003010    00000008     rtsv7M4_T_le_v4SPD16_eabi.lib : _lock.obj (.data:$O1$$)
                  20003018    00000008     read_data_xtal.obj (.data)
                  20003020    00000008     usblib.lib : usbdenum.obj (.data)
                  20003028    00000004     rtsv7M4_T_le_v4SPD16_eabi.lib : stkdepth_vars.obj (.data)

.stack     0    20002adc    00000400     UNINITIALIZED
                  20002adc    00000400     --HOLE--

MODULE SUMMARY

       Module                     code    ro data   rw data
       ------                     ----    -------   -------
    ./
       read_data_xtal.obj         388     0         8212   
       usb_bulk_structs.obj       0       210       692    
       startup_ccs.obj            12      620       0      
       rx_usb_dev_bulk.obj        588     0         17     
       receiver_main.obj          40      0         0      
    +--+--------------------------+-------+---------+---------+
       Total:                     1028    830       8921   
                                                           
    ./utils/
       uartstdio.obj              1214    12        1181   
    +--+--------------------------+-------+---------+---------+
       Total:                     1214    12        1181   
                                                           
    /home/arktheshadow/ti/SW-EK-TM4C123GXL-2.1.3.156/driverlib/ccs/Debug/driverlib.lib
       usb.obj                    1354    0         0      
       interrupt.obj              392     112       620    
       gpio.obj                   608     384       0      
       sysctl.obj                 402     0         0      
       udma.obj                   328     0         0      
       cpu.obj                    24      0         0      
    +--+--------------------------+-------+---------+---------+
       Total:                     3108    496       620    
                                                           
    /home/arktheshadow/ti/SW-EK-TM4C123GXL-2.1.3.156/usblib/ccs/Debug/usblib.lib
       usbdenum.obj               2864    52        160    
       usbdma.obj                 2008    0         272    
       usbdbulk.obj               940     142       46     
       usbbuffer.obj              606     0         0      
       usbdconfig.obj             576     0         0      
       usbdcdesc.obj              356     0         0      
       usbringbuf.obj             300     0         0      
       usbtick.obj                160     0         60     
       usbdesc.obj                86      0         0      
       usbulpi.obj                82      0         0      
       usbmode.obj                36      0         13     
       usbdhandler.obj            24      0         0      
    +--+--------------------------+-------+---------+---------+
       Total:                     8038    194       551    
                                                           
    /home/arktheshadow/ti/ccsv7/tools/compiler/ti-cgt-arm_16.9.0.LTS/lib/rtsv7M4_T_le_v4SPD16_eabi.lib
       memcpy_t2.obj              156     0         0      
       memset_t2.obj              122     0         0      
       autoinit.obj               112     0         0      
       copy_decompress_lzss.obj   104     0         0      
       exit.obj                   84      0         12     
       boot.obj                   84      0         0      
       cpy_tbl.obj                76      0         0      
       u_divt2.obj                64      0         0      
       _lock.obj                  20      0         8      
       args_main.obj              24      0         0      
       copy_decompress_none.obj   14      0         0      
       copy_zero_init.obj         12      0         0      
       pre_init.obj               4       0         0      
       stkdepth_vars.obj          0       0         4      
       i_div0.obj                 2       0         0      
       mpu_init.obj               2       0         0      
       startup.obj                2       0         0      
    +--+--------------------------+-------+---------+---------+
       Total:                     882     0         24     
                                                           
       Stack:                     0       0         1024   
       Linker Generated:          0       205       0      
    +--+--------------------------+-------+---------+---------+
       Grand Total:               14270   1737      12321  


LINKER GENERATED COPY TABLES

__TI_cinit_table @ 00003e80 records: 3, size/record: 8, table size: 24
	.data: load addr=00003dc8, load size=00000099 bytes, run addr=20002edc, run size=00000150 bytes, compression=lzss
	.bss: load addr=00003e70, load size=00000008 bytes, run addr=2000026c, run size=00002870 bytes, compression=zero_init
	.vtable: load addr=00003e78, load size=00000008 bytes, run addr=20000000, run size=0000026c bytes, compression=zero_init


LINKER GENERATED HANDLER TABLE

__TI_handler_table @ 00003e64 records: 3, size/record: 4, table size: 12
	index: 0, handler: __TI_zero_init
	index: 1, handler: __TI_decompress_lzss
	index: 2, handler: __TI_decompress_none


GLOBAL SYMBOLS: SORTED ALPHABETICALLY BY Name 

address   name                            
-------   ----                            
00002685  C$$EXIT                         
00003923  CPUcpsid                        
0000392f  CPUcpsie                        
00003145  GPIODirModeSet                  
000039e5  GPIOIntClear                    
000038b3  GPIOIntDisable                  
0000393b  GPIOIntEnable                   
0000356f  GPIOIntRegister                 
00002585  GPIOIntTypeSet                  
00000e11  GPIOPadConfigSet                
000039eb  GPIOPinRead                     
000037a1  GPIOPinTypeGPIOInput            
00003587  GPIOPinTypeGPIOOutput           
000039f1  GPIOPinWrite                    
000020dd  IntDisable                      
00002145  IntEnable                       
0000227d  IntIsEnabled                    
00003843  IntMasterDisable                
00003853  IntMasterEnable                 
00002e95  IntRegister                     
00002d11  InternalUSBRegisterTickHandler  
00002d49  InternalUSBStartOfFrameTick     
0000305d  InternalUSBTickInit             
000039f7  ResetISR                        
000021ad  RxHandler                       
UNDEFED   SHT$$INIT_ARRAY$$Base           
UNDEFED   SHT$$INIT_ARRAY$$Limit          
00000f45  SysCtlClockSet                  
000039fd  SysCtlDelay                     
00002ec9  SysCtlPeripheralEnable          
0000272d  SysCtlPeripheralReset           
00003715  SysCtlUSBPLLEnable              
00003865  SysTickIntHandler               
00003729  TxHandler                       
00000619  UARTStdioIntHandler             
00003521  UARTprintf                      
0000026d  UARTvprintf                     
00001529  UARTwrite                       
000026d9  ULPIConfigSet                   
000035d1  USB0DeviceIntHandler            
000036a9  USBBufferDataWritten            
000022e1  USBBufferEventCallback          
00003a03  USBBufferFlush                  
000037d7  USBBufferInfoGet                
000035e9  USBBufferInit                   
00003a09  USBBufferSpaceAvailable         
00003977  USBClockEnable                  
00003981  USBControllerVersion            
000015d1  USBDBulkCompositeInit           
00002bd9  USBDBulkInit                    
00001e3d  USBDBulkPacketRead              
00002529  USBDBulkPacketWrite             
000033b3  USBDBulkRxPacketAvailable       
0000373d  USBDBulkTxPacketAvailable       
0000277d  USBDCDConfigDescGet             
00003199  USBDCDConfigDescGetNum          
0000353b  USBDCDConfigDescGetSize         
000034b1  USBDCDConfigGetInterface        
00002d81  USBDCDConfigGetInterfaceEndpoint
00002b51  USBDCDDeviceInfoInit            
00003601  USBDCDFeatureGet                
000008d9  USBDCDInit                      
000034cd  USBDCDStallEP0                  
0000398b  USBDMAChannelAddressSet         
00003751  USBDMAChannelConfigSet          
00003995  USBDMAChannelCountSet           
000037e9  USBDMAChannelDisable            
000037fb  USBDMAChannelEnable             
0000380d  USBDMAChannelIntDisable         
0000381f  USBDMAChannelIntEnable          
00003a0f  USBDMAChannelIntStatus          
000038cf  USBDMAChannelStatus             
000030ed  USBDescGet                      
000031c3  USBDescGetNum                   
00003a2b  USBDevAddrSet                   
0000399f  USBDevConnect                   
000039a9  USBDevDisconnect                
00001c5d  USBDevEndpointConfigSet         
000031ed  USBDevEndpointDataAck           
00002fc9  USBDevEndpointStall             
000029e3  USBDevEndpointStallClear        
000024c9  USBDevEndpointStatusClear       
00003a15  USBDevLPMConfig                 
000038dd  USBDevLPMDisable                
000038eb  USBDevLPMEnable                 
000039bd  USBDevMode                      
00000cc9  USBDeviceConfig                 
00001951  USBDeviceConfigAlternate        
00001211  USBDeviceEnumHandler            
00002a79  USBDeviceEnumResetHandler       
00000b79  USBDeviceIntHandlerInternal     
000027cd  USBDeviceResumeTickHandler      
00003555  USBEndpointDMAChannel           
000028b5  USBEndpointDMAConfigSet         
00003301  USBEndpointDMADisable           
00003325  USBEndpointDMAEnable            
000034e9  USBEndpointDataAvail            
00002b09  USBEndpointDataGet              
00002e29  USBEndpointDataPut              
00002efd  USBEndpointDataSend             
00003947  USBEndpointPacketCountSet       
00003875  USBEndpointStatus               
000039c5  USBFIFOAddrGet                  
00002cd5  USBFIFOConfigSet                
00003765  USBHostResume                   
00003241  USBIntEnableControl             
000036bf  USBIntEnableEndpoint            
00002db9  USBIntStatusControl             
000039b3  USBIntStatusEndpoint            
00003953  USBLPMIntEnable                 
00003a1b  USBLPMIntStatus                 
00000779  USBLibDMAInit                   
000039cd  USBOTGMode                      
00003437  USBRingBufAdvanceRead           
00002df1  USBRingBufAdvanceWrite          
00003457  USBRingBufContigFree            
00003885  USBRingBufContigUsed            
000036d5  USBRingBufFlush                 
00003831  USBRingBufFree                  
0000395f  USBRingBufInit                  
000036eb  USBRingBufUsed                  
00003505  USBRingBufWrite                 
00003895  USBRingBufWriteOne              
00003349  USBStackModeSet                 
000038f9  USBULPIDisable                  
00003907  USBULPIEnable                   
00003475  USBULPIRegRead                  
00003493  USBULPIRegWrite                 
20002edc  __STACK_END                     
00000400  __STACK_SIZE                    
20002edc  __STACK_TOP                     
00003e80  __TI_CINIT_Base                 
00003e98  __TI_CINIT_Limit                
00003e64  __TI_Handler_Table_Base         
00003e70  __TI_Handler_Table_Limit        
00001f21  __TI_auto_init                  
20002fec  __TI_cleanup_ptr                
00002215  __TI_decompress_lzss            
00003915  __TI_decompress_none            
20002ff0  __TI_dtors_ptr                  
20002ff4  __TI_enable_exit_profile_output 
ffffffff  __TI_pprof_out_hndl             
ffffffff  __TI_prof_data_size             
ffffffff  __TI_prof_data_start            
00000000  __TI_static_base__              
0000396b  __TI_zero_init                  
00002527  __aeabi_idiv0                   
00001cd7  __aeabi_memclr                  
00001cd7  __aeabi_memclr4                 
00001cd7  __aeabi_memclr8                 
0000166d  __aeabi_memcpy                  
0000166d  __aeabi_memcpy4                 
0000166d  __aeabi_memcpy8                 
00001cd9  __aeabi_memset                  
00001cd9  __aeabi_memset4                 
00001cd9  __aeabi_memset8                 
00002c59  __aeabi_uidiv                   
00002c59  __aeabi_uidivmod                
ffffffff  __binit__                       
ffffffff  __c_args__                      
0000272b  __mpu_init                      
20002adc  __stack                         
00003661  _args_main                      
00002631  _c_int00                        
20003010  _lock                           
0000379b  _nop                            
00003793  _register_lock                  
0000378d  _register_unlock                
00002a77  _system_post_cinit              
00003a2f  _system_pre_init                
20003014  _unlock                         
00002689  abort                           
ffffffff  binit                           
00001dc9  config_GPIO                     
0000294d  copy_in                         
20002acc  counter                         
2000026c  data_in                         
00002691  exit                            
2000301c  falling_edges_count             
20002ff8  g_bUSBTimerInitialized          
20003004  g_iUSBMode                      
20000000  g_pfnRAMVectors                 
20002a8c  g_pfnTickHandlers               
00000000  g_pfnVectors                    
00003ce0  g_ppBulkConfigDescriptors       
00003ce4  g_ppBulkConfigDescriptorsHS     
20002ad4  g_ppsDevInfo                    
00003d8c  g_ppui8StringDescriptors        
20002fac  g_psBulkSections                
20002fb4  g_psBulkSectionsHS              
200029fc  g_psDCDInst                     
20002fa2  g_pui8BulkDescriptor            
20002f90  g_pui8BulkDeviceDescriptor      
00003ce8  g_pui8BulkInterface             
00003cff  g_pui8BulkInterfaceHS           
00003c58  g_pui8ConfigString              
00003d16  g_pui8DataInterfaceString       
00003dc4  g_pui8LangDescriptor            
00003d66  g_pui8ManufacturerString        
00003d3e  g_pui8ProductString             
00003da4  g_pui8SerialNumberString        
2000277c  g_pui8USBRxBuffer               
2000287c  g_pui8USBTxBuffer               
20002aa4  g_pvTickInstance                
00003cd0  g_sBulkConfigHeader             
00003cd8  g_sBulkConfigHeaderHS           
00003cb8  g_sBulkConfigSection            
20002edc  g_sBulkDevice                   
00003c88  g_sBulkHandlers                 
00003cc0  g_sBulkInterfaceSection         
00003cc8  g_sBulkInterfaceSectionHS       
20002f20  g_sRxBuffer                     
20002f58  g_sTxBuffer                     
20002ffc  g_ui32CurrentUSBTick            
20002fe4  g_ui32Flags                     
20002fe0  g_ui32RxCount                   
20002fd8  g_ui32SysTickCount              
20002fdc  g_ui32TxCount                   
20003000  g_ui32USBSOFCount               
20003008  g_ui32WaitTicks                 
00001b65  gpiob_interrupt_handler         
00003269  init_rx                         
00003649  init_zero                       
00000459  main                            
20003028  main_func_sp                    
0000166d  memcpy                          
00001cdf  memset                          
20003018  rx_back                         
20002ac4  see_bit                         
00001be1  send_to_pc                      
00002ac1  uDMAChannelAttributeDisable     
0000336d  uDMAChannelControlSet           
00003679  uDMAChannelDisable              
00003691  uDMAChannelEnable               
00003291  uDMAChannelModeGet              
00001a61  uDMAChannelTransferSet          


GLOBAL SYMBOLS: SORTED BY Symbol Address 

address   name                            
-------   ----                            
00000000  __TI_static_base__              
00000000  g_pfnVectors                    
0000026d  UARTvprintf                     
00000400  __STACK_SIZE                    
00000459  main                            
00000619  UARTStdioIntHandler             
00000779  USBLibDMAInit                   
000008d9  USBDCDInit                      
00000b79  USBDeviceIntHandlerInternal     
00000cc9  USBDeviceConfig                 
00000e11  GPIOPadConfigSet                
00000f45  SysCtlClockSet                  
00001211  USBDeviceEnumHandler            
00001529  UARTwrite                       
000015d1  USBDBulkCompositeInit           
0000166d  __aeabi_memcpy                  
0000166d  __aeabi_memcpy4                 
0000166d  __aeabi_memcpy8                 
0000166d  memcpy                          
00001951  USBDeviceConfigAlternate        
00001a61  uDMAChannelTransferSet          
00001b65  gpiob_interrupt_handler         
00001be1  send_to_pc                      
00001c5d  USBDevEndpointConfigSet         
00001cd7  __aeabi_memclr                  
00001cd7  __aeabi_memclr4                 
00001cd7  __aeabi_memclr8                 
00001cd9  __aeabi_memset                  
00001cd9  __aeabi_memset4                 
00001cd9  __aeabi_memset8                 
00001cdf  memset                          
00001dc9  config_GPIO                     
00001e3d  USBDBulkPacketRead              
00001f21  __TI_auto_init                  
000020dd  IntDisable                      
00002145  IntEnable                       
000021ad  RxHandler                       
00002215  __TI_decompress_lzss            
0000227d  IntIsEnabled                    
000022e1  USBBufferEventCallback          
000024c9  USBDevEndpointStatusClear       
00002527  __aeabi_idiv0                   
00002529  USBDBulkPacketWrite             
00002585  GPIOIntTypeSet                  
00002631  _c_int00                        
00002685  C$$EXIT                         
00002689  abort                           
00002691  exit                            
000026d9  ULPIConfigSet                   
0000272b  __mpu_init                      
0000272d  SysCtlPeripheralReset           
0000277d  USBDCDConfigDescGet             
000027cd  USBDeviceResumeTickHandler      
000028b5  USBEndpointDMAConfigSet         
0000294d  copy_in                         
000029e3  USBDevEndpointStallClear        
00002a77  _system_post_cinit              
00002a79  USBDeviceEnumResetHandler       
00002ac1  uDMAChannelAttributeDisable     
00002b09  USBEndpointDataGet              
00002b51  USBDCDDeviceInfoInit            
00002bd9  USBDBulkInit                    
00002c59  __aeabi_uidiv                   
00002c59  __aeabi_uidivmod                
00002cd5  USBFIFOConfigSet                
00002d11  InternalUSBRegisterTickHandler  
00002d49  InternalUSBStartOfFrameTick     
00002d81  USBDCDConfigGetInterfaceEndpoint
00002db9  USBIntStatusControl             
00002df1  USBRingBufAdvanceWrite          
00002e29  USBEndpointDataPut              
00002e95  IntRegister                     
00002ec9  SysCtlPeripheralEnable          
00002efd  USBEndpointDataSend             
00002fc9  USBDevEndpointStall             
0000305d  InternalUSBTickInit             
000030ed  USBDescGet                      
00003145  GPIODirModeSet                  
00003199  USBDCDConfigDescGetNum          
000031c3  USBDescGetNum                   
000031ed  USBDevEndpointDataAck           
00003241  USBIntEnableControl             
00003269  init_rx                         
00003291  uDMAChannelModeGet              
00003301  USBEndpointDMADisable           
00003325  USBEndpointDMAEnable            
00003349  USBStackModeSet                 
0000336d  uDMAChannelControlSet           
000033b3  USBDBulkRxPacketAvailable       
00003437  USBRingBufAdvanceRead           
00003457  USBRingBufContigFree            
00003475  USBULPIRegRead                  
00003493  USBULPIRegWrite                 
000034b1  USBDCDConfigGetInterface        
000034cd  USBDCDStallEP0                  
000034e9  USBEndpointDataAvail            
00003505  USBRingBufWrite                 
00003521  UARTprintf                      
0000353b  USBDCDConfigDescGetSize         
00003555  USBEndpointDMAChannel           
0000356f  GPIOIntRegister                 
00003587  GPIOPinTypeGPIOOutput           
000035d1  USB0DeviceIntHandler            
000035e9  USBBufferInit                   
00003601  USBDCDFeatureGet                
00003649  init_zero                       
00003661  _args_main                      
00003679  uDMAChannelDisable              
00003691  uDMAChannelEnable               
000036a9  USBBufferDataWritten            
000036bf  USBIntEnableEndpoint            
000036d5  USBRingBufFlush                 
000036eb  USBRingBufUsed                  
00003715  SysCtlUSBPLLEnable              
00003729  TxHandler                       
0000373d  USBDBulkTxPacketAvailable       
00003751  USBDMAChannelConfigSet          
00003765  USBHostResume                   
0000378d  _register_unlock                
00003793  _register_lock                  
0000379b  _nop                            
000037a1  GPIOPinTypeGPIOInput            
000037d7  USBBufferInfoGet                
000037e9  USBDMAChannelDisable            
000037fb  USBDMAChannelEnable             
0000380d  USBDMAChannelIntDisable         
0000381f  USBDMAChannelIntEnable          
00003831  USBRingBufFree                  
00003843  IntMasterDisable                
00003853  IntMasterEnable                 
00003865  SysTickIntHandler               
00003875  USBEndpointStatus               
00003885  USBRingBufContigUsed            
00003895  USBRingBufWriteOne              
000038b3  GPIOIntDisable                  
000038cf  USBDMAChannelStatus             
000038dd  USBDevLPMDisable                
000038eb  USBDevLPMEnable                 
000038f9  USBULPIDisable                  
00003907  USBULPIEnable                   
00003915  __TI_decompress_none            
00003923  CPUcpsid                        
0000392f  CPUcpsie                        
0000393b  GPIOIntEnable                   
00003947  USBEndpointPacketCountSet       
00003953  USBLPMIntEnable                 
0000395f  USBRingBufInit                  
0000396b  __TI_zero_init                  
00003977  USBClockEnable                  
00003981  USBControllerVersion            
0000398b  USBDMAChannelAddressSet         
00003995  USBDMAChannelCountSet           
0000399f  USBDevConnect                   
000039a9  USBDevDisconnect                
000039b3  USBIntStatusEndpoint            
000039bd  USBDevMode                      
000039c5  USBFIFOAddrGet                  
000039cd  USBOTGMode                      
000039e5  GPIOIntClear                    
000039eb  GPIOPinRead                     
000039f1  GPIOPinWrite                    
000039f7  ResetISR                        
000039fd  SysCtlDelay                     
00003a03  USBBufferFlush                  
00003a09  USBBufferSpaceAvailable         
00003a0f  USBDMAChannelIntStatus          
00003a15  USBDevLPMConfig                 
00003a1b  USBLPMIntStatus                 
00003a2b  USBDevAddrSet                   
00003a2f  _system_pre_init                
00003c58  g_pui8ConfigString              
00003c88  g_sBulkHandlers                 
00003cb8  g_sBulkConfigSection            
00003cc0  g_sBulkInterfaceSection         
00003cc8  g_sBulkInterfaceSectionHS       
00003cd0  g_sBulkConfigHeader             
00003cd8  g_sBulkConfigHeaderHS           
00003ce0  g_ppBulkConfigDescriptors       
00003ce4  g_ppBulkConfigDescriptorsHS     
00003ce8  g_pui8BulkInterface             
00003cff  g_pui8BulkInterfaceHS           
00003d16  g_pui8DataInterfaceString       
00003d3e  g_pui8ProductString             
00003d66  g_pui8ManufacturerString        
00003d8c  g_ppui8StringDescriptors        
00003da4  g_pui8SerialNumberString        
00003dc4  g_pui8LangDescriptor            
00003e64  __TI_Handler_Table_Base         
00003e70  __TI_Handler_Table_Limit        
00003e80  __TI_CINIT_Base                 
00003e98  __TI_CINIT_Limit                
20000000  g_pfnRAMVectors                 
2000026c  data_in                         
2000277c  g_pui8USBRxBuffer               
2000287c  g_pui8USBTxBuffer               
200029fc  g_psDCDInst                     
20002a8c  g_pfnTickHandlers               
20002aa4  g_pvTickInstance                
20002ac4  see_bit                         
20002acc  counter                         
20002ad4  g_ppsDevInfo                    
20002adc  __stack                         
20002edc  __STACK_END                     
20002edc  __STACK_TOP                     
20002edc  g_sBulkDevice                   
20002f20  g_sRxBuffer                     
20002f58  g_sTxBuffer                     
20002f90  g_pui8BulkDeviceDescriptor      
20002fa2  g_pui8BulkDescriptor            
20002fac  g_psBulkSections                
20002fb4  g_psBulkSectionsHS              
20002fd8  g_ui32SysTickCount              
20002fdc  g_ui32TxCount                   
20002fe0  g_ui32RxCount                   
20002fe4  g_ui32Flags                     
20002fec  __TI_cleanup_ptr                
20002ff0  __TI_dtors_ptr                  
20002ff4  __TI_enable_exit_profile_output 
20002ff8  g_bUSBTimerInitialized          
20002ffc  g_ui32CurrentUSBTick            
20003000  g_ui32USBSOFCount               
20003004  g_iUSBMode                      
20003008  g_ui32WaitTicks                 
20003010  _lock                           
20003014  _unlock                         
20003018  rx_back                         
2000301c  falling_edges_count             
20003028  main_func_sp                    
ffffffff  __TI_pprof_out_hndl             
ffffffff  __TI_prof_data_size             
ffffffff  __TI_prof_data_start            
ffffffff  __binit__                       
ffffffff  __c_args__                      
ffffffff  binit                           
UNDEFED   SHT$$INIT_ARRAY$$Base           
UNDEFED   SHT$$INIT_ARRAY$$Limit          

[236 symbols]
