******************************************************************************
                  TI ARM Linker Unix v16.9.0                   
******************************************************************************
>> Linked Mon Feb 13 01:03:19 2017

OUTPUT FILE NAME:   <Receiver_vlc.out>
ENTRY POINT SYMBOL: "_c_int00"  address: 00000ae5


MEMORY CONFIGURATION

         name            origin    length      used     unused   attr    fill
----------------------  --------  ---------  --------  --------  ----  --------
  FLASH                 00000000   00040000  000011c2  0003ee3e  R  X
  SRAM                  20000000   00008000  000004f5  00007b0b  RW X


SEGMENT ALLOCATION MAP

run origin  load origin   length   init length attrs members
----------  ----------- ---------- ----------- ----- -------
00000000    00000000    000011c8   000011c8    r-x
  00000000    00000000    0000026c   0000026c    r-- .intvecs
  0000026c    0000026c    00000c22   00000c22    r-x .text
  00000e90    00000e90    000002ec   000002ec    r-- .const
  00001180    00001180    00000048   00000048    r-- .cinit
20000000    20000000    000004f8   00000000    rw-
  20000000    20000000    0000026c   00000000    rw- .vtable
  2000026c    2000026c    00000200   00000000    rw- .stack
  2000046c    2000046c    00000071   00000000    rw- .bss
  200004e0    200004e0    00000018   00000000    rw- .data


SECTION ALLOCATION MAP

 output                                  attributes/
section   page    origin      length       input sections
--------  ----  ----------  ----------   ----------------
.intvecs   0    00000000    0000026c     
                  00000000    0000026c     tm4c123gh6pm_startup_ccs.obj (.intvecs)

.text      0    0000026c    00000c22     
                  0000026c    00000290     uart_rx_testing.obj (.text)
                  000004fc    00000132     driverlib.lib : gpio.obj (.text:GPIOPadConfigSet)
                  0000062e    00000002     rtsv7M4_T_le_v4SPD16_eabi.lib : mpu_init.obj (.text)
                  00000630    00000110     driverlib.lib : sysctl.obj (.text:SysCtlClockGet)
                  00000740    000000f4                   : sysctl.obj (.text:SysCtlClockSet)
                  00000834    0000009c     rtsv7M4_T_le_v4SPD16_eabi.lib : memcpy_t2.obj (.text)
                  000008d0    0000007a                                   : memset_t2.obj (.text)
                  0000094a    00000002                                   : startup.obj (.text)
                  0000094c    00000070                                   : autoinit.obj (.text)
                  000009bc    00000068     driverlib.lib : interrupt.obj (.text:IntEnable)
                  00000a24    00000068     rtsv7M4_T_le_v4SPD16_eabi.lib : copy_decompress_lzss.obj (.text:decompress:lzss)
                  00000a8c    00000056     driverlib.lib : gpio.obj (.text:GPIOIntTypeSet)
                  00000ae2    00000002     --HOLE-- [fill = 0]
                  00000ae4    00000054     rtsv7M4_T_le_v4SPD16_eabi.lib : boot.obj (.text)
                  00000b38    00000054                                   : exit.obj (.text)
                  00000b8c    0000004c                                   : cpy_tbl.obj (.text)
                  00000bd8    00000048     driverlib.lib : gpio.obj (.text:GPIOPinConfigure)
                  00000c20    00000046                   : uart.obj (.text:UARTConfigSetExpClk)
                  00000c66    00000002     --HOLE-- [fill = 0]
                  00000c68    00000040                   : gpio.obj (.text:_GPIOIntNumberGet)
                  00000ca8    00000034                   : interrupt.obj (.text:IntRegister)
                  00000cdc    00000034                   : sysctl.obj (.text:SysCtlPeripheralEnable)
                  00000d10    0000002a                   : gpio.obj (.text:GPIODirModeSet)
                  00000d3a    00000002     --HOLE-- [fill = 0]
                  00000d3c    00000020                   : uart.obj (.text:UARTDisable)
                  00000d5c    00000018                   : gpio.obj (.text:GPIOIntRegister)
                  00000d74    00000018                   : gpio.obj (.text:GPIOPinTypeGPIOOutput)
                  00000d8c    00000018     rtsv7M4_T_le_v4SPD16_eabi.lib : args_main.obj (.text)
                  00000da4    00000014     driverlib.lib : uart.obj (.text:UARTEnable)
                  00000db8    00000014     rtsv7M4_T_le_v4SPD16_eabi.lib : _lock.obj (.text)
                  00000dcc    00000012     driverlib.lib : gpio.obj (.text:GPIOPinTypeUART)
                  00000dde    00000010                   : interrupt.obj (.text:IntMasterEnable)
                  00000dee    0000000e                   : gpio.obj (.text:GPIOIntStatus)
                  00000dfc    0000000e                   : uart.obj (.text:UARTCharsAvail)
                  00000e0a    0000000e     rtsv7M4_T_le_v4SPD16_eabi.lib : copy_decompress_none.obj (.text:decompress:none)
                  00000e18    0000000c     driverlib.lib : cpu.obj (.text:CPUcpsie)
                  00000e24    0000000c                   : gpio.obj (.text:GPIOIntEnable)
                  00000e30    0000000c     rtsv7M4_T_le_v4SPD16_eabi.lib : copy_zero_init.obj (.text:decompress:ZI)
                  00000e3c    0000000c     tm4c123gh6pm_startup_ccs.obj (.text)
                  00000e48    0000000a     driverlib.lib : uart.obj (.text:UARTCharGet)
                  00000e52    0000000a                   : uart.obj (.text:UARTCharPut)
                  00000e5c    0000000a                   : uart.obj (.text:UARTIntStatus)
                  00000e66    00000008                   : uart.obj (.text:UARTIntEnable)
                  00000e6e    00000006                   : gpio.obj (.text:GPIOIntClear)
                  00000e74    00000006                   : gpio.obj (.text:GPIOPinRead)
                  00000e7a    00000006                   : gpio.obj (.text:GPIOPinWrite)
                  00000e80    00000006                   : sysctl.obj (.text:SysCtlDelay)
                  00000e86    00000004                   : uart.obj (.text:UARTIntClear)
                  00000e8a    00000004     rtsv7M4_T_le_v4SPD16_eabi.lib : pre_init.obj (.text)

.const     0    00000e90    000002ec     
                  00000e90    000000c0     driverlib.lib : gpio.obj (.const:g_ppui32GPIOIntMapBlizzard)
                  00000f50    000000c0                   : gpio.obj (.const:g_ppui32GPIOIntMapSnowflake)
                  00001010    00000090                   : gpio.obj (.const:g_pui32GPIOBaseAddrs)
                  000010a0    00000070                   : interrupt.obj (.const)
                  00001110    0000006c                   : sysctl.obj (.const:g_pui32Xtals)

.cinit     0    00001180    00000048     
                  00001180    00000011     (.cinit..data.load) [load image, compression = lzss]
                  00001191    00000003     --HOLE-- [fill = 0]
                  00001194    0000000c     (__TI_handler_table)
                  000011a0    00000008     (.cinit..bss.load) [load image, compression = zero_init]
                  000011a8    00000008     (.cinit..vtable.load) [load image, compression = zero_init]
                  000011b0    00000018     (__TI_cinit_table)

.init_array 
*          0    00000000    00000000     UNINITIALIZED

.vtable    0    20000000    0000026c     UNINITIALIZED
                  20000000    0000026c     driverlib.lib : interrupt.obj (.vtable)

.bss       0    2000046c    00000071     UNINITIALIZED
                  2000046c    00000064     (.common:character_get)
                  200004d0    00000008     (.common:character)
                  200004d8    00000004     (.common:counter)
                  200004dc    00000001     (.common:char_to_send)

.data      0    200004e0    00000018     UNINITIALIZED
                  200004e0    0000000c     rtsv7M4_T_le_v4SPD16_eabi.lib : exit.obj (.data:$O1$$)
                  200004ec    00000008                                   : _lock.obj (.data:$O1$$)
                  200004f4    00000004                                   : stkdepth_vars.obj (.data)

.stack     0    2000026c    00000200     UNINITIALIZED
                  2000026c    00000200     --HOLE--

MODULE SUMMARY

       Module                         code   ro data   rw data
       ------                         ----   -------   -------
    ./
       uart_rx_testing.obj            656    0         113    
       tm4c123gh6pm_startup_ccs.obj   12     620       0      
    +--+------------------------------+------+---------+---------+
       Total:                         668    620       113    
                                                              
    /home/arktheshadow/ti/SW-EK-TM4C123GXL-2.1.3.156/driverlib/ccs/Debug/driverlib.lib
       gpio.obj                       680    528       0      
       interrupt.obj                  172    112       620    
       sysctl.obj                     574    108       0      
       uart.obj                       178    0         0      
       cpu.obj                        12     0         0      
    +--+------------------------------+------+---------+---------+
       Total:                         1616   748       620    
                                                              
    /home/arktheshadow/ti/ccsv7/tools/compiler/ti-cgt-arm_16.9.0.LTS/lib/rtsv7M4_T_le_v4SPD16_eabi.lib
       memcpy_t2.obj                  156    0         0      
       memset_t2.obj                  122    0         0      
       autoinit.obj                   112    0         0      
       copy_decompress_lzss.obj       104    0         0      
       exit.obj                       84     0         12     
       boot.obj                       84     0         0      
       cpy_tbl.obj                    76     0         0      
       _lock.obj                      20     0         8      
       args_main.obj                  24     0         0      
       copy_decompress_none.obj       14     0         0      
       copy_zero_init.obj             12     0         0      
       pre_init.obj                   4      0         0      
       stkdepth_vars.obj              0      0         4      
       mpu_init.obj                   2      0         0      
       startup.obj                    2      0         0      
    +--+------------------------------+------+---------+---------+
       Total:                         816    0         24     
                                                              
       Stack:                         0      0         512    
       Linker Generated:              0      69        0      
    +--+------------------------------+------+---------+---------+
       Grand Total:                   3100   1437      1269   


LINKER GENERATED COPY TABLES

__TI_cinit_table @ 000011b0 records: 3, size/record: 8, table size: 24
	.data: load addr=00001180, load size=00000011 bytes, run addr=200004e0, run size=00000018 bytes, compression=lzss
	.bss: load addr=000011a0, load size=00000008 bytes, run addr=2000046c, run size=00000071 bytes, compression=zero_init
	.vtable: load addr=000011a8, load size=00000008 bytes, run addr=20000000, run size=0000026c bytes, compression=zero_init


LINKER GENERATED HANDLER TABLE

__TI_handler_table @ 00001194 records: 3, size/record: 4, table size: 12
	index: 0, handler: __TI_zero_init
	index: 1, handler: __TI_decompress_lzss
	index: 2, handler: __TI_decompress_none


GLOBAL SYMBOLS: SORTED ALPHABETICALLY BY Name 

address   name                           
-------   ----                           
00000b39  C$$EXIT                        
00000e19  CPUcpsie                       
00000d11  GPIODirModeSet                 
00000e6f  GPIOIntClear                   
00000e25  GPIOIntEnable                  
00000d5d  GPIOIntRegister                
00000def  GPIOIntStatus                  
00000a8d  GPIOIntTypeSet                 
000004fd  GPIOPadConfigSet               
00000bd9  GPIOPinConfigure               
00000e75  GPIOPinRead                    
00000d75  GPIOPinTypeGPIOOutput          
00000dcd  GPIOPinTypeUART                
00000e7b  GPIOPinWrite                   
000009bd  IntEnable                      
00000ddf  IntMasterEnable                
00000ca9  IntRegister                    
0000035b  PortFIntHandler                
00000e3d  ResetISR                       
UNDEFED   SHT$$INIT_ARRAY$$Base          
UNDEFED   SHT$$INIT_ARRAY$$Limit         
00000631  SysCtlClockGet                 
00000741  SysCtlClockSet                 
00000e81  SysCtlDelay                    
00000cdd  SysCtlPeripheralEnable         
00000e49  UARTCharGet                    
00000e53  UARTCharPut                    
00000dfd  UARTCharsAvail                 
00000c21  UARTConfigSetExpClk            
00000d3d  UARTDisable                    
00000da5  UARTEnable                     
00000e87  UARTIntClear                   
00000e67  UARTIntEnable                  
000003f9  UARTIntHandler                 
00000e5d  UARTIntStatus                  
2000046c  __STACK_END                    
00000200  __STACK_SIZE                   
2000046c  __STACK_TOP                    
000011b0  __TI_CINIT_Base                
000011c8  __TI_CINIT_Limit               
00001194  __TI_Handler_Table_Base        
000011a0  __TI_Handler_Table_Limit       
0000094d  __TI_auto_init                 
200004e0  __TI_cleanup_ptr               
00000a25  __TI_decompress_lzss           
00000e0b  __TI_decompress_none           
200004e4  __TI_dtors_ptr                 
200004e8  __TI_enable_exit_profile_output
ffffffff  __TI_pprof_out_hndl            
ffffffff  __TI_prof_data_size            
ffffffff  __TI_prof_data_start           
00000000  __TI_static_base__             
00000e31  __TI_zero_init                 
000008d1  __aeabi_memclr                 
000008d1  __aeabi_memclr4                
000008d1  __aeabi_memclr8                
00000835  __aeabi_memcpy                 
00000835  __aeabi_memcpy4                
00000835  __aeabi_memcpy8                
000008d3  __aeabi_memset                 
000008d3  __aeabi_memset4                
000008d3  __aeabi_memset8                
ffffffff  __binit__                      
ffffffff  __c_args__                     
0000062f  __mpu_init                     
2000026c  __stack                        
00000d8d  _args_main                     
00000ae5  _c_int00                       
200004ec  _lock                          
00000dc7  _nop                           
00000dbf  _register_lock                 
00000db9  _register_unlock               
0000094b  _system_post_cinit             
00000e8b  _system_pre_init               
200004f0  _unlock                        
00000b3d  abort                          
ffffffff  binit                          
000003b5  bool_to_uint8                  
200004dc  char_to_send                   
200004d0  character                      
2000046c  character_get                  
00000471  convert_char_to_bin            
00000b8d  copy_in                        
200004d8  counter                        
00000b45  exit                           
20000000  g_pfnRAMVectors                
00000000  g_pfnVectors                   
0000026d  main                           
200004f4  main_func_sp                   
00000835  memcpy                         
000008d9  memset                         
000004bb  send_bin                       
0000034d  send_char                      


GLOBAL SYMBOLS: SORTED BY Symbol Address 

address   name                           
-------   ----                           
00000000  __TI_static_base__             
00000000  g_pfnVectors                   
00000200  __STACK_SIZE                   
0000026d  main                           
0000034d  send_char                      
0000035b  PortFIntHandler                
000003b5  bool_to_uint8                  
000003f9  UARTIntHandler                 
00000471  convert_char_to_bin            
000004bb  send_bin                       
000004fd  GPIOPadConfigSet               
0000062f  __mpu_init                     
00000631  SysCtlClockGet                 
00000741  SysCtlClockSet                 
00000835  __aeabi_memcpy                 
00000835  __aeabi_memcpy4                
00000835  __aeabi_memcpy8                
00000835  memcpy                         
000008d1  __aeabi_memclr                 
000008d1  __aeabi_memclr4                
000008d1  __aeabi_memclr8                
000008d3  __aeabi_memset                 
000008d3  __aeabi_memset4                
000008d3  __aeabi_memset8                
000008d9  memset                         
0000094b  _system_post_cinit             
0000094d  __TI_auto_init                 
000009bd  IntEnable                      
00000a25  __TI_decompress_lzss           
00000a8d  GPIOIntTypeSet                 
00000ae5  _c_int00                       
00000b39  C$$EXIT                        
00000b3d  abort                          
00000b45  exit                           
00000b8d  copy_in                        
00000bd9  GPIOPinConfigure               
00000c21  UARTConfigSetExpClk            
00000ca9  IntRegister                    
00000cdd  SysCtlPeripheralEnable         
00000d11  GPIODirModeSet                 
00000d3d  UARTDisable                    
00000d5d  GPIOIntRegister                
00000d75  GPIOPinTypeGPIOOutput          
00000d8d  _args_main                     
00000da5  UARTEnable                     
00000db9  _register_unlock               
00000dbf  _register_lock                 
00000dc7  _nop                           
00000dcd  GPIOPinTypeUART                
00000ddf  IntMasterEnable                
00000def  GPIOIntStatus                  
00000dfd  UARTCharsAvail                 
00000e0b  __TI_decompress_none           
00000e19  CPUcpsie                       
00000e25  GPIOIntEnable                  
00000e31  __TI_zero_init                 
00000e3d  ResetISR                       
00000e49  UARTCharGet                    
00000e53  UARTCharPut                    
00000e5d  UARTIntStatus                  
00000e67  UARTIntEnable                  
00000e6f  GPIOIntClear                   
00000e75  GPIOPinRead                    
00000e7b  GPIOPinWrite                   
00000e81  SysCtlDelay                    
00000e87  UARTIntClear                   
00000e8b  _system_pre_init               
00001194  __TI_Handler_Table_Base        
000011a0  __TI_Handler_Table_Limit       
000011b0  __TI_CINIT_Base                
000011c8  __TI_CINIT_Limit               
20000000  g_pfnRAMVectors                
2000026c  __stack                        
2000046c  __STACK_END                    
2000046c  __STACK_TOP                    
2000046c  character_get                  
200004d0  character                      
200004d8  counter                        
200004dc  char_to_send                   
200004e0  __TI_cleanup_ptr               
200004e4  __TI_dtors_ptr                 
200004e8  __TI_enable_exit_profile_output
200004ec  _lock                          
200004f0  _unlock                        
200004f4  main_func_sp                   
ffffffff  __TI_pprof_out_hndl            
ffffffff  __TI_prof_data_size            
ffffffff  __TI_prof_data_start           
ffffffff  __binit__                      
ffffffff  __c_args__                     
ffffffff  binit                          
UNDEFED   SHT$$INIT_ARRAY$$Base          
UNDEFED   SHT$$INIT_ARRAY$$Limit         

[93 symbols]
