******************************************************************************
                  TI ARM Linker Unix v16.9.0                   
******************************************************************************
>> Linked Sat Apr  8 21:03:13 2017

OUTPUT FILE NAME:   <Receiver_vlc.out>
ENTRY POINT SYMBOL: "_c_int00"  address: 00000b55


MEMORY CONFIGURATION

         name            origin    length      used     unused   attr    fill
----------------------  --------  ---------  --------  --------  ----  --------
  FLASH                 00000000   00040000  000010fe  0003ef02  R  X
  SRAM                  20000000   00008000  000018a0  00006760  RW X


SEGMENT ALLOCATION MAP

run origin  load origin   length   init length attrs members
----------  ----------- ---------- ----------- ----- -------
00000000    00000000    00001100   00001100    r-x
  00000000    00000000    0000026c   0000026c    r-- .intvecs
  0000026c    0000026c    00000bee   00000bee    r-x .text
  00000e5c    00000e5c    0000025c   0000025c    r-- .const
  000010b8    000010b8    00000048   00000048    r-- .cinit
20000000    20000000    000018a0   00000000    rw-
  20000000    20000000    0000026c   00000000    rw- .vtable
  2000026c    2000026c    0000141c   00000000    rw- .bss
  20001688    20001688    00000200   00000000    rw- .stack
  20001888    20001888    00000018   00000000    rw- .data


SECTION ALLOCATION MAP

 output                                  attributes/
section   page    origin      length       input sections
--------  ----  ----------  ----------   ----------------
.intvecs   0    00000000    0000026c     
                  00000000    0000026c     tm4c123gh6pm_startup_ccs.obj (.intvecs)

.text      0    0000026c    00000bee     
                  0000026c    000002a0     read_data_xtal.obj (.text)
                  0000050c    00000132     driverlib.lib : gpio.obj (.text:GPIOPadConfigSet)
                  0000063e    00000002     rtsv7M4_T_le_v4SPD16_eabi.lib : mpu_init.obj (.text)
                  00000640    00000110     driverlib.lib : sysctl.obj (.text:SysCtlClockGet)
                  00000750    000000f4                   : sysctl.obj (.text:SysCtlClockSet)
                  00000844    0000009c     rtsv7M4_T_le_v4SPD16_eabi.lib : memcpy_t2.obj (.text)
                  000008e0    0000007a                                   : memset_t2.obj (.text)
                  0000095a    00000002                                   : startup.obj (.text)
                  0000095c    00000070                                   : autoinit.obj (.text)
                  000009cc    00000068     driverlib.lib : interrupt.obj (.text:IntEnable)
                  00000a34    00000068     rtsv7M4_T_le_v4SPD16_eabi.lib : copy_decompress_lzss.obj (.text:decompress:lzss)
                  00000a9c    00000060     driverlib.lib : timer.obj (.text:TimerConfigure)
                  00000afc    00000056                   : gpio.obj (.text:GPIOIntTypeSet)
                  00000b52    00000002     --HOLE-- [fill = 0]
                  00000b54    00000054     rtsv7M4_T_le_v4SPD16_eabi.lib : boot.obj (.text)
                  00000ba8    00000054                                   : exit.obj (.text)
                  00000bfc    0000004c                                   : cpy_tbl.obj (.text)
                  00000c48    00000044     receiver_main.obj (.text)
                  00000c8c    00000040     driverlib.lib : gpio.obj (.text:_GPIOIntNumberGet)
                  00000ccc    00000034                   : interrupt.obj (.text:IntRegister)
                  00000d00    00000034                   : sysctl.obj (.text:SysCtlPeripheralEnable)
                  00000d34    0000002a                   : gpio.obj (.text:GPIODirModeSet)
                  00000d5e    00000018                   : gpio.obj (.text:GPIOIntRegister)
                  00000d76    00000018                   : gpio.obj (.text:GPIOPinTypeGPIOOutput)
                  00000d8e    00000002     --HOLE-- [fill = 0]
                  00000d90    00000018     rtsv7M4_T_le_v4SPD16_eabi.lib : args_main.obj (.text)
                  00000da8    00000014                                   : _lock.obj (.text)
                  00000dbc    00000012     driverlib.lib : gpio.obj (.text:GPIOPinTypeGPIOInput)
                  00000dce    00000012                   : timer.obj (.text:TimerLoadSet)
                  00000de0    00000010                   : interrupt.obj (.text:IntMasterEnable)
                  00000df0    0000000e                   : gpio.obj (.text:GPIOIntDisable)
                  00000dfe    0000000e     rtsv7M4_T_le_v4SPD16_eabi.lib : copy_decompress_none.obj (.text:decompress:none)
                  00000e0c    0000000c     driverlib.lib : cpu.obj (.text:CPUcpsie)
                  00000e18    0000000c                   : gpio.obj (.text:GPIOIntEnable)
                  00000e24    0000000c     rtsv7M4_T_le_v4SPD16_eabi.lib : copy_zero_init.obj (.text:decompress:ZI)
                  00000e30    0000000c     tm4c123gh6pm_startup_ccs.obj (.text)
                  00000e3c    00000008     driverlib.lib : timer.obj (.text:TimerIntEnable)
                  00000e44    00000006                   : gpio.obj (.text:GPIOIntClear)
                  00000e4a    00000006                   : gpio.obj (.text:GPIOPinRead)
                  00000e50    00000006                   : sysctl.obj (.text:SysCtlDelay)
                  00000e56    00000004     rtsv7M4_T_le_v4SPD16_eabi.lib : pre_init.obj (.text)

.const     0    00000e5c    0000025c     
                  00000e5c    000000c0     driverlib.lib : gpio.obj (.const:g_ppui32GPIOIntMapBlizzard)
                  00000f1c    000000c0                   : gpio.obj (.const:g_ppui32GPIOIntMapSnowflake)
                  00000fdc    00000070                   : interrupt.obj (.const)
                  0000104c    0000006c                   : sysctl.obj (.const:g_pui32Xtals)

.cinit     0    000010b8    00000048     
                  000010b8    00000011     (.cinit..data.load) [load image, compression = lzss]
                  000010c9    00000003     --HOLE-- [fill = 0]
                  000010cc    0000000c     (__TI_handler_table)
                  000010d8    00000008     (.cinit..bss.load) [load image, compression = zero_init]
                  000010e0    00000008     (.cinit..vtable.load) [load image, compression = zero_init]
                  000010e8    00000018     (__TI_cinit_table)

.init_array 
*          0    00000000    00000000     UNINITIALIZED

.vtable    0    20000000    0000026c     UNINITIALIZED
                  20000000    0000026c     driverlib.lib : interrupt.obj (.vtable)

.bss       0    2000026c    0000141c     UNINITIALIZED
                  2000026c    00001000     (.common:rx_temp_data)
                  2000126c    00000400     (.common:final_buff)
                  2000166c    00000004     (.common:data_in_ptr)
                  20001670    00000004     (.common:final_buff_ptr)
                  20001674    00000004     (.common:first_start)
                  20001678    00000004     (.common:offset)
                  2000167c    00000004     (.common:rx_counter)
                  20001680    00000004     (.common:rx_temp_data_ptr)
                  20001684    00000004     (.common:save_start)

.data      0    20001888    00000018     UNINITIALIZED
                  20001888    0000000c     rtsv7M4_T_le_v4SPD16_eabi.lib : exit.obj (.data:$O1$$)
                  20001894    00000008                                   : _lock.obj (.data:$O1$$)
                  2000189c    00000004                                   : stkdepth_vars.obj (.data)

.stack     0    20001688    00000200     UNINITIALIZED
                  20001688    00000200     --HOLE--

MODULE SUMMARY

       Module                         code   ro data   rw data
       ------                         ----   -------   -------
    ./
       read_data_xtal.obj             672    0         5148   
       tm4c123gh6pm_startup_ccs.obj   12     620       0      
       receiver_main.obj              68     0         0      
    +--+------------------------------+------+---------+---------+
       Total:                         752    620       5148   
                                                              
    /home/arktheshadow/ti/SW-EK-TM4C123GXL-2.1.3.156/driverlib/ccs/Debug/driverlib.lib
       gpio.obj                       602    384       0      
       interrupt.obj                  172    112       620    
       sysctl.obj                     574    108       0      
       timer.obj                      122    0         0      
       cpu.obj                        12     0         0      
    +--+------------------------------+------+---------+---------+
       Total:                         1482   604       620    
                                                              
    /home/arktheshadow/ti/ccsv7/tools/compiler/ti-cgt-arm_16.9.0.LTS/lib/rtsv7M4_T_le_v4SPD16_eabi.lib
       memcpy_t2.obj                  156    0         0      
       memset_t2.obj                  122    0         0      
       autoinit.obj                   112    0         0      
       copy_decompress_lzss.obj       104    0         0      
       exit.obj                       84     0         12     
       boot.obj                       84     0         0      
       cpy_tbl.obj                    76     0         0      
       _lock.obj                      20     0         8      
       args_main.obj                  24     0         0      
       copy_decompress_none.obj       14     0         0      
       copy_zero_init.obj             12     0         0      
       pre_init.obj                   4      0         0      
       stkdepth_vars.obj              0      0         4      
       mpu_init.obj                   2      0         0      
       startup.obj                    2      0         0      
    +--+------------------------------+------+---------+---------+
       Total:                         816    0         24     
                                                              
       Stack:                         0      0         512    
       Linker Generated:              0      69        0      
    +--+------------------------------+------+---------+---------+
       Grand Total:                   3050   1293      6304   


LINKER GENERATED COPY TABLES

__TI_cinit_table @ 000010e8 records: 3, size/record: 8, table size: 24
	.data: load addr=000010b8, load size=00000011 bytes, run addr=20001888, run size=00000018 bytes, compression=lzss
	.bss: load addr=000010d8, load size=00000008 bytes, run addr=2000026c, run size=0000141c bytes, compression=zero_init
	.vtable: load addr=000010e0, load size=00000008 bytes, run addr=20000000, run size=0000026c bytes, compression=zero_init


LINKER GENERATED HANDLER TABLE

__TI_handler_table @ 000010cc records: 3, size/record: 4, table size: 12
	index: 0, handler: __TI_zero_init
	index: 1, handler: __TI_decompress_lzss
	index: 2, handler: __TI_decompress_none


GLOBAL SYMBOLS: SORTED ALPHABETICALLY BY Name 

address   name                           
-------   ----                           
00000ba9  C$$EXIT                        
00000e0d  CPUcpsie                       
00000d35  GPIODirModeSet                 
00000e45  GPIOIntClear                   
00000df1  GPIOIntDisable                 
00000e19  GPIOIntEnable                  
00000d5f  GPIOIntRegister                
00000afd  GPIOIntTypeSet                 
0000050d  GPIOPadConfigSet               
00000e4b  GPIOPinRead                    
00000dbd  GPIOPinTypeGPIOInput           
00000d77  GPIOPinTypeGPIOOutput          
000009cd  IntEnable                      
00000de1  IntMasterEnable                
00000ccd  IntRegister                    
00000e31  ResetISR                       
UNDEFED   SHT$$INIT_ARRAY$$Base          
UNDEFED   SHT$$INIT_ARRAY$$Limit         
00000641  SysCtlClockGet                 
00000751  SysCtlClockSet                 
00000e51  SysCtlDelay                    
00000d01  SysCtlPeripheralEnable         
00000a9d  TimerConfigure                 
00000e3d  TimerIntEnable                 
00000dcf  TimerLoadSet                   
20001888  __STACK_END                    
00000200  __STACK_SIZE                   
20001888  __STACK_TOP                    
000010e8  __TI_CINIT_Base                
00001100  __TI_CINIT_Limit               
000010cc  __TI_Handler_Table_Base        
000010d8  __TI_Handler_Table_Limit       
0000095d  __TI_auto_init                 
20001888  __TI_cleanup_ptr               
00000a35  __TI_decompress_lzss           
00000dff  __TI_decompress_none           
2000188c  __TI_dtors_ptr                 
20001890  __TI_enable_exit_profile_output
ffffffff  __TI_pprof_out_hndl            
ffffffff  __TI_prof_data_size            
ffffffff  __TI_prof_data_start           
00000000  __TI_static_base__             
00000e25  __TI_zero_init                 
000008e1  __aeabi_memclr                 
000008e1  __aeabi_memclr4                
000008e1  __aeabi_memclr8                
00000845  __aeabi_memcpy                 
00000845  __aeabi_memcpy4                
00000845  __aeabi_memcpy8                
000008e3  __aeabi_memset                 
000008e3  __aeabi_memset4                
000008e3  __aeabi_memset8                
ffffffff  __binit__                      
ffffffff  __c_args__                     
0000063f  __mpu_init                     
20001688  __stack                        
00000d91  _args_main                     
00000b55  _c_int00                       
20001894  _lock                          
00000db7  _nop                           
00000daf  _register_lock                 
00000da9  _register_unlock               
0000095b  _system_post_cinit             
00000e57  _system_pre_init               
20001898  _unlock                        
00000bad  abort                          
ffffffff  binit                          
00000467  config_GPIO                    
00000429  config_timer                   
00000bfd  copy_in                        
2000166c  data_in_ptr                    
00000bb5  exit                           
2000126c  final_buff                     
20001670  final_buff_ptr                 
20001674  first_start                    
20000000  g_pfnRAMVectors                
00000000  g_pfnVectors                   
00000315  gpiob_interrupt_handler        
0000026d  init_zero                      
00000c49  main                           
2000189c  main_func_sp                   
00000845  memcpy                         
000008e9  memset                         
20001678  offset                         
2000167c  rx_counter                     
2000026c  rx_temp_data                   
20001680  rx_temp_data_ptr               
20001684  save_start                     


GLOBAL SYMBOLS: SORTED BY Symbol Address 

address   name                           
-------   ----                           
00000000  __TI_static_base__             
00000000  g_pfnVectors                   
00000200  __STACK_SIZE                   
0000026d  init_zero                      
00000315  gpiob_interrupt_handler        
00000429  config_timer                   
00000467  config_GPIO                    
0000050d  GPIOPadConfigSet               
0000063f  __mpu_init                     
00000641  SysCtlClockGet                 
00000751  SysCtlClockSet                 
00000845  __aeabi_memcpy                 
00000845  __aeabi_memcpy4                
00000845  __aeabi_memcpy8                
00000845  memcpy                         
000008e1  __aeabi_memclr                 
000008e1  __aeabi_memclr4                
000008e1  __aeabi_memclr8                
000008e3  __aeabi_memset                 
000008e3  __aeabi_memset4                
000008e3  __aeabi_memset8                
000008e9  memset                         
0000095b  _system_post_cinit             
0000095d  __TI_auto_init                 
000009cd  IntEnable                      
00000a35  __TI_decompress_lzss           
00000a9d  TimerConfigure                 
00000afd  GPIOIntTypeSet                 
00000b55  _c_int00                       
00000ba9  C$$EXIT                        
00000bad  abort                          
00000bb5  exit                           
00000bfd  copy_in                        
00000c49  main                           
00000ccd  IntRegister                    
00000d01  SysCtlPeripheralEnable         
00000d35  GPIODirModeSet                 
00000d5f  GPIOIntRegister                
00000d77  GPIOPinTypeGPIOOutput          
00000d91  _args_main                     
00000da9  _register_unlock               
00000daf  _register_lock                 
00000db7  _nop                           
00000dbd  GPIOPinTypeGPIOInput           
00000dcf  TimerLoadSet                   
00000de1  IntMasterEnable                
00000df1  GPIOIntDisable                 
00000dff  __TI_decompress_none           
00000e0d  CPUcpsie                       
00000e19  GPIOIntEnable                  
00000e25  __TI_zero_init                 
00000e31  ResetISR                       
00000e3d  TimerIntEnable                 
00000e45  GPIOIntClear                   
00000e4b  GPIOPinRead                    
00000e51  SysCtlDelay                    
00000e57  _system_pre_init               
000010cc  __TI_Handler_Table_Base        
000010d8  __TI_Handler_Table_Limit       
000010e8  __TI_CINIT_Base                
00001100  __TI_CINIT_Limit               
20000000  g_pfnRAMVectors                
2000026c  rx_temp_data                   
2000126c  final_buff                     
2000166c  data_in_ptr                    
20001670  final_buff_ptr                 
20001674  first_start                    
20001678  offset                         
2000167c  rx_counter                     
20001680  rx_temp_data_ptr               
20001684  save_start                     
20001688  __stack                        
20001888  __STACK_END                    
20001888  __STACK_TOP                    
20001888  __TI_cleanup_ptr               
2000188c  __TI_dtors_ptr                 
20001890  __TI_enable_exit_profile_output
20001894  _lock                          
20001898  _unlock                        
2000189c  main_func_sp                   
ffffffff  __TI_pprof_out_hndl            
ffffffff  __TI_prof_data_size            
ffffffff  __TI_prof_data_start           
ffffffff  __binit__                      
ffffffff  __c_args__                     
ffffffff  binit                          
UNDEFED   SHT$$INIT_ARRAY$$Base          
UNDEFED   SHT$$INIT_ARRAY$$Limit         

[88 symbols]
