******************************************************************************
                  TI ARM Linker Unix v16.9.0                   
******************************************************************************
>> Linked Fri Feb 10 17:32:45 2017

OUTPUT FILE NAME:   <Receiver_vlc.out>
ENTRY POINT SYMBOL: "_c_int00"  address: 00000585


MEMORY CONFIGURATION

         name            origin    length      used     unused   attr    fill
----------------------  --------  ---------  --------  --------  ----  --------
  FLASH                 00000000   00040000  0000079c  0003f864  R  X
  SRAM                  20000000   00008000  00000218  00007de8  RW X


SEGMENT ALLOCATION MAP

run origin  load origin   length   init length attrs members
----------  ----------- ---------- ----------- ----- -------
00000000    00000000    0000079c   0000079c    r-x
  00000000    00000000    0000026c   0000026c    r-- .intvecs
  0000026c    0000026c    0000050c   0000050c    r-x .text
  00000778    00000778    00000024   00000024    r-- .cinit
20000000    20000000    00000218   00000000    rw-
  20000000    20000000    00000200   00000000    rw- .stack
  20000200    20000200    00000018   00000000    rw- .data


SECTION ALLOCATION MAP

 output                                  attributes/
section   page    origin      length       input sections
--------  ----  ----------  ----------   ----------------
.intvecs   0    00000000    0000026c     
                  00000000    0000026c     tm4c123gh6pm_startup_ccs.obj (.intvecs)

.text      0    0000026c    0000050c     
                  0000026c    00000132     driverlib.lib : gpio.obj (.text:GPIOPadConfigSet)
                  0000039e    0000009c     rtsv7M4_T_le_v4SPD16_eabi.lib : memcpy_t2.obj (.text)
                  0000043a    00000002                                   : mpu_init.obj (.text)
                  0000043c    00000070     main.obj (.text)
                  000004ac    00000070     rtsv7M4_T_le_v4SPD16_eabi.lib : autoinit.obj (.text)
                  0000051c    00000068                                   : copy_decompress_lzss.obj (.text:decompress:lzss)
                  00000584    00000054                                   : boot.obj (.text)
                  000005d8    00000054                                   : exit.obj (.text)
                  0000062c    0000004c                                   : cpy_tbl.obj (.text)
                  00000678    00000038     driverlib.lib : sysctl.obj (.text:SysCtlPeripheralReady)
                  000006b0    00000034                   : sysctl.obj (.text:SysCtlPeripheralEnable)
                  000006e4    0000002a                   : gpio.obj (.text:GPIODirModeSet)
                  0000070e    00000018                   : gpio.obj (.text:GPIOPinTypeGPIOOutput)
                  00000726    00000002     rtsv7M4_T_le_v4SPD16_eabi.lib : startup.obj (.text)
                  00000728    00000018                                   : args_main.obj (.text)
                  00000740    00000014                                   : _lock.obj (.text)
                  00000754    0000000e                                   : copy_decompress_none.obj (.text:decompress:none)
                  00000762    0000000c     tm4c123gh6pm_startup_ccs.obj (.text)
                  0000076e    00000006     driverlib.lib : gpio.obj (.text:GPIOPinWrite)
                  00000774    00000004     rtsv7M4_T_le_v4SPD16_eabi.lib : pre_init.obj (.text)

.cinit     0    00000778    00000024     
                  00000778    00000011     (.cinit..data.load) [load image, compression = lzss]
                  00000789    00000003     --HOLE-- [fill = 0]
                  0000078c    00000008     (__TI_handler_table)
                  00000794    00000008     (__TI_cinit_table)

.init_array 
*          0    00000000    00000000     UNINITIALIZED

.data      0    20000200    00000018     UNINITIALIZED
                  20000200    0000000c     rtsv7M4_T_le_v4SPD16_eabi.lib : exit.obj (.data:$O1$$)
                  2000020c    00000008                                   : _lock.obj (.data:$O1$$)
                  20000214    00000004                                   : stkdepth_vars.obj (.data)

.stack     0    20000000    00000200     UNINITIALIZED
                  20000000    00000200     --HOLE--

MODULE SUMMARY

       Module                         code   ro data   rw data
       ------                         ----   -------   -------
    ./
       tm4c123gh6pm_startup_ccs.obj   12     620       0      
       main.obj                       112    0         0      
    +--+------------------------------+------+---------+---------+
       Total:                         124    620       0      
                                                              
    /home/arktheshadow/ti/SW-EK-TM4C123GXL-2.1.3.156/driverlib/ccs/Debug/driverlib.lib
       gpio.obj                       378    0         0      
       sysctl.obj                     108    0         0      
    +--+------------------------------+------+---------+---------+
       Total:                         486    0         0      
                                                              
    /home/arktheshadow/ti/ccsv7/tools/compiler/ti-cgt-arm_16.9.0.LTS/lib/rtsv7M4_T_le_v4SPD16_eabi.lib
       memcpy_t2.obj                  156    0         0      
       autoinit.obj                   112    0         0      
       copy_decompress_lzss.obj       104    0         0      
       exit.obj                       84     0         12     
       boot.obj                       84     0         0      
       cpy_tbl.obj                    76     0         0      
       _lock.obj                      20     0         8      
       args_main.obj                  24     0         0      
       copy_decompress_none.obj       14     0         0      
       pre_init.obj                   4      0         0      
       stkdepth_vars.obj              0      0         4      
       mpu_init.obj                   2      0         0      
       startup.obj                    2      0         0      
    +--+------------------------------+------+---------+---------+
       Total:                         682    0         24     
                                                              
       Stack:                         0      0         512    
       Linker Generated:              0      33        0      
    +--+------------------------------+------+---------+---------+
       Grand Total:                   1292   653       536    


LINKER GENERATED COPY TABLES

__TI_cinit_table @ 00000794 records: 1, size/record: 8, table size: 8
	.data: load addr=00000778, load size=00000011 bytes, run addr=20000200, run size=00000018 bytes, compression=lzss


LINKER GENERATED HANDLER TABLE

__TI_handler_table @ 0000078c records: 2, size/record: 4, table size: 8
	index: 0, handler: __TI_decompress_lzss
	index: 1, handler: __TI_decompress_none


GLOBAL SYMBOLS: SORTED ALPHABETICALLY BY Name 

address   name                           
-------   ----                           
000005d9  C$$EXIT                        
000006e5  GPIODirModeSet                 
0000026d  GPIOPadConfigSet               
0000070f  GPIOPinTypeGPIOOutput          
0000076f  GPIOPinWrite                   
00000763  ResetISR                       
UNDEFED   SHT$$INIT_ARRAY$$Base          
UNDEFED   SHT$$INIT_ARRAY$$Limit         
000006b1  SysCtlPeripheralEnable         
00000679  SysCtlPeripheralReady          
20000200  __STACK_END                    
00000200  __STACK_SIZE                   
20000200  __STACK_TOP                    
00000794  __TI_CINIT_Base                
0000079c  __TI_CINIT_Limit               
0000078c  __TI_Handler_Table_Base        
00000794  __TI_Handler_Table_Limit       
000004ad  __TI_auto_init                 
20000200  __TI_cleanup_ptr               
0000051d  __TI_decompress_lzss           
00000755  __TI_decompress_none           
20000204  __TI_dtors_ptr                 
20000208  __TI_enable_exit_profile_output
ffffffff  __TI_pprof_out_hndl            
ffffffff  __TI_prof_data_size            
ffffffff  __TI_prof_data_start           
00000000  __TI_static_base__             
0000039f  __aeabi_memcpy                 
0000039f  __aeabi_memcpy4                
0000039f  __aeabi_memcpy8                
ffffffff  __binit__                      
ffffffff  __c_args__                     
0000043b  __mpu_init                     
20000000  __stack                        
00000729  _args_main                     
00000585  _c_int00                       
2000020c  _lock                          
0000074f  _nop                           
00000747  _register_lock                 
00000741  _register_unlock               
00000727  _system_post_cinit             
00000775  _system_pre_init               
20000210  _unlock                        
000005dd  abort                          
ffffffff  binit                          
0000062d  copy_in                        
000005e5  exit                           
00000000  g_pfnVectors                   
0000043d  main                           
20000214  main_func_sp                   
0000039f  memcpy                         


GLOBAL SYMBOLS: SORTED BY Symbol Address 

address   name                           
-------   ----                           
00000000  __TI_static_base__             
00000000  g_pfnVectors                   
00000200  __STACK_SIZE                   
0000026d  GPIOPadConfigSet               
0000039f  __aeabi_memcpy                 
0000039f  __aeabi_memcpy4                
0000039f  __aeabi_memcpy8                
0000039f  memcpy                         
0000043b  __mpu_init                     
0000043d  main                           
000004ad  __TI_auto_init                 
0000051d  __TI_decompress_lzss           
00000585  _c_int00                       
000005d9  C$$EXIT                        
000005dd  abort                          
000005e5  exit                           
0000062d  copy_in                        
00000679  SysCtlPeripheralReady          
000006b1  SysCtlPeripheralEnable         
000006e5  GPIODirModeSet                 
0000070f  GPIOPinTypeGPIOOutput          
00000727  _system_post_cinit             
00000729  _args_main                     
00000741  _register_unlock               
00000747  _register_lock                 
0000074f  _nop                           
00000755  __TI_decompress_none           
00000763  ResetISR                       
0000076f  GPIOPinWrite                   
00000775  _system_pre_init               
0000078c  __TI_Handler_Table_Base        
00000794  __TI_CINIT_Base                
00000794  __TI_Handler_Table_Limit       
0000079c  __TI_CINIT_Limit               
20000000  __stack                        
20000200  __STACK_END                    
20000200  __STACK_TOP                    
20000200  __TI_cleanup_ptr               
20000204  __TI_dtors_ptr                 
20000208  __TI_enable_exit_profile_output
2000020c  _lock                          
20000210  _unlock                        
20000214  main_func_sp                   
ffffffff  __TI_pprof_out_hndl            
ffffffff  __TI_prof_data_size            
ffffffff  __TI_prof_data_start           
ffffffff  __binit__                      
ffffffff  __c_args__                     
ffffffff  binit                          
UNDEFED   SHT$$INIT_ARRAY$$Base          
UNDEFED   SHT$$INIT_ARRAY$$Limit         

[51 symbols]
