******************************************************************************
                  TI ARM Linker Unix v16.9.0                   
******************************************************************************
>> Linked Sun Apr  9 15:17:23 2017

OUTPUT FILE NAME:   <Receiver_vlc.out>
ENTRY POINT SYMBOL: "_c_int00"  address: 00000bd1


MEMORY CONFIGURATION

         name            origin    length      used     unused   attr    fill
----------------------  --------  ---------  --------  --------  ----  --------
  FLASH                 00000000   00040000  0000117a  0003ee86  R  X
  SRAM                  20000000   00008000  000068b4  0000174c  RW X


SEGMENT ALLOCATION MAP

run origin  load origin   length   init length attrs members
----------  ----------- ---------- ----------- ----- -------
00000000    00000000    00001180   00001180    r-x
  00000000    00000000    0000026c   0000026c    r-- .intvecs
  0000026c    0000026c    00000c6a   00000c6a    r-x .text
  00000ed8    00000ed8    0000025c   0000025c    r-- .const
  00001138    00001138    00000048   00000048    r-- .cinit
20000000    20000000    000068b4   00000000    rw-
  20000000    20000000    0000026c   00000000    rw- .vtable
  2000026c    2000026c    00006430   00000000    rw- .bss
  2000669c    2000669c    00000200   00000000    rw- .stack
  2000689c    2000689c    00000018   00000000    rw- .data


SECTION ALLOCATION MAP

 output                                  attributes/
section   page    origin      length       input sections
--------  ----  ----------  ----------   ----------------
.intvecs   0    00000000    0000026c     
                  00000000    0000026c     tm4c123gh6pm_startup_ccs.obj (.intvecs)

.text      0    0000026c    00000c6a     
                  0000026c    0000031c     read_data_xtal.obj (.text)
                  00000588    00000132     driverlib.lib : gpio.obj (.text:GPIOPadConfigSet)
                  000006ba    00000002     rtsv7M4_T_le_v4SPD16_eabi.lib : mpu_init.obj (.text)
                  000006bc    00000110     driverlib.lib : sysctl.obj (.text:SysCtlClockGet)
                  000007cc    000000f4                   : sysctl.obj (.text:SysCtlClockSet)
                  000008c0    0000009c     rtsv7M4_T_le_v4SPD16_eabi.lib : memcpy_t2.obj (.text)
                  0000095c    0000007a                                   : memset_t2.obj (.text)
                  000009d6    00000002                                   : startup.obj (.text)
                  000009d8    00000070                                   : autoinit.obj (.text)
                  00000a48    00000068     driverlib.lib : interrupt.obj (.text:IntEnable)
                  00000ab0    00000068     rtsv7M4_T_le_v4SPD16_eabi.lib : copy_decompress_lzss.obj (.text:decompress:lzss)
                  00000b18    00000060     driverlib.lib : timer.obj (.text:TimerConfigure)
                  00000b78    00000056                   : gpio.obj (.text:GPIOIntTypeSet)
                  00000bce    00000002     --HOLE-- [fill = 0]
                  00000bd0    00000054     rtsv7M4_T_le_v4SPD16_eabi.lib : boot.obj (.text)
                  00000c24    00000054                                   : exit.obj (.text)
                  00000c78    0000004c                                   : cpy_tbl.obj (.text)
                  00000cc4    00000044     receiver_main.obj (.text)
                  00000d08    00000040     driverlib.lib : gpio.obj (.text:_GPIOIntNumberGet)
                  00000d48    00000034                   : interrupt.obj (.text:IntRegister)
                  00000d7c    00000034                   : sysctl.obj (.text:SysCtlPeripheralEnable)
                  00000db0    0000002a                   : gpio.obj (.text:GPIODirModeSet)
                  00000dda    00000018                   : gpio.obj (.text:GPIOIntRegister)
                  00000df2    00000018                   : gpio.obj (.text:GPIOPinTypeGPIOOutput)
                  00000e0a    00000002     --HOLE-- [fill = 0]
                  00000e0c    00000018     rtsv7M4_T_le_v4SPD16_eabi.lib : args_main.obj (.text)
                  00000e24    00000014                                   : _lock.obj (.text)
                  00000e38    00000012     driverlib.lib : gpio.obj (.text:GPIOPinTypeGPIOInput)
                  00000e4a    00000012                   : timer.obj (.text:TimerLoadSet)
                  00000e5c    00000010                   : interrupt.obj (.text:IntMasterEnable)
                  00000e6c    0000000e                   : gpio.obj (.text:GPIOIntDisable)
                  00000e7a    0000000e     rtsv7M4_T_le_v4SPD16_eabi.lib : copy_decompress_none.obj (.text:decompress:none)
                  00000e88    0000000c     driverlib.lib : cpu.obj (.text:CPUcpsie)
                  00000e94    0000000c                   : gpio.obj (.text:GPIOIntEnable)
                  00000ea0    0000000c     rtsv7M4_T_le_v4SPD16_eabi.lib : copy_zero_init.obj (.text:decompress:ZI)
                  00000eac    0000000c     tm4c123gh6pm_startup_ccs.obj (.text)
                  00000eb8    00000008     driverlib.lib : timer.obj (.text:TimerIntEnable)
                  00000ec0    00000006                   : gpio.obj (.text:GPIOIntClear)
                  00000ec6    00000006                   : gpio.obj (.text:GPIOPinRead)
                  00000ecc    00000006                   : sysctl.obj (.text:SysCtlDelay)
                  00000ed2    00000004     rtsv7M4_T_le_v4SPD16_eabi.lib : pre_init.obj (.text)

.const     0    00000ed8    0000025c     
                  00000ed8    000000c0     driverlib.lib : gpio.obj (.const:g_ppui32GPIOIntMapBlizzard)
                  00000f98    000000c0                   : gpio.obj (.const:g_ppui32GPIOIntMapSnowflake)
                  00001058    00000070                   : interrupt.obj (.const)
                  000010c8    0000006c                   : sysctl.obj (.const:g_pui32Xtals)

.cinit     0    00001138    00000048     
                  00001138    00000011     (.cinit..data.load) [load image, compression = lzss]
                  00001149    00000003     --HOLE-- [fill = 0]
                  0000114c    0000000c     (__TI_handler_table)
                  00001158    00000008     (.cinit..bss.load) [load image, compression = zero_init]
                  00001160    00000008     (.cinit..vtable.load) [load image, compression = zero_init]
                  00001168    00000018     (__TI_cinit_table)

.init_array 
*          0    00000000    00000000     UNINITIALIZED

.vtable    0    20000000    0000026c     UNINITIALIZED
                  20000000    0000026c     driverlib.lib : interrupt.obj (.vtable)

.bss       0    2000026c    00006430     UNINITIALIZED
                  2000026c    00006000     (.common:rx_temp_data)
                  2000626c    00000400     (.common:final_buff)
                  2000666c    00000008     (.common:see_bit)
                  20006674    00000004     (.common:data_in_ptr)
                  20006678    00000004     (.common:final_buff_ptr)
                  2000667c    00000004     (.common:first_start)
                  20006680    00000004     (.common:offset)
                  20006684    00000004     (.common:rx_counter)
                  20006688    00000004     (.common:rx_temp_data_ptr)
                  2000668c    00000004     (.common:save_start)
                  20006690    00000004     (.common:see_bit_counter)
                  20006694    00000004     (.common:see_bit_start)
                  20006698    00000004     (.common:sv_st_tmp)

.data      0    2000689c    00000018     UNINITIALIZED
                  2000689c    0000000c     rtsv7M4_T_le_v4SPD16_eabi.lib : exit.obj (.data:$O1$$)
                  200068a8    00000008                                   : _lock.obj (.data:$O1$$)
                  200068b0    00000004                                   : stkdepth_vars.obj (.data)

.stack     0    2000669c    00000200     UNINITIALIZED
                  2000669c    00000200     --HOLE--

MODULE SUMMARY

       Module                         code   ro data   rw data
       ------                         ----   -------   -------
    ./
       read_data_xtal.obj             796    0         25648  
       tm4c123gh6pm_startup_ccs.obj   12     620       0      
       receiver_main.obj              68     0         0      
    +--+------------------------------+------+---------+---------+
       Total:                         876    620       25648  
                                                              
    /home/arktheshadow/ti/SW-EK-TM4C123GXL-2.1.3.156/driverlib/ccs/Debug/driverlib.lib
       gpio.obj                       602    384       0      
       interrupt.obj                  172    112       620    
       sysctl.obj                     574    108       0      
       timer.obj                      122    0         0      
       cpu.obj                        12     0         0      
    +--+------------------------------+------+---------+---------+
       Total:                         1482   604       620    
                                                              
    /home/arktheshadow/ti/ccsv7/tools/compiler/ti-cgt-arm_16.9.0.LTS/lib/rtsv7M4_T_le_v4SPD16_eabi.lib
       memcpy_t2.obj                  156    0         0      
       memset_t2.obj                  122    0         0      
       autoinit.obj                   112    0         0      
       copy_decompress_lzss.obj       104    0         0      
       exit.obj                       84     0         12     
       boot.obj                       84     0         0      
       cpy_tbl.obj                    76     0         0      
       _lock.obj                      20     0         8      
       args_main.obj                  24     0         0      
       copy_decompress_none.obj       14     0         0      
       copy_zero_init.obj             12     0         0      
       pre_init.obj                   4      0         0      
       stkdepth_vars.obj              0      0         4      
       mpu_init.obj                   2      0         0      
       startup.obj                    2      0         0      
    +--+------------------------------+------+---------+---------+
       Total:                         816    0         24     
                                                              
       Stack:                         0      0         512    
       Linker Generated:              0      69        0      
    +--+------------------------------+------+---------+---------+
       Grand Total:                   3174   1293      26804  


LINKER GENERATED COPY TABLES

__TI_cinit_table @ 00001168 records: 3, size/record: 8, table size: 24
	.data: load addr=00001138, load size=00000011 bytes, run addr=2000689c, run size=00000018 bytes, compression=lzss
	.bss: load addr=00001158, load size=00000008 bytes, run addr=2000026c, run size=00006430 bytes, compression=zero_init
	.vtable: load addr=00001160, load size=00000008 bytes, run addr=20000000, run size=0000026c bytes, compression=zero_init


LINKER GENERATED HANDLER TABLE

__TI_handler_table @ 0000114c records: 3, size/record: 4, table size: 12
	index: 0, handler: __TI_zero_init
	index: 1, handler: __TI_decompress_lzss
	index: 2, handler: __TI_decompress_none


GLOBAL SYMBOLS: SORTED ALPHABETICALLY BY Name 

address   name                           
-------   ----                           
00000c25  C$$EXIT                        
00000e89  CPUcpsie                       
00000db1  GPIODirModeSet                 
00000ec1  GPIOIntClear                   
00000e6d  GPIOIntDisable                 
00000e95  GPIOIntEnable                  
00000ddb  GPIOIntRegister                
00000b79  GPIOIntTypeSet                 
00000589  GPIOPadConfigSet               
00000ec7  GPIOPinRead                    
00000e39  GPIOPinTypeGPIOInput           
00000df3  GPIOPinTypeGPIOOutput          
00000a49  IntEnable                      
00000e5d  IntMasterEnable                
00000d49  IntRegister                    
00000ead  ResetISR                       
UNDEFED   SHT$$INIT_ARRAY$$Base          
UNDEFED   SHT$$INIT_ARRAY$$Limit         
000006bd  SysCtlClockGet                 
000007cd  SysCtlClockSet                 
00000ecd  SysCtlDelay                    
00000d7d  SysCtlPeripheralEnable         
00000b19  TimerConfigure                 
00000eb9  TimerIntEnable                 
00000e4b  TimerLoadSet                   
2000689c  __STACK_END                    
00000200  __STACK_SIZE                   
2000689c  __STACK_TOP                    
00001168  __TI_CINIT_Base                
00001180  __TI_CINIT_Limit               
0000114c  __TI_Handler_Table_Base        
00001158  __TI_Handler_Table_Limit       
000009d9  __TI_auto_init                 
2000689c  __TI_cleanup_ptr               
00000ab1  __TI_decompress_lzss           
00000e7b  __TI_decompress_none           
200068a0  __TI_dtors_ptr                 
200068a4  __TI_enable_exit_profile_output
ffffffff  __TI_pprof_out_hndl            
ffffffff  __TI_prof_data_size            
ffffffff  __TI_prof_data_start           
00000000  __TI_static_base__             
00000ea1  __TI_zero_init                 
0000095d  __aeabi_memclr                 
0000095d  __aeabi_memclr4                
0000095d  __aeabi_memclr8                
000008c1  __aeabi_memcpy                 
000008c1  __aeabi_memcpy4                
000008c1  __aeabi_memcpy8                
0000095f  __aeabi_memset                 
0000095f  __aeabi_memset4                
0000095f  __aeabi_memset8                
ffffffff  __binit__                      
ffffffff  __c_args__                     
000006bb  __mpu_init                     
2000669c  __stack                        
00000e0d  _args_main                     
00000bd1  _c_int00                       
200068a8  _lock                          
00000e33  _nop                           
00000e2b  _register_lock                 
00000e25  _register_unlock               
000009d7  _system_post_cinit             
00000ed3  _system_pre_init               
200068ac  _unlock                        
00000c29  abort                          
ffffffff  binit                          
000004cf  config_GPIO                    
00000491  config_timer                   
00000c79  copy_in                        
20006674  data_in_ptr                    
00000c31  exit                           
2000626c  final_buff                     
20006678  final_buff_ptr                 
2000667c  first_start                    
20000000  g_pfnRAMVectors                
00000000  g_pfnVectors                   
00000333  gpiob_interrupt_handler        
0000026d  init_zero                      
00000cc5  main                           
200068b0  main_func_sp                   
000008c1  memcpy                         
00000965  memset                         
20006680  offset                         
20006684  rx_counter                     
2000026c  rx_temp_data                   
20006688  rx_temp_data_ptr               
2000668c  save_start                     
2000666c  see_bit                        
20006690  see_bit_counter                
20006694  see_bit_start                  
20006698  sv_st_tmp                      


GLOBAL SYMBOLS: SORTED BY Symbol Address 

address   name                           
-------   ----                           
00000000  __TI_static_base__             
00000000  g_pfnVectors                   
00000200  __STACK_SIZE                   
0000026d  init_zero                      
00000333  gpiob_interrupt_handler        
00000491  config_timer                   
000004cf  config_GPIO                    
00000589  GPIOPadConfigSet               
000006bb  __mpu_init                     
000006bd  SysCtlClockGet                 
000007cd  SysCtlClockSet                 
000008c1  __aeabi_memcpy                 
000008c1  __aeabi_memcpy4                
000008c1  __aeabi_memcpy8                
000008c1  memcpy                         
0000095d  __aeabi_memclr                 
0000095d  __aeabi_memclr4                
0000095d  __aeabi_memclr8                
0000095f  __aeabi_memset                 
0000095f  __aeabi_memset4                
0000095f  __aeabi_memset8                
00000965  memset                         
000009d7  _system_post_cinit             
000009d9  __TI_auto_init                 
00000a49  IntEnable                      
00000ab1  __TI_decompress_lzss           
00000b19  TimerConfigure                 
00000b79  GPIOIntTypeSet                 
00000bd1  _c_int00                       
00000c25  C$$EXIT                        
00000c29  abort                          
00000c31  exit                           
00000c79  copy_in                        
00000cc5  main                           
00000d49  IntRegister                    
00000d7d  SysCtlPeripheralEnable         
00000db1  GPIODirModeSet                 
00000ddb  GPIOIntRegister                
00000df3  GPIOPinTypeGPIOOutput          
00000e0d  _args_main                     
00000e25  _register_unlock               
00000e2b  _register_lock                 
00000e33  _nop                           
00000e39  GPIOPinTypeGPIOInput           
00000e4b  TimerLoadSet                   
00000e5d  IntMasterEnable                
00000e6d  GPIOIntDisable                 
00000e7b  __TI_decompress_none           
00000e89  CPUcpsie                       
00000e95  GPIOIntEnable                  
00000ea1  __TI_zero_init                 
00000ead  ResetISR                       
00000eb9  TimerIntEnable                 
00000ec1  GPIOIntClear                   
00000ec7  GPIOPinRead                    
00000ecd  SysCtlDelay                    
00000ed3  _system_pre_init               
0000114c  __TI_Handler_Table_Base        
00001158  __TI_Handler_Table_Limit       
00001168  __TI_CINIT_Base                
00001180  __TI_CINIT_Limit               
20000000  g_pfnRAMVectors                
2000026c  rx_temp_data                   
2000626c  final_buff                     
2000666c  see_bit                        
20006674  data_in_ptr                    
20006678  final_buff_ptr                 
2000667c  first_start                    
20006680  offset                         
20006684  rx_counter                     
20006688  rx_temp_data_ptr               
2000668c  save_start                     
20006690  see_bit_counter                
20006694  see_bit_start                  
20006698  sv_st_tmp                      
2000669c  __stack                        
2000689c  __STACK_END                    
2000689c  __STACK_TOP                    
2000689c  __TI_cleanup_ptr               
200068a0  __TI_dtors_ptr                 
200068a4  __TI_enable_exit_profile_output
200068a8  _lock                          
200068ac  _unlock                        
200068b0  main_func_sp                   
ffffffff  __TI_pprof_out_hndl            
ffffffff  __TI_prof_data_size            
ffffffff  __TI_prof_data_start           
ffffffff  __binit__                      
ffffffff  __c_args__                     
ffffffff  binit                          
UNDEFED   SHT$$INIT_ARRAY$$Base          
UNDEFED   SHT$$INIT_ARRAY$$Limit         

[92 symbols]
