******************************************************************************
                  TI ARM Linker Unix v16.9.0                   
******************************************************************************
>> Linked Sun Apr  9 13:46:26 2017

OUTPUT FILE NAME:   <Receiver_vlc.out>
ENTRY POINT SYMBOL: "_c_int00"  address: 00000b85


MEMORY CONFIGURATION

         name            origin    length      used     unused   attr    fill
----------------------  --------  ---------  --------  --------  ----  --------
  FLASH                 00000000   00040000  0000112e  0003eed2  R  X
  SRAM                  20000000   00008000  000018ac  00006754  RW X


SEGMENT ALLOCATION MAP

run origin  load origin   length   init length attrs members
----------  ----------- ---------- ----------- ----- -------
00000000    00000000    00001130   00001130    r-x
  00000000    00000000    0000026c   0000026c    r-- .intvecs
  0000026c    0000026c    00000c1e   00000c1e    r-x .text
  00000e8c    00000e8c    0000025c   0000025c    r-- .const
  000010e8    000010e8    00000048   00000048    r-- .cinit
20000000    20000000    000018ac   00000000    rw-
  20000000    20000000    0000026c   00000000    rw- .vtable
  2000026c    2000026c    00001428   00000000    rw- .bss
  20001694    20001694    00000200   00000000    rw- .stack
  20001894    20001894    00000018   00000000    rw- .data


SECTION ALLOCATION MAP

 output                                  attributes/
section   page    origin      length       input sections
--------  ----  ----------  ----------   ----------------
.intvecs   0    00000000    0000026c     
                  00000000    0000026c     tm4c123gh6pm_startup_ccs.obj (.intvecs)

.text      0    0000026c    00000c1e     
                  0000026c    000002d0     read_data_xtal.obj (.text)
                  0000053c    00000132     driverlib.lib : gpio.obj (.text:GPIOPadConfigSet)
                  0000066e    00000002     rtsv7M4_T_le_v4SPD16_eabi.lib : mpu_init.obj (.text)
                  00000670    00000110     driverlib.lib : sysctl.obj (.text:SysCtlClockGet)
                  00000780    000000f4                   : sysctl.obj (.text:SysCtlClockSet)
                  00000874    0000009c     rtsv7M4_T_le_v4SPD16_eabi.lib : memcpy_t2.obj (.text)
                  00000910    0000007a                                   : memset_t2.obj (.text)
                  0000098a    00000002                                   : startup.obj (.text)
                  0000098c    00000070                                   : autoinit.obj (.text)
                  000009fc    00000068     driverlib.lib : interrupt.obj (.text:IntEnable)
                  00000a64    00000068     rtsv7M4_T_le_v4SPD16_eabi.lib : copy_decompress_lzss.obj (.text:decompress:lzss)
                  00000acc    00000060     driverlib.lib : timer.obj (.text:TimerConfigure)
                  00000b2c    00000056                   : gpio.obj (.text:GPIOIntTypeSet)
                  00000b82    00000002     --HOLE-- [fill = 0]
                  00000b84    00000054     rtsv7M4_T_le_v4SPD16_eabi.lib : boot.obj (.text)
                  00000bd8    00000054                                   : exit.obj (.text)
                  00000c2c    0000004c                                   : cpy_tbl.obj (.text)
                  00000c78    00000044     receiver_main.obj (.text)
                  00000cbc    00000040     driverlib.lib : gpio.obj (.text:_GPIOIntNumberGet)
                  00000cfc    00000034                   : interrupt.obj (.text:IntRegister)
                  00000d30    00000034                   : sysctl.obj (.text:SysCtlPeripheralEnable)
                  00000d64    0000002a                   : gpio.obj (.text:GPIODirModeSet)
                  00000d8e    00000018                   : gpio.obj (.text:GPIOIntRegister)
                  00000da6    00000018                   : gpio.obj (.text:GPIOPinTypeGPIOOutput)
                  00000dbe    00000002     --HOLE-- [fill = 0]
                  00000dc0    00000018     rtsv7M4_T_le_v4SPD16_eabi.lib : args_main.obj (.text)
                  00000dd8    00000014                                   : _lock.obj (.text)
                  00000dec    00000012     driverlib.lib : gpio.obj (.text:GPIOPinTypeGPIOInput)
                  00000dfe    00000012                   : timer.obj (.text:TimerLoadSet)
                  00000e10    00000010                   : interrupt.obj (.text:IntMasterEnable)
                  00000e20    0000000e                   : gpio.obj (.text:GPIOIntDisable)
                  00000e2e    0000000e     rtsv7M4_T_le_v4SPD16_eabi.lib : copy_decompress_none.obj (.text:decompress:none)
                  00000e3c    0000000c     driverlib.lib : cpu.obj (.text:CPUcpsie)
                  00000e48    0000000c                   : gpio.obj (.text:GPIOIntEnable)
                  00000e54    0000000c     rtsv7M4_T_le_v4SPD16_eabi.lib : copy_zero_init.obj (.text:decompress:ZI)
                  00000e60    0000000c     tm4c123gh6pm_startup_ccs.obj (.text)
                  00000e6c    00000008     driverlib.lib : timer.obj (.text:TimerIntEnable)
                  00000e74    00000006                   : gpio.obj (.text:GPIOIntClear)
                  00000e7a    00000006                   : gpio.obj (.text:GPIOPinRead)
                  00000e80    00000006                   : sysctl.obj (.text:SysCtlDelay)
                  00000e86    00000004     rtsv7M4_T_le_v4SPD16_eabi.lib : pre_init.obj (.text)

.const     0    00000e8c    0000025c     
                  00000e8c    000000c0     driverlib.lib : gpio.obj (.const:g_ppui32GPIOIntMapBlizzard)
                  00000f4c    000000c0                   : gpio.obj (.const:g_ppui32GPIOIntMapSnowflake)
                  0000100c    00000070                   : interrupt.obj (.const)
                  0000107c    0000006c                   : sysctl.obj (.const:g_pui32Xtals)

.cinit     0    000010e8    00000048     
                  000010e8    00000011     (.cinit..data.load) [load image, compression = lzss]
                  000010f9    00000003     --HOLE-- [fill = 0]
                  000010fc    0000000c     (__TI_handler_table)
                  00001108    00000008     (.cinit..bss.load) [load image, compression = zero_init]
                  00001110    00000008     (.cinit..vtable.load) [load image, compression = zero_init]
                  00001118    00000018     (__TI_cinit_table)

.init_array 
*          0    00000000    00000000     UNINITIALIZED

.vtable    0    20000000    0000026c     UNINITIALIZED
                  20000000    0000026c     driverlib.lib : interrupt.obj (.vtable)

.bss       0    2000026c    00001428     UNINITIALIZED
                  2000026c    00001000     (.common:rx_temp_data)
                  2000126c    00000400     (.common:final_buff)
                  2000166c    00000008     (.common:see_bit)
                  20001674    00000004     (.common:data_in_ptr)
                  20001678    00000004     (.common:final_buff_ptr)
                  2000167c    00000004     (.common:first_start)
                  20001680    00000004     (.common:offset)
                  20001684    00000004     (.common:rx_counter)
                  20001688    00000004     (.common:rx_temp_data_ptr)
                  2000168c    00000004     (.common:save_start)
                  20001690    00000004     (.common:see_bit_counter)

.data      0    20001894    00000018     UNINITIALIZED
                  20001894    0000000c     rtsv7M4_T_le_v4SPD16_eabi.lib : exit.obj (.data:$O1$$)
                  200018a0    00000008                                   : _lock.obj (.data:$O1$$)
                  200018a8    00000004                                   : stkdepth_vars.obj (.data)

.stack     0    20001694    00000200     UNINITIALIZED
                  20001694    00000200     --HOLE--

MODULE SUMMARY

       Module                         code   ro data   rw data
       ------                         ----   -------   -------
    ./
       read_data_xtal.obj             720    0         5160   
       tm4c123gh6pm_startup_ccs.obj   12     620       0      
       receiver_main.obj              68     0         0      
    +--+------------------------------+------+---------+---------+
       Total:                         800    620       5160   
                                                              
    /home/arktheshadow/ti/SW-EK-TM4C123GXL-2.1.3.156/driverlib/ccs/Debug/driverlib.lib
       gpio.obj                       602    384       0      
       interrupt.obj                  172    112       620    
       sysctl.obj                     574    108       0      
       timer.obj                      122    0         0      
       cpu.obj                        12     0         0      
    +--+------------------------------+------+---------+---------+
       Total:                         1482   604       620    
                                                              
    /home/arktheshadow/ti/ccsv7/tools/compiler/ti-cgt-arm_16.9.0.LTS/lib/rtsv7M4_T_le_v4SPD16_eabi.lib
       memcpy_t2.obj                  156    0         0      
       memset_t2.obj                  122    0         0      
       autoinit.obj                   112    0         0      
       copy_decompress_lzss.obj       104    0         0      
       exit.obj                       84     0         12     
       boot.obj                       84     0         0      
       cpy_tbl.obj                    76     0         0      
       _lock.obj                      20     0         8      
       args_main.obj                  24     0         0      
       copy_decompress_none.obj       14     0         0      
       copy_zero_init.obj             12     0         0      
       pre_init.obj                   4      0         0      
       stkdepth_vars.obj              0      0         4      
       mpu_init.obj                   2      0         0      
       startup.obj                    2      0         0      
    +--+------------------------------+------+---------+---------+
       Total:                         816    0         24     
                                                              
       Stack:                         0      0         512    
       Linker Generated:              0      69        0      
    +--+------------------------------+------+---------+---------+
       Grand Total:                   3098   1293      6316   


LINKER GENERATED COPY TABLES

__TI_cinit_table @ 00001118 records: 3, size/record: 8, table size: 24
	.data: load addr=000010e8, load size=00000011 bytes, run addr=20001894, run size=00000018 bytes, compression=lzss
	.bss: load addr=00001108, load size=00000008 bytes, run addr=2000026c, run size=00001428 bytes, compression=zero_init
	.vtable: load addr=00001110, load size=00000008 bytes, run addr=20000000, run size=0000026c bytes, compression=zero_init


LINKER GENERATED HANDLER TABLE

__TI_handler_table @ 000010fc records: 3, size/record: 4, table size: 12
	index: 0, handler: __TI_zero_init
	index: 1, handler: __TI_decompress_lzss
	index: 2, handler: __TI_decompress_none


GLOBAL SYMBOLS: SORTED ALPHABETICALLY BY Name 

address   name                           
-------   ----                           
00000bd9  C$$EXIT                        
00000e3d  CPUcpsie                       
00000d65  GPIODirModeSet                 
00000e75  GPIOIntClear                   
00000e21  GPIOIntDisable                 
00000e49  GPIOIntEnable                  
00000d8f  GPIOIntRegister                
00000b2d  GPIOIntTypeSet                 
0000053d  GPIOPadConfigSet               
00000e7b  GPIOPinRead                    
00000ded  GPIOPinTypeGPIOInput           
00000da7  GPIOPinTypeGPIOOutput          
000009fd  IntEnable                      
00000e11  IntMasterEnable                
00000cfd  IntRegister                    
00000e61  ResetISR                       
UNDEFED   SHT$$INIT_ARRAY$$Base          
UNDEFED   SHT$$INIT_ARRAY$$Limit         
00000671  SysCtlClockGet                 
00000781  SysCtlClockSet                 
00000e81  SysCtlDelay                    
00000d31  SysCtlPeripheralEnable         
00000acd  TimerConfigure                 
00000e6d  TimerIntEnable                 
00000dff  TimerLoadSet                   
20001894  __STACK_END                    
00000200  __STACK_SIZE                   
20001894  __STACK_TOP                    
00001118  __TI_CINIT_Base                
00001130  __TI_CINIT_Limit               
000010fc  __TI_Handler_Table_Base        
00001108  __TI_Handler_Table_Limit       
0000098d  __TI_auto_init                 
20001894  __TI_cleanup_ptr               
00000a65  __TI_decompress_lzss           
00000e2f  __TI_decompress_none           
20001898  __TI_dtors_ptr                 
2000189c  __TI_enable_exit_profile_output
ffffffff  __TI_pprof_out_hndl            
ffffffff  __TI_prof_data_size            
ffffffff  __TI_prof_data_start           
00000000  __TI_static_base__             
00000e55  __TI_zero_init                 
00000911  __aeabi_memclr                 
00000911  __aeabi_memclr4                
00000911  __aeabi_memclr8                
00000875  __aeabi_memcpy                 
00000875  __aeabi_memcpy4                
00000875  __aeabi_memcpy8                
00000913  __aeabi_memset                 
00000913  __aeabi_memset4                
00000913  __aeabi_memset8                
ffffffff  __binit__                      
ffffffff  __c_args__                     
0000066f  __mpu_init                     
20001694  __stack                        
00000dc1  _args_main                     
00000b85  _c_int00                       
200018a0  _lock                          
00000de7  _nop                           
00000ddf  _register_lock                 
00000dd9  _register_unlock               
0000098b  _system_post_cinit             
00000e87  _system_pre_init               
200018a4  _unlock                        
00000bdd  abort                          
ffffffff  binit                          
0000048b  config_GPIO                    
0000044d  config_timer                   
00000c2d  copy_in                        
20001674  data_in_ptr                    
00000be5  exit                           
2000126c  final_buff                     
20001678  final_buff_ptr                 
2000167c  first_start                    
20000000  g_pfnRAMVectors                
00000000  g_pfnVectors                   
00000327  gpiob_interrupt_handler        
0000026d  init_zero                      
00000c79  main                           
200018a8  main_func_sp                   
00000875  memcpy                         
00000919  memset                         
20001680  offset                         
20001684  rx_counter                     
2000026c  rx_temp_data                   
20001688  rx_temp_data_ptr               
2000168c  save_start                     
2000166c  see_bit                        
20001690  see_bit_counter                


GLOBAL SYMBOLS: SORTED BY Symbol Address 

address   name                           
-------   ----                           
00000000  __TI_static_base__             
00000000  g_pfnVectors                   
00000200  __STACK_SIZE                   
0000026d  init_zero                      
00000327  gpiob_interrupt_handler        
0000044d  config_timer                   
0000048b  config_GPIO                    
0000053d  GPIOPadConfigSet               
0000066f  __mpu_init                     
00000671  SysCtlClockGet                 
00000781  SysCtlClockSet                 
00000875  __aeabi_memcpy                 
00000875  __aeabi_memcpy4                
00000875  __aeabi_memcpy8                
00000875  memcpy                         
00000911  __aeabi_memclr                 
00000911  __aeabi_memclr4                
00000911  __aeabi_memclr8                
00000913  __aeabi_memset                 
00000913  __aeabi_memset4                
00000913  __aeabi_memset8                
00000919  memset                         
0000098b  _system_post_cinit             
0000098d  __TI_auto_init                 
000009fd  IntEnable                      
00000a65  __TI_decompress_lzss           
00000acd  TimerConfigure                 
00000b2d  GPIOIntTypeSet                 
00000b85  _c_int00                       
00000bd9  C$$EXIT                        
00000bdd  abort                          
00000be5  exit                           
00000c2d  copy_in                        
00000c79  main                           
00000cfd  IntRegister                    
00000d31  SysCtlPeripheralEnable         
00000d65  GPIODirModeSet                 
00000d8f  GPIOIntRegister                
00000da7  GPIOPinTypeGPIOOutput          
00000dc1  _args_main                     
00000dd9  _register_unlock               
00000ddf  _register_lock                 
00000de7  _nop                           
00000ded  GPIOPinTypeGPIOInput           
00000dff  TimerLoadSet                   
00000e11  IntMasterEnable                
00000e21  GPIOIntDisable                 
00000e2f  __TI_decompress_none           
00000e3d  CPUcpsie                       
00000e49  GPIOIntEnable                  
00000e55  __TI_zero_init                 
00000e61  ResetISR                       
00000e6d  TimerIntEnable                 
00000e75  GPIOIntClear                   
00000e7b  GPIOPinRead                    
00000e81  SysCtlDelay                    
00000e87  _system_pre_init               
000010fc  __TI_Handler_Table_Base        
00001108  __TI_Handler_Table_Limit       
00001118  __TI_CINIT_Base                
00001130  __TI_CINIT_Limit               
20000000  g_pfnRAMVectors                
2000026c  rx_temp_data                   
2000126c  final_buff                     
2000166c  see_bit                        
20001674  data_in_ptr                    
20001678  final_buff_ptr                 
2000167c  first_start                    
20001680  offset                         
20001684  rx_counter                     
20001688  rx_temp_data_ptr               
2000168c  save_start                     
20001690  see_bit_counter                
20001694  __stack                        
20001894  __STACK_END                    
20001894  __STACK_TOP                    
20001894  __TI_cleanup_ptr               
20001898  __TI_dtors_ptr                 
2000189c  __TI_enable_exit_profile_output
200018a0  _lock                          
200018a4  _unlock                        
200018a8  main_func_sp                   
ffffffff  __TI_pprof_out_hndl            
ffffffff  __TI_prof_data_size            
ffffffff  __TI_prof_data_start           
ffffffff  __binit__                      
ffffffff  __c_args__                     
ffffffff  binit                          
UNDEFED   SHT$$INIT_ARRAY$$Base          
UNDEFED   SHT$$INIT_ARRAY$$Limit         

[90 symbols]
