******************************************************************************
                  TI ARM Linker Unix v16.9.0                   
******************************************************************************
>> Linked Thu Mar 23 16:30:17 2017

OUTPUT FILE NAME:   <Receiver_vlc.out>
ENTRY POINT SYMBOL: "_c_int00"  address: 00000c81


MEMORY CONFIGURATION

         name            origin    length      used     unused   attr    fill
----------------------  --------  ---------  --------  --------  ----  --------
  FLASH                 00000000   00040000  00001200  0003ee00  R  X
  SRAM                  20000000   00008000  00002ca4  0000535c  RW X


SEGMENT ALLOCATION MAP

run origin  load origin   length   init length attrs members
----------  ----------- ---------- ----------- ----- -------
00000000    00000000    00001200   00001200    r-x
  00000000    00000000    0000026c   0000026c    r-- .intvecs
  0000026c    0000026c    00000ce0   00000ce0    r-x .text
  00000f4c    00000f4c    0000025c   0000025c    r-- .const
  000011a8    000011a8    00000058   00000058    r-- .cinit
20000000    20000000    00002ca4   00000000    rw-
  20000000    20000000    0000026c   00000000    rw- .vtable
  2000026c    2000026c    0000280c   00000000    rw- .bss
  20002a78    20002a78    00000200   00000000    rw- .stack
  20002c78    20002c78    0000002c   00000000    rw- .data


SECTION ALLOCATION MAP

 output                                  attributes/
section   page    origin      length       input sections
--------  ----  ----------  ----------   ----------------
.intvecs   0    00000000    0000026c     
                  00000000    0000026c     tm4c123gh6pm_startup_ccs.obj (.intvecs)

.text      0    0000026c    00000ce0     
                  0000026c    00000200     receiver_main.obj (.text)
                  0000046c    000001cc     read_data_xtal.obj (.text)
                  00000638    00000132     driverlib.lib : gpio.obj (.text:GPIOPadConfigSet)
                  0000076a    00000002     rtsv7M4_T_le_v4SPD16_eabi.lib : mpu_init.obj (.text)
                  0000076c    00000110     driverlib.lib : sysctl.obj (.text:SysCtlClockGet)
                  0000087c    000000f4                   : sysctl.obj (.text:SysCtlClockSet)
                  00000970    0000009c     rtsv7M4_T_le_v4SPD16_eabi.lib : memcpy_t2.obj (.text)
                  00000a0c    0000007a                                   : memset_t2.obj (.text)
                  00000a86    00000002                                   : startup.obj (.text)
                  00000a88    00000070                                   : autoinit.obj (.text)
                  00000af8    00000068     driverlib.lib : interrupt.obj (.text:IntEnable)
                  00000b60    00000068     rtsv7M4_T_le_v4SPD16_eabi.lib : copy_decompress_lzss.obj (.text:decompress:lzss)
                  00000bc8    00000060     driverlib.lib : timer.obj (.text:TimerConfigure)
                  00000c28    00000056                   : gpio.obj (.text:GPIOIntTypeSet)
                  00000c7e    00000002     --HOLE-- [fill = 0]
                  00000c80    00000054     rtsv7M4_T_le_v4SPD16_eabi.lib : boot.obj (.text)
                  00000cd4    00000054                                   : exit.obj (.text)
                  00000d28    0000004c                                   : cpy_tbl.obj (.text)
                  00000d74    00000040     driverlib.lib : gpio.obj (.text:_GPIOIntNumberGet)
                  00000db4    00000034                   : interrupt.obj (.text:IntRegister)
                  00000de8    00000034                   : sysctl.obj (.text:SysCtlPeripheralEnable)
                  00000e1c    0000002a                   : gpio.obj (.text:GPIODirModeSet)
                  00000e46    00000018                   : gpio.obj (.text:GPIOIntRegister)
                  00000e5e    00000018                   : gpio.obj (.text:GPIOPinTypeGPIOOutput)
                  00000e76    00000002     --HOLE-- [fill = 0]
                  00000e78    00000018     rtsv7M4_T_le_v4SPD16_eabi.lib : args_main.obj (.text)
                  00000e90    00000014                                   : _lock.obj (.text)
                  00000ea4    00000012     driverlib.lib : gpio.obj (.text:GPIOPinTypeGPIOInput)
                  00000eb6    00000012                   : timer.obj (.text:TimerLoadSet)
                  00000ec8    00000010                   : interrupt.obj (.text:IntMasterEnable)
                  00000ed8    0000000e                   : gpio.obj (.text:GPIOIntDisable)
                  00000ee6    0000000e     rtsv7M4_T_le_v4SPD16_eabi.lib : copy_decompress_none.obj (.text:decompress:none)
                  00000ef4    0000000c     driverlib.lib : cpu.obj (.text:CPUcpsie)
                  00000f00    0000000c                   : gpio.obj (.text:GPIOIntEnable)
                  00000f0c    0000000c     rtsv7M4_T_le_v4SPD16_eabi.lib : copy_zero_init.obj (.text:decompress:ZI)
                  00000f18    0000000c     tm4c123gh6pm_startup_ccs.obj (.text)
                  00000f24    00000008     driverlib.lib : timer.obj (.text:TimerIntEnable)
                  00000f2c    00000006                   : gpio.obj (.text:GPIOIntClear)
                  00000f32    00000006                   : gpio.obj (.text:GPIOPinRead)
                  00000f38    00000006                   : gpio.obj (.text:GPIOPinWrite)
                  00000f3e    00000006                   : sysctl.obj (.text:SysCtlDelay)
                  00000f44    00000004                   : timer.obj (.text:TimerIntClear)
                  00000f48    00000004     rtsv7M4_T_le_v4SPD16_eabi.lib : pre_init.obj (.text)

.const     0    00000f4c    0000025c     
                  00000f4c    000000c0     driverlib.lib : gpio.obj (.const:g_ppui32GPIOIntMapBlizzard)
                  0000100c    000000c0                   : gpio.obj (.const:g_ppui32GPIOIntMapSnowflake)
                  000010cc    00000070                   : interrupt.obj (.const)
                  0000113c    0000006c                   : sysctl.obj (.const:g_pui32Xtals)

.cinit     0    000011a8    00000058     
                  000011a8    0000001d     (.cinit..data.load) [load image, compression = lzss]
                  000011c5    00000003     --HOLE-- [fill = 0]
                  000011c8    0000000c     (__TI_handler_table)
                  000011d4    00000004     --HOLE-- [fill = 0]
                  000011d8    00000008     (.cinit..bss.load) [load image, compression = zero_init]
                  000011e0    00000008     (.cinit..vtable.load) [load image, compression = zero_init]
                  000011e8    00000018     (__TI_cinit_table)

.init_array 
*          0    00000000    00000000     UNINITIALIZED

.vtable    0    20000000    0000026c     UNINITIALIZED
                  20000000    0000026c     driverlib.lib : interrupt.obj (.vtable)

.bss       0    2000026c    0000280c     UNINITIALIZED
                  2000026c    00002000     (.common:data_in)
                  2000226c    00000800     (.common:data_to_tx)
                  20002a6c    00000008     (.common:see_bit)
                  20002a74    00000004     (.common:counter)

.data      0    20002c78    0000002c     UNINITIALIZED
                  20002c78    00000012     receiver_main.obj (.data)
                  20002c8a    00000002     --HOLE--
                  20002c8c    0000000c     rtsv7M4_T_le_v4SPD16_eabi.lib : exit.obj (.data:$O1$$)
                  20002c98    00000008                                   : _lock.obj (.data:$O1$$)
                  20002ca0    00000004                                   : stkdepth_vars.obj (.data)

.stack     0    20002a78    00000200     UNINITIALIZED
                  20002a78    00000200     --HOLE--

MODULE SUMMARY

       Module                         code   ro data   rw data
       ------                         ----   -------   -------
    ./
       read_data_xtal.obj             460    0         8204   
       receiver_main.obj              512    0         2066   
       tm4c123gh6pm_startup_ccs.obj   12     620       0      
    +--+------------------------------+------+---------+---------+
       Total:                         984    620       10270  
                                                              
    /home/arktheshadow/ti/SW-EK-TM4C123GXL-2.1.3.156/driverlib/ccs/Debug/driverlib.lib
       gpio.obj                       608    384       0      
       interrupt.obj                  172    112       620    
       sysctl.obj                     574    108       0      
       timer.obj                      126    0         0      
       cpu.obj                        12     0         0      
    +--+------------------------------+------+---------+---------+
       Total:                         1492   604       620    
                                                              
    /home/arktheshadow/ti/ccsv7/tools/compiler/ti-cgt-arm_16.9.0.LTS/lib/rtsv7M4_T_le_v4SPD16_eabi.lib
       memcpy_t2.obj                  156    0         0      
       memset_t2.obj                  122    0         0      
       autoinit.obj                   112    0         0      
       copy_decompress_lzss.obj       104    0         0      
       exit.obj                       84     0         12     
       boot.obj                       84     0         0      
       cpy_tbl.obj                    76     0         0      
       _lock.obj                      20     0         8      
       args_main.obj                  24     0         0      
       copy_decompress_none.obj       14     0         0      
       copy_zero_init.obj             12     0         0      
       pre_init.obj                   4      0         0      
       stkdepth_vars.obj              0      0         4      
       mpu_init.obj                   2      0         0      
       startup.obj                    2      0         0      
    +--+------------------------------+------+---------+---------+
       Total:                         816    0         24     
                                                              
       Stack:                         0      0         512    
       Linker Generated:              0      81        0      
    +--+------------------------------+------+---------+---------+
       Grand Total:                   3292   1305      11426  


LINKER GENERATED COPY TABLES

__TI_cinit_table @ 000011e8 records: 3, size/record: 8, table size: 24
	.data: load addr=000011a8, load size=0000001d bytes, run addr=20002c78, run size=0000002c bytes, compression=lzss
	.bss: load addr=000011d8, load size=00000008 bytes, run addr=2000026c, run size=0000280c bytes, compression=zero_init
	.vtable: load addr=000011e0, load size=00000008 bytes, run addr=20000000, run size=0000026c bytes, compression=zero_init


LINKER GENERATED HANDLER TABLE

__TI_handler_table @ 000011c8 records: 3, size/record: 4, table size: 12
	index: 0, handler: __TI_zero_init
	index: 1, handler: __TI_decompress_lzss
	index: 2, handler: __TI_decompress_none


GLOBAL SYMBOLS: SORTED ALPHABETICALLY BY Name 

address   name                           
-------   ----                           
00000cd5  C$$EXIT                        
00000ef5  CPUcpsie                       
00000e1d  GPIODirModeSet                 
00000f2d  GPIOIntClear                   
00000ed9  GPIOIntDisable                 
00000f01  GPIOIntEnable                  
00000e47  GPIOIntRegister                
00000c29  GPIOIntTypeSet                 
00000639  GPIOPadConfigSet               
00000f33  GPIOPinRead                    
00000ea5  GPIOPinTypeGPIOInput           
00000e5f  GPIOPinTypeGPIOOutput          
00000f39  GPIOPinWrite                   
00000af9  IntEnable                      
00000ec9  IntMasterEnable                
00000db5  IntRegister                    
00000f19  ResetISR                       
UNDEFED   SHT$$INIT_ARRAY$$Base          
UNDEFED   SHT$$INIT_ARRAY$$Limit         
0000076d  SysCtlClockGet                 
0000087d  SysCtlClockSet                 
00000f3f  SysCtlDelay                    
00000de9  SysCtlPeripheralEnable         
00000bc9  TimerConfigure                 
00000f45  TimerIntClear                  
00000f25  TimerIntEnable                 
00000eb7  TimerLoadSet                   
20002c78  __STACK_END                    
00000200  __STACK_SIZE                   
20002c78  __STACK_TOP                    
000011e8  __TI_CINIT_Base                
00001200  __TI_CINIT_Limit               
000011c8  __TI_Handler_Table_Base        
000011d4  __TI_Handler_Table_Limit       
00000a89  __TI_auto_init                 
20002c8c  __TI_cleanup_ptr               
00000b61  __TI_decompress_lzss           
00000ee7  __TI_decompress_none           
20002c90  __TI_dtors_ptr                 
20002c94  __TI_enable_exit_profile_output
ffffffff  __TI_pprof_out_hndl            
ffffffff  __TI_prof_data_size            
ffffffff  __TI_prof_data_start           
00000000  __TI_static_base__             
00000f0d  __TI_zero_init                 
00000a0d  __aeabi_memclr                 
00000a0d  __aeabi_memclr4                
00000a0d  __aeabi_memclr8                
00000971  __aeabi_memcpy                 
00000971  __aeabi_memcpy4                
00000971  __aeabi_memcpy8                
00000a0f  __aeabi_memset                 
00000a0f  __aeabi_memset4                
00000a0f  __aeabi_memset8                
ffffffff  __binit__                      
ffffffff  __c_args__                     
0000076b  __mpu_init                     
20002a78  __stack                        
00000e79  _args_main                     
00000c81  _c_int00                       
20002c98  _lock                          
00000e9f  _nop                           
00000e97  _register_lock                 
00000e91  _register_unlock               
00000a87  _system_post_cinit             
00000f49  _system_pre_init               
20002c9c  _unlock                        
00000cd9  abort                          
ffffffff  binit                          
20002c89  byte_test                      
20002c80  cl_delay                       
20002c88  clk                            
000005af  config_GPIO                    
00000571  config_timer                   
00000d29  copy_in                        
20002a74  counter                        
2000026c  data_in                        
2000226c  data_to_tx                     
0000049d  demod                          
00000ce1  exit                           
20000000  g_pfnRAMVectors                
00000000  g_pfnVectors                   
000004f5  gpiob_interrupt_handler        
0000046d  init_zero                      
0000040b  main                           
20002ca0  main_func_sp                   
00000971  memcpy                         
00000a15  memset                         
20002c84  n_bits_tx                      
20002a6c  see_bit                        
00000329  send_data                      
000002af  single_pin_write               
0000026d  timer0_interrrupt_handler      
00000279  timer1_interrupt_handler       
20002c7c  tx_back                        
000003ed  tx_bits                        
00000383  tx_byte                        
20002c78  tx_front                       


GLOBAL SYMBOLS: SORTED BY Symbol Address 

address   name                           
-------   ----                           
00000000  __TI_static_base__             
00000000  g_pfnVectors                   
00000200  __STACK_SIZE                   
0000026d  timer0_interrrupt_handler      
00000279  timer1_interrupt_handler       
000002af  single_pin_write               
00000329  send_data                      
00000383  tx_byte                        
000003ed  tx_bits                        
0000040b  main                           
0000046d  init_zero                      
0000049d  demod                          
000004f5  gpiob_interrupt_handler        
00000571  config_timer                   
000005af  config_GPIO                    
00000639  GPIOPadConfigSet               
0000076b  __mpu_init                     
0000076d  SysCtlClockGet                 
0000087d  SysCtlClockSet                 
00000971  __aeabi_memcpy                 
00000971  __aeabi_memcpy4                
00000971  __aeabi_memcpy8                
00000971  memcpy                         
00000a0d  __aeabi_memclr                 
00000a0d  __aeabi_memclr4                
00000a0d  __aeabi_memclr8                
00000a0f  __aeabi_memset                 
00000a0f  __aeabi_memset4                
00000a0f  __aeabi_memset8                
00000a15  memset                         
00000a87  _system_post_cinit             
00000a89  __TI_auto_init                 
00000af9  IntEnable                      
00000b61  __TI_decompress_lzss           
00000bc9  TimerConfigure                 
00000c29  GPIOIntTypeSet                 
00000c81  _c_int00                       
00000cd5  C$$EXIT                        
00000cd9  abort                          
00000ce1  exit                           
00000d29  copy_in                        
00000db5  IntRegister                    
00000de9  SysCtlPeripheralEnable         
00000e1d  GPIODirModeSet                 
00000e47  GPIOIntRegister                
00000e5f  GPIOPinTypeGPIOOutput          
00000e79  _args_main                     
00000e91  _register_unlock               
00000e97  _register_lock                 
00000e9f  _nop                           
00000ea5  GPIOPinTypeGPIOInput           
00000eb7  TimerLoadSet                   
00000ec9  IntMasterEnable                
00000ed9  GPIOIntDisable                 
00000ee7  __TI_decompress_none           
00000ef5  CPUcpsie                       
00000f01  GPIOIntEnable                  
00000f0d  __TI_zero_init                 
00000f19  ResetISR                       
00000f25  TimerIntEnable                 
00000f2d  GPIOIntClear                   
00000f33  GPIOPinRead                    
00000f39  GPIOPinWrite                   
00000f3f  SysCtlDelay                    
00000f45  TimerIntClear                  
00000f49  _system_pre_init               
000011c8  __TI_Handler_Table_Base        
000011d4  __TI_Handler_Table_Limit       
000011e8  __TI_CINIT_Base                
00001200  __TI_CINIT_Limit               
20000000  g_pfnRAMVectors                
2000026c  data_in                        
2000226c  data_to_tx                     
20002a6c  see_bit                        
20002a74  counter                        
20002a78  __stack                        
20002c78  __STACK_END                    
20002c78  __STACK_TOP                    
20002c78  tx_front                       
20002c7c  tx_back                        
20002c80  cl_delay                       
20002c84  n_bits_tx                      
20002c88  clk                            
20002c89  byte_test                      
20002c8c  __TI_cleanup_ptr               
20002c90  __TI_dtors_ptr                 
20002c94  __TI_enable_exit_profile_output
20002c98  _lock                          
20002c9c  _unlock                        
20002ca0  main_func_sp                   
ffffffff  __TI_pprof_out_hndl            
ffffffff  __TI_prof_data_size            
ffffffff  __TI_prof_data_start           
ffffffff  __binit__                      
ffffffff  __c_args__                     
ffffffff  binit                          
UNDEFED   SHT$$INIT_ARRAY$$Base          
UNDEFED   SHT$$INIT_ARRAY$$Limit         

[98 symbols]
