******************************************************************************
                  TI ARM Linker Unix v16.9.0                   
******************************************************************************
>> Linked Thu Mar 23 15:06:32 2017

OUTPUT FILE NAME:   <Receiver_vlc.out>
ENTRY POINT SYMBOL: "_c_int00"  address: 00000c7d


MEMORY CONFIGURATION

         name            origin    length      used     unused   attr    fill
----------------------  --------  ---------  --------  --------  ----  --------
  FLASH                 00000000   00040000  000011f4  0003ee0c  R  X
  SRAM                  20000000   00008000  00001470  00006b90  RW X


SEGMENT ALLOCATION MAP

run origin  load origin   length   init length attrs members
----------  ----------- ---------- ----------- ----- -------
00000000    00000000    000011f8   000011f8    r-x
  00000000    00000000    0000026c   0000026c    r-- .intvecs
  0000026c    0000026c    00000cdc   00000cdc    r-x .text
  00000f48    00000f48    0000025c   0000025c    r-- .const
  000011a8    000011a8    00000050   00000050    r-- .cinit
20000000    20000000    00001470   00000000    rw-
  20000000    20000000    0000026c   00000000    rw- .vtable
  2000026c    2000026c    00000fdc   00000000    rw- .bss
  20001248    20001248    00000200   00000000    rw- .stack
  20001448    20001448    00000028   00000000    rw- .data


SECTION ALLOCATION MAP

 output                                  attributes/
section   page    origin      length       input sections
--------  ----  ----------  ----------   ----------------
.intvecs   0    00000000    0000026c     
                  00000000    0000026c     tm4c123gh6pm_startup_ccs.obj (.intvecs)

.text      0    0000026c    00000cdc     
                  0000026c    0000022c     receiver_main.obj (.text)
                  00000498    0000019c     read_data_xtal.obj (.text)
                  00000634    00000132     driverlib.lib : gpio.obj (.text:GPIOPadConfigSet)
                  00000766    00000002     rtsv7M4_T_le_v4SPD16_eabi.lib : mpu_init.obj (.text)
                  00000768    00000110     driverlib.lib : sysctl.obj (.text:SysCtlClockGet)
                  00000878    000000f4                   : sysctl.obj (.text:SysCtlClockSet)
                  0000096c    0000009c     rtsv7M4_T_le_v4SPD16_eabi.lib : memcpy_t2.obj (.text)
                  00000a08    0000007a                                   : memset_t2.obj (.text)
                  00000a82    00000002                                   : startup.obj (.text)
                  00000a84    00000070                                   : autoinit.obj (.text)
                  00000af4    00000068     driverlib.lib : interrupt.obj (.text:IntEnable)
                  00000b5c    00000068     rtsv7M4_T_le_v4SPD16_eabi.lib : copy_decompress_lzss.obj (.text:decompress:lzss)
                  00000bc4    00000060     driverlib.lib : timer.obj (.text:TimerConfigure)
                  00000c24    00000056                   : gpio.obj (.text:GPIOIntTypeSet)
                  00000c7a    00000002     --HOLE-- [fill = 0]
                  00000c7c    00000054     rtsv7M4_T_le_v4SPD16_eabi.lib : boot.obj (.text)
                  00000cd0    00000054                                   : exit.obj (.text)
                  00000d24    0000004c                                   : cpy_tbl.obj (.text)
                  00000d70    00000040     driverlib.lib : gpio.obj (.text:_GPIOIntNumberGet)
                  00000db0    00000034                   : interrupt.obj (.text:IntRegister)
                  00000de4    00000034                   : sysctl.obj (.text:SysCtlPeripheralEnable)
                  00000e18    0000002a                   : gpio.obj (.text:GPIODirModeSet)
                  00000e42    00000018                   : gpio.obj (.text:GPIOIntRegister)
                  00000e5a    00000018                   : gpio.obj (.text:GPIOPinTypeGPIOOutput)
                  00000e72    00000002     --HOLE-- [fill = 0]
                  00000e74    00000018     rtsv7M4_T_le_v4SPD16_eabi.lib : args_main.obj (.text)
                  00000e8c    00000014                                   : _lock.obj (.text)
                  00000ea0    00000012     driverlib.lib : gpio.obj (.text:GPIOPinTypeGPIOInput)
                  00000eb2    00000012                   : timer.obj (.text:TimerLoadSet)
                  00000ec4    00000010                   : interrupt.obj (.text:IntMasterEnable)
                  00000ed4    0000000e                   : gpio.obj (.text:GPIOIntDisable)
                  00000ee2    0000000e     rtsv7M4_T_le_v4SPD16_eabi.lib : copy_decompress_none.obj (.text:decompress:none)
                  00000ef0    0000000c     driverlib.lib : cpu.obj (.text:CPUcpsie)
                  00000efc    0000000c                   : gpio.obj (.text:GPIOIntEnable)
                  00000f08    0000000c     rtsv7M4_T_le_v4SPD16_eabi.lib : copy_zero_init.obj (.text:decompress:ZI)
                  00000f14    0000000c     tm4c123gh6pm_startup_ccs.obj (.text)
                  00000f20    00000008     driverlib.lib : timer.obj (.text:TimerIntEnable)
                  00000f28    00000006                   : gpio.obj (.text:GPIOIntClear)
                  00000f2e    00000006                   : gpio.obj (.text:GPIOPinRead)
                  00000f34    00000006                   : gpio.obj (.text:GPIOPinWrite)
                  00000f3a    00000006                   : sysctl.obj (.text:SysCtlDelay)
                  00000f40    00000004                   : timer.obj (.text:TimerIntClear)
                  00000f44    00000004     rtsv7M4_T_le_v4SPD16_eabi.lib : pre_init.obj (.text)

.const     0    00000f48    0000025c     
                  00000f48    000000c0     driverlib.lib : gpio.obj (.const:g_ppui32GPIOIntMapBlizzard)
                  00001008    000000c0                   : gpio.obj (.const:g_ppui32GPIOIntMapSnowflake)
                  000010c8    00000070                   : interrupt.obj (.const)
                  00001138    0000006c                   : sysctl.obj (.const:g_pui32Xtals)

.cinit     0    000011a8    00000050     
                  000011a8    00000019     (.cinit..data.load) [load image, compression = lzss]
                  000011c1    00000003     --HOLE-- [fill = 0]
                  000011c4    0000000c     (__TI_handler_table)
                  000011d0    00000008     (.cinit..bss.load) [load image, compression = zero_init]
                  000011d8    00000008     (.cinit..vtable.load) [load image, compression = zero_init]
                  000011e0    00000018     (__TI_cinit_table)

.init_array 
*          0    00000000    00000000     UNINITIALIZED

.vtable    0    20000000    0000026c     UNINITIALIZED
                  20000000    0000026c     driverlib.lib : interrupt.obj (.vtable)

.bss       0    2000026c    00000fdc     UNINITIALIZED
                  2000026c    00000800     (.common:data_to_tx)
                  20000a6c    000007d0     (.common:data_in)
                  2000123c    00000008     (.common:see_bit)
                  20001244    00000004     (.common:counter)

.data      0    20001448    00000028     UNINITIALIZED
                  20001448    0000000e     receiver_main.obj (.data)
                  20001456    00000002     --HOLE--
                  20001458    0000000c     rtsv7M4_T_le_v4SPD16_eabi.lib : exit.obj (.data:$O1$$)
                  20001464    00000008                                   : _lock.obj (.data:$O1$$)
                  2000146c    00000004                                   : stkdepth_vars.obj (.data)

.stack     0    20001248    00000200     UNINITIALIZED
                  20001248    00000200     --HOLE--

MODULE SUMMARY

       Module                         code   ro data   rw data
       ------                         ----   -------   -------
    ./
       receiver_main.obj              556    0         2062   
       read_data_xtal.obj             412    0         2012   
       tm4c123gh6pm_startup_ccs.obj   12     620       0      
    +--+------------------------------+------+---------+---------+
       Total:                         980    620       4074   
                                                              
    /home/arktheshadow/ti/SW-EK-TM4C123GXL-2.1.3.156/driverlib/ccs/Debug/driverlib.lib
       gpio.obj                       608    384       0      
       interrupt.obj                  172    112       620    
       sysctl.obj                     574    108       0      
       timer.obj                      126    0         0      
       cpu.obj                        12     0         0      
    +--+------------------------------+------+---------+---------+
       Total:                         1492   604       620    
                                                              
    /home/arktheshadow/ti/ccsv7/tools/compiler/ti-cgt-arm_16.9.0.LTS/lib/rtsv7M4_T_le_v4SPD16_eabi.lib
       memcpy_t2.obj                  156    0         0      
       memset_t2.obj                  122    0         0      
       autoinit.obj                   112    0         0      
       copy_decompress_lzss.obj       104    0         0      
       exit.obj                       84     0         12     
       boot.obj                       84     0         0      
       cpy_tbl.obj                    76     0         0      
       _lock.obj                      20     0         8      
       args_main.obj                  24     0         0      
       copy_decompress_none.obj       14     0         0      
       copy_zero_init.obj             12     0         0      
       pre_init.obj                   4      0         0      
       stkdepth_vars.obj              0      0         4      
       mpu_init.obj                   2      0         0      
       startup.obj                    2      0         0      
    +--+------------------------------+------+---------+---------+
       Total:                         816    0         24     
                                                              
       Stack:                         0      0         512    
       Linker Generated:              0      77        0      
    +--+------------------------------+------+---------+---------+
       Grand Total:                   3288   1301      5230   


LINKER GENERATED COPY TABLES

__TI_cinit_table @ 000011e0 records: 3, size/record: 8, table size: 24
	.data: load addr=000011a8, load size=00000019 bytes, run addr=20001448, run size=00000028 bytes, compression=lzss
	.bss: load addr=000011d0, load size=00000008 bytes, run addr=2000026c, run size=00000fdc bytes, compression=zero_init
	.vtable: load addr=000011d8, load size=00000008 bytes, run addr=20000000, run size=0000026c bytes, compression=zero_init


LINKER GENERATED HANDLER TABLE

__TI_handler_table @ 000011c4 records: 3, size/record: 4, table size: 12
	index: 0, handler: __TI_zero_init
	index: 1, handler: __TI_decompress_lzss
	index: 2, handler: __TI_decompress_none


GLOBAL SYMBOLS: SORTED ALPHABETICALLY BY Name 

address   name                           
-------   ----                           
00000cd1  C$$EXIT                        
00000ef1  CPUcpsie                       
00000e19  GPIODirModeSet                 
00000f29  GPIOIntClear                   
00000ed5  GPIOIntDisable                 
00000efd  GPIOIntEnable                  
00000e43  GPIOIntRegister                
00000c25  GPIOIntTypeSet                 
00000635  GPIOPadConfigSet               
00000f2f  GPIOPinRead                    
00000ea1  GPIOPinTypeGPIOInput           
00000e5b  GPIOPinTypeGPIOOutput          
00000f35  GPIOPinWrite                   
00000af5  IntEnable                      
00000ec5  IntMasterEnable                
00000db1  IntRegister                    
00000f15  ResetISR                       
UNDEFED   SHT$$INIT_ARRAY$$Base          
UNDEFED   SHT$$INIT_ARRAY$$Limit         
00000769  SysCtlClockGet                 
00000879  SysCtlClockSet                 
00000f3b  SysCtlDelay                    
00000de5  SysCtlPeripheralEnable         
00000bc5  TimerConfigure                 
00000f41  TimerIntClear                  
00000f21  TimerIntEnable                 
00000eb3  TimerLoadSet                   
20001448  __STACK_END                    
00000200  __STACK_SIZE                   
20001448  __STACK_TOP                    
000011e0  __TI_CINIT_Base                
000011f8  __TI_CINIT_Limit               
000011c4  __TI_Handler_Table_Base        
000011d0  __TI_Handler_Table_Limit       
00000a85  __TI_auto_init                 
20001458  __TI_cleanup_ptr               
00000b5d  __TI_decompress_lzss           
00000ee3  __TI_decompress_none           
2000145c  __TI_dtors_ptr                 
20001460  __TI_enable_exit_profile_output
ffffffff  __TI_pprof_out_hndl            
ffffffff  __TI_prof_data_size            
ffffffff  __TI_prof_data_start           
00000000  __TI_static_base__             
00000f09  __TI_zero_init                 
00000a09  __aeabi_memclr                 
00000a09  __aeabi_memclr4                
00000a09  __aeabi_memclr8                
0000096d  __aeabi_memcpy                 
0000096d  __aeabi_memcpy4                
0000096d  __aeabi_memcpy8                
00000a0b  __aeabi_memset                 
00000a0b  __aeabi_memset4                
00000a0b  __aeabi_memset8                
ffffffff  __binit__                      
ffffffff  __c_args__                     
00000767  __mpu_init                     
20001248  __stack                        
00000e75  _args_main                     
00000c7d  _c_int00                       
20001464  _lock                          
00000e9b  _nop                           
00000e93  _register_lock                 
00000e8d  _register_unlock               
00000a83  _system_post_cinit             
00000f45  _system_pre_init               
20001468  _unlock                        
00000cd5  abort                          
ffffffff  binit                          
20001455  byte_test                      
20001450  cl_delay                       
20001454  clk                            
000005ab  config_GPIO                    
0000056d  config_timer                   
00000d25  copy_in                        
20001244  counter                        
20000a6c  data_in                        
2000026c  data_to_tx                     
00000499  demod                          
00000cdd  exit                           
20000000  g_pfnRAMVectors                
00000000  g_pfnVectors                   
000004f1  gpiob_interrupt_handler        
0000040b  main                           
2000146c  main_func_sp                   
0000096d  memcpy                         
00000a11  memset                         
2000123c  see_bit                        
00000329  send_data                      
000002af  single_pin_write               
0000026d  timer0_interrrupt_handler      
00000279  timer1_interrupt_handler       
2000144c  tx_back                        
000003ed  tx_bits                        
00000383  tx_byte                        
20001448  tx_front                       


GLOBAL SYMBOLS: SORTED BY Symbol Address 

address   name                           
-------   ----                           
00000000  __TI_static_base__             
00000000  g_pfnVectors                   
00000200  __STACK_SIZE                   
0000026d  timer0_interrrupt_handler      
00000279  timer1_interrupt_handler       
000002af  single_pin_write               
00000329  send_data                      
00000383  tx_byte                        
000003ed  tx_bits                        
0000040b  main                           
00000499  demod                          
000004f1  gpiob_interrupt_handler        
0000056d  config_timer                   
000005ab  config_GPIO                    
00000635  GPIOPadConfigSet               
00000767  __mpu_init                     
00000769  SysCtlClockGet                 
00000879  SysCtlClockSet                 
0000096d  __aeabi_memcpy                 
0000096d  __aeabi_memcpy4                
0000096d  __aeabi_memcpy8                
0000096d  memcpy                         
00000a09  __aeabi_memclr                 
00000a09  __aeabi_memclr4                
00000a09  __aeabi_memclr8                
00000a0b  __aeabi_memset                 
00000a0b  __aeabi_memset4                
00000a0b  __aeabi_memset8                
00000a11  memset                         
00000a83  _system_post_cinit             
00000a85  __TI_auto_init                 
00000af5  IntEnable                      
00000b5d  __TI_decompress_lzss           
00000bc5  TimerConfigure                 
00000c25  GPIOIntTypeSet                 
00000c7d  _c_int00                       
00000cd1  C$$EXIT                        
00000cd5  abort                          
00000cdd  exit                           
00000d25  copy_in                        
00000db1  IntRegister                    
00000de5  SysCtlPeripheralEnable         
00000e19  GPIODirModeSet                 
00000e43  GPIOIntRegister                
00000e5b  GPIOPinTypeGPIOOutput          
00000e75  _args_main                     
00000e8d  _register_unlock               
00000e93  _register_lock                 
00000e9b  _nop                           
00000ea1  GPIOPinTypeGPIOInput           
00000eb3  TimerLoadSet                   
00000ec5  IntMasterEnable                
00000ed5  GPIOIntDisable                 
00000ee3  __TI_decompress_none           
00000ef1  CPUcpsie                       
00000efd  GPIOIntEnable                  
00000f09  __TI_zero_init                 
00000f15  ResetISR                       
00000f21  TimerIntEnable                 
00000f29  GPIOIntClear                   
00000f2f  GPIOPinRead                    
00000f35  GPIOPinWrite                   
00000f3b  SysCtlDelay                    
00000f41  TimerIntClear                  
00000f45  _system_pre_init               
000011c4  __TI_Handler_Table_Base        
000011d0  __TI_Handler_Table_Limit       
000011e0  __TI_CINIT_Base                
000011f8  __TI_CINIT_Limit               
20000000  g_pfnRAMVectors                
2000026c  data_to_tx                     
20000a6c  data_in                        
2000123c  see_bit                        
20001244  counter                        
20001248  __stack                        
20001448  __STACK_END                    
20001448  __STACK_TOP                    
20001448  tx_front                       
2000144c  tx_back                        
20001450  cl_delay                       
20001454  clk                            
20001455  byte_test                      
20001458  __TI_cleanup_ptr               
2000145c  __TI_dtors_ptr                 
20001460  __TI_enable_exit_profile_output
20001464  _lock                          
20001468  _unlock                        
2000146c  main_func_sp                   
ffffffff  __TI_pprof_out_hndl            
ffffffff  __TI_prof_data_size            
ffffffff  __TI_prof_data_start           
ffffffff  __binit__                      
ffffffff  __c_args__                     
ffffffff  binit                          
UNDEFED   SHT$$INIT_ARRAY$$Base          
UNDEFED   SHT$$INIT_ARRAY$$Limit         

[96 symbols]
