******************************************************************************
                  TI ARM Linker Unix v16.9.0                   
******************************************************************************
>> Linked Thu Apr 13 00:21:27 2017

OUTPUT FILE NAME:   <Receiver_vlc.out>
ENTRY POINT SYMBOL: "_c_int00"  address: 00000c49


MEMORY CONFIGURATION

         name            origin    length      used     unused   attr    fill
----------------------  --------  ---------  --------  --------  ----  --------
  FLASH                 00000000   00040000  0000136a  0003ec96  R  X
  SRAM                  20000000   00008000  00000aa0  00007560  RW X


SEGMENT ALLOCATION MAP

run origin  load origin   length   init length attrs members
----------  ----------- ---------- ----------- ----- -------
00000000    00000000    00001370   00001370    r-x
  00000000    00000000    0000026c   0000026c    r-- .intvecs
  0000026c    0000026c    00000dca   00000dca    r-x .text
  00001038    00001038    000002ec   000002ec    r-- .const
  00001328    00001328    00000048   00000048    r-- .cinit
20000000    20000000    00000aa0   00000000    rw-
  20000000    20000000    0000026c   00000000    rw- .vtable
  2000026c    2000026c    0000061c   00000000    rw- .bss
  20000888    20000888    00000200   00000000    rw- .stack
  20000a88    20000a88    00000018   00000000    rw- .data


SECTION ALLOCATION MAP

 output                                  attributes/
section   page    origin      length       input sections
--------  ----  ----------  ----------   ----------------
.intvecs   0    00000000    0000026c     
                  00000000    0000026c     tm4c123gh6pm_startup_ccs.obj (.intvecs)

.text      0    0000026c    00000dca     
                  0000026c    00000394     read_data_xtal.obj (.text)
                  00000600    00000132     driverlib.lib : gpio.obj (.text:GPIOPadConfigSet)
                  00000732    00000002     rtsv7M4_T_le_v4SPD16_eabi.lib : mpu_init.obj (.text)
                  00000734    00000110     driverlib.lib : sysctl.obj (.text:SysCtlClockGet)
                  00000844    000000f4                   : sysctl.obj (.text:SysCtlClockSet)
                  00000938    0000009c     rtsv7M4_T_le_v4SPD16_eabi.lib : memcpy_t2.obj (.text)
                  000009d4    0000007a                                   : memset_t2.obj (.text)
                  00000a4e    00000002                                   : startup.obj (.text)
                  00000a50    00000070                                   : autoinit.obj (.text)
                  00000ac0    00000068     driverlib.lib : interrupt.obj (.text:IntEnable)
                  00000b28    00000068     rtsv7M4_T_le_v4SPD16_eabi.lib : copy_decompress_lzss.obj (.text:decompress:lzss)
                  00000b90    00000060     driverlib.lib : timer.obj (.text:TimerConfigure)
                  00000bf0    00000056                   : gpio.obj (.text:GPIOIntTypeSet)
                  00000c46    00000002     --HOLE-- [fill = 0]
                  00000c48    00000054     rtsv7M4_T_le_v4SPD16_eabi.lib : boot.obj (.text)
                  00000c9c    00000054                                   : exit.obj (.text)
                  00000cf0    0000004c                                   : cpy_tbl.obj (.text)
                  00000d3c    00000048     driverlib.lib : gpio.obj (.text:GPIOPinConfigure)
                  00000d84    00000046                   : uart.obj (.text:UARTConfigSetExpClk)
                  00000dca    00000002     --HOLE-- [fill = 0]
                  00000dcc    00000044     receiver_main.obj (.text)
                  00000e10    00000040     driverlib.lib : gpio.obj (.text:_GPIOIntNumberGet)
                  00000e50    00000034                   : interrupt.obj (.text:IntRegister)
                  00000e84    00000034                   : sysctl.obj (.text:SysCtlPeripheralEnable)
                  00000eb8    0000002a                   : gpio.obj (.text:GPIODirModeSet)
                  00000ee2    00000002     --HOLE-- [fill = 0]
                  00000ee4    00000020                   : uart.obj (.text:UARTDisable)
                  00000f04    00000018                   : gpio.obj (.text:GPIOIntRegister)
                  00000f1c    00000018                   : gpio.obj (.text:GPIOPinTypeGPIOOutput)
                  00000f34    00000018     rtsv7M4_T_le_v4SPD16_eabi.lib : args_main.obj (.text)
                  00000f4c    00000014     driverlib.lib : uart.obj (.text:UARTEnable)
                  00000f60    00000014     rtsv7M4_T_le_v4SPD16_eabi.lib : _lock.obj (.text)
                  00000f74    00000012     driverlib.lib : gpio.obj (.text:GPIOPinTypeGPIOInput)
                  00000f86    00000012                   : gpio.obj (.text:GPIOPinTypeUART)
                  00000f98    00000012                   : timer.obj (.text:TimerLoadSet)
                  00000faa    00000010                   : interrupt.obj (.text:IntMasterEnable)
                  00000fba    0000000e                   : gpio.obj (.text:GPIOIntDisable)
                  00000fc8    0000000e     rtsv7M4_T_le_v4SPD16_eabi.lib : copy_decompress_none.obj (.text:decompress:none)
                  00000fd6    0000000c     driverlib.lib : cpu.obj (.text:CPUcpsie)
                  00000fe2    0000000c                   : gpio.obj (.text:GPIOIntEnable)
                  00000fee    0000000c     rtsv7M4_T_le_v4SPD16_eabi.lib : copy_zero_init.obj (.text:decompress:ZI)
                  00000ffa    0000000c     tm4c123gh6pm_startup_ccs.obj (.text)
                  00001006    0000000a     driverlib.lib : uart.obj (.text:UARTCharPut)
                  00001010    00000008                   : timer.obj (.text:TimerIntEnable)
                  00001018    00000008                   : uart.obj (.text:UARTIntEnable)
                  00001020    00000006                   : gpio.obj (.text:GPIOIntClear)
                  00001026    00000006                   : gpio.obj (.text:GPIOPinRead)
                  0000102c    00000006                   : sysctl.obj (.text:SysCtlDelay)
                  00001032    00000004     rtsv7M4_T_le_v4SPD16_eabi.lib : pre_init.obj (.text)

.const     0    00001038    000002ec     
                  00001038    000000c0     driverlib.lib : gpio.obj (.const:g_ppui32GPIOIntMapBlizzard)
                  000010f8    000000c0                   : gpio.obj (.const:g_ppui32GPIOIntMapSnowflake)
                  000011b8    00000090                   : gpio.obj (.const:g_pui32GPIOBaseAddrs)
                  00001248    00000070                   : interrupt.obj (.const)
                  000012b8    0000006c                   : sysctl.obj (.const:g_pui32Xtals)

.cinit     0    00001328    00000048     
                  00001328    00000011     (.cinit..data.load) [load image, compression = lzss]
                  00001339    00000003     --HOLE-- [fill = 0]
                  0000133c    0000000c     (__TI_handler_table)
                  00001348    00000008     (.cinit..bss.load) [load image, compression = zero_init]
                  00001350    00000008     (.cinit..vtable.load) [load image, compression = zero_init]
                  00001358    00000018     (__TI_cinit_table)

.init_array 
*          0    00000000    00000000     UNINITIALIZED

.vtable    0    20000000    0000026c     UNINITIALIZED
                  20000000    0000026c     driverlib.lib : interrupt.obj (.vtable)

.bss       0    2000026c    0000061c     UNINITIALIZED
                  2000026c    000005dc     (.common:final_buff)
                  20000848    00000010     (.common:see_bit)
                  20000858    00000008     (.common:st_byt)
                  20000860    00000004     (.common:data_in_ptr)
                  20000864    00000004     (.common:final_buff_ptr)
                  20000868    00000004     (.common:first_start)
                  2000086c    00000004     (.common:offset)
                  20000870    00000004     (.common:rx_counter)
                  20000874    00000004     (.common:save_start)
                  20000878    00000004     (.common:see_bit_counter)
                  2000087c    00000004     (.common:see_bit_start)
                  20000880    00000004     (.common:sv_st_tmp)
                  20000884    00000004     (.common:urt_send_counter)

.data      0    20000a88    00000018     UNINITIALIZED
                  20000a88    0000000c     rtsv7M4_T_le_v4SPD16_eabi.lib : exit.obj (.data:$O1$$)
                  20000a94    00000008                                   : _lock.obj (.data:$O1$$)
                  20000a9c    00000004                                   : stkdepth_vars.obj (.data)

.stack     0    20000888    00000200     UNINITIALIZED
                  20000888    00000200     --HOLE--

MODULE SUMMARY

       Module                         code   ro data   rw data
       ------                         ----   -------   -------
    ./
       read_data_xtal.obj             916    0         1564   
       tm4c123gh6pm_startup_ccs.obj   12     620       0      
       receiver_main.obj              68     0         0      
    +--+------------------------------+------+---------+---------+
       Total:                         996    620       1564   
                                                              
    /home/arktheshadow/ti/SW-EK-TM4C123GXL-2.1.3.156/driverlib/ccs/Debug/driverlib.lib
       gpio.obj                       692    528       0      
       interrupt.obj                  172    112       620    
       sysctl.obj                     574    108       0      
       uart.obj                       140    0         0      
       timer.obj                      122    0         0      
       cpu.obj                        12     0         0      
    +--+------------------------------+------+---------+---------+
       Total:                         1712   748       620    
                                                              
    /home/arktheshadow/ti/ccsv7/tools/compiler/ti-cgt-arm_16.9.0.LTS/lib/rtsv7M4_T_le_v4SPD16_eabi.lib
       memcpy_t2.obj                  156    0         0      
       memset_t2.obj                  122    0         0      
       autoinit.obj                   112    0         0      
       copy_decompress_lzss.obj       104    0         0      
       exit.obj                       84     0         12     
       boot.obj                       84     0         0      
       cpy_tbl.obj                    76     0         0      
       _lock.obj                      20     0         8      
       args_main.obj                  24     0         0      
       copy_decompress_none.obj       14     0         0      
       copy_zero_init.obj             12     0         0      
       pre_init.obj                   4      0         0      
       stkdepth_vars.obj              0      0         4      
       mpu_init.obj                   2      0         0      
       startup.obj                    2      0         0      
    +--+------------------------------+------+---------+---------+
       Total:                         816    0         24     
                                                              
       Stack:                         0      0         512    
       Linker Generated:              0      69        0      
    +--+------------------------------+------+---------+---------+
       Grand Total:                   3524   1437      2720   


LINKER GENERATED COPY TABLES

__TI_cinit_table @ 00001358 records: 3, size/record: 8, table size: 24
	.data: load addr=00001328, load size=00000011 bytes, run addr=20000a88, run size=00000018 bytes, compression=lzss
	.bss: load addr=00001348, load size=00000008 bytes, run addr=2000026c, run size=0000061c bytes, compression=zero_init
	.vtable: load addr=00001350, load size=00000008 bytes, run addr=20000000, run size=0000026c bytes, compression=zero_init


LINKER GENERATED HANDLER TABLE

__TI_handler_table @ 0000133c records: 3, size/record: 4, table size: 12
	index: 0, handler: __TI_zero_init
	index: 1, handler: __TI_decompress_lzss
	index: 2, handler: __TI_decompress_none


GLOBAL SYMBOLS: SORTED ALPHABETICALLY BY Name 

address   name                           
-------   ----                           
00000c9d  C$$EXIT                        
00000fd7  CPUcpsie                       
00000eb9  GPIODirModeSet                 
00001021  GPIOIntClear                   
00000fbb  GPIOIntDisable                 
00000fe3  GPIOIntEnable                  
00000f05  GPIOIntRegister                
00000bf1  GPIOIntTypeSet                 
00000601  GPIOPadConfigSet               
00000d3d  GPIOPinConfigure               
00001027  GPIOPinRead                    
00000f75  GPIOPinTypeGPIOInput           
00000f1d  GPIOPinTypeGPIOOutput          
00000f87  GPIOPinTypeUART                
00000ac1  IntEnable                      
00000fab  IntMasterEnable                
00000e51  IntRegister                    
00000ffb  ResetISR                       
UNDEFED   SHT$$INIT_ARRAY$$Base          
UNDEFED   SHT$$INIT_ARRAY$$Limit         
00000735  SysCtlClockGet                 
00000845  SysCtlClockSet                 
0000102d  SysCtlDelay                    
00000e85  SysCtlPeripheralEnable         
00000b91  TimerConfigure                 
00001011  TimerIntEnable                 
00000f99  TimerLoadSet                   
00001007  UARTCharPut                    
00000d85  UARTConfigSetExpClk            
00000ee5  UARTDisable                    
00000f4d  UARTEnable                     
00001019  UARTIntEnable                  
20000a88  __STACK_END                    
00000200  __STACK_SIZE                   
20000a88  __STACK_TOP                    
00001358  __TI_CINIT_Base                
00001370  __TI_CINIT_Limit               
0000133c  __TI_Handler_Table_Base        
00001348  __TI_Handler_Table_Limit       
00000a51  __TI_auto_init                 
20000a88  __TI_cleanup_ptr               
00000b29  __TI_decompress_lzss           
00000fc9  __TI_decompress_none           
20000a8c  __TI_dtors_ptr                 
20000a90  __TI_enable_exit_profile_output
ffffffff  __TI_pprof_out_hndl            
ffffffff  __TI_prof_data_size            
ffffffff  __TI_prof_data_start           
00000000  __TI_static_base__             
00000fef  __TI_zero_init                 
000009d5  __aeabi_memclr                 
000009d5  __aeabi_memclr4                
000009d5  __aeabi_memclr8                
00000939  __aeabi_memcpy                 
00000939  __aeabi_memcpy4                
00000939  __aeabi_memcpy8                
000009d7  __aeabi_memset                 
000009d7  __aeabi_memset4                
000009d7  __aeabi_memset8                
ffffffff  __binit__                      
ffffffff  __c_args__                     
00000733  __mpu_init                     
20000888  __stack                        
00000f35  _args_main                     
00000c49  _c_int00                       
20000a94  _lock                          
00000f6f  _nop                           
00000f67  _register_lock                 
00000f61  _register_unlock               
00000a4f  _system_post_cinit             
00001033  _system_pre_init               
20000a98  _unlock                        
00000ca1  abort                          
ffffffff  binit                          
0000052f  config_GPIO                    
000004f1  config_timer                   
00000cf1  copy_in                        
20000860  data_in_ptr                    
00000ca9  exit                           
2000026c  final_buff                     
20000864  final_buff_ptr                 
20000868  first_start                    
20000000  g_pfnRAMVectors                
00000000  g_pfnVectors                   
0000036b  gpiob_interrupt_handler        
0000026d  init_zero                      
00000dcd  main                           
20000a9c  main_func_sp                   
00000939  memcpy                         
000009dd  memset                         
2000086c  offset                         
20000870  rx_counter                     
20000874  save_start                     
20000848  see_bit                        
20000878  see_bit_counter                
2000087c  see_bit_start                  
20000858  st_byt                         
20000880  sv_st_tmp                      
000002fb  uart_rx                        
20000884  urt_send_counter               


GLOBAL SYMBOLS: SORTED BY Symbol Address 

address   name                           
-------   ----                           
00000000  __TI_static_base__             
00000000  g_pfnVectors                   
00000200  __STACK_SIZE                   
0000026d  init_zero                      
000002fb  uart_rx                        
0000036b  gpiob_interrupt_handler        
000004f1  config_timer                   
0000052f  config_GPIO                    
00000601  GPIOPadConfigSet               
00000733  __mpu_init                     
00000735  SysCtlClockGet                 
00000845  SysCtlClockSet                 
00000939  __aeabi_memcpy                 
00000939  __aeabi_memcpy4                
00000939  __aeabi_memcpy8                
00000939  memcpy                         
000009d5  __aeabi_memclr                 
000009d5  __aeabi_memclr4                
000009d5  __aeabi_memclr8                
000009d7  __aeabi_memset                 
000009d7  __aeabi_memset4                
000009d7  __aeabi_memset8                
000009dd  memset                         
00000a4f  _system_post_cinit             
00000a51  __TI_auto_init                 
00000ac1  IntEnable                      
00000b29  __TI_decompress_lzss           
00000b91  TimerConfigure                 
00000bf1  GPIOIntTypeSet                 
00000c49  _c_int00                       
00000c9d  C$$EXIT                        
00000ca1  abort                          
00000ca9  exit                           
00000cf1  copy_in                        
00000d3d  GPIOPinConfigure               
00000d85  UARTConfigSetExpClk            
00000dcd  main                           
00000e51  IntRegister                    
00000e85  SysCtlPeripheralEnable         
00000eb9  GPIODirModeSet                 
00000ee5  UARTDisable                    
00000f05  GPIOIntRegister                
00000f1d  GPIOPinTypeGPIOOutput          
00000f35  _args_main                     
00000f4d  UARTEnable                     
00000f61  _register_unlock               
00000f67  _register_lock                 
00000f6f  _nop                           
00000f75  GPIOPinTypeGPIOInput           
00000f87  GPIOPinTypeUART                
00000f99  TimerLoadSet                   
00000fab  IntMasterEnable                
00000fbb  GPIOIntDisable                 
00000fc9  __TI_decompress_none           
00000fd7  CPUcpsie                       
00000fe3  GPIOIntEnable                  
00000fef  __TI_zero_init                 
00000ffb  ResetISR                       
00001007  UARTCharPut                    
00001011  TimerIntEnable                 
00001019  UARTIntEnable                  
00001021  GPIOIntClear                   
00001027  GPIOPinRead                    
0000102d  SysCtlDelay                    
00001033  _system_pre_init               
0000133c  __TI_Handler_Table_Base        
00001348  __TI_Handler_Table_Limit       
00001358  __TI_CINIT_Base                
00001370  __TI_CINIT_Limit               
20000000  g_pfnRAMVectors                
2000026c  final_buff                     
20000848  see_bit                        
20000858  st_byt                         
20000860  data_in_ptr                    
20000864  final_buff_ptr                 
20000868  first_start                    
2000086c  offset                         
20000870  rx_counter                     
20000874  save_start                     
20000878  see_bit_counter                
2000087c  see_bit_start                  
20000880  sv_st_tmp                      
20000884  urt_send_counter               
20000888  __stack                        
20000a88  __STACK_END                    
20000a88  __STACK_TOP                    
20000a88  __TI_cleanup_ptr               
20000a8c  __TI_dtors_ptr                 
20000a90  __TI_enable_exit_profile_output
20000a94  _lock                          
20000a98  _unlock                        
20000a9c  main_func_sp                   
ffffffff  __TI_pprof_out_hndl            
ffffffff  __TI_prof_data_size            
ffffffff  __TI_prof_data_start           
ffffffff  __binit__                      
ffffffff  __c_args__                     
ffffffff  binit                          
UNDEFED   SHT$$INIT_ARRAY$$Base          
UNDEFED   SHT$$INIT_ARRAY$$Limit         

[100 symbols]
