******************************************************************************
                  TI ARM Linker Unix v16.9.0                   
******************************************************************************
>> Linked Sun Apr  9 15:44:35 2017

OUTPUT FILE NAME:   <Receiver_vlc.out>
ENTRY POINT SYMBOL: "_c_int00"  address: 00000c21


MEMORY CONFIGURATION

         name            origin    length      used     unused   attr    fill
----------------------  --------  ---------  --------  --------  ----  --------
  FLASH                 00000000   00040000  000011ca  0003ee36  R  X
  SRAM                  20000000   00008000  000068bc  00001744  RW X


SEGMENT ALLOCATION MAP

run origin  load origin   length   init length attrs members
----------  ----------- ---------- ----------- ----- -------
00000000    00000000    000011d0   000011d0    r-x
  00000000    00000000    0000026c   0000026c    r-- .intvecs
  0000026c    0000026c    00000cba   00000cba    r-x .text
  00000f28    00000f28    0000025c   0000025c    r-- .const
  00001188    00001188    00000048   00000048    r-- .cinit
20000000    20000000    000068bc   00000000    rw-
  20000000    20000000    0000026c   00000000    rw- .vtable
  2000026c    2000026c    00006438   00000000    rw- .bss
  200066a4    200066a4    00000200   00000000    rw- .stack
  200068a4    200068a4    00000018   00000000    rw- .data


SECTION ALLOCATION MAP

 output                                  attributes/
section   page    origin      length       input sections
--------  ----  ----------  ----------   ----------------
.intvecs   0    00000000    0000026c     
                  00000000    0000026c     tm4c123gh6pm_startup_ccs.obj (.intvecs)

.text      0    0000026c    00000cba     
                  0000026c    0000036c     read_data_xtal.obj (.text)
                  000005d8    00000132     driverlib.lib : gpio.obj (.text:GPIOPadConfigSet)
                  0000070a    00000002     rtsv7M4_T_le_v4SPD16_eabi.lib : mpu_init.obj (.text)
                  0000070c    00000110     driverlib.lib : sysctl.obj (.text:SysCtlClockGet)
                  0000081c    000000f4                   : sysctl.obj (.text:SysCtlClockSet)
                  00000910    0000009c     rtsv7M4_T_le_v4SPD16_eabi.lib : memcpy_t2.obj (.text)
                  000009ac    0000007a                                   : memset_t2.obj (.text)
                  00000a26    00000002                                   : startup.obj (.text)
                  00000a28    00000070                                   : autoinit.obj (.text)
                  00000a98    00000068     driverlib.lib : interrupt.obj (.text:IntEnable)
                  00000b00    00000068     rtsv7M4_T_le_v4SPD16_eabi.lib : copy_decompress_lzss.obj (.text:decompress:lzss)
                  00000b68    00000060     driverlib.lib : timer.obj (.text:TimerConfigure)
                  00000bc8    00000056                   : gpio.obj (.text:GPIOIntTypeSet)
                  00000c1e    00000002     --HOLE-- [fill = 0]
                  00000c20    00000054     rtsv7M4_T_le_v4SPD16_eabi.lib : boot.obj (.text)
                  00000c74    00000054                                   : exit.obj (.text)
                  00000cc8    0000004c                                   : cpy_tbl.obj (.text)
                  00000d14    00000044     receiver_main.obj (.text)
                  00000d58    00000040     driverlib.lib : gpio.obj (.text:_GPIOIntNumberGet)
                  00000d98    00000034                   : interrupt.obj (.text:IntRegister)
                  00000dcc    00000034                   : sysctl.obj (.text:SysCtlPeripheralEnable)
                  00000e00    0000002a                   : gpio.obj (.text:GPIODirModeSet)
                  00000e2a    00000018                   : gpio.obj (.text:GPIOIntRegister)
                  00000e42    00000018                   : gpio.obj (.text:GPIOPinTypeGPIOOutput)
                  00000e5a    00000002     --HOLE-- [fill = 0]
                  00000e5c    00000018     rtsv7M4_T_le_v4SPD16_eabi.lib : args_main.obj (.text)
                  00000e74    00000014                                   : _lock.obj (.text)
                  00000e88    00000012     driverlib.lib : gpio.obj (.text:GPIOPinTypeGPIOInput)
                  00000e9a    00000012                   : timer.obj (.text:TimerLoadSet)
                  00000eac    00000010                   : interrupt.obj (.text:IntMasterEnable)
                  00000ebc    0000000e                   : gpio.obj (.text:GPIOIntDisable)
                  00000eca    0000000e     rtsv7M4_T_le_v4SPD16_eabi.lib : copy_decompress_none.obj (.text:decompress:none)
                  00000ed8    0000000c     driverlib.lib : cpu.obj (.text:CPUcpsie)
                  00000ee4    0000000c                   : gpio.obj (.text:GPIOIntEnable)
                  00000ef0    0000000c     rtsv7M4_T_le_v4SPD16_eabi.lib : copy_zero_init.obj (.text:decompress:ZI)
                  00000efc    0000000c     tm4c123gh6pm_startup_ccs.obj (.text)
                  00000f08    00000008     driverlib.lib : timer.obj (.text:TimerIntEnable)
                  00000f10    00000006                   : gpio.obj (.text:GPIOIntClear)
                  00000f16    00000006                   : gpio.obj (.text:GPIOPinRead)
                  00000f1c    00000006                   : sysctl.obj (.text:SysCtlDelay)
                  00000f22    00000004     rtsv7M4_T_le_v4SPD16_eabi.lib : pre_init.obj (.text)

.const     0    00000f28    0000025c     
                  00000f28    000000c0     driverlib.lib : gpio.obj (.const:g_ppui32GPIOIntMapBlizzard)
                  00000fe8    000000c0                   : gpio.obj (.const:g_ppui32GPIOIntMapSnowflake)
                  000010a8    00000070                   : interrupt.obj (.const)
                  00001118    0000006c                   : sysctl.obj (.const:g_pui32Xtals)

.cinit     0    00001188    00000048     
                  00001188    00000011     (.cinit..data.load) [load image, compression = lzss]
                  00001199    00000003     --HOLE-- [fill = 0]
                  0000119c    0000000c     (__TI_handler_table)
                  000011a8    00000008     (.cinit..bss.load) [load image, compression = zero_init]
                  000011b0    00000008     (.cinit..vtable.load) [load image, compression = zero_init]
                  000011b8    00000018     (__TI_cinit_table)

.init_array 
*          0    00000000    00000000     UNINITIALIZED

.vtable    0    20000000    0000026c     UNINITIALIZED
                  20000000    0000026c     driverlib.lib : interrupt.obj (.vtable)

.bss       0    2000026c    00006438     UNINITIALIZED
                  2000026c    00006000     (.common:rx_temp_data)
                  2000626c    00000400     (.common:final_buff)
                  2000666c    00000010     (.common:see_bit)
                  2000667c    00000004     (.common:data_in_ptr)
                  20006680    00000004     (.common:final_buff_ptr)
                  20006684    00000004     (.common:first_start)
                  20006688    00000004     (.common:offset)
                  2000668c    00000004     (.common:rx_counter)
                  20006690    00000004     (.common:rx_temp_data_ptr)
                  20006694    00000004     (.common:save_start)
                  20006698    00000004     (.common:see_bit_counter)
                  2000669c    00000004     (.common:see_bit_start)
                  200066a0    00000004     (.common:sv_st_tmp)

.data      0    200068a4    00000018     UNINITIALIZED
                  200068a4    0000000c     rtsv7M4_T_le_v4SPD16_eabi.lib : exit.obj (.data:$O1$$)
                  200068b0    00000008                                   : _lock.obj (.data:$O1$$)
                  200068b8    00000004                                   : stkdepth_vars.obj (.data)

.stack     0    200066a4    00000200     UNINITIALIZED
                  200066a4    00000200     --HOLE--

MODULE SUMMARY

       Module                         code   ro data   rw data
       ------                         ----   -------   -------
    ./
       read_data_xtal.obj             876    0         25656  
       tm4c123gh6pm_startup_ccs.obj   12     620       0      
       receiver_main.obj              68     0         0      
    +--+------------------------------+------+---------+---------+
       Total:                         956    620       25656  
                                                              
    /home/arktheshadow/ti/SW-EK-TM4C123GXL-2.1.3.156/driverlib/ccs/Debug/driverlib.lib
       gpio.obj                       602    384       0      
       interrupt.obj                  172    112       620    
       sysctl.obj                     574    108       0      
       timer.obj                      122    0         0      
       cpu.obj                        12     0         0      
    +--+------------------------------+------+---------+---------+
       Total:                         1482   604       620    
                                                              
    /home/arktheshadow/ti/ccsv7/tools/compiler/ti-cgt-arm_16.9.0.LTS/lib/rtsv7M4_T_le_v4SPD16_eabi.lib
       memcpy_t2.obj                  156    0         0      
       memset_t2.obj                  122    0         0      
       autoinit.obj                   112    0         0      
       copy_decompress_lzss.obj       104    0         0      
       exit.obj                       84     0         12     
       boot.obj                       84     0         0      
       cpy_tbl.obj                    76     0         0      
       _lock.obj                      20     0         8      
       args_main.obj                  24     0         0      
       copy_decompress_none.obj       14     0         0      
       copy_zero_init.obj             12     0         0      
       pre_init.obj                   4      0         0      
       stkdepth_vars.obj              0      0         4      
       mpu_init.obj                   2      0         0      
       startup.obj                    2      0         0      
    +--+------------------------------+------+---------+---------+
       Total:                         816    0         24     
                                                              
       Stack:                         0      0         512    
       Linker Generated:              0      69        0      
    +--+------------------------------+------+---------+---------+
       Grand Total:                   3254   1293      26812  


LINKER GENERATED COPY TABLES

__TI_cinit_table @ 000011b8 records: 3, size/record: 8, table size: 24
	.data: load addr=00001188, load size=00000011 bytes, run addr=200068a4, run size=00000018 bytes, compression=lzss
	.bss: load addr=000011a8, load size=00000008 bytes, run addr=2000026c, run size=00006438 bytes, compression=zero_init
	.vtable: load addr=000011b0, load size=00000008 bytes, run addr=20000000, run size=0000026c bytes, compression=zero_init


LINKER GENERATED HANDLER TABLE

__TI_handler_table @ 0000119c records: 3, size/record: 4, table size: 12
	index: 0, handler: __TI_zero_init
	index: 1, handler: __TI_decompress_lzss
	index: 2, handler: __TI_decompress_none


GLOBAL SYMBOLS: SORTED ALPHABETICALLY BY Name 

address   name                           
-------   ----                           
00000c75  C$$EXIT                        
00000ed9  CPUcpsie                       
00000e01  GPIODirModeSet                 
00000f11  GPIOIntClear                   
00000ebd  GPIOIntDisable                 
00000ee5  GPIOIntEnable                  
00000e2b  GPIOIntRegister                
00000bc9  GPIOIntTypeSet                 
000005d9  GPIOPadConfigSet               
00000f17  GPIOPinRead                    
00000e89  GPIOPinTypeGPIOInput           
00000e43  GPIOPinTypeGPIOOutput          
00000a99  IntEnable                      
00000ead  IntMasterEnable                
00000d99  IntRegister                    
00000efd  ResetISR                       
UNDEFED   SHT$$INIT_ARRAY$$Base          
UNDEFED   SHT$$INIT_ARRAY$$Limit         
0000070d  SysCtlClockGet                 
0000081d  SysCtlClockSet                 
00000f1d  SysCtlDelay                    
00000dcd  SysCtlPeripheralEnable         
00000b69  TimerConfigure                 
00000f09  TimerIntEnable                 
00000e9b  TimerLoadSet                   
200068a4  __STACK_END                    
00000200  __STACK_SIZE                   
200068a4  __STACK_TOP                    
000011b8  __TI_CINIT_Base                
000011d0  __TI_CINIT_Limit               
0000119c  __TI_Handler_Table_Base        
000011a8  __TI_Handler_Table_Limit       
00000a29  __TI_auto_init                 
200068a4  __TI_cleanup_ptr               
00000b01  __TI_decompress_lzss           
00000ecb  __TI_decompress_none           
200068a8  __TI_dtors_ptr                 
200068ac  __TI_enable_exit_profile_output
ffffffff  __TI_pprof_out_hndl            
ffffffff  __TI_prof_data_size            
ffffffff  __TI_prof_data_start           
00000000  __TI_static_base__             
00000ef1  __TI_zero_init                 
000009ad  __aeabi_memclr                 
000009ad  __aeabi_memclr4                
000009ad  __aeabi_memclr8                
00000911  __aeabi_memcpy                 
00000911  __aeabi_memcpy4                
00000911  __aeabi_memcpy8                
000009af  __aeabi_memset                 
000009af  __aeabi_memset4                
000009af  __aeabi_memset8                
ffffffff  __binit__                      
ffffffff  __c_args__                     
0000070b  __mpu_init                     
200066a4  __stack                        
00000e5d  _args_main                     
00000c21  _c_int00                       
200068b0  _lock                          
00000e83  _nop                           
00000e7b  _register_lock                 
00000e75  _register_unlock               
00000a27  _system_post_cinit             
00000f23  _system_pre_init               
200068b4  _unlock                        
00000c79  abort                          
ffffffff  binit                          
00000519  config_GPIO                    
000004db  config_timer                   
00000cc9  copy_in                        
2000667c  data_in_ptr                    
00000c81  exit                           
2000626c  final_buff                     
20006680  final_buff_ptr                 
20006684  first_start                    
20000000  g_pfnRAMVectors                
00000000  g_pfnVectors                   
0000033f  gpiob_interrupt_handler        
0000026d  init_zero                      
00000d15  main                           
200068b8  main_func_sp                   
00000911  memcpy                         
000009b5  memset                         
20006688  offset                         
2000668c  rx_counter                     
2000026c  rx_temp_data                   
20006690  rx_temp_data_ptr               
20006694  save_start                     
2000666c  see_bit                        
20006698  see_bit_counter                
2000669c  see_bit_start                  
200066a0  sv_st_tmp                      


GLOBAL SYMBOLS: SORTED BY Symbol Address 

address   name                           
-------   ----                           
00000000  __TI_static_base__             
00000000  g_pfnVectors                   
00000200  __STACK_SIZE                   
0000026d  init_zero                      
0000033f  gpiob_interrupt_handler        
000004db  config_timer                   
00000519  config_GPIO                    
000005d9  GPIOPadConfigSet               
0000070b  __mpu_init                     
0000070d  SysCtlClockGet                 
0000081d  SysCtlClockSet                 
00000911  __aeabi_memcpy                 
00000911  __aeabi_memcpy4                
00000911  __aeabi_memcpy8                
00000911  memcpy                         
000009ad  __aeabi_memclr                 
000009ad  __aeabi_memclr4                
000009ad  __aeabi_memclr8                
000009af  __aeabi_memset                 
000009af  __aeabi_memset4                
000009af  __aeabi_memset8                
000009b5  memset                         
00000a27  _system_post_cinit             
00000a29  __TI_auto_init                 
00000a99  IntEnable                      
00000b01  __TI_decompress_lzss           
00000b69  TimerConfigure                 
00000bc9  GPIOIntTypeSet                 
00000c21  _c_int00                       
00000c75  C$$EXIT                        
00000c79  abort                          
00000c81  exit                           
00000cc9  copy_in                        
00000d15  main                           
00000d99  IntRegister                    
00000dcd  SysCtlPeripheralEnable         
00000e01  GPIODirModeSet                 
00000e2b  GPIOIntRegister                
00000e43  GPIOPinTypeGPIOOutput          
00000e5d  _args_main                     
00000e75  _register_unlock               
00000e7b  _register_lock                 
00000e83  _nop                           
00000e89  GPIOPinTypeGPIOInput           
00000e9b  TimerLoadSet                   
00000ead  IntMasterEnable                
00000ebd  GPIOIntDisable                 
00000ecb  __TI_decompress_none           
00000ed9  CPUcpsie                       
00000ee5  GPIOIntEnable                  
00000ef1  __TI_zero_init                 
00000efd  ResetISR                       
00000f09  TimerIntEnable                 
00000f11  GPIOIntClear                   
00000f17  GPIOPinRead                    
00000f1d  SysCtlDelay                    
00000f23  _system_pre_init               
0000119c  __TI_Handler_Table_Base        
000011a8  __TI_Handler_Table_Limit       
000011b8  __TI_CINIT_Base                
000011d0  __TI_CINIT_Limit               
20000000  g_pfnRAMVectors                
2000026c  rx_temp_data                   
2000626c  final_buff                     
2000666c  see_bit                        
2000667c  data_in_ptr                    
20006680  final_buff_ptr                 
20006684  first_start                    
20006688  offset                         
2000668c  rx_counter                     
20006690  rx_temp_data_ptr               
20006694  save_start                     
20006698  see_bit_counter                
2000669c  see_bit_start                  
200066a0  sv_st_tmp                      
200066a4  __stack                        
200068a4  __STACK_END                    
200068a4  __STACK_TOP                    
200068a4  __TI_cleanup_ptr               
200068a8  __TI_dtors_ptr                 
200068ac  __TI_enable_exit_profile_output
200068b0  _lock                          
200068b4  _unlock                        
200068b8  main_func_sp                   
ffffffff  __TI_pprof_out_hndl            
ffffffff  __TI_prof_data_size            
ffffffff  __TI_prof_data_start           
ffffffff  __binit__                      
ffffffff  __c_args__                     
ffffffff  binit                          
UNDEFED   SHT$$INIT_ARRAY$$Base          
UNDEFED   SHT$$INIT_ARRAY$$Limit         

[92 symbols]
