******************************************************************************
                  TI ARM Linker Unix v16.9.0                   
******************************************************************************
>> Linked Wed Apr 12 14:53:47 2017

OUTPUT FILE NAME:   <Receiver_vlc.out>
ENTRY POINT SYMBOL: "_c_int00"  address: 00000c19


MEMORY CONFIGURATION

         name            origin    length      used     unused   attr    fill
----------------------  --------  ---------  --------  --------  ----  --------
  FLASH                 00000000   00040000  0000133a  0003ecc6  R  X
  SRAM                  20000000   00008000  00000a98  00007568  RW X


SEGMENT ALLOCATION MAP

run origin  load origin   length   init length attrs members
----------  ----------- ---------- ----------- ----- -------
00000000    00000000    00001340   00001340    r-x
  00000000    00000000    0000026c   0000026c    r-- .intvecs
  0000026c    0000026c    00000d9a   00000d9a    r-x .text
  00001008    00001008    000002ec   000002ec    r-- .const
  000012f8    000012f8    00000048   00000048    r-- .cinit
20000000    20000000    00000a98   00000000    rw-
  20000000    20000000    0000026c   00000000    rw- .vtable
  2000026c    2000026c    00000614   00000000    rw- .bss
  20000880    20000880    00000200   00000000    rw- .stack
  20000a80    20000a80    00000018   00000000    rw- .data


SECTION ALLOCATION MAP

 output                                  attributes/
section   page    origin      length       input sections
--------  ----  ----------  ----------   ----------------
.intvecs   0    00000000    0000026c     
                  00000000    0000026c     tm4c123gh6pm_startup_ccs.obj (.intvecs)

.text      0    0000026c    00000d9a     
                  0000026c    00000364     read_data_xtal.obj (.text)
                  000005d0    00000132     driverlib.lib : gpio.obj (.text:GPIOPadConfigSet)
                  00000702    00000002     rtsv7M4_T_le_v4SPD16_eabi.lib : mpu_init.obj (.text)
                  00000704    00000110     driverlib.lib : sysctl.obj (.text:SysCtlClockGet)
                  00000814    000000f4                   : sysctl.obj (.text:SysCtlClockSet)
                  00000908    0000009c     rtsv7M4_T_le_v4SPD16_eabi.lib : memcpy_t2.obj (.text)
                  000009a4    0000007a                                   : memset_t2.obj (.text)
                  00000a1e    00000002                                   : startup.obj (.text)
                  00000a20    00000070                                   : autoinit.obj (.text)
                  00000a90    00000068     driverlib.lib : interrupt.obj (.text:IntEnable)
                  00000af8    00000068     rtsv7M4_T_le_v4SPD16_eabi.lib : copy_decompress_lzss.obj (.text:decompress:lzss)
                  00000b60    00000060     driverlib.lib : timer.obj (.text:TimerConfigure)
                  00000bc0    00000056                   : gpio.obj (.text:GPIOIntTypeSet)
                  00000c16    00000002     --HOLE-- [fill = 0]
                  00000c18    00000054     rtsv7M4_T_le_v4SPD16_eabi.lib : boot.obj (.text)
                  00000c6c    00000054                                   : exit.obj (.text)
                  00000cc0    0000004c                                   : cpy_tbl.obj (.text)
                  00000d0c    00000048     driverlib.lib : gpio.obj (.text:GPIOPinConfigure)
                  00000d54    00000046                   : uart.obj (.text:UARTConfigSetExpClk)
                  00000d9a    00000002     --HOLE-- [fill = 0]
                  00000d9c    00000044     receiver_main.obj (.text)
                  00000de0    00000040     driverlib.lib : gpio.obj (.text:_GPIOIntNumberGet)
                  00000e20    00000034                   : interrupt.obj (.text:IntRegister)
                  00000e54    00000034                   : sysctl.obj (.text:SysCtlPeripheralEnable)
                  00000e88    0000002a                   : gpio.obj (.text:GPIODirModeSet)
                  00000eb2    00000002     --HOLE-- [fill = 0]
                  00000eb4    00000020                   : uart.obj (.text:UARTDisable)
                  00000ed4    00000018                   : gpio.obj (.text:GPIOIntRegister)
                  00000eec    00000018                   : gpio.obj (.text:GPIOPinTypeGPIOOutput)
                  00000f04    00000018     rtsv7M4_T_le_v4SPD16_eabi.lib : args_main.obj (.text)
                  00000f1c    00000014     driverlib.lib : uart.obj (.text:UARTEnable)
                  00000f30    00000014     rtsv7M4_T_le_v4SPD16_eabi.lib : _lock.obj (.text)
                  00000f44    00000012     driverlib.lib : gpio.obj (.text:GPIOPinTypeGPIOInput)
                  00000f56    00000012                   : gpio.obj (.text:GPIOPinTypeUART)
                  00000f68    00000012                   : timer.obj (.text:TimerLoadSet)
                  00000f7a    00000010                   : interrupt.obj (.text:IntMasterEnable)
                  00000f8a    0000000e                   : gpio.obj (.text:GPIOIntDisable)
                  00000f98    0000000e     rtsv7M4_T_le_v4SPD16_eabi.lib : copy_decompress_none.obj (.text:decompress:none)
                  00000fa6    0000000c     driverlib.lib : cpu.obj (.text:CPUcpsie)
                  00000fb2    0000000c                   : gpio.obj (.text:GPIOIntEnable)
                  00000fbe    0000000c     rtsv7M4_T_le_v4SPD16_eabi.lib : copy_zero_init.obj (.text:decompress:ZI)
                  00000fca    0000000c     tm4c123gh6pm_startup_ccs.obj (.text)
                  00000fd6    0000000a     driverlib.lib : uart.obj (.text:UARTCharPut)
                  00000fe0    00000008                   : timer.obj (.text:TimerIntEnable)
                  00000fe8    00000008                   : uart.obj (.text:UARTIntEnable)
                  00000ff0    00000006                   : gpio.obj (.text:GPIOIntClear)
                  00000ff6    00000006                   : gpio.obj (.text:GPIOPinRead)
                  00000ffc    00000006                   : sysctl.obj (.text:SysCtlDelay)
                  00001002    00000004     rtsv7M4_T_le_v4SPD16_eabi.lib : pre_init.obj (.text)

.const     0    00001008    000002ec     
                  00001008    000000c0     driverlib.lib : gpio.obj (.const:g_ppui32GPIOIntMapBlizzard)
                  000010c8    000000c0                   : gpio.obj (.const:g_ppui32GPIOIntMapSnowflake)
                  00001188    00000090                   : gpio.obj (.const:g_pui32GPIOBaseAddrs)
                  00001218    00000070                   : interrupt.obj (.const)
                  00001288    0000006c                   : sysctl.obj (.const:g_pui32Xtals)

.cinit     0    000012f8    00000048     
                  000012f8    00000011     (.cinit..data.load) [load image, compression = lzss]
                  00001309    00000003     --HOLE-- [fill = 0]
                  0000130c    0000000c     (__TI_handler_table)
                  00001318    00000008     (.cinit..bss.load) [load image, compression = zero_init]
                  00001320    00000008     (.cinit..vtable.load) [load image, compression = zero_init]
                  00001328    00000018     (__TI_cinit_table)

.init_array 
*          0    00000000    00000000     UNINITIALIZED

.vtable    0    20000000    0000026c     UNINITIALIZED
                  20000000    0000026c     driverlib.lib : interrupt.obj (.vtable)

.bss       0    2000026c    00000614     UNINITIALIZED
                  2000026c    000005dc     (.common:final_buff)
                  20000848    00000010     (.common:see_bit)
                  20000858    00000004     (.common:data_in_ptr)
                  2000085c    00000004     (.common:final_buff_ptr)
                  20000860    00000004     (.common:first_start)
                  20000864    00000004     (.common:offset)
                  20000868    00000004     (.common:rx_counter)
                  2000086c    00000004     (.common:save_start)
                  20000870    00000004     (.common:see_bit_counter)
                  20000874    00000004     (.common:see_bit_start)
                  20000878    00000004     (.common:sv_st_tmp)
                  2000087c    00000004     (.common:urt_send_counter)

.data      0    20000a80    00000018     UNINITIALIZED
                  20000a80    0000000c     rtsv7M4_T_le_v4SPD16_eabi.lib : exit.obj (.data:$O1$$)
                  20000a8c    00000008                                   : _lock.obj (.data:$O1$$)
                  20000a94    00000004                                   : stkdepth_vars.obj (.data)

.stack     0    20000880    00000200     UNINITIALIZED
                  20000880    00000200     --HOLE--

MODULE SUMMARY

       Module                         code   ro data   rw data
       ------                         ----   -------   -------
    ./
       read_data_xtal.obj             868    0         1556   
       tm4c123gh6pm_startup_ccs.obj   12     620       0      
       receiver_main.obj              68     0         0      
    +--+------------------------------+------+---------+---------+
       Total:                         948    620       1556   
                                                              
    /home/arktheshadow/ti/SW-EK-TM4C123GXL-2.1.3.156/driverlib/ccs/Debug/driverlib.lib
       gpio.obj                       692    528       0      
       interrupt.obj                  172    112       620    
       sysctl.obj                     574    108       0      
       uart.obj                       140    0         0      
       timer.obj                      122    0         0      
       cpu.obj                        12     0         0      
    +--+------------------------------+------+---------+---------+
       Total:                         1712   748       620    
                                                              
    /home/arktheshadow/ti/ccsv7/tools/compiler/ti-cgt-arm_16.9.0.LTS/lib/rtsv7M4_T_le_v4SPD16_eabi.lib
       memcpy_t2.obj                  156    0         0      
       memset_t2.obj                  122    0         0      
       autoinit.obj                   112    0         0      
       copy_decompress_lzss.obj       104    0         0      
       exit.obj                       84     0         12     
       boot.obj                       84     0         0      
       cpy_tbl.obj                    76     0         0      
       _lock.obj                      20     0         8      
       args_main.obj                  24     0         0      
       copy_decompress_none.obj       14     0         0      
       copy_zero_init.obj             12     0         0      
       pre_init.obj                   4      0         0      
       stkdepth_vars.obj              0      0         4      
       mpu_init.obj                   2      0         0      
       startup.obj                    2      0         0      
    +--+------------------------------+------+---------+---------+
       Total:                         816    0         24     
                                                              
       Stack:                         0      0         512    
       Linker Generated:              0      69        0      
    +--+------------------------------+------+---------+---------+
       Grand Total:                   3476   1437      2712   


LINKER GENERATED COPY TABLES

__TI_cinit_table @ 00001328 records: 3, size/record: 8, table size: 24
	.data: load addr=000012f8, load size=00000011 bytes, run addr=20000a80, run size=00000018 bytes, compression=lzss
	.bss: load addr=00001318, load size=00000008 bytes, run addr=2000026c, run size=00000614 bytes, compression=zero_init
	.vtable: load addr=00001320, load size=00000008 bytes, run addr=20000000, run size=0000026c bytes, compression=zero_init


LINKER GENERATED HANDLER TABLE

__TI_handler_table @ 0000130c records: 3, size/record: 4, table size: 12
	index: 0, handler: __TI_zero_init
	index: 1, handler: __TI_decompress_lzss
	index: 2, handler: __TI_decompress_none


GLOBAL SYMBOLS: SORTED ALPHABETICALLY BY Name 

address   name                           
-------   ----                           
00000c6d  C$$EXIT                        
00000fa7  CPUcpsie                       
00000e89  GPIODirModeSet                 
00000ff1  GPIOIntClear                   
00000f8b  GPIOIntDisable                 
00000fb3  GPIOIntEnable                  
00000ed5  GPIOIntRegister                
00000bc1  GPIOIntTypeSet                 
000005d1  GPIOPadConfigSet               
00000d0d  GPIOPinConfigure               
00000ff7  GPIOPinRead                    
00000f45  GPIOPinTypeGPIOInput           
00000eed  GPIOPinTypeGPIOOutput          
00000f57  GPIOPinTypeUART                
00000a91  IntEnable                      
00000f7b  IntMasterEnable                
00000e21  IntRegister                    
00000fcb  ResetISR                       
UNDEFED   SHT$$INIT_ARRAY$$Base          
UNDEFED   SHT$$INIT_ARRAY$$Limit         
00000705  SysCtlClockGet                 
00000815  SysCtlClockSet                 
00000ffd  SysCtlDelay                    
00000e55  SysCtlPeripheralEnable         
00000b61  TimerConfigure                 
00000fe1  TimerIntEnable                 
00000f69  TimerLoadSet                   
00000fd7  UARTCharPut                    
00000d55  UARTConfigSetExpClk            
00000eb5  UARTDisable                    
00000f1d  UARTEnable                     
00000fe9  UARTIntEnable                  
20000a80  __STACK_END                    
00000200  __STACK_SIZE                   
20000a80  __STACK_TOP                    
00001328  __TI_CINIT_Base                
00001340  __TI_CINIT_Limit               
0000130c  __TI_Handler_Table_Base        
00001318  __TI_Handler_Table_Limit       
00000a21  __TI_auto_init                 
20000a80  __TI_cleanup_ptr               
00000af9  __TI_decompress_lzss           
00000f99  __TI_decompress_none           
20000a84  __TI_dtors_ptr                 
20000a88  __TI_enable_exit_profile_output
ffffffff  __TI_pprof_out_hndl            
ffffffff  __TI_prof_data_size            
ffffffff  __TI_prof_data_start           
00000000  __TI_static_base__             
00000fbf  __TI_zero_init                 
000009a5  __aeabi_memclr                 
000009a5  __aeabi_memclr4                
000009a5  __aeabi_memclr8                
00000909  __aeabi_memcpy                 
00000909  __aeabi_memcpy4                
00000909  __aeabi_memcpy8                
000009a7  __aeabi_memset                 
000009a7  __aeabi_memset4                
000009a7  __aeabi_memset8                
ffffffff  __binit__                      
ffffffff  __c_args__                     
00000703  __mpu_init                     
20000880  __stack                        
00000f05  _args_main                     
00000c19  _c_int00                       
20000a8c  _lock                          
00000f3f  _nop                           
00000f37  _register_lock                 
00000f31  _register_unlock               
00000a1f  _system_post_cinit             
00001003  _system_pre_init               
20000a90  _unlock                        
00000c71  abort                          
ffffffff  binit                          
00000509  config_GPIO                    
000004cb  config_timer                   
00000cc1  copy_in                        
20000858  data_in_ptr                    
00000c79  exit                           
2000026c  final_buff                     
2000085c  final_buff_ptr                 
20000860  first_start                    
20000000  g_pfnRAMVectors                
00000000  g_pfnVectors                   
0000035f  gpiob_interrupt_handler        
0000026d  init_zero                      
00000d9d  main                           
20000a94  main_func_sp                   
00000909  memcpy                         
000009ad  memset                         
20000864  offset                         
20000868  rx_counter                     
2000086c  save_start                     
20000848  see_bit                        
20000870  see_bit_counter                
20000874  see_bit_start                  
20000878  sv_st_tmp                      
000002ef  uart_rx                        
2000087c  urt_send_counter               


GLOBAL SYMBOLS: SORTED BY Symbol Address 

address   name                           
-------   ----                           
00000000  __TI_static_base__             
00000000  g_pfnVectors                   
00000200  __STACK_SIZE                   
0000026d  init_zero                      
000002ef  uart_rx                        
0000035f  gpiob_interrupt_handler        
000004cb  config_timer                   
00000509  config_GPIO                    
000005d1  GPIOPadConfigSet               
00000703  __mpu_init                     
00000705  SysCtlClockGet                 
00000815  SysCtlClockSet                 
00000909  __aeabi_memcpy                 
00000909  __aeabi_memcpy4                
00000909  __aeabi_memcpy8                
00000909  memcpy                         
000009a5  __aeabi_memclr                 
000009a5  __aeabi_memclr4                
000009a5  __aeabi_memclr8                
000009a7  __aeabi_memset                 
000009a7  __aeabi_memset4                
000009a7  __aeabi_memset8                
000009ad  memset                         
00000a1f  _system_post_cinit             
00000a21  __TI_auto_init                 
00000a91  IntEnable                      
00000af9  __TI_decompress_lzss           
00000b61  TimerConfigure                 
00000bc1  GPIOIntTypeSet                 
00000c19  _c_int00                       
00000c6d  C$$EXIT                        
00000c71  abort                          
00000c79  exit                           
00000cc1  copy_in                        
00000d0d  GPIOPinConfigure               
00000d55  UARTConfigSetExpClk            
00000d9d  main                           
00000e21  IntRegister                    
00000e55  SysCtlPeripheralEnable         
00000e89  GPIODirModeSet                 
00000eb5  UARTDisable                    
00000ed5  GPIOIntRegister                
00000eed  GPIOPinTypeGPIOOutput          
00000f05  _args_main                     
00000f1d  UARTEnable                     
00000f31  _register_unlock               
00000f37  _register_lock                 
00000f3f  _nop                           
00000f45  GPIOPinTypeGPIOInput           
00000f57  GPIOPinTypeUART                
00000f69  TimerLoadSet                   
00000f7b  IntMasterEnable                
00000f8b  GPIOIntDisable                 
00000f99  __TI_decompress_none           
00000fa7  CPUcpsie                       
00000fb3  GPIOIntEnable                  
00000fbf  __TI_zero_init                 
00000fcb  ResetISR                       
00000fd7  UARTCharPut                    
00000fe1  TimerIntEnable                 
00000fe9  UARTIntEnable                  
00000ff1  GPIOIntClear                   
00000ff7  GPIOPinRead                    
00000ffd  SysCtlDelay                    
00001003  _system_pre_init               
0000130c  __TI_Handler_Table_Base        
00001318  __TI_Handler_Table_Limit       
00001328  __TI_CINIT_Base                
00001340  __TI_CINIT_Limit               
20000000  g_pfnRAMVectors                
2000026c  final_buff                     
20000848  see_bit                        
20000858  data_in_ptr                    
2000085c  final_buff_ptr                 
20000860  first_start                    
20000864  offset                         
20000868  rx_counter                     
2000086c  save_start                     
20000870  see_bit_counter                
20000874  see_bit_start                  
20000878  sv_st_tmp                      
2000087c  urt_send_counter               
20000880  __stack                        
20000a80  __STACK_END                    
20000a80  __STACK_TOP                    
20000a80  __TI_cleanup_ptr               
20000a84  __TI_dtors_ptr                 
20000a88  __TI_enable_exit_profile_output
20000a8c  _lock                          
20000a90  _unlock                        
20000a94  main_func_sp                   
ffffffff  __TI_pprof_out_hndl            
ffffffff  __TI_prof_data_size            
ffffffff  __TI_prof_data_start           
ffffffff  __binit__                      
ffffffff  __c_args__                     
ffffffff  binit                          
UNDEFED   SHT$$INIT_ARRAY$$Base          
UNDEFED   SHT$$INIT_ARRAY$$Limit         

[99 symbols]
