******************************************************************************
                  TI ARM Linker Unix v16.9.0                   
******************************************************************************
>> Linked Mon Mar  6 16:49:02 2017

OUTPUT FILE NAME:   <Receiver_vlc.out>
ENTRY POINT SYMBOL: "_c_int00"  address: 00000ca5


MEMORY CONFIGURATION

         name            origin    length      used     unused   attr    fill
----------------------  --------  ---------  --------  --------  ----  --------
  FLASH                 00000000   00040000  000013a2  0003ec5e  R  X
  SRAM                  20000000   00008000  0000068d  00007973  RW X


SEGMENT ALLOCATION MAP

run origin  load origin   length   init length attrs members
----------  ----------- ---------- ----------- ----- -------
00000000    00000000    000013a8   000013a8    r-x
  00000000    00000000    0000026c   0000026c    r-- .intvecs
  0000026c    0000026c    00000e02   00000e02    r-x .text
  00001070    00001070    000002ec   000002ec    r-- .const
  00001360    00001360    00000048   00000048    r-- .cinit
20000000    20000000    00000690   00000000    rw-
  20000000    20000000    0000026c   00000000    rw- .vtable
  2000026c    2000026c    00000209   00000000    rw- .bss
  20000478    20000478    00000200   00000000    rw- .stack
  20000678    20000678    00000018   00000000    rw- .data


SECTION ALLOCATION MAP

 output                                  attributes/
section   page    origin      length       input sections
--------  ----  ----------  ----------   ----------------
.intvecs   0    00000000    0000026c     
                  00000000    0000026c     tm4c123gh6pm_startup_ccs.obj (.intvecs)

.text      0    0000026c    00000e02     
                  0000026c    00000290     uart_rx_testing.obj (.text)
                  000004fc    00000132     driverlib.lib : gpio.obj (.text:GPIOPadConfigSet)
                  0000062e    00000002     rtsv7M4_T_le_v4SPD16_eabi.lib : mpu_init.obj (.text)
                  00000630    0000012c     read_data_xtal.obj (.text)
                  0000075c    00000110     driverlib.lib : sysctl.obj (.text:SysCtlClockGet)
                  0000086c    000000f4                   : sysctl.obj (.text:SysCtlClockSet)
                  00000960    0000009c     rtsv7M4_T_le_v4SPD16_eabi.lib : memcpy_t2.obj (.text)
                  000009fc    00000094     receiver_main.obj (.text)
                  00000a90    0000007a     rtsv7M4_T_le_v4SPD16_eabi.lib : memset_t2.obj (.text)
                  00000b0a    00000002                                   : startup.obj (.text)
                  00000b0c    00000070                                   : autoinit.obj (.text)
                  00000b7c    00000068     driverlib.lib : interrupt.obj (.text:IntEnable)
                  00000be4    00000068     rtsv7M4_T_le_v4SPD16_eabi.lib : copy_decompress_lzss.obj (.text:decompress:lzss)
                  00000c4c    00000056     driverlib.lib : gpio.obj (.text:GPIOIntTypeSet)
                  00000ca2    00000002     --HOLE-- [fill = 0]
                  00000ca4    00000054     rtsv7M4_T_le_v4SPD16_eabi.lib : boot.obj (.text)
                  00000cf8    00000054                                   : exit.obj (.text)
                  00000d4c    0000004c                                   : cpy_tbl.obj (.text)
                  00000d98    00000048     driverlib.lib : gpio.obj (.text:GPIOPinConfigure)
                  00000de0    00000046                   : uart.obj (.text:UARTConfigSetExpClk)
                  00000e26    00000002     --HOLE-- [fill = 0]
                  00000e28    00000040                   : gpio.obj (.text:_GPIOIntNumberGet)
                  00000e68    00000034                   : interrupt.obj (.text:IntRegister)
                  00000e9c    00000034                   : sysctl.obj (.text:SysCtlPeripheralEnable)
                  00000ed0    0000002a                   : gpio.obj (.text:GPIODirModeSet)
                  00000efa    00000002     --HOLE-- [fill = 0]
                  00000efc    00000020                   : uart.obj (.text:UARTDisable)
                  00000f1c    00000018                   : gpio.obj (.text:GPIOIntRegister)
                  00000f34    00000018                   : gpio.obj (.text:GPIOPinTypeGPIOOutput)
                  00000f4c    00000018     rtsv7M4_T_le_v4SPD16_eabi.lib : args_main.obj (.text)
                  00000f64    00000014     driverlib.lib : uart.obj (.text:UARTEnable)
                  00000f78    00000014     rtsv7M4_T_le_v4SPD16_eabi.lib : _lock.obj (.text)
                  00000f8c    00000012     driverlib.lib : gpio.obj (.text:GPIOPinTypeGPIOInput)
                  00000f9e    00000012                   : gpio.obj (.text:GPIOPinTypeUART)
                  00000fb0    00000010                   : interrupt.obj (.text:IntMasterEnable)
                  00000fc0    0000000e                   : gpio.obj (.text:GPIOIntDisable)
                  00000fce    0000000e                   : gpio.obj (.text:GPIOIntStatus)
                  00000fdc    0000000e                   : uart.obj (.text:UARTCharsAvail)
                  00000fea    0000000e     rtsv7M4_T_le_v4SPD16_eabi.lib : copy_decompress_none.obj (.text:decompress:none)
                  00000ff8    0000000c     driverlib.lib : cpu.obj (.text:CPUcpsie)
                  00001004    0000000c                   : gpio.obj (.text:GPIOIntEnable)
                  00001010    0000000c     rtsv7M4_T_le_v4SPD16_eabi.lib : copy_zero_init.obj (.text:decompress:ZI)
                  0000101c    0000000c     tm4c123gh6pm_startup_ccs.obj (.text)
                  00001028    0000000a     driverlib.lib : uart.obj (.text:UARTCharGet)
                  00001032    0000000a                   : uart.obj (.text:UARTCharPut)
                  0000103c    0000000a                   : uart.obj (.text:UARTIntStatus)
                  00001046    00000008                   : uart.obj (.text:UARTIntEnable)
                  0000104e    00000006                   : gpio.obj (.text:GPIOIntClear)
                  00001054    00000006                   : gpio.obj (.text:GPIOPinRead)
                  0000105a    00000006                   : gpio.obj (.text:GPIOPinWrite)
                  00001060    00000006                   : sysctl.obj (.text:SysCtlDelay)
                  00001066    00000004                   : uart.obj (.text:UARTIntClear)
                  0000106a    00000004     rtsv7M4_T_le_v4SPD16_eabi.lib : pre_init.obj (.text)

.const     0    00001070    000002ec     
                  00001070    000000c0     driverlib.lib : gpio.obj (.const:g_ppui32GPIOIntMapBlizzard)
                  00001130    000000c0                   : gpio.obj (.const:g_ppui32GPIOIntMapSnowflake)
                  000011f0    00000090                   : gpio.obj (.const:g_pui32GPIOBaseAddrs)
                  00001280    00000070                   : interrupt.obj (.const)
                  000012f0    0000006c                   : sysctl.obj (.const:g_pui32Xtals)

.cinit     0    00001360    00000048     
                  00001360    00000011     (.cinit..data.load) [load image, compression = lzss]
                  00001371    00000003     --HOLE-- [fill = 0]
                  00001374    0000000c     (__TI_handler_table)
                  00001380    00000008     (.cinit..bss.load) [load image, compression = zero_init]
                  00001388    00000008     (.cinit..vtable.load) [load image, compression = zero_init]
                  00001390    00000018     (__TI_cinit_table)

.init_array 
*          0    00000000    00000000     UNINITIALIZED

.vtable    0    20000000    0000026c     UNINITIALIZED
                  20000000    0000026c     driverlib.lib : interrupt.obj (.vtable)

.bss       0    2000026c    00000209     UNINITIALIZED
                  2000026c    00000190     (.common:data_in)
                  200003fc    00000064     (.common:character_get)
                  20000460    00000008     (.common:character)
                  20000468    00000008     (.common:see_bit)
                  20000470    00000004     (.common:counter)
                  20000474    00000001     (.common:char_to_send)

.data      0    20000678    00000018     UNINITIALIZED
                  20000678    0000000c     rtsv7M4_T_le_v4SPD16_eabi.lib : exit.obj (.data:$O1$$)
                  20000684    00000008                                   : _lock.obj (.data:$O1$$)
                  2000068c    00000004                                   : stkdepth_vars.obj (.data)

.stack     0    20000478    00000200     UNINITIALIZED
                  20000478    00000200     --HOLE--

MODULE SUMMARY

       Module                         code   ro data   rw data
       ------                         ----   -------   -------
    ./
       uart_rx_testing.obj            656    0         109    
       read_data_xtal.obj             300    0         412    
       tm4c123gh6pm_startup_ccs.obj   12     620       0      
       receiver_main.obj              148    0         0      
    +--+------------------------------+------+---------+---------+
       Total:                         1116   620       521    
                                                              
    /home/arktheshadow/ti/SW-EK-TM4C123GXL-2.1.3.156/driverlib/ccs/Debug/driverlib.lib
       gpio.obj                       712    528       0      
       interrupt.obj                  172    112       620    
       sysctl.obj                     574    108       0      
       uart.obj                       178    0         0      
       cpu.obj                        12     0         0      
    +--+------------------------------+------+---------+---------+
       Total:                         1648   748       620    
                                                              
    /home/arktheshadow/ti/ccsv7/tools/compiler/ti-cgt-arm_16.9.0.LTS/lib/rtsv7M4_T_le_v4SPD16_eabi.lib
       memcpy_t2.obj                  156    0         0      
       memset_t2.obj                  122    0         0      
       autoinit.obj                   112    0         0      
       copy_decompress_lzss.obj       104    0         0      
       exit.obj                       84     0         12     
       boot.obj                       84     0         0      
       cpy_tbl.obj                    76     0         0      
       _lock.obj                      20     0         8      
       args_main.obj                  24     0         0      
       copy_decompress_none.obj       14     0         0      
       copy_zero_init.obj             12     0         0      
       pre_init.obj                   4      0         0      
       stkdepth_vars.obj              0      0         4      
       mpu_init.obj                   2      0         0      
       startup.obj                    2      0         0      
    +--+------------------------------+------+---------+---------+
       Total:                         816    0         24     
                                                              
       Stack:                         0      0         512    
       Linker Generated:              0      69        0      
    +--+------------------------------+------+---------+---------+
       Grand Total:                   3580   1437      1677   


LINKER GENERATED COPY TABLES

__TI_cinit_table @ 00001390 records: 3, size/record: 8, table size: 24
	.data: load addr=00001360, load size=00000011 bytes, run addr=20000678, run size=00000018 bytes, compression=lzss
	.bss: load addr=00001380, load size=00000008 bytes, run addr=2000026c, run size=00000209 bytes, compression=zero_init
	.vtable: load addr=00001388, load size=00000008 bytes, run addr=20000000, run size=0000026c bytes, compression=zero_init


LINKER GENERATED HANDLER TABLE

__TI_handler_table @ 00001374 records: 3, size/record: 4, table size: 12
	index: 0, handler: __TI_zero_init
	index: 1, handler: __TI_decompress_lzss
	index: 2, handler: __TI_decompress_none


GLOBAL SYMBOLS: SORTED ALPHABETICALLY BY Name 

address   name                           
-------   ----                           
00000cf9  C$$EXIT                        
00000ff9  CPUcpsie                       
00000ed1  GPIODirModeSet                 
0000104f  GPIOIntClear                   
00000fc1  GPIOIntDisable                 
00001005  GPIOIntEnable                  
00000f1d  GPIOIntRegister                
00000fcf  GPIOIntStatus                  
00000c4d  GPIOIntTypeSet                 
000004fd  GPIOPadConfigSet               
00000d99  GPIOPinConfigure               
00001055  GPIOPinRead                    
00000f8d  GPIOPinTypeGPIOInput           
00000f35  GPIOPinTypeGPIOOutput          
00000f9f  GPIOPinTypeUART                
0000105b  GPIOPinWrite                   
00000b7d  IntEnable                      
00000fb1  IntMasterEnable                
00000e69  IntRegister                    
0000035b  PortFIntHandler                
0000101d  ResetISR                       
UNDEFED   SHT$$INIT_ARRAY$$Base          
UNDEFED   SHT$$INIT_ARRAY$$Limit         
0000075d  SysCtlClockGet                 
0000086d  SysCtlClockSet                 
00001061  SysCtlDelay                    
00000e9d  SysCtlPeripheralEnable         
00001029  UARTCharGet                    
00001033  UARTCharPut                    
00000fdd  UARTCharsAvail                 
00000de1  UARTConfigSetExpClk            
00000efd  UARTDisable                    
00000f65  UARTEnable                     
00001067  UARTIntClear                   
00001047  UARTIntEnable                  
000003f9  UARTIntHandler                 
0000103d  UARTIntStatus                  
20000678  __STACK_END                    
00000200  __STACK_SIZE                   
20000678  __STACK_TOP                    
00001390  __TI_CINIT_Base                
000013a8  __TI_CINIT_Limit               
00001374  __TI_Handler_Table_Base        
00001380  __TI_Handler_Table_Limit       
00000b0d  __TI_auto_init                 
20000678  __TI_cleanup_ptr               
00000be5  __TI_decompress_lzss           
00000feb  __TI_decompress_none           
2000067c  __TI_dtors_ptr                 
20000680  __TI_enable_exit_profile_output
ffffffff  __TI_pprof_out_hndl            
ffffffff  __TI_prof_data_size            
ffffffff  __TI_prof_data_start           
00000000  __TI_static_base__             
00001011  __TI_zero_init                 
00000a91  __aeabi_memclr                 
00000a91  __aeabi_memclr4                
00000a91  __aeabi_memclr8                
00000961  __aeabi_memcpy                 
00000961  __aeabi_memcpy4                
00000961  __aeabi_memcpy8                
00000a93  __aeabi_memset                 
00000a93  __aeabi_memset4                
00000a93  __aeabi_memset8                
ffffffff  __binit__                      
ffffffff  __c_args__                     
0000062f  __mpu_init                     
20000478  __stack                        
00000f4d  _args_main                     
00000ca5  _c_int00                       
20000684  _lock                          
00000f87  _nop                           
00000f7f  _register_lock                 
00000f79  _register_unlock               
00000b0b  _system_post_cinit             
0000106b  _system_pre_init               
20000688  _unlock                        
00000cfd  abort                          
ffffffff  binit                          
000003b5  bool_to_uint8                  
20000474  char_to_send                   
20000460  character                      
200003fc  character_get                  
000006e3  config_GPIO                    
00000471  convert_char_to_bin            
00000d4d  copy_in                        
20000470  counter                        
2000026c  data_in                        
00000631  demod                          
00000d05  exit                           
20000000  g_pfnRAMVectors                
00000000  g_pfnVectors                   
00000689  gpiob_interrupt_handler        
000009fd  main                           
2000068c  main_func_sp                   
00000961  memcpy                         
00000a99  memset                         
0000026d  rx_tester                      
20000468  see_bit                        
000004bb  send_bin                       
0000034d  send_char                      


GLOBAL SYMBOLS: SORTED BY Symbol Address 

address   name                           
-------   ----                           
00000000  __TI_static_base__             
00000000  g_pfnVectors                   
00000200  __STACK_SIZE                   
0000026d  rx_tester                      
0000034d  send_char                      
0000035b  PortFIntHandler                
000003b5  bool_to_uint8                  
000003f9  UARTIntHandler                 
00000471  convert_char_to_bin            
000004bb  send_bin                       
000004fd  GPIOPadConfigSet               
0000062f  __mpu_init                     
00000631  demod                          
00000689  gpiob_interrupt_handler        
000006e3  config_GPIO                    
0000075d  SysCtlClockGet                 
0000086d  SysCtlClockSet                 
00000961  __aeabi_memcpy                 
00000961  __aeabi_memcpy4                
00000961  __aeabi_memcpy8                
00000961  memcpy                         
000009fd  main                           
00000a91  __aeabi_memclr                 
00000a91  __aeabi_memclr4                
00000a91  __aeabi_memclr8                
00000a93  __aeabi_memset                 
00000a93  __aeabi_memset4                
00000a93  __aeabi_memset8                
00000a99  memset                         
00000b0b  _system_post_cinit             
00000b0d  __TI_auto_init                 
00000b7d  IntEnable                      
00000be5  __TI_decompress_lzss           
00000c4d  GPIOIntTypeSet                 
00000ca5  _c_int00                       
00000cf9  C$$EXIT                        
00000cfd  abort                          
00000d05  exit                           
00000d4d  copy_in                        
00000d99  GPIOPinConfigure               
00000de1  UARTConfigSetExpClk            
00000e69  IntRegister                    
00000e9d  SysCtlPeripheralEnable         
00000ed1  GPIODirModeSet                 
00000efd  UARTDisable                    
00000f1d  GPIOIntRegister                
00000f35  GPIOPinTypeGPIOOutput          
00000f4d  _args_main                     
00000f65  UARTEnable                     
00000f79  _register_unlock               
00000f7f  _register_lock                 
00000f87  _nop                           
00000f8d  GPIOPinTypeGPIOInput           
00000f9f  GPIOPinTypeUART                
00000fb1  IntMasterEnable                
00000fc1  GPIOIntDisable                 
00000fcf  GPIOIntStatus                  
00000fdd  UARTCharsAvail                 
00000feb  __TI_decompress_none           
00000ff9  CPUcpsie                       
00001005  GPIOIntEnable                  
00001011  __TI_zero_init                 
0000101d  ResetISR                       
00001029  UARTCharGet                    
00001033  UARTCharPut                    
0000103d  UARTIntStatus                  
00001047  UARTIntEnable                  
0000104f  GPIOIntClear                   
00001055  GPIOPinRead                    
0000105b  GPIOPinWrite                   
00001061  SysCtlDelay                    
00001067  UARTIntClear                   
0000106b  _system_pre_init               
00001374  __TI_Handler_Table_Base        
00001380  __TI_Handler_Table_Limit       
00001390  __TI_CINIT_Base                
000013a8  __TI_CINIT_Limit               
20000000  g_pfnRAMVectors                
2000026c  data_in                        
200003fc  character_get                  
20000460  character                      
20000468  see_bit                        
20000470  counter                        
20000474  char_to_send                   
20000478  __stack                        
20000678  __STACK_END                    
20000678  __STACK_TOP                    
20000678  __TI_cleanup_ptr               
2000067c  __TI_dtors_ptr                 
20000680  __TI_enable_exit_profile_output
20000684  _lock                          
20000688  _unlock                        
2000068c  main_func_sp                   
ffffffff  __TI_pprof_out_hndl            
ffffffff  __TI_prof_data_size            
ffffffff  __TI_prof_data_start           
ffffffff  __binit__                      
ffffffff  __c_args__                     
ffffffff  binit                          
UNDEFED   SHT$$INIT_ARRAY$$Base          
UNDEFED   SHT$$INIT_ARRAY$$Limit         

[101 symbols]
