<?xml version="1.0"?>
<link_info>
   <banner>TI ARM Linker Unix v16.9.0.LTS</banner>
   <copyright>Copyright (c) 1996-2015 Texas Instruments Incorporated</copyright>
   <link_time>0x58e90303</link_time>
   <link_errors>0x0</link_errors>
   <output_file>tx_using_usb.out</output_file>
   <entry_point>
      <name>_c_int00</name>
      <address>0x246d</address>
   </entry_point>
   <input_file_list>
      <input_file id="fl-2">
         <path>./</path>
         <kind>object</kind>
         <file>startup_ccs.obj</file>
         <name>startup_ccs.obj</name>
      </input_file>
      <input_file id="fl-3">
         <path>./</path>
         <kind>object</kind>
         <file>tx_direct_buffer.obj</file>
         <name>tx_direct_buffer.obj</name>
      </input_file>
      <input_file id="fl-4">
         <path>./</path>
         <kind>object</kind>
         <file>tx_usb_dev_bulk.obj</file>
         <name>tx_usb_dev_bulk.obj</name>
      </input_file>
      <input_file id="fl-5">
         <path>./</path>
         <kind>object</kind>
         <file>usb_bulk_structs.obj</file>
         <name>usb_bulk_structs.obj</name>
      </input_file>
      <input_file id="fl-6">
         <path>./utils/</path>
         <kind>object</kind>
         <file>uartstdio.obj</file>
         <name>uartstdio.obj</name>
      </input_file>
      <input_file id="fl-7">
         <path>./utils/</path>
         <kind>object</kind>
         <file>ustdlib.obj</file>
         <name>ustdlib.obj</name>
      </input_file>
      <input_file id="fl-c3">
         <path>/home/arktheshadow/ti/ccsv7/tools/compiler/ti-cgt-arm_16.9.0.LTS/lib/</path>
         <kind>archive</kind>
         <file>rtsv7M4_T_le_v4SPD16_eabi.lib</file>
         <name>boot.obj</name>
      </input_file>
      <input_file id="fl-c4">
         <path>/home/arktheshadow/ti/ccsv7/tools/compiler/ti-cgt-arm_16.9.0.LTS/lib/</path>
         <kind>archive</kind>
         <file>rtsv7M4_T_le_v4SPD16_eabi.lib</file>
         <name>copy_decompress_lzss.obj</name>
      </input_file>
      <input_file id="fl-c5">
         <path>/home/arktheshadow/ti/ccsv7/tools/compiler/ti-cgt-arm_16.9.0.LTS/lib/</path>
         <kind>archive</kind>
         <file>rtsv7M4_T_le_v4SPD16_eabi.lib</file>
         <name>copy_decompress_none.obj</name>
      </input_file>
      <input_file id="fl-c6">
         <path>/home/arktheshadow/ti/ccsv7/tools/compiler/ti-cgt-arm_16.9.0.LTS/lib/</path>
         <kind>archive</kind>
         <file>rtsv7M4_T_le_v4SPD16_eabi.lib</file>
         <name>copy_zero_init.obj</name>
      </input_file>
      <input_file id="fl-c7">
         <path>/home/arktheshadow/ti/ccsv7/tools/compiler/ti-cgt-arm_16.9.0.LTS/lib/</path>
         <kind>archive</kind>
         <file>rtsv7M4_T_le_v4SPD16_eabi.lib</file>
         <name>exit.obj</name>
      </input_file>
      <input_file id="fl-c8">
         <path>/home/arktheshadow/ti/ccsv7/tools/compiler/ti-cgt-arm_16.9.0.LTS/lib/</path>
         <kind>archive</kind>
         <file>rtsv7M4_T_le_v4SPD16_eabi.lib</file>
         <name>memcpy_t2.obj</name>
      </input_file>
      <input_file id="fl-c9">
         <path>/home/arktheshadow/ti/ccsv7/tools/compiler/ti-cgt-arm_16.9.0.LTS/lib/</path>
         <kind>archive</kind>
         <file>rtsv7M4_T_le_v4SPD16_eabi.lib</file>
         <name>memset_t2.obj</name>
      </input_file>
      <input_file id="fl-ca">
         <path>/home/arktheshadow/ti/ccsv7/tools/compiler/ti-cgt-arm_16.9.0.LTS/lib/</path>
         <kind>archive</kind>
         <file>rtsv7M4_T_le_v4SPD16_eabi.lib</file>
         <name>mpu_init.obj</name>
      </input_file>
      <input_file id="fl-cb">
         <path>/home/arktheshadow/ti/ccsv7/tools/compiler/ti-cgt-arm_16.9.0.LTS/lib/</path>
         <kind>archive</kind>
         <file>rtsv7M4_T_le_v4SPD16_eabi.lib</file>
         <name>pre_init.obj</name>
      </input_file>
      <input_file id="fl-cc">
         <path>/home/arktheshadow/ti/ccsv7/tools/compiler/ti-cgt-arm_16.9.0.LTS/lib/</path>
         <kind>archive</kind>
         <file>rtsv7M4_T_le_v4SPD16_eabi.lib</file>
         <name>stkdepth_vars.obj</name>
      </input_file>
      <input_file id="fl-cd">
         <path>/home/arktheshadow/ti/ccsv7/tools/compiler/ti-cgt-arm_16.9.0.LTS/lib/</path>
         <kind>archive</kind>
         <file>rtsv7M4_T_le_v4SPD16_eabi.lib</file>
         <name>u_divt2.obj</name>
      </input_file>
      <input_file id="fl-ce">
         <path>/home/arktheshadow/ti/ccsv7/tools/compiler/ti-cgt-arm_16.9.0.LTS/lib/</path>
         <kind>archive</kind>
         <file>rtsv7M4_T_le_v4SPD16_eabi.lib</file>
         <name>_lock.obj</name>
      </input_file>
      <input_file id="fl-cf">
         <path>/home/arktheshadow/ti/ccsv7/tools/compiler/ti-cgt-arm_16.9.0.LTS/lib/</path>
         <kind>archive</kind>
         <file>rtsv7M4_T_le_v4SPD16_eabi.lib</file>
         <name>args_main.obj</name>
      </input_file>
      <input_file id="fl-d0">
         <path>/home/arktheshadow/ti/ccsv7/tools/compiler/ti-cgt-arm_16.9.0.LTS/lib/</path>
         <kind>archive</kind>
         <file>rtsv7M4_T_le_v4SPD16_eabi.lib</file>
         <name>autoinit.obj</name>
      </input_file>
      <input_file id="fl-d1">
         <path>/home/arktheshadow/ti/ccsv7/tools/compiler/ti-cgt-arm_16.9.0.LTS/lib/</path>
         <kind>archive</kind>
         <file>rtsv7M4_T_le_v4SPD16_eabi.lib</file>
         <name>cpy_tbl.obj</name>
      </input_file>
      <input_file id="fl-d2">
         <path>/home/arktheshadow/ti/ccsv7/tools/compiler/ti-cgt-arm_16.9.0.LTS/lib/</path>
         <kind>archive</kind>
         <file>rtsv7M4_T_le_v4SPD16_eabi.lib</file>
         <name>i_div0.obj</name>
      </input_file>
      <input_file id="fl-d3">
         <path>/home/arktheshadow/ti/ccsv7/tools/compiler/ti-cgt-arm_16.9.0.LTS/lib/</path>
         <kind>archive</kind>
         <file>rtsv7M4_T_le_v4SPD16_eabi.lib</file>
         <name>startup.obj</name>
      </input_file>
      <input_file id="fl-d4">
         <path>/home/arktheshadow/ti/SW-EK-TM4C123GXL-2.1.3.156/driverlib/ccs/Debug/</path>
         <kind>archive</kind>
         <file>driverlib.lib</file>
         <name>gpio.obj</name>
      </input_file>
      <input_file id="fl-d5">
         <path>/home/arktheshadow/ti/SW-EK-TM4C123GXL-2.1.3.156/driverlib/ccs/Debug/</path>
         <kind>archive</kind>
         <file>driverlib.lib</file>
         <name>interrupt.obj</name>
      </input_file>
      <input_file id="fl-d6">
         <path>/home/arktheshadow/ti/SW-EK-TM4C123GXL-2.1.3.156/driverlib/ccs/Debug/</path>
         <kind>archive</kind>
         <file>driverlib.lib</file>
         <name>sysctl.obj</name>
      </input_file>
      <input_file id="fl-d7">
         <path>/home/arktheshadow/ti/SW-EK-TM4C123GXL-2.1.3.156/driverlib/ccs/Debug/</path>
         <kind>archive</kind>
         <file>driverlib.lib</file>
         <name>timer.obj</name>
      </input_file>
      <input_file id="fl-d8">
         <path>/home/arktheshadow/ti/SW-EK-TM4C123GXL-2.1.3.156/driverlib/ccs/Debug/</path>
         <kind>archive</kind>
         <file>driverlib.lib</file>
         <name>uart.obj</name>
      </input_file>
      <input_file id="fl-d9">
         <path>/home/arktheshadow/ti/SW-EK-TM4C123GXL-2.1.3.156/driverlib/ccs/Debug/</path>
         <kind>archive</kind>
         <file>driverlib.lib</file>
         <name>cpu.obj</name>
      </input_file>
      <input_file id="fl-da">
         <path>/home/arktheshadow/ti/SW-EK-TM4C123GXL-2.1.3.156/usblib/ccs/Debug/</path>
         <kind>archive</kind>
         <file>usblib.lib</file>
         <name>usbbuffer.obj</name>
      </input_file>
      <input_file id="fl-db">
         <path>/home/arktheshadow/ti/SW-EK-TM4C123GXL-2.1.3.156/usblib/ccs/Debug/</path>
         <kind>archive</kind>
         <file>usblib.lib</file>
         <name>usbmode.obj</name>
      </input_file>
      <input_file id="fl-dc">
         <path>/home/arktheshadow/ti/SW-EK-TM4C123GXL-2.1.3.156/usblib/ccs/Debug/</path>
         <kind>archive</kind>
         <file>usblib.lib</file>
         <name>usbringbuf.obj</name>
      </input_file>
      <input_file id="fl-dd">
         <path>/home/arktheshadow/ti/SW-EK-TM4C123GXL-2.1.3.156/usblib/ccs/Debug/</path>
         <kind>archive</kind>
         <file>usblib.lib</file>
         <name>usbtick.obj</name>
      </input_file>
      <input_file id="fl-de">
         <path>/home/arktheshadow/ti/SW-EK-TM4C123GXL-2.1.3.156/usblib/ccs/Debug/</path>
         <kind>archive</kind>
         <file>usblib.lib</file>
         <name>usbhostenum.obj</name>
      </input_file>
      <input_file id="fl-df">
         <path>/home/arktheshadow/ti/SW-EK-TM4C123GXL-2.1.3.156/usblib/ccs/Debug/</path>
         <kind>archive</kind>
         <file>usblib.lib</file>
         <name>usbdbulk.obj</name>
      </input_file>
      <input_file id="fl-e0">
         <path>/home/arktheshadow/ti/SW-EK-TM4C123GXL-2.1.3.156/usblib/ccs/Debug/</path>
         <kind>archive</kind>
         <file>usblib.lib</file>
         <name>usbdenum.obj</name>
      </input_file>
      <input_file id="fl-e1">
         <path>/home/arktheshadow/ti/SW-EK-TM4C123GXL-2.1.3.156/usblib/ccs/Debug/</path>
         <kind>archive</kind>
         <file>usblib.lib</file>
         <name>usbdhandler.obj</name>
      </input_file>
      <input_file id="fl-e2">
         <path>/home/arktheshadow/ti/SW-EK-TM4C123GXL-2.1.3.156/usblib/ccs/Debug/</path>
         <kind>archive</kind>
         <file>usblib.lib</file>
         <name>usbdesc.obj</name>
      </input_file>
      <input_file id="fl-e3">
         <path>/home/arktheshadow/ti/SW-EK-TM4C123GXL-2.1.3.156/usblib/ccs/Debug/</path>
         <kind>archive</kind>
         <file>usblib.lib</file>
         <name>usbdma.obj</name>
      </input_file>
      <input_file id="fl-e4">
         <path>/home/arktheshadow/ti/SW-EK-TM4C123GXL-2.1.3.156/usblib/ccs/Debug/</path>
         <kind>archive</kind>
         <file>usblib.lib</file>
         <name>usbulpi.obj</name>
      </input_file>
      <input_file id="fl-e5">
         <path>/home/arktheshadow/ti/SW-EK-TM4C123GXL-2.1.3.156/usblib/ccs/Debug/</path>
         <kind>archive</kind>
         <file>usblib.lib</file>
         <name>usbhhub.obj</name>
      </input_file>
      <input_file id="fl-e6">
         <path>/home/arktheshadow/ti/SW-EK-TM4C123GXL-2.1.3.156/usblib/ccs/Debug/</path>
         <kind>archive</kind>
         <file>usblib.lib</file>
         <name>usbdcdesc.obj</name>
      </input_file>
      <input_file id="fl-e7">
         <path>/home/arktheshadow/ti/SW-EK-TM4C123GXL-2.1.3.156/usblib/ccs/Debug/</path>
         <kind>archive</kind>
         <file>usblib.lib</file>
         <name>usbdconfig.obj</name>
      </input_file>
      <input_file id="fl-e8">
         <path>/home/arktheshadow/ti/SW-EK-TM4C123GXL-2.1.3.156/driverlib/ccs/Debug/</path>
         <kind>archive</kind>
         <file>driverlib.lib</file>
         <name>udma.obj</name>
      </input_file>
      <input_file id="fl-e9">
         <path>/home/arktheshadow/ti/SW-EK-TM4C123GXL-2.1.3.156/driverlib/ccs/Debug/</path>
         <kind>archive</kind>
         <file>driverlib.lib</file>
         <name>usb.obj</name>
      </input_file>
   </input_file_list>
   <object_component_list>
      <object_component id="oc-f">
         <name>.intvecs</name>
         <load_address>0x0</load_address>
         <run_address>0x0</run_address>
         <size>0x26c</size>
         <input_file_ref idref="fl-2"/>
      </object_component>
      <object_component id="oc-297">
         <name>.text:UARTvprintf</name>
         <load_address>0x26c</load_address>
         <run_address>0x26c</run_address>
         <size>0x1ea</size>
         <input_file_ref idref="fl-6"/>
      </object_component>
      <object_component id="oc-37">
         <name>.text:FaultISR</name>
         <load_address>0x456</load_address>
         <run_address>0x456</run_address>
         <size>0x2</size>
         <input_file_ref idref="fl-2"/>
      </object_component>
      <object_component id="oc-49">
         <name>.text:UARTStdioIntHandler</name>
         <load_address>0x458</load_address>
         <run_address>0x458</run_address>
         <size>0x160</size>
         <input_file_ref idref="fl-6"/>
      </object_component>
      <object_component id="oc-3dd">
         <name>.text:USBLibDMAInit</name>
         <load_address>0x5b8</load_address>
         <run_address>0x5b8</run_address>
         <size>0x160</size>
         <input_file_ref idref="fl-e3"/>
      </object_component>
      <object_component id="oc-11f">
         <name>.text:main</name>
         <load_address>0x718</load_address>
         <run_address>0x718</run_address>
         <size>0x160</size>
         <input_file_ref idref="fl-4"/>
      </object_component>
      <object_component id="oc-2b8">
         <name>.text:USBDCDInit</name>
         <load_address>0x878</load_address>
         <run_address>0x878</run_address>
         <size>0x150</size>
         <input_file_ref idref="fl-e0"/>
      </object_component>
      <object_component id="oc-245">
         <name>.text:USBDEP0StateTxConfig</name>
         <load_address>0x9c8</load_address>
         <run_address>0x9c8</run_address>
         <size>0x150</size>
         <input_file_ref idref="fl-e0"/>
      </object_component>
      <object_component id="oc-f0">
         <name>.text:USBDeviceIntHandlerInternal</name>
         <load_address>0xb18</load_address>
         <run_address>0xb18</run_address>
         <size>0x150</size>
         <input_file_ref idref="fl-e0"/>
      </object_component>
      <object_component id="oc-61d">
         <name>.text:USBDeviceConfig</name>
         <load_address>0xc68</load_address>
         <run_address>0xc68</run_address>
         <size>0x148</size>
         <input_file_ref idref="fl-e7"/>
      </object_component>
      <object_component id="oc-33b">
         <name>.text:GPIOPadConfigSet</name>
         <load_address>0xdb0</load_address>
         <run_address>0xdb0</run_address>
         <size>0x132</size>
         <input_file_ref idref="fl-d4"/>
      </object_component>
      <object_component id="oc-3d">
         <name>.text:IntDefaultHandler</name>
         <load_address>0xee2</load_address>
         <run_address>0xee2</run_address>
         <size>0x2</size>
         <input_file_ref idref="fl-2"/>
      </object_component>
      <object_component id="oc-401">
         <name>.text:NayaData</name>
         <load_address>0xee4</load_address>
         <run_address>0xee4</run_address>
         <size>0xfc</size>
         <input_file_ref idref="fl-4"/>
      </object_component>
      <object_component id="oc-58a">
         <name>.text:iDMAUSBTransfer</name>
         <load_address>0xfe0</load_address>
         <run_address>0xfe0</run_address>
         <size>0xf4</size>
         <input_file_ref idref="fl-e3"/>
      </object_component>
      <object_component id="oc-46a">
         <name>.text:USBDGetDescriptor</name>
         <load_address>0x10d4</load_address>
         <run_address>0x10d4</run_address>
         <size>0xe4</size>
         <input_file_ref idref="fl-e0"/>
      </object_component>
      <object_component id="oc-175">
         <name>.text:USBDeviceEnumHandler</name>
         <load_address>0x11b8</load_address>
         <run_address>0x11b8</run_address>
         <size>0xd8</size>
         <input_file_ref idref="fl-e0"/>
      </object_component>
      <object_component id="oc-518">
         <name>.text:uDMAUSBChannelAllocate</name>
         <load_address>0x1290</load_address>
         <run_address>0x1290</run_address>
         <size>0xc4</size>
         <input_file_ref idref="fl-e3"/>
      </object_component>
      <object_component id="oc-42e">
         <name>.text:HandleRxAvailable</name>
         <load_address>0x1354</load_address>
         <run_address>0x1354</run_address>
         <size>0xbe</size>
         <input_file_ref idref="fl-da"/>
      </object_component>
      <object_component id="oc-55a">
         <name>.text:uDMAUSBTransfer</name>
         <load_address>0x1412</load_address>
         <run_address>0x1412</run_address>
         <size>0xbc</size>
         <input_file_ref idref="fl-e3"/>
      </object_component>
      <object_component id="oc-31">
         <name>.text:NmiSR</name>
         <load_address>0x14ce</load_address>
         <run_address>0x14ce</run_address>
         <size>0x2</size>
         <input_file_ref idref="fl-2"/>
      </object_component>
      <object_component id="oc-b7">
         <name>.text:UARTwrite</name>
         <load_address>0x14d0</load_address>
         <run_address>0x14d0</run_address>
         <size>0xa8</size>
         <input_file_ref idref="fl-6"/>
      </object_component>
      <object_component id="oc-2b2">
         <name>.text:USBDBulkCompositeInit</name>
         <load_address>0x1578</load_address>
         <run_address>0x1578</run_address>
         <size>0x9c</size>
         <input_file_ref idref="fl-df"/>
      </object_component>
      <object_component id="oc-69">
         <name>.text</name>
         <load_address>0x1614</load_address>
         <run_address>0x1614</run_address>
         <size>0x9c</size>
         <input_file_ref idref="fl-c8"/>
      </object_component>
      <object_component id="oc-488">
         <name>.text:USBDSetInterface</name>
         <load_address>0x16b0</load_address>
         <run_address>0x16b0</run_address>
         <size>0x98</size>
         <input_file_ref idref="fl-e0"/>
      </object_component>
      <object_component id="oc-5dc">
         <name>.text:ScheduleNextTransmission</name>
         <load_address>0x1748</load_address>
         <run_address>0x1748</run_address>
         <size>0x92</size>
         <input_file_ref idref="fl-da"/>
      </object_component>
      <object_component id="oc-566">
         <name>.text:iDMAUSBArbSizeSet</name>
         <load_address>0x17da</load_address>
         <run_address>0x17da</run_address>
         <size>0x2</size>
         <input_file_ref idref="fl-e3"/>
      </object_component>
      <object_component id="oc-47c">
         <name>.text:USBDSetConfiguration</name>
         <load_address>0x17dc</load_address>
         <run_address>0x17dc</run_address>
         <size>0x90</size>
         <input_file_ref idref="fl-e0"/>
      </object_component>
      <object_component id="oc-ab">
         <name>.text:UARTPrimeTransmit</name>
         <load_address>0x186c</load_address>
         <run_address>0x186c</run_address>
         <size>0x8c</size>
         <input_file_ref idref="fl-6"/>
      </object_component>
      <object_component id="oc-631">
         <name>.text:USBDeviceConfigAlternate</name>
         <load_address>0x18f8</load_address>
         <run_address>0x18f8</run_address>
         <size>0x8c</size>
         <input_file_ref idref="fl-e7"/>
      </object_component>
      <object_component id="oc-56c">
         <name>.text:iDMAUSBChannelAllocate</name>
         <load_address>0x1984</load_address>
         <run_address>0x1984</run_address>
         <size>0x84</size>
         <input_file_ref idref="fl-e3"/>
      </object_component>
      <object_component id="oc-6af">
         <name>.text:uDMAChannelTransferSet</name>
         <load_address>0x1a08</load_address>
         <run_address>0x1a08</run_address>
         <size>0x84</size>
         <input_file_ref idref="fl-e8"/>
      </object_component>
      <object_component id="oc-458">
         <name>.text:USBDClearFeature</name>
         <load_address>0x1a8c</load_address>
         <run_address>0x1a8c</run_address>
         <size>0x80</size>
         <input_file_ref idref="fl-e0"/>
      </object_component>
      <object_component id="oc-73d">
         <name>.text:USBDevEndpointConfigSet</name>
         <load_address>0x1b0c</load_address>
         <run_address>0x1b0c</run_address>
         <size>0x7a</size>
         <input_file_ref idref="fl-e9"/>
      </object_component>
      <object_component id="oc-75">
         <name>.text</name>
         <load_address>0x1b86</load_address>
         <run_address>0x1b86</run_address>
         <size>0x7a</size>
         <input_file_ref idref="fl-c9"/>
      </object_component>
      <object_component id="oc-452">
         <name>.text:USBDGetStatus</name>
         <load_address>0x1c00</load_address>
         <run_address>0x1c00</run_address>
         <size>0x78</size>
         <input_file_ref idref="fl-e0"/>
      </object_component>
      <object_component id="oc-2e9">
         <name>.text:USBDBulkPacketRead</name>
         <load_address>0x1c78</load_address>
         <run_address>0x1c78</run_address>
         <size>0x72</size>
         <input_file_ref idref="fl-df"/>
      </object_component>
      <object_component id="oc-5a2">
         <name>.text:iDMAUSBUnitSizeSet</name>
         <load_address>0x1cea</load_address>
         <run_address>0x1cea</run_address>
         <size>0x2</size>
         <input_file_ref idref="fl-e3"/>
      </object_component>
      <object_component id="oc-24b">
         <name>.text:USBDEP0StateTx</name>
         <load_address>0x1cec</load_address>
         <run_address>0x1cec</run_address>
         <size>0x70</size>
         <input_file_ref idref="fl-e0"/>
      </object_component>
      <object_component id="oc-8d">
         <name>.text</name>
         <load_address>0x1d5c</load_address>
         <run_address>0x1d5c</run_address>
         <size>0x70</size>
         <input_file_ref idref="fl-d0"/>
      </object_component>
      <object_component id="oc-512">
         <name>.text:uDMAUSBArbSizeSet</name>
         <load_address>0x1dcc</load_address>
         <run_address>0x1dcc</run_address>
         <size>0x70</size>
         <input_file_ref idref="fl-e3"/>
      </object_component>
      <object_component id="oc-560">
         <name>.text:uDMAUSBUnitSizeSet</name>
         <load_address>0x1e3c</load_address>
         <run_address>0x1e3c</run_address>
         <size>0x70</size>
         <input_file_ref idref="fl-e3"/>
      </object_component>
      <object_component id="oc-45e">
         <name>.text:USBDSetFeature</name>
         <load_address>0x1eac</load_address>
         <run_address>0x1eac</run_address>
         <size>0x6c</size>
         <input_file_ref idref="fl-e0"/>
      </object_component>
      <object_component id="oc-688">
         <name>.text:IntDisable</name>
         <load_address>0x1f18</load_address>
         <run_address>0x1f18</run_address>
         <size>0x68</size>
         <input_file_ref idref="fl-d5"/>
      </object_component>
      <object_component id="oc-355">
         <name>.text:IntEnable</name>
         <load_address>0x1f80</load_address>
         <run_address>0x1f80</run_address>
         <size>0x68</size>
         <input_file_ref idref="fl-d5"/>
      </object_component>
      <object_component id="oc-12">
         <name>.text:decompress:lzss</name>
         <load_address>0x1fe8</load_address>
         <run_address>0x1fe8</run_address>
         <size>0x68</size>
         <input_file_ref idref="fl-c4"/>
      </object_component>
      <object_component id="oc-682">
         <name>.text:IntIsEnabled</name>
         <load_address>0x2050</load_address>
         <run_address>0x2050</run_address>
         <size>0x64</size>
         <input_file_ref idref="fl-d5"/>
      </object_component>
      <object_component id="oc-2f8">
         <name>.text:USBBufferEventCallback</name>
         <load_address>0x20b4</load_address>
         <run_address>0x20b4</run_address>
         <size>0x64</size>
         <input_file_ref idref="fl-da"/>
      </object_component>
      <object_component id="oc-524">
         <name>.text:uDMAUSBChannelEnable</name>
         <load_address>0x2118</load_address>
         <run_address>0x2118</run_address>
         <size>0x64</size>
         <input_file_ref idref="fl-e3"/>
      </object_component>
      <object_component id="oc-4e3">
         <name>.text:HandleDevice</name>
         <load_address>0x217c</load_address>
         <run_address>0x217c</run_address>
         <size>0x60</size>
         <input_file_ref idref="fl-df"/>
      </object_component>
      <object_component id="oc-64a">
         <name>.text:ProcessDataFromHost</name>
         <load_address>0x21dc</load_address>
         <run_address>0x21dc</run_address>
         <size>0x60</size>
         <input_file_ref idref="fl-df"/>
      </object_component>
      <object_component id="oc-27e">
         <name>.text:TimerConfigure</name>
         <load_address>0x223c</load_address>
         <run_address>0x223c</run_address>
         <size>0x60</size>
         <input_file_ref idref="fl-d7"/>
      </object_component>
      <object_component id="oc-23f">
         <name>.text:USBDReadAndDispatchRequest</name>
         <load_address>0x229c</load_address>
         <run_address>0x229c</run_address>
         <size>0x60</size>
         <input_file_ref idref="fl-e0"/>
      </object_component>
      <object_component id="oc-227">
         <name>.text:USBDevEndpointStatusClear</name>
         <load_address>0x22fc</load_address>
         <run_address>0x22fc</run_address>
         <size>0x5e</size>
         <input_file_ref idref="fl-e9"/>
      </object_component>
      <object_component id="oc-4b3">
         <name>.text</name>
         <load_address>0x235a</load_address>
         <run_address>0x235a</run_address>
         <size>0x2</size>
         <input_file_ref idref="fl-d2"/>
      </object_component>
      <object_component id="oc-2e3">
         <name>.text:RxHandler</name>
         <load_address>0x235c</load_address>
         <run_address>0x235c</run_address>
         <size>0x5c</size>
         <input_file_ref idref="fl-4"/>
      </object_component>
      <object_component id="oc-2d2">
         <name>.text:USBDBulkPacketWrite</name>
         <load_address>0x23b8</load_address>
         <run_address>0x23b8</run_address>
         <size>0x5c</size>
         <input_file_ref idref="fl-df"/>
      </object_component>
      <object_component id="oc-536">
         <name>.text:uDMAUSBChannelRelease</name>
         <load_address>0x2414</load_address>
         <run_address>0x2414</run_address>
         <size>0x56</size>
         <input_file_ref idref="fl-e3"/>
      </object_component>
      <object_component id="oc-81">
         <name>.text</name>
         <load_address>0x246a</load_address>
         <run_address>0x246a</run_address>
         <size>0x2</size>
         <input_file_ref idref="fl-ca"/>
      </object_component>
      <object_component id="oc-24">
         <name>.text</name>
         <load_address>0x246c</load_address>
         <run_address>0x246c</run_address>
         <size>0x54</size>
         <input_file_ref idref="fl-c3"/>
      </object_component>
      <object_component id="oc-99">
         <name>.text</name>
         <load_address>0x24c0</load_address>
         <run_address>0x24c0</run_address>
         <size>0x54</size>
         <input_file_ref idref="fl-c7"/>
      </object_component>
      <object_component id="oc-3b3">
         <name>.text:ULPIConfigSet</name>
         <load_address>0x2514</load_address>
         <run_address>0x2514</run_address>
         <size>0x52</size>
         <input_file_ref idref="fl-e4"/>
      </object_component>
      <object_component id="oc-117">
         <name>.text</name>
         <load_address>0x2566</load_address>
         <run_address>0x2566</run_address>
         <size>0x2</size>
         <input_file_ref idref="fl-d3"/>
      </object_component>
      <object_component id="oc-39b">
         <name>.text:SysCtlPeripheralReset</name>
         <load_address>0x2568</load_address>
         <run_address>0x2568</run_address>
         <size>0x50</size>
         <input_file_ref idref="fl-d6"/>
      </object_component>
      <object_component id="oc-72b">
         <name>.text:USBDCDConfigDescGet</name>
         <load_address>0x25b8</load_address>
         <run_address>0x25b8</run_address>
         <size>0x50</size>
         <input_file_ref idref="fl-e6"/>
      </object_component>
      <object_component id="oc-157">
         <name>.text:USBDeviceResumeTickHandler</name>
         <load_address>0x2608</load_address>
         <run_address>0x2608</run_address>
         <size>0x50</size>
         <input_file_ref idref="fl-e0"/>
      </object_component>
      <object_component id="oc-737">
         <name>.text:GetEPDescriptorType</name>
         <load_address>0x2658</load_address>
         <run_address>0x2658</run_address>
         <size>0x4c</size>
         <input_file_ref idref="fl-e7"/>
      </object_component>
      <object_component id="oc-614">
         <name>.text:USBDStringIndexFromRequest</name>
         <load_address>0x26a4</load_address>
         <run_address>0x26a4</run_address>
         <size>0x4c</size>
         <input_file_ref idref="fl-e0"/>
      </object_component>
      <object_component id="oc-6bb">
         <name>.text:USBEndpointDMAConfigSet</name>
         <load_address>0x26f0</load_address>
         <run_address>0x26f0</run_address>
         <size>0x4c</size>
         <input_file_ref idref="fl-e9"/>
      </object_component>
      <object_component id="oc-349">
         <name>.text:_TimerIntNumberGet</name>
         <load_address>0x273c</load_address>
         <run_address>0x273c</run_address>
         <size>0x4c</size>
         <input_file_ref idref="fl-d7"/>
      </object_component>
      <object_component id="oc-596">
         <name>.text:iDMAUSBChannelEnable</name>
         <load_address>0x2788</load_address>
         <run_address>0x2788</run_address>
         <size>0x4c</size>
         <input_file_ref idref="fl-e3"/>
      </object_component>
      <object_component id="oc-111">
         <name>.text</name>
         <load_address>0x27d4</load_address>
         <run_address>0x27d4</run_address>
         <size>0x4c</size>
         <input_file_ref idref="fl-d1"/>
      </object_component>
      <object_component id="oc-758">
         <name>.text:ConfigAlternateInterfaceGet</name>
         <load_address>0x2820</load_address>
         <run_address>0x2820</run_address>
         <size>0x4a</size>
         <input_file_ref idref="fl-e6"/>
      </object_component>
      <object_component id="oc-60b">
         <name>.text:USBDevEndpointStallClear</name>
         <load_address>0x286a</load_address>
         <run_address>0x286a</run_address>
         <size>0x4a</size>
         <input_file_ref idref="fl-e9"/>
      </object_component>
      <object_component id="oc-51e">
         <name>.text:uDMAUSBChannelDisable</name>
         <load_address>0x28b4</load_address>
         <run_address>0x28b4</run_address>
         <size>0x4a</size>
         <input_file_ref idref="fl-e3"/>
      </object_component>
      <object_component id="oc-530">
         <name>.text:uDMAUSBChannelIntDisable</name>
         <load_address>0x28fe</load_address>
         <run_address>0x28fe</run_address>
         <size>0x2</size>
         <input_file_ref idref="fl-e3"/>
      </object_component>
      <object_component id="oc-151">
         <name>.text:USBDeviceEnumResetHandler</name>
         <load_address>0x2900</load_address>
         <run_address>0x2900</run_address>
         <size>0x48</size>
         <input_file_ref idref="fl-e0"/>
      </object_component>
      <object_component id="oc-4f">
         <name>.text:timer0_interrrupt_handler</name>
         <load_address>0x2948</load_address>
         <run_address>0x2948</run_address>
         <size>0x48</size>
         <input_file_ref idref="fl-3"/>
      </object_component>
      <object_component id="oc-66e">
         <name>.text:uDMAChannelAttributeDisable</name>
         <load_address>0x2990</load_address>
         <run_address>0x2990</run_address>
         <size>0x48</size>
         <input_file_ref idref="fl-e8"/>
      </object_component>
      <object_component id="oc-233">
         <name>.text:USBEndpointDataGet</name>
         <load_address>0x29d8</load_address>
         <run_address>0x29d8</run_address>
         <size>0x46</size>
         <input_file_ref idref="fl-e9"/>
      </object_component>
      <object_component id="oc-52a">
         <name>.text:uDMAUSBChannelIntEnable</name>
         <load_address>0x2a1e</load_address>
         <run_address>0x2a1e</run_address>
         <size>0x2</size>
         <input_file_ref idref="fl-e3"/>
      </object_component>
      <object_component id="oc-37c">
         <name>.text:USBDCDDeviceInfoInit</name>
         <load_address>0x2a20</load_address>
         <run_address>0x2a20</run_address>
         <size>0x44</size>
         <input_file_ref idref="fl-e0"/>
      </object_component>
      <object_component id="oc-482">
         <name>.text:USBDGetInterface</name>
         <load_address>0x2a64</load_address>
         <run_address>0x2a64</run_address>
         <size>0x44</size>
         <input_file_ref idref="fl-e0"/>
      </object_component>
      <object_component id="oc-1bd">
         <name>.text:USBDBulkInit</name>
         <load_address>0x2aa8</load_address>
         <run_address>0x2aa8</run_address>
         <size>0x40</size>
         <input_file_ref idref="fl-df"/>
      </object_component>
      <object_component id="oc-35e">
         <name>.text</name>
         <load_address>0x2ae8</load_address>
         <run_address>0x2ae8</run_address>
         <size>0x40</size>
         <input_file_ref idref="fl-cd"/>
      </object_component>
      <object_component id="oc-1a5">
         <name>.text:config_timer</name>
         <load_address>0x2b28</load_address>
         <run_address>0x2b28</run_address>
         <size>0x3c</size>
         <input_file_ref idref="fl-3"/>
      </object_component>
      <object_component id="oc-590">
         <name>.text:iDMAUSBChannelRelease</name>
         <load_address>0x2b64</load_address>
         <run_address>0x2b64</run_address>
         <size>0x3c</size>
         <input_file_ref idref="fl-e3"/>
      </object_component>
      <object_component id="oc-749">
         <name>.text:USBFIFOConfigSet</name>
         <load_address>0x2ba0</load_address>
         <run_address>0x2ba0</run_address>
         <size>0x3a</size>
         <input_file_ref idref="fl-e9"/>
      </object_component>
      <object_component id="oc-388">
         <name>.text:InternalUSBRegisterTickHandler</name>
         <load_address>0x2bdc</load_address>
         <run_address>0x2bdc</run_address>
         <size>0x38</size>
         <input_file_ref idref="fl-dd"/>
      </object_component>
      <object_component id="oc-15d">
         <name>.text:InternalUSBStartOfFrameTick</name>
         <load_address>0x2c14</load_address>
         <run_address>0x2c14</run_address>
         <size>0x38</size>
         <input_file_ref idref="fl-dd"/>
      </object_component>
      <object_component id="oc-731">
         <name>.text:USBDCDConfigGetInterfaceEndpoint</name>
         <load_address>0x2c4c</load_address>
         <run_address>0x2c4c</run_address>
         <size>0x38</size>
         <input_file_ref idref="fl-e6"/>
      </object_component>
      <object_component id="oc-ea">
         <name>.text:USBIntStatusControl</name>
         <load_address>0x2c84</load_address>
         <run_address>0x2c84</run_address>
         <size>0x38</size>
         <input_file_ref idref="fl-e9"/>
      </object_component>
      <object_component id="oc-5ea">
         <name>.text:USBRingBufAdvanceWrite</name>
         <load_address>0x2cbc</load_address>
         <run_address>0x2cbc</run_address>
         <size>0x38</size>
         <input_file_ref idref="fl-dc"/>
      </object_component>
      <object_component id="oc-1c3">
         <name>.text:tx_byte</name>
         <load_address>0x2cf4</load_address>
         <run_address>0x2cf4</run_address>
         <size>0x38</size>
         <input_file_ref idref="fl-3"/>
      </object_component>
      <object_component id="oc-32b">
         <name>.text:USBEndpointDataPut</name>
         <load_address>0x2d2c</load_address>
         <run_address>0x2d2c</run_address>
         <size>0x36</size>
         <input_file_ref idref="fl-e9"/>
      </object_component>
      <object_component id="oc-4dd">
         <name>.text:HandleEndpoints</name>
         <load_address>0x2d62</load_address>
         <run_address>0x2d62</run_address>
         <size>0x34</size>
         <input_file_ref idref="fl-df"/>
      </object_component>
      <object_component id="oc-34f">
         <name>.text:IntRegister</name>
         <load_address>0x2d98</load_address>
         <run_address>0x2d98</run_address>
         <size>0x34</size>
         <input_file_ref idref="fl-d5"/>
      </object_component>
      <object_component id="oc-271">
         <name>.text:SysCtlPeripheralEnable</name>
         <load_address>0x2dcc</load_address>
         <run_address>0x2dcc</run_address>
         <size>0x34</size>
         <input_file_ref idref="fl-d6"/>
      </object_component>
      <object_component id="oc-331">
         <name>.text:USBEndpointDataSend</name>
         <load_address>0x2e00</load_address>
         <run_address>0x2e00</run_address>
         <size>0x34</size>
         <input_file_ref idref="fl-e9"/>
      </object_component>
      <object_component id="oc-572">
         <name>.text:iDMAUSBChannelStatus</name>
         <load_address>0x2e34</load_address>
         <run_address>0x2e34</run_address>
         <size>0x34</size>
         <input_file_ref idref="fl-e3"/>
      </object_component>
      <object_component id="oc-78b">
         <name>.text:NextConfigDescGet</name>
         <load_address>0x2e68</load_address>
         <run_address>0x2e68</run_address>
         <size>0x32</size>
         <input_file_ref idref="fl-e6"/>
      </object_component>
      <object_component id="oc-650">
         <name>.text:ProcessDataToHost</name>
         <load_address>0x2e9a</load_address>
         <run_address>0x2e9a</run_address>
         <size>0x32</size>
         <input_file_ref idref="fl-df"/>
      </object_component>
      <object_component id="oc-449">
         <name>.text:USBDevEndpointStall</name>
         <load_address>0x2ecc</load_address>
         <run_address>0x2ecc</run_address>
         <size>0x32</size>
         <input_file_ref idref="fl-e9"/>
      </object_component>
      <object_component id="oc-59c">
         <name>.text:iDMAUSBChannelDisable</name>
         <load_address>0x2efe</load_address>
         <run_address>0x2efe</run_address>
         <size>0x32</size>
         <input_file_ref idref="fl-e3"/>
      </object_component>
      <object_component id="oc-542">
         <name>.text:DMAUSBIntHandler</name>
         <load_address>0x2f30</load_address>
         <run_address>0x2f30</run_address>
         <size>0x30</size>
         <input_file_ref idref="fl-e3"/>
      </object_component>
      <object_component id="oc-382">
         <name>.text:InternalUSBTickInit</name>
         <load_address>0x2f60</load_address>
         <run_address>0x2f60</run_address>
         <size>0x30</size>
         <input_file_ref idref="fl-dd"/>
      </object_component>
      <object_component id="oc-476">
         <name>.text:USBDGetConfiguration</name>
         <load_address>0x2f90</load_address>
         <run_address>0x2f90</run_address>
         <size>0x30</size>
         <input_file_ref idref="fl-e0"/>
      </object_component>
      <object_component id="oc-711">
         <name>.text:UpdateIndexAtomic</name>
         <load_address>0x2fc0</load_address>
         <run_address>0x2fc0</run_address>
         <size>0x30</size>
         <input_file_ref idref="fl-dc"/>
      </object_component>
      <object_component id="oc-19f">
         <name>.text:config_GPIO</name>
         <load_address>0x2ff0</load_address>
         <run_address>0x2ff0</run_address>
         <size>0x30</size>
         <input_file_ref idref="fl-3"/>
      </object_component>
      <object_component id="oc-784">
         <name>.text:USBDescGet</name>
         <load_address>0x3020</load_address>
         <run_address>0x3020</run_address>
         <size>0x2c</size>
         <input_file_ref idref="fl-e2"/>
      </object_component>
      <object_component id="oc-548">
         <name>.text:uDMAUSBIntStatus</name>
         <load_address>0x304c</load_address>
         <run_address>0x304c</run_address>
         <size>0x2c</size>
         <input_file_ref idref="fl-e3"/>
      </object_component>
      <object_component id="oc-341">
         <name>.text:GPIODirModeSet</name>
         <load_address>0x3078</load_address>
         <run_address>0x3078</run_address>
         <size>0x2a</size>
         <input_file_ref idref="fl-d4"/>
      </object_component>
      <object_component id="oc-428">
         <name>.text:HandleRequestBuffer</name>
         <load_address>0x30a2</load_address>
         <run_address>0x30a2</run_address>
         <size>0x2a</size>
         <input_file_ref idref="fl-da"/>
      </object_component>
      <object_component id="oc-625">
         <name>.text:USBDCDConfigDescGetNum</name>
         <load_address>0x30cc</load_address>
         <run_address>0x30cc</run_address>
         <size>0x2a</size>
         <input_file_ref idref="fl-e6"/>
      </object_component>
      <object_component id="oc-751">
         <name>.text:USBDescGetNum</name>
         <load_address>0x30f6</load_address>
         <run_address>0x30f6</run_address>
         <size>0x2a</size>
         <input_file_ref idref="fl-e2"/>
      </object_component>
      <object_component id="oc-239">
         <name>.text:USBDevEndpointDataAck</name>
         <load_address>0x3120</load_address>
         <run_address>0x3120</run_address>
         <size>0x2a</size>
         <input_file_ref idref="fl-e9"/>
      </object_component>
      <object_component id="oc-464">
         <name>.text:USBDSetAddress</name>
         <load_address>0x314c</load_address>
         <run_address>0x314c</run_address>
         <size>0x28</size>
         <input_file_ref idref="fl-e0"/>
      </object_component>
      <object_component id="oc-3e3">
         <name>.text:USBIntEnableControl</name>
         <load_address>0x3174</load_address>
         <run_address>0x3174</run_address>
         <size>0x28</size>
         <input_file_ref idref="fl-e9"/>
      </object_component>
      <object_component id="oc-6a0">
         <name>.text:uDMAChannelModeGet</name>
         <load_address>0x319c</load_address>
         <run_address>0x319c</run_address>
         <size>0x28</size>
         <input_file_ref idref="fl-e8"/>
      </object_component>
      <object_component id="oc-394">
         <name>.text:BulkTickHandler</name>
         <load_address>0x31c4</load_address>
         <run_address>0x31c4</run_address>
         <size>0x24</size>
         <input_file_ref idref="fl-df"/>
      </object_component>
      <object_component id="oc-4c5">
         <name>.text:HandleConfigChange</name>
         <load_address>0x31e8</load_address>
         <run_address>0x31e8</run_address>
         <size>0x24</size>
         <input_file_ref idref="fl-df"/>
      </object_component>
      <object_component id="oc-674">
         <name>.text:USBEndpointDMADisable</name>
         <load_address>0x320c</load_address>
         <run_address>0x320c</run_address>
         <size>0x24</size>
         <input_file_ref idref="fl-e9"/>
      </object_component>
      <object_component id="oc-68e">
         <name>.text:USBEndpointDMAEnable</name>
         <load_address>0x3230</load_address>
         <run_address>0x3230</run_address>
         <size>0x24</size>
         <input_file_ref idref="fl-e9"/>
      </object_component>
      <object_component id="oc-1b7">
         <name>.text:USBStackModeSet</name>
         <load_address>0x3254</load_address>
         <run_address>0x3254</run_address>
         <size>0x24</size>
         <input_file_ref idref="fl-db"/>
      </object_component>
      <object_component id="oc-661">
         <name>.text:uDMAChannelControlSet</name>
         <load_address>0x3278</load_address>
         <run_address>0x3278</run_address>
         <size>0x24</size>
         <input_file_ref idref="fl-e8"/>
      </object_component>
      <object_component id="oc-4d7">
         <name>.text:HandleDisconnect</name>
         <load_address>0x329c</load_address>
         <run_address>0x329c</run_address>
         <size>0x22</size>
         <input_file_ref idref="fl-df"/>
      </object_component>
      <object_component id="oc-2ef">
         <name>.text:USBDBulkRxPacketAvailable</name>
         <load_address>0x32be</load_address>
         <run_address>0x32be</run_address>
         <size>0x22</size>
         <input_file_ref idref="fl-df"/>
      </object_component>
      <object_component id="oc-53c">
         <name>.text:uDMAUSBChannelStatus</name>
         <load_address>0x32e0</load_address>
         <run_address>0x32e0</run_address>
         <size>0x22</size>
         <input_file_ref idref="fl-e3"/>
      </object_component>
      <object_component id="oc-743">
         <name>.text:GetEndpointFIFOSize</name>
         <load_address>0x3302</load_address>
         <run_address>0x3302</run_address>
         <size>0x20</size>
         <input_file_ref idref="fl-e7"/>
      </object_component>
      <object_component id="oc-41c">
         <name>.text:HandleDataRemaining</name>
         <load_address>0x3322</load_address>
         <run_address>0x3322</run_address>
         <size>0x20</size>
         <input_file_ref idref="fl-da"/>
      </object_component>
      <object_component id="oc-5d6">
         <name>.text:USBRingBufAdvanceRead</name>
         <load_address>0x3342</load_address>
         <run_address>0x3342</run_address>
         <size>0x20</size>
         <input_file_ref idref="fl-dc"/>
      </object_component>
      <object_component id="oc-5e3">
         <name>.text:USBRingBufContigFree</name>
         <load_address>0x3362</load_address>
         <run_address>0x3362</run_address>
         <size>0x1e</size>
         <input_file_ref idref="fl-dc"/>
      </object_component>
      <object_component id="oc-4f5">
         <name>.text:USBULPIRegRead</name>
         <load_address>0x3380</load_address>
         <run_address>0x3380</run_address>
         <size>0x1e</size>
         <input_file_ref idref="fl-e9"/>
      </object_component>
      <object_component id="oc-4fb">
         <name>.text:USBULPIRegWrite</name>
         <load_address>0x339e</load_address>
         <run_address>0x339e</run_address>
         <size>0x1e</size>
         <input_file_ref idref="fl-e9"/>
      </object_component>
      <object_component id="oc-62b">
         <name>.text:USBDCDConfigGetInterface</name>
         <load_address>0x33bc</load_address>
         <run_address>0x33bc</run_address>
         <size>0x1c</size>
         <input_file_ref idref="fl-e6"/>
      </object_component>
      <object_component id="oc-318">
         <name>.text:USBDCDStallEP0</name>
         <load_address>0x33d8</load_address>
         <run_address>0x33d8</run_address>
         <size>0x1c</size>
         <input_file_ref idref="fl-e0"/>
      </object_component>
      <object_component id="oc-40e">
         <name>.text:USBEndpointDataAvail</name>
         <load_address>0x33f4</load_address>
         <run_address>0x33f4</run_address>
         <size>0x1c</size>
         <input_file_ref idref="fl-e9"/>
      </object_component>
      <object_component id="oc-5f6">
         <name>.text:USBRingBufWrite</name>
         <load_address>0x3410</load_address>
         <run_address>0x3410</run_address>
         <size>0x1c</size>
         <input_file_ref idref="fl-dc"/>
      </object_component>
      <object_component id="oc-1ab">
         <name>.text:UARTprintf</name>
         <load_address>0x342c</load_address>
         <run_address>0x342c</run_address>
         <size>0x1a</size>
         <input_file_ref idref="fl-6"/>
      </object_component>
      <object_component id="oc-325">
         <name>.text:USBDCDConfigDescGetSize</name>
         <load_address>0x3446</load_address>
         <run_address>0x3446</run_address>
         <size>0x1a</size>
         <input_file_ref idref="fl-e6"/>
      </object_component>
      <object_component id="oc-668">
         <name>.text:USBEndpointDMAChannel</name>
         <load_address>0x3460</load_address>
         <run_address>0x3460</run_address>
         <size>0x1a</size>
         <input_file_ref idref="fl-e9"/>
      </object_component>
      <object_component id="oc-277">
         <name>.text:GPIOPinTypeGPIOOutput</name>
         <load_address>0x347a</load_address>
         <run_address>0x347a</run_address>
         <size>0x18</size>
         <input_file_ref idref="fl-d4"/>
      </object_component>
      <object_component id="oc-bd">
         <name>.text:IsBufferFull</name>
         <load_address>0x3492</load_address>
         <run_address>0x3492</run_address>
         <size>0x18</size>
         <input_file_ref idref="fl-6"/>
      </object_component>
      <object_component id="oc-414">
         <name>.text:SetDeferredOpFlag</name>
         <load_address>0x34aa</load_address>
         <run_address>0x34aa</run_address>
         <size>0x18</size>
         <input_file_ref idref="fl-df"/>
      </object_component>
      <object_component id="oc-284">
         <name>.text:TimerIntRegister</name>
         <load_address>0x34c2</load_address>
         <run_address>0x34c2</run_address>
         <size>0x18</size>
         <input_file_ref idref="fl-d7"/>
      </object_component>
      <object_component id="oc-55">
         <name>.text:USB0DeviceIntHandler</name>
         <load_address>0x34dc</load_address>
         <run_address>0x34dc</run_address>
         <size>0x18</size>
         <input_file_ref idref="fl-e1"/>
      </object_component>
      <object_component id="oc-1b1">
         <name>.text:USBBufferInit</name>
         <load_address>0x34f4</load_address>
         <run_address>0x34f4</run_address>
         <size>0x18</size>
         <input_file_ref idref="fl-da"/>
      </object_component>
      <object_component id="oc-376">
         <name>.text:USBDCDFeatureGet</name>
         <load_address>0x350c</load_address>
         <run_address>0x350c</run_address>
         <size>0x18</size>
         <input_file_ref idref="fl-e0"/>
      </object_component>
      <object_component id="oc-470">
         <name>.text:USBDSetDescriptor</name>
         <load_address>0x3524</load_address>
         <run_address>0x3524</run_address>
         <size>0x18</size>
         <input_file_ref idref="fl-e0"/>
      </object_component>
      <object_component id="oc-48e">
         <name>.text:USBDSyncFrame</name>
         <load_address>0x353c</load_address>
         <run_address>0x353c</run_address>
         <size>0x18</size>
         <input_file_ref idref="fl-e0"/>
      </object_component>
      <object_component id="oc-93">
         <name>.text</name>
         <load_address>0x3554</load_address>
         <run_address>0x3554</run_address>
         <size>0x18</size>
         <input_file_ref idref="fl-cf"/>
      </object_component>
      <object_component id="oc-67b">
         <name>.text:uDMAChannelDisable</name>
         <load_address>0x356c</load_address>
         <run_address>0x356c</run_address>
         <size>0x18</size>
         <input_file_ref idref="fl-e8"/>
      </object_component>
      <object_component id="oc-694">
         <name>.text:uDMAChannelEnable</name>
         <load_address>0x3584</load_address>
         <run_address>0x3584</run_address>
         <size>0x18</size>
         <input_file_ref idref="fl-e8"/>
      </object_component>
      <object_component id="oc-5b9">
         <name>.text:USBBufferDataWritten</name>
         <load_address>0x359c</load_address>
         <run_address>0x359c</run_address>
         <size>0x16</size>
         <input_file_ref idref="fl-da"/>
      </object_component>
      <object_component id="oc-3e9">
         <name>.text:USBIntEnableEndpoint</name>
         <load_address>0x35b2</load_address>
         <run_address>0x35b2</run_address>
         <size>0x16</size>
         <input_file_ref idref="fl-e9"/>
      </object_component>
      <object_component id="oc-5c6">
         <name>.text:USBRingBufFlush</name>
         <load_address>0x35c8</load_address>
         <run_address>0x35c8</run_address>
         <size>0x16</size>
         <input_file_ref idref="fl-dc"/>
      </object_component>
      <object_component id="oc-5cf">
         <name>.text:USBRingBufUsed</name>
         <load_address>0x35de</load_address>
         <run_address>0x35de</run_address>
         <size>0x16</size>
         <input_file_ref idref="fl-dc"/>
      </object_component>
      <object_component id="oc-422">
         <name>.text:HandleTxComplete</name>
         <load_address>0x35f4</load_address>
         <run_address>0x35f4</run_address>
         <size>0x14</size>
         <input_file_ref idref="fl-da"/>
      </object_component>
      <object_component id="oc-3a1">
         <name>.text:SysCtlUSBPLLEnable</name>
         <load_address>0x3608</load_address>
         <run_address>0x3608</run_address>
         <size>0x14</size>
         <input_file_ref idref="fl-d6"/>
      </object_component>
      <object_component id="oc-2cc">
         <name>.text:TxHandler</name>
         <load_address>0x361c</load_address>
         <run_address>0x361c</run_address>
         <size>0x14</size>
         <input_file_ref idref="fl-4"/>
      </object_component>
      <object_component id="oc-2d8">
         <name>.text:USBDBulkTxPacketAvailable</name>
         <load_address>0x3630</load_address>
         <run_address>0x3630</run_address>
         <size>0x14</size>
         <input_file_ref idref="fl-df"/>
      </object_component>
      <object_component id="oc-6f3">
         <name>.text:USBDMAChannelConfigSet</name>
         <load_address>0x3644</load_address>
         <run_address>0x3644</run_address>
         <size>0x14</size>
         <input_file_ref idref="fl-e9"/>
      </object_component>
      <object_component id="oc-212">
         <name>.text:USBHostResume</name>
         <load_address>0x3658</load_address>
         <run_address>0x3658</run_address>
         <size>0x14</size>
         <input_file_ref idref="fl-e9"/>
      </object_component>
      <object_component id="oc-795">
         <name>.text:_USBIndexWrite</name>
         <load_address>0x366c</load_address>
         <run_address>0x366c</run_address>
         <size>0x14</size>
         <input_file_ref idref="fl-e9"/>
      </object_component>
      <object_component id="oc-1e8">
         <name>.text</name>
         <load_address>0x3680</load_address>
         <run_address>0x3680</run_address>
         <size>0x14</size>
         <input_file_ref idref="fl-ce"/>
      </object_component>
      <object_component id="oc-4d1">
         <name>.text:HandleResume</name>
         <load_address>0x3694</load_address>
         <run_address>0x3694</run_address>
         <size>0x12</size>
         <input_file_ref idref="fl-df"/>
      </object_component>
      <object_component id="oc-4cb">
         <name>.text:HandleSuspend</name>
         <load_address>0x36a6</load_address>
         <run_address>0x36a6</run_address>
         <size>0x12</size>
         <input_file_ref idref="fl-df"/>
      </object_component>
      <object_component id="oc-28a">
         <name>.text:TimerLoadSet</name>
         <load_address>0x36b8</load_address>
         <run_address>0x36b8</run_address>
         <size>0x12</size>
         <input_file_ref idref="fl-d7"/>
      </object_component>
      <object_component id="oc-5ad">
         <name>.text:USBBufferInfoGet</name>
         <load_address>0x36ca</load_address>
         <run_address>0x36ca</run_address>
         <size>0x12</size>
         <input_file_ref idref="fl-da"/>
      </object_component>
      <object_component id="oc-6c4">
         <name>.text:USBDMAChannelDisable</name>
         <load_address>0x36dc</load_address>
         <run_address>0x36dc</run_address>
         <size>0x12</size>
         <input_file_ref idref="fl-e9"/>
      </object_component>
      <object_component id="oc-6f9">
         <name>.text:USBDMAChannelEnable</name>
         <load_address>0x36ee</load_address>
         <run_address>0x36ee</run_address>
         <size>0x12</size>
         <input_file_ref idref="fl-e9"/>
      </object_component>
      <object_component id="oc-6e0">
         <name>.text:USBDMAChannelIntDisable</name>
         <load_address>0x3700</load_address>
         <run_address>0x3700</run_address>
         <size>0x12</size>
         <input_file_ref idref="fl-e9"/>
      </object_component>
      <object_component id="oc-6d9">
         <name>.text:USBDMAChannelIntEnable</name>
         <load_address>0x3712</load_address>
         <run_address>0x3712</run_address>
         <size>0x12</size>
         <input_file_ref idref="fl-e9"/>
      </object_component>
      <object_component id="oc-5f0">
         <name>.text:USBRingBufFree</name>
         <load_address>0x3724</load_address>
         <run_address>0x3724</run_address>
         <size>0x12</size>
         <input_file_ref idref="fl-dc"/>
      </object_component>
      <object_component id="oc-709">
         <name>.text:IntMasterDisable</name>
         <load_address>0x3736</load_address>
         <run_address>0x3736</run_address>
         <size>0x10</size>
         <input_file_ref idref="fl-d5"/>
      </object_component>
      <object_component id="oc-1c9">
         <name>.text:IntMasterEnable</name>
         <load_address>0x3746</load_address>
         <run_address>0x3746</run_address>
         <size>0x10</size>
         <input_file_ref idref="fl-d5"/>
      </object_component>
      <object_component id="oc-43">
         <name>.text:SysTickIntHandler</name>
         <load_address>0x3758</load_address>
         <run_address>0x3758</run_address>
         <size>0x10</size>
         <input_file_ref idref="fl-4"/>
      </object_component>
      <object_component id="oc-221">
         <name>.text:USBEndpointStatus</name>
         <load_address>0x3768</load_address>
         <run_address>0x3768</run_address>
         <size>0x10</size>
         <input_file_ref idref="fl-e9"/>
      </object_component>
      <object_component id="oc-718">
         <name>.text:USBRingBufContigUsed</name>
         <load_address>0x3778</load_address>
         <run_address>0x3778</run_address>
         <size>0x10</size>
         <input_file_ref idref="fl-dc"/>
      </object_component>
      <object_component id="oc-722">
         <name>.text:USBRingBufWriteOne</name>
         <load_address>0x3788</load_address>
         <run_address>0x3788</run_address>
         <size>0x10</size>
         <input_file_ref idref="fl-dc"/>
      </object_component>
      <object_component id="oc-54e">
         <name>.text:DMAUSBIntStatusClear</name>
         <load_address>0x3798</load_address>
         <run_address>0x3798</run_address>
         <size>0xe</size>
         <input_file_ref idref="fl-e3"/>
      </object_component>
      <object_component id="oc-b1">
         <name>.text:IsBufferEmpty</name>
         <load_address>0x37a6</load_address>
         <run_address>0x37a6</run_address>
         <size>0xe</size>
         <input_file_ref idref="fl-6"/>
      </object_component>
      <object_component id="oc-1cf">
         <name>.text:TimerEnable</name>
         <load_address>0x37b4</load_address>
         <run_address>0x37b4</run_address>
         <size>0xe</size>
         <input_file_ref idref="fl-d7"/>
      </object_component>
      <object_component id="oc-6cb">
         <name>.text:USBDMAChannelStatus</name>
         <load_address>0x37c2</load_address>
         <run_address>0x37c2</run_address>
         <size>0xe</size>
         <input_file_ref idref="fl-e9"/>
      </object_component>
      <object_component id="oc-3cb">
         <name>.text:USBDevLPMDisable</name>
         <load_address>0x37d0</load_address>
         <run_address>0x37d0</run_address>
         <size>0xe</size>
         <input_file_ref idref="fl-e9"/>
      </object_component>
      <object_component id="oc-169">
         <name>.text:USBDevLPMEnable</name>
         <load_address>0x37de</load_address>
         <run_address>0x37de</run_address>
         <size>0xe</size>
         <input_file_ref idref="fl-e9"/>
      </object_component>
      <object_component id="oc-3b9">
         <name>.text:USBULPIDisable</name>
         <load_address>0x37ec</load_address>
         <run_address>0x37ec</run_address>
         <size>0xe</size>
         <input_file_ref idref="fl-e9"/>
      </object_component>
      <object_component id="oc-3ad">
         <name>.text:USBULPIEnable</name>
         <load_address>0x37fa</load_address>
         <run_address>0x37fa</run_address>
         <size>0xe</size>
         <input_file_ref idref="fl-e9"/>
      </object_component>
      <object_component id="oc-18">
         <name>.text:decompress:none</name>
         <load_address>0x3808</load_address>
         <run_address>0x3808</run_address>
         <size>0xe</size>
         <input_file_ref idref="fl-c5"/>
      </object_component>
      <object_component id="oc-77a">
         <name>.text:CPUcpsid</name>
         <load_address>0x3816</load_address>
         <run_address>0x3816</run_address>
         <size>0xc</size>
         <input_file_ref idref="fl-d9"/>
      </object_component>
      <object_component id="oc-2c4">
         <name>.text:CPUcpsie</name>
         <load_address>0x3822</load_address>
         <run_address>0x3822</run_address>
         <size>0xc</size>
         <input_file_ref idref="fl-d9"/>
      </object_component>
      <object_component id="oc-6b5">
         <name>.text:USBEndpointPacketCountSet</name>
         <load_address>0x382e</load_address>
         <run_address>0x382e</run_address>
         <size>0xc</size>
         <input_file_ref idref="fl-e9"/>
      </object_component>
      <object_component id="oc-3d7">
         <name>.text:USBLPMIntEnable</name>
         <load_address>0x383a</load_address>
         <run_address>0x383a</run_address>
         <size>0xc</size>
         <input_file_ref idref="fl-e9"/>
      </object_component>
      <object_component id="oc-2a3">
         <name>.text:USBRingBufInit</name>
         <load_address>0x3846</load_address>
         <run_address>0x3846</run_address>
         <size>0xc</size>
         <input_file_ref idref="fl-dc"/>
      </object_component>
      <object_component id="oc-1e">
         <name>.text:decompress:ZI</name>
         <load_address>0x3852</load_address>
         <run_address>0x3852</run_address>
         <size>0xc</size>
         <input_file_ref idref="fl-c6"/>
      </object_component>
      <object_component id="oc-3a7">
         <name>.text:USBClockEnable</name>
         <load_address>0x385e</load_address>
         <run_address>0x385e</run_address>
         <size>0xa</size>
         <input_file_ref idref="fl-e9"/>
      </object_component>
      <object_component id="oc-509">
         <name>.text:USBControllerVersion</name>
         <load_address>0x3868</load_address>
         <run_address>0x3868</run_address>
         <size>0xa</size>
         <input_file_ref idref="fl-e9"/>
      </object_component>
      <object_component id="oc-6e7">
         <name>.text:USBDMAChannelAddressSet</name>
         <load_address>0x3872</load_address>
         <run_address>0x3872</run_address>
         <size>0xa</size>
         <input_file_ref idref="fl-e9"/>
      </object_component>
      <object_component id="oc-6ed">
         <name>.text:USBDMAChannelCountSet</name>
         <load_address>0x387c</load_address>
         <run_address>0x387c</run_address>
         <size>0xa</size>
         <input_file_ref idref="fl-e9"/>
      </object_component>
      <object_component id="oc-3ef">
         <name>.text:USBDevConnect</name>
         <load_address>0x3886</load_address>
         <run_address>0x3886</run_address>
         <size>0xa</size>
         <input_file_ref idref="fl-e9"/>
      </object_component>
      <object_component id="oc-17b">
         <name>.text:USBDevDisconnect</name>
         <load_address>0x3890</load_address>
         <run_address>0x3890</run_address>
         <size>0xa</size>
         <input_file_ref idref="fl-e9"/>
      </object_component>
      <object_component id="oc-16f">
         <name>.text:USBIntStatusEndpoint</name>
         <load_address>0x389a</load_address>
         <run_address>0x389a</run_address>
         <size>0xa</size>
         <input_file_ref idref="fl-e9"/>
      </object_component>
      <object_component id="oc-290">
         <name>.text:TimerIntEnable</name>
         <load_address>0x38a4</load_address>
         <run_address>0x38a4</run_address>
         <size>0x8</size>
         <input_file_ref idref="fl-d7"/>
      </object_component>
      <object_component id="oc-3c5">
         <name>.text:USBDevMode</name>
         <load_address>0x38ac</load_address>
         <run_address>0x38ac</run_address>
         <size>0x8</size>
         <input_file_ref idref="fl-e9"/>
      </object_component>
      <object_component id="oc-6a9">
         <name>.text:USBFIFOAddrGet</name>
         <load_address>0x38b4</load_address>
         <run_address>0x38b4</run_address>
         <size>0x8</size>
         <input_file_ref idref="fl-e9"/>
      </object_component>
      <object_component id="oc-3bf">
         <name>.text:USBOTGMode</name>
         <load_address>0x38bc</load_address>
         <run_address>0x38bc</run_address>
         <size>0x8</size>
         <input_file_ref idref="fl-e9"/>
      </object_component>
      <object_component id="oc-584">
         <name>.text:iDMAUSBChannelIntDisable</name>
         <load_address>0x38c4</load_address>
         <run_address>0x38c4</run_address>
         <size>0x8</size>
         <input_file_ref idref="fl-e3"/>
      </object_component>
      <object_component id="oc-57e">
         <name>.text:iDMAUSBChannelIntEnable</name>
         <load_address>0x38cc</load_address>
         <run_address>0x38cc</run_address>
         <size>0x8</size>
         <input_file_ref idref="fl-e3"/>
      </object_component>
      <object_component id="oc-dd">
         <name>.text:GPIOPinWrite</name>
         <load_address>0x38d4</load_address>
         <run_address>0x38d4</run_address>
         <size>0x6</size>
         <input_file_ref idref="fl-d4"/>
      </object_component>
      <object_component id="oc-2b">
         <name>.text:ResetISR</name>
         <load_address>0x38da</load_address>
         <run_address>0x38da</run_address>
         <size>0x6</size>
         <input_file_ref idref="fl-2"/>
      </object_component>
      <object_component id="oc-407">
         <name>.text:USBBufferFlush</name>
         <load_address>0x38e0</load_address>
         <run_address>0x38e0</run_address>
         <size>0x6</size>
         <input_file_ref idref="fl-da"/>
      </object_component>
      <object_component id="oc-5b3">
         <name>.text:USBBufferSpaceAvailable</name>
         <load_address>0x38e6</load_address>
         <run_address>0x38e6</run_address>
         <size>0x6</size>
         <input_file_ref idref="fl-da"/>
      </object_component>
      <object_component id="oc-6d2">
         <name>.text:USBDMAChannelIntStatus</name>
         <load_address>0x38ec</load_address>
         <run_address>0x38ec</run_address>
         <size>0x6</size>
         <input_file_ref idref="fl-e9"/>
      </object_component>
      <object_component id="oc-3d1">
         <name>.text:USBDevLPMConfig</name>
         <load_address>0x38f2</load_address>
         <run_address>0x38f2</run_address>
         <size>0x6</size>
         <input_file_ref idref="fl-e9"/>
      </object_component>
      <object_component id="oc-163">
         <name>.text:USBLPMIntStatus</name>
         <load_address>0x38f8</load_address>
         <run_address>0x38f8</run_address>
         <size>0x6</size>
         <input_file_ref idref="fl-e9"/>
      </object_component>
      <object_component id="oc-578">
         <name>.text:iDMAUSBIntStatus</name>
         <load_address>0x38fe</load_address>
         <run_address>0x38fe</run_address>
         <size>0x6</size>
         <input_file_ref idref="fl-e3"/>
      </object_component>
      <object_component id="oc-554">
         <name>.text:DMAUSBStatus</name>
         <load_address>0x3904</load_address>
         <run_address>0x3904</run_address>
         <size>0x4</size>
         <input_file_ref idref="fl-e3"/>
      </object_component>
      <object_component id="oc-d7">
         <name>.text:TimerIntClear</name>
         <load_address>0x3908</load_address>
         <run_address>0x3908</run_address>
         <size>0x4</size>
         <input_file_ref idref="fl-d7"/>
      </object_component>
      <object_component id="oc-22d">
         <name>.text:USBDevAddrSet</name>
         <load_address>0x390c</load_address>
         <run_address>0x390c</run_address>
         <size>0x4</size>
         <input_file_ref idref="fl-e9"/>
      </object_component>
      <object_component id="oc-87">
         <name>.text</name>
         <load_address>0x3910</load_address>
         <run_address>0x3910</run_address>
         <size>0x4</size>
         <input_file_ref idref="fl-cb"/>
      </object_component>
      <object_component id="oc-4af">
         <name>.const</name>
         <load_address>0x3914</load_address>
         <run_address>0x3914</run_address>
         <size>0x70</size>
         <input_file_ref idref="fl-d5"/>
      </object_component>
      <object_component id="oc-4a3">
         <name>.const:g_ppui32TimerIntMap</name>
         <load_address>0x3984</load_address>
         <run_address>0x3984</run_address>
         <size>0x60</size>
         <input_file_ref idref="fl-d7"/>
      </object_component>
      <object_component id="oc-4a6">
         <name>.const:g_ppui32TimerIntMapSnowflake</name>
         <load_address>0x39e4</load_address>
         <run_address>0x39e4</run_address>
         <size>0x40</size>
         <input_file_ref idref="fl-d7"/>
      </object_component>
      <object_component id="oc-321">
         <name>.const:g_psUSBDStdRequests</name>
         <load_address>0x3a24</load_address>
         <run_address>0x3a24</run_address>
         <size>0x34</size>
         <input_file_ref idref="fl-e0"/>
      </object_component>
      <object_component id="oc-444">
         <name>.const:.string:g_pui8ConfigString</name>
         <load_address>0x3a58</load_address>
         <run_address>0x3a58</run_address>
         <size>0x30</size>
         <input_file_ref idref="fl-5"/>
      </object_component>
      <object_component id="oc-38e">
         <name>.const:g_sBulkHandlers</name>
         <load_address>0x3a88</load_address>
         <run_address>0x3a88</run_address>
         <size>0x30</size>
         <input_file_ref idref="fl-df"/>
      </object_component>
      <object_component id="oc-391">
         <name>.const</name>
         <load_address>0x3ab8</load_address>
         <run_address>0x3ab8</run_address>
         <size>0x30</size>
         <input_file_ref idref="fl-df"/>
      </object_component>
      <object_component id="oc-4eb">
         <name>.const:.string</name>
         <load_address>0x3ae8</load_address>
         <run_address>0x3ae8</run_address>
         <size>0x2e</size>
         <input_file_ref idref="fl-df"/>
      </object_component>
      <object_component id="oc-441">
         <name>.const:.string:g_pui8DataInterfaceString</name>
         <load_address>0x3b16</load_address>
         <run_address>0x3b16</run_address>
         <size>0x28</size>
         <input_file_ref idref="fl-5"/>
      </object_component>
      <object_component id="oc-43b">
         <name>.const:.string:g_pui8ProductString</name>
         <load_address>0x3b3e</load_address>
         <run_address>0x3b3e</run_address>
         <size>0x28</size>
         <input_file_ref idref="fl-5"/>
      </object_component>
      <object_component id="oc-438">
         <name>.const:.string:g_pui8ManufacturerString</name>
         <load_address>0x3b66</load_address>
         <run_address>0x3b66</run_address>
         <size>0x24</size>
         <input_file_ref idref="fl-5"/>
      </object_component>
      <object_component id="oc-2fe">
         <name>.const:g_ppui8StringDescriptors</name>
         <load_address>0x3b8c</load_address>
         <run_address>0x3b8c</run_address>
         <size>0x18</size>
         <input_file_ref idref="fl-5"/>
      </object_component>
      <object_component id="oc-43e">
         <name>.const:.string:g_pui8SerialNumberString</name>
         <load_address>0x3ba4</load_address>
         <run_address>0x3ba4</run_address>
         <size>0x12</size>
         <input_file_ref idref="fl-5"/>
      </object_component>
      <object_component id="oc-136">
         <name>.const:g_ui32UARTInt</name>
         <load_address>0x3bb8</load_address>
         <run_address>0x3bb8</run_address>
         <size>0xc</size>
         <input_file_ref idref="fl-6"/>
      </object_component>
      <object_component id="oc-435">
         <name>.const:.string:g_pui8LangDescriptor</name>
         <load_address>0x3bc4</load_address>
         <run_address>0x3bc4</run_address>
         <size>0x4</size>
         <input_file_ref idref="fl-5"/>
      </object_component>
      <object_component id="oc-7d5">
         <name>.cinit..data.load</name>
         <load_address>0x3bc8</load_address>
         <run_address>0x3bc8</run_address>
         <size>0xa1</size>
      </object_component>
      <object_component id="oc-7d2">
         <name>__TI_handler_table</name>
         <load_address>0x3c6c</load_address>
         <run_address>0x3c6c</run_address>
         <size>0xc</size>
      </object_component>
      <object_component id="oc-7d6">
         <name>.cinit..bss.load</name>
         <load_address>0x3c78</load_address>
         <run_address>0x3c78</run_address>
         <size>0x8</size>
      </object_component>
      <object_component id="oc-7d4">
         <name>.cinit..vtable.load</name>
         <load_address>0x3c80</load_address>
         <run_address>0x3c80</run_address>
         <size>0x8</size>
      </object_component>
      <object_component id="oc-7d3">
         <name>__TI_cinit_table</name>
         <load_address>0x3c88</load_address>
         <run_address>0x3c88</run_address>
         <size>0x18</size>
      </object_component>
      <object_component id="oc-4aa">
         <name>.vtable</name>
         <uninitialized>true</uninitialized>
         <run_address>0x20000000</run_address>
         <size>0x26c</size>
         <input_file_ref idref="fl-d5"/>
      </object_component>
      <object_component id="oc-e3">
         <name>.data</name>
         <load_address>0x200028c8</load_address>
         <run_address>0x200028c8</run_address>
         <size>0x1e</size>
         <input_file_ref idref="fl-3"/>
      </object_component>
      <object_component id="oc-a7">
         <name>.data</name>
         <load_address>0x200028e8</load_address>
         <run_address>0x200028e8</run_address>
         <size>0x19</size>
         <input_file_ref idref="fl-4"/>
      </object_component>
      <object_component id="oc-1db">
         <name>.data:g_sBulkDevice</name>
         <load_address>0x200027e4</load_address>
         <run_address>0x200027e4</run_address>
         <size>0x44</size>
         <input_file_ref idref="fl-5"/>
      </object_component>
      <object_component id="oc-1d8">
         <name>.data:g_sRxBuffer</name>
         <load_address>0x20002828</load_address>
         <run_address>0x20002828</run_address>
         <size>0x38</size>
         <input_file_ref idref="fl-5"/>
      </object_component>
      <object_component id="oc-1d5">
         <name>.data:g_sTxBuffer</name>
         <load_address>0x20002860</load_address>
         <run_address>0x20002860</run_address>
         <size>0x38</size>
         <input_file_ref idref="fl-5"/>
      </object_component>
      <object_component id="oc-c3">
         <name>.data</name>
         <load_address>0x20002904</load_address>
         <run_address>0x20002904</run_address>
         <size>0x15</size>
         <input_file_ref idref="fl-6"/>
      </object_component>
      <object_component id="oc-127">
         <name>.data:$O1$$</name>
         <load_address>0x2000291c</load_address>
         <run_address>0x2000291c</run_address>
         <size>0xc</size>
         <input_file_ref idref="fl-c7"/>
      </object_component>
      <object_component id="oc-9f">
         <name>.data</name>
         <load_address>0x20002950</load_address>
         <run_address>0x20002950</run_address>
         <size>0x4</size>
         <input_file_ref idref="fl-cc"/>
      </object_component>
      <object_component id="oc-12a">
         <name>.data:$O1$$</name>
         <load_address>0x20002940</load_address>
         <run_address>0x20002940</run_address>
         <size>0x8</size>
         <input_file_ref idref="fl-ce"/>
      </object_component>
      <object_component id="oc-2ab">
         <name>.data</name>
         <load_address>0x20002934</load_address>
         <run_address>0x20002934</run_address>
         <size>0x9</size>
         <input_file_ref idref="fl-db"/>
      </object_component>
      <object_component id="oc-187">
         <name>.data</name>
         <load_address>0x20002928</load_address>
         <run_address>0x20002928</run_address>
         <size>0xc</size>
         <input_file_ref idref="fl-dd"/>
      </object_component>
      <object_component id="oc-2be">
         <name>.data</name>
         <load_address>0x20002898</load_address>
         <run_address>0x20002898</run_address>
         <size>0x2e</size>
         <input_file_ref idref="fl-df"/>
      </object_component>
      <object_component id="oc-18a">
         <name>.data</name>
         <load_address>0x20002948</load_address>
         <run_address>0x20002948</run_address>
         <size>0x8</size>
         <input_file_ref idref="fl-e0"/>
      </object_component>
      <object_component id="oc-c6">
         <name>.bss</name>
         <uninitialized>true</uninitialized>
         <run_address>0x200023bc</run_address>
         <size>0x8</size>
         <input_file_ref idref="fl-6"/>
      </object_component>
      <object_component id="oc-139">
         <name>.bss:g_pcUARTTxBuffer</name>
         <uninitialized>true</uninitialized>
         <run_address>0x20001a6c</run_address>
         <size>0x400</size>
         <input_file_ref idref="fl-6"/>
      </object_component>
      <object_component id="oc-c9">
         <name>.bss:g_pcUARTRxBuffer</name>
         <uninitialized>true</uninitialized>
         <run_address>0x2000227c</run_address>
         <size>0x80</size>
         <input_file_ref idref="fl-6"/>
      </object_component>
      <object_component id="oc-31e">
         <name>.bss:g_pui8DataBufferIn</name>
         <uninitialized>true</uninitialized>
         <run_address>0x2000234c</run_address>
         <size>0x40</size>
         <input_file_ref idref="fl-e0"/>
      </object_component>
      <object_component id="oc-184">
         <name>.bss:g_psDCDInst</name>
         <uninitialized>true</uninitialized>
         <run_address>0x200022fc</run_address>
         <size>0x50</size>
         <input_file_ref idref="fl-e0"/>
      </object_component>
      <object_component id="oc-50f">
         <name>.bss:g_psUSBDMAInst</name>
         <uninitialized>true</uninitialized>
         <run_address>0x20001e6c</run_address>
         <size>0x110</size>
         <input_file_ref idref="fl-e3"/>
      </object_component>
      <object_component id="oc-e6">
         <name>.common:data_to_tx</name>
         <uninitialized>true</uninitialized>
         <run_address>0x2000026c</run_address>
         <size>0x1800</size>
      </object_component>
      <object_component id="oc-5c4">
         <name>.common:to_tx_buffer_temp</name>
         <uninitialized>true</uninitialized>
         <run_address>0x2000217c</run_address>
         <size>0x100</size>
      </object_component>
      <object_component id="oc-5c3">
         <name>.common:ui32Loop</name>
         <uninitialized>true</uninitialized>
         <run_address>0x200023d4</run_address>
         <size>0x4</size>
      </object_component>
      <object_component id="oc-5bf">
         <name>.common:ui32Space</name>
[...]
      </symbol>
      <symbol id="sm-57d">
         <name>USBBufferInit</name>
         <value>0x34f5</value>
         <object_component_ref idref="oc-1b1"/>
      </symbol>
      <symbol id="sm-57e">
         <name>USBBufferEventCallback</name>
         <value>0x20b5</value>
         <object_component_ref idref="oc-2f8"/>
      </symbol>
      <symbol id="sm-57f">
         <name>USBBufferInfoGet</name>
         <value>0x36cb</value>
         <object_component_ref idref="oc-5ad"/>
      </symbol>
      <symbol id="sm-580">
         <name>USBBufferFlush</name>
         <value>0x38e1</value>
         <object_component_ref idref="oc-407"/>
      </symbol>
      <symbol id="sm-5b0">
         <name>g_iUSBMode</name>
         <value>0x20002934</value>
         <object_component_ref idref="oc-2ab"/>
      </symbol>
      <symbol id="sm-5b1">
         <name>USBStackModeSet</name>
         <value>0x3255</value>
         <object_component_ref idref="oc-1b7"/>
      </symbol>
      <symbol id="sm-5b2">
         <name>g_ui32WaitTicks</name>
         <value>0x20002938</value>
         <object_component_ref idref="oc-2ab"/>
      </symbol>
      <symbol id="sm-61b">
         <name>USBRingBufWrite</name>
         <value>0x3411</value>
         <object_component_ref idref="oc-5f6"/>
      </symbol>
      <symbol id="sm-61c">
         <name>USBRingBufContigUsed</name>
         <value>0x3779</value>
         <object_component_ref idref="oc-718"/>
      </symbol>
      <symbol id="sm-61d">
         <name>USBRingBufFlush</name>
         <value>0x35c9</value>
         <object_component_ref idref="oc-5c6"/>
      </symbol>
      <symbol id="sm-61e">
         <name>USBRingBufAdvanceWrite</name>
         <value>0x2cbd</value>
         <object_component_ref idref="oc-5ea"/>
      </symbol>
      <symbol id="sm-61f">
         <name>USBRingBufWriteOne</name>
         <value>0x3789</value>
         <object_component_ref idref="oc-722"/>
      </symbol>
      <symbol id="sm-620">
         <name>USBRingBufUsed</name>
         <value>0x35df</value>
         <object_component_ref idref="oc-5cf"/>
      </symbol>
      <symbol id="sm-621">
         <name>USBRingBufFree</name>
         <value>0x3725</value>
         <object_component_ref idref="oc-5f0"/>
      </symbol>
      <symbol id="sm-622">
         <name>USBRingBufAdvanceRead</name>
         <value>0x3343</value>
         <object_component_ref idref="oc-5d6"/>
      </symbol>
      <symbol id="sm-623">
         <name>USBRingBufInit</name>
         <value>0x3847</value>
         <object_component_ref idref="oc-2a3"/>
      </symbol>
      <symbol id="sm-624">
         <name>USBRingBufContigFree</name>
         <value>0x3363</value>
         <object_component_ref idref="oc-5e3"/>
      </symbol>
      <symbol id="sm-65c">
         <name>g_pfnTickHandlers</name>
         <value>0x2000238c</value>
      </symbol>
      <symbol id="sm-65d">
         <name>g_pvTickInstance</name>
         <value>0x200023a4</value>
      </symbol>
      <symbol id="sm-65e">
         <name>g_ui32USBSOFCount</name>
         <value>0x20002930</value>
         <object_component_ref idref="oc-187"/>
      </symbol>
      <symbol id="sm-65f">
         <name>g_bUSBTimerInitialized</name>
         <value>0x20002928</value>
         <object_component_ref idref="oc-187"/>
      </symbol>
      <symbol id="sm-660">
         <name>g_ui32CurrentUSBTick</name>
         <value>0x2000292c</value>
         <object_component_ref idref="oc-187"/>
      </symbol>
      <symbol id="sm-661">
         <name>InternalUSBStartOfFrameTick</name>
         <value>0x2c15</value>
         <object_component_ref idref="oc-15d"/>
      </symbol>
      <symbol id="sm-662">
         <name>InternalUSBRegisterTickHandler</name>
         <value>0x2bdd</value>
         <object_component_ref idref="oc-388"/>
      </symbol>
      <symbol id="sm-663">
         <name>InternalUSBTickInit</name>
         <value>0x2f61</value>
         <object_component_ref idref="oc-382"/>
      </symbol>
      <symbol id="sm-741">
         <name>USBDBulkTxPacketAvailable</name>
         <value>0x3631</value>
         <object_component_ref idref="oc-2d8"/>
      </symbol>
      <symbol id="sm-742">
         <name>USBDBulkCompositeInit</name>
         <value>0x1579</value>
         <object_component_ref idref="oc-2b2"/>
      </symbol>
      <symbol id="sm-743">
         <name>g_sBulkInterfaceSection</name>
         <value>0x3ac0</value>
         <object_component_ref idref="oc-391"/>
      </symbol>
      <symbol id="sm-744">
         <name>g_sBulkConfigHeaderHS</name>
         <value>0x3ad8</value>
         <object_component_ref idref="oc-391"/>
      </symbol>
      <symbol id="sm-745">
         <name>g_psBulkSections</name>
         <value>0x200028b4</value>
         <object_component_ref idref="oc-2be"/>
      </symbol>
      <symbol id="sm-746">
         <name>g_ppBulkConfigDescriptors</name>
         <value>0x3ae0</value>
         <object_component_ref idref="oc-391"/>
      </symbol>
      <symbol id="sm-747">
         <name>g_sBulkConfigSection</name>
         <value>0x3ab8</value>
         <object_component_ref idref="oc-391"/>
      </symbol>
      <symbol id="sm-748">
         <name>g_ppBulkConfigDescriptorsHS</name>
         <value>0x3ae4</value>
         <object_component_ref idref="oc-391"/>
      </symbol>
      <symbol id="sm-749">
         <name>g_pui8BulkInterfaceHS</name>
         <value>0x3aff</value>
         <object_component_ref idref="oc-4eb"/>
      </symbol>
      <symbol id="sm-74a">
         <name>USBDBulkInit</name>
         <value>0x2aa9</value>
         <object_component_ref idref="oc-1bd"/>
      </symbol>
      <symbol id="sm-74b">
         <name>g_psBulkSectionsHS</name>
         <value>0x200028bc</value>
         <object_component_ref idref="oc-2be"/>
      </symbol>
      <symbol id="sm-74c">
         <name>g_pui8BulkDeviceDescriptor</name>
         <value>0x20002898</value>
         <object_component_ref idref="oc-2be"/>
      </symbol>
      <symbol id="sm-74d">
         <name>g_pui8BulkInterface</name>
         <value>0x3ae8</value>
         <object_component_ref idref="oc-4eb"/>
      </symbol>
      <symbol id="sm-74e">
         <name>USBDBulkRxPacketAvailable</name>
         <value>0x32bf</value>
         <object_component_ref idref="oc-2ef"/>
      </symbol>
      <symbol id="sm-74f">
         <name>USBDBulkPacketRead</name>
         <value>0x1c79</value>
         <object_component_ref idref="oc-2e9"/>
      </symbol>
      <symbol id="sm-750">
         <name>g_sBulkHandlers</name>
         <value>0x3a88</value>
         <object_component_ref idref="oc-38e"/>
      </symbol>
      <symbol id="sm-751">
         <name>g_sBulkInterfaceSectionHS</name>
         <value>0x3ac8</value>
         <object_component_ref idref="oc-391"/>
      </symbol>
      <symbol id="sm-752">
         <name>USBDBulkPacketWrite</name>
         <value>0x23b9</value>
         <object_component_ref idref="oc-2d2"/>
      </symbol>
      <symbol id="sm-753">
         <name>g_pui8BulkDescriptor</name>
         <value>0x200028aa</value>
         <object_component_ref idref="oc-2be"/>
      </symbol>
      <symbol id="sm-754">
         <name>g_sBulkConfigHeader</name>
         <value>0x3ad0</value>
         <object_component_ref idref="oc-391"/>
      </symbol>
      <symbol id="sm-8e6">
         <name>g_ppsDevInfo</name>
         <value>0x200023c8</value>
      </symbol>
      <symbol id="sm-8e7">
         <name>USBDCDStallEP0</name>
         <value>0x33d9</value>
         <object_component_ref idref="oc-318"/>
      </symbol>
      <symbol id="sm-8e8">
         <name>USBDeviceEnumHandler</name>
         <value>0x11b9</value>
         <object_component_ref idref="oc-175"/>
      </symbol>
      <symbol id="sm-8e9">
         <name>USBDCDInit</name>
         <value>0x879</value>
         <object_component_ref idref="oc-2b8"/>
      </symbol>
      <symbol id="sm-8ea">
         <name>USBDeviceEnumResetHandler</name>
         <value>0x2901</value>
         <object_component_ref idref="oc-151"/>
      </symbol>
      <symbol id="sm-8eb">
         <name>g_psDCDInst</name>
         <value>0x200022fc</value>
         <object_component_ref idref="oc-184"/>
      </symbol>
      <symbol id="sm-8ec">
         <name>USBDCDFeatureGet</name>
         <value>0x350d</value>
         <object_component_ref idref="oc-376"/>
      </symbol>
      <symbol id="sm-8ed">
         <name>USBDCDDeviceInfoInit</name>
         <value>0x2a21</value>
         <object_component_ref idref="oc-37c"/>
      </symbol>
      <symbol id="sm-8ee">
         <name>USBDeviceIntHandlerInternal</name>
         <value>0xb19</value>
         <object_component_ref idref="oc-f0"/>
      </symbol>
      <symbol id="sm-8ef">
         <name>USBDeviceResumeTickHandler</name>
         <value>0x2609</value>
         <object_component_ref idref="oc-157"/>
      </symbol>
      <symbol id="sm-8fb">
         <name>USB0DeviceIntHandler</name>
         <value>0x34dd</value>
         <object_component_ref idref="oc-55"/>
      </symbol>
      <symbol id="sm-919">
         <name>USBDescGet</name>
         <value>0x3021</value>
         <object_component_ref idref="oc-784"/>
      </symbol>
      <symbol id="sm-91a">
         <name>USBDescGetNum</name>
         <value>0x30f7</value>
         <object_component_ref idref="oc-751"/>
      </symbol>
      <symbol id="sm-a5f">
         <name>USBLibDMAInit</name>
         <value>0x5b9</value>
         <object_component_ref idref="oc-3dd"/>
      </symbol>
      <symbol id="sm-a6c">
         <name>ULPIConfigSet</name>
         <value>0x2515</value>
         <object_component_ref idref="oc-3b3"/>
      </symbol>
      <symbol id="sm-abd">
         <name>USBDCDConfigDescGet</name>
         <value>0x25b9</value>
         <object_component_ref idref="oc-72b"/>
      </symbol>
      <symbol id="sm-abe">
         <name>USBDCDConfigGetInterface</name>
         <value>0x33bd</value>
         <object_component_ref idref="oc-62b"/>
      </symbol>
      <symbol id="sm-abf">
         <name>USBDCDConfigDescGetSize</name>
         <value>0x3447</value>
         <object_component_ref idref="oc-325"/>
      </symbol>
      <symbol id="sm-ac0">
         <name>USBDCDConfigGetInterfaceEndpoint</name>
         <value>0x2c4d</value>
         <object_component_ref idref="oc-731"/>
      </symbol>
      <symbol id="sm-ac1">
         <name>USBDCDConfigDescGetNum</name>
         <value>0x30cd</value>
         <object_component_ref idref="oc-625"/>
      </symbol>
      <symbol id="sm-b0e">
         <name>USBDeviceConfigAlternate</name>
         <value>0x18f9</value>
         <object_component_ref idref="oc-631"/>
      </symbol>
      <symbol id="sm-b0f">
         <name>USBDeviceConfig</name>
         <value>0xc69</value>
         <object_component_ref idref="oc-61d"/>
      </symbol>
      <symbol id="sm-b5a">
         <name>uDMAChannelControlSet</name>
         <value>0x3279</value>
         <object_component_ref idref="oc-661"/>
      </symbol>
      <symbol id="sm-b5b">
         <name>uDMAChannelDisable</name>
         <value>0x356d</value>
         <object_component_ref idref="oc-67b"/>
      </symbol>
      <symbol id="sm-b5c">
         <name>uDMAChannelModeGet</name>
         <value>0x319d</value>
         <object_component_ref idref="oc-6a0"/>
      </symbol>
      <symbol id="sm-b5d">
         <name>uDMAChannelTransferSet</name>
         <value>0x1a09</value>
         <object_component_ref idref="oc-6af"/>
      </symbol>
      <symbol id="sm-b5e">
         <name>uDMAChannelAttributeDisable</name>
         <value>0x2991</value>
         <object_component_ref idref="oc-66e"/>
      </symbol>
      <symbol id="sm-b5f">
         <name>uDMAChannelEnable</name>
         <value>0x3585</value>
         <object_component_ref idref="oc-694"/>
      </symbol>
      <symbol id="sm-d0e">
         <name>USBLPMIntEnable</name>
         <value>0x383b</value>
         <object_component_ref idref="oc-3d7"/>
      </symbol>
      <symbol id="sm-d0f">
         <name>USBEndpointDataAvail</name>
         <value>0x33f5</value>
         <object_component_ref idref="oc-40e"/>
      </symbol>
      <symbol id="sm-d10">
         <name>USBClockEnable</name>
         <value>0x385f</value>
         <object_component_ref idref="oc-3a7"/>
      </symbol>
      <symbol id="sm-d11">
         <name>USBDevDisconnect</name>
         <value>0x3891</value>
         <object_component_ref idref="oc-17b"/>
      </symbol>
      <symbol id="sm-d12">
         <name>USBDevEndpointStallClear</name>
         <value>0x286b</value>
         <object_component_ref idref="oc-60b"/>
      </symbol>
      <symbol id="sm-d13">
         <name>USBEndpointDataPut</name>
         <value>0x2d2d</value>
         <object_component_ref idref="oc-32b"/>
      </symbol>
      <symbol id="sm-d14">
         <name>USBDMAChannelIntStatus</name>
         <value>0x38ed</value>
         <object_component_ref idref="oc-6d2"/>
      </symbol>
      <symbol id="sm-d15">
         <name>USBDevAddrSet</name>
         <value>0x390d</value>
         <object_component_ref idref="oc-22d"/>
      </symbol>
      <symbol id="sm-d16">
         <name>USBDMAChannelCountSet</name>
         <value>0x387d</value>
         <object_component_ref idref="oc-6ed"/>
      </symbol>
      <symbol id="sm-d17">
         <name>USBLPMIntStatus</name>
         <value>0x38f9</value>
         <object_component_ref idref="oc-163"/>
      </symbol>
      <symbol id="sm-d18">
         <name>USBDMAChannelAddressSet</name>
         <value>0x3873</value>
         <object_component_ref idref="oc-6e7"/>
      </symbol>
      <symbol id="sm-d19">
         <name>USBULPIDisable</name>
         <value>0x37ed</value>
         <object_component_ref idref="oc-3b9"/>
      </symbol>
      <symbol id="sm-d1a">
         <name>USBIntStatusControl</name>
         <value>0x2c85</value>
         <object_component_ref idref="oc-ea"/>
      </symbol>
      <symbol id="sm-d1b">
         <name>USBEndpointDMADisable</name>
         <value>0x320d</value>
         <object_component_ref idref="oc-674"/>
      </symbol>
      <symbol id="sm-d1c">
         <name>USBDevEndpointDataAck</name>
         <value>0x3121</value>
         <object_component_ref idref="oc-239"/>
      </symbol>
      <symbol id="sm-d1d">
         <name>USBOTGMode</name>
         <value>0x38bd</value>
         <object_component_ref idref="oc-3bf"/>
      </symbol>
      <symbol id="sm-d1e">
         <name>USBDMAChannelConfigSet</name>
         <value>0x3645</value>
         <object_component_ref idref="oc-6f3"/>
      </symbol>
      <symbol id="sm-d1f">
         <name>USBULPIRegRead</name>
         <value>0x3381</value>
         <object_component_ref idref="oc-4f5"/>
      </symbol>
      <symbol id="sm-d20">
         <name>USBDevMode</name>
         <value>0x38ad</value>
         <object_component_ref idref="oc-3c5"/>
      </symbol>
      <symbol id="sm-d21">
         <name>USBIntEnableEndpoint</name>
         <value>0x35b3</value>
         <object_component_ref idref="oc-3e9"/>
      </symbol>
      <symbol id="sm-d22">
         <name>USBEndpointDataGet</name>
         <value>0x29d9</value>
         <object_component_ref idref="oc-233"/>
      </symbol>
      <symbol id="sm-d23">
         <name>USBDevEndpointStatusClear</name>
         <value>0x22fd</value>
         <object_component_ref idref="oc-227"/>
      </symbol>
      <symbol id="sm-d24">
         <name>USBULPIEnable</name>
         <value>0x37fb</value>
         <object_component_ref idref="oc-3ad"/>
      </symbol>
      <symbol id="sm-d25">
         <name>USBFIFOAddrGet</name>
         <value>0x38b5</value>
         <object_component_ref idref="oc-6a9"/>
      </symbol>
      <symbol id="sm-d26">
         <name>USBDMAChannelStatus</name>
         <value>0x37c3</value>
         <object_component_ref idref="oc-6cb"/>
      </symbol>
      <symbol id="sm-d27">
         <name>USBULPIRegWrite</name>
         <value>0x339f</value>
         <object_component_ref idref="oc-4fb"/>
      </symbol>
      <symbol id="sm-d28">
         <name>USBDMAChannelIntEnable</name>
         <value>0x3713</value>
         <object_component_ref idref="oc-6d9"/>
      </symbol>
      <symbol id="sm-d29">
         <name>USBDevLPMConfig</name>
         <value>0x38f3</value>
         <object_component_ref idref="oc-3d1"/>
      </symbol>
      <symbol id="sm-d2a">
         <name>USBDevLPMEnable</name>
         <value>0x37df</value>
         <object_component_ref idref="oc-169"/>
      </symbol>
      <symbol id="sm-d2b">
         <name>USBControllerVersion</name>
         <value>0x3869</value>
         <object_component_ref idref="oc-509"/>
      </symbol>
      <symbol id="sm-d2c">
         <name>USBFIFOConfigSet</name>
         <value>0x2ba1</value>
         <object_component_ref idref="oc-749"/>
      </symbol>
      <symbol id="sm-d2d">
         <name>USBEndpointDMAEnable</name>
         <value>0x3231</value>
         <object_component_ref idref="oc-68e"/>
      </symbol>
      <symbol id="sm-d2e">
         <name>USBDevLPMDisable</name>
         <value>0x37d1</value>
         <object_component_ref idref="oc-3cb"/>
      </symbol>
      <symbol id="sm-d2f">
         <name>USBEndpointDataSend</name>
         <value>0x2e01</value>
         <object_component_ref idref="oc-331"/>
      </symbol>
      <symbol id="sm-d30">
         <name>USBIntStatusEndpoint</name>
         <value>0x389b</value>
         <object_component_ref idref="oc-16f"/>
      </symbol>
      <symbol id="sm-d31">
         <name>USBEndpointStatus</name>
         <value>0x3769</value>
         <object_component_ref idref="oc-221"/>
      </symbol>
      <symbol id="sm-d32">
         <name>USBEndpointPacketCountSet</name>
         <value>0x382f</value>
         <object_component_ref idref="oc-6b5"/>
      </symbol>
      <symbol id="sm-d33">
         <name>USBDMAChannelIntDisable</name>
         <value>0x3701</value>
         <object_component_ref idref="oc-6e0"/>
      </symbol>
      <symbol id="sm-d34">
         <name>USBEndpointDMAConfigSet</name>
         <value>0x26f1</value>
         <object_component_ref idref="oc-6bb"/>
      </symbol>
      <symbol id="sm-d35">
         <name>USBDevEndpointStall</name>
         <value>0x2ecd</value>
         <object_component_ref idref="oc-449"/>
      </symbol>
      <symbol id="sm-d36">
         <name>USBDevConnect</name>
         <value>0x3887</value>
         <object_component_ref idref="oc-3ef"/>
      </symbol>
      <symbol id="sm-d37">
         <name>USBDevEndpointConfigSet</name>
         <value>0x1b0d</value>
         <object_component_ref idref="oc-73d"/>
      </symbol>
      <symbol id="sm-d38">
         <name>USBDMAChannelDisable</name>
         <value>0x36dd</value>
         <object_component_ref idref="oc-6c4"/>
      </symbol>
      <symbol id="sm-d39">
         <name>USBDMAChannelEnable</name>
         <value>0x36ef</value>
         <object_component_ref idref="oc-6f9"/>
      </symbol>
      <symbol id="sm-d3a">
         <name>USBHostResume</name>
         <value>0x3659</value>
         <object_component_ref idref="oc-212"/>
      </symbol>
      <symbol id="sm-d3b">
         <name>USBIntEnableControl</name>
         <value>0x3175</value>
         <object_component_ref idref="oc-3e3"/>
      </symbol>
      <symbol id="sm-d3c">
         <name>USBEndpointDMAChannel</name>
         <value>0x3461</value>
         <object_component_ref idref="oc-668"/>
      </symbol>
      <symbol id="sm-d3d">
         <name>__TI_static_base__</name>
         <value>0x0</value>
      </symbol>
      <symbol id="sm-d40">
         <name>SHT$$INIT_ARRAY$$Limit</name>
         <value>0x0</value>
      </symbol>
      <symbol id="sm-d41">
         <name>SHT$$INIT_ARRAY$$Base</name>
         <value>0x0</value>
      </symbol>
   </symbol_table>
   <title>Link successful</title>
</link_info>
