******************************************************************************
                  TI ARM Linker Unix v16.9.0                   
******************************************************************************
>> Linked Sun Apr  9 14:08:08 2017

OUTPUT FILE NAME:   <tx_using_usb.out>
ENTRY POINT SYMBOL: "_c_int00"  address: 00002469


MEMORY CONFIGURATION

         name            origin    length      used     unused   attr    fill
----------------------  --------  ---------  --------  --------  ----  --------
  FLASH                 00000000   00040000  00003c9c  0003c364  R  X
  SRAM                  20000000   00008000  00002954  000056ac  RW X


SEGMENT ALLOCATION MAP

run origin  load origin   length   init length attrs members
----------  ----------- ---------- ----------- ----- -------
00000000    00000000    00003ca0   00003ca0    r-x
  00000000    00000000    0000026c   0000026c    r-- .intvecs
  0000026c    0000026c    000036a4   000036a4    r-x .text
  00003910    00003910    000002b4   000002b4    r-- .const
  00003bc8    00003bc8    000000d8   000000d8    r-- .cinit
20000000    20000000    00002954   00000000    rw-
  20000000    20000000    0000026c   00000000    rw- .vtable
  2000026c    2000026c    00002178   00000000    rw- .bss
  200023e4    200023e4    00000400   00000000    rw- .stack
  200027e4    200027e4    00000170   00000000    rw- .data


SECTION ALLOCATION MAP

 output                                  attributes/
section   page    origin      length       input sections
--------  ----  ----------  ----------   ----------------
.intvecs   0    00000000    0000026c     
                  00000000    0000026c     startup_ccs.obj (.intvecs)

.text      0    0000026c    000036a4     
                  0000026c    000001ea     uartstdio.obj (.text:UARTvprintf)
                  00000456    00000002     startup_ccs.obj (.text:FaultISR)
                  00000458    00000160     uartstdio.obj (.text:UARTStdioIntHandler)
                  000005b8    00000160     usblib.lib : usbdma.obj (.text:USBLibDMAInit)
                  00000718    0000015c     tx_usb_dev_bulk.obj (.text:main)
                  00000874    00000150     usblib.lib : usbdenum.obj (.text:USBDCDInit)
                  000009c4    00000150                : usbdenum.obj (.text:USBDEP0StateTxConfig)
                  00000b14    00000150                : usbdenum.obj (.text:USBDeviceIntHandlerInternal)
                  00000c64    00000148                : usbdconfig.obj (.text:USBDeviceConfig)
                  00000dac    00000132     driverlib.lib : gpio.obj (.text:GPIOPadConfigSet)
                  00000ede    00000002     startup_ccs.obj (.text:IntDefaultHandler)
                  00000ee0    000000fc     tx_usb_dev_bulk.obj (.text:NayaData)
                  00000fdc    000000f4     usblib.lib : usbdma.obj (.text:iDMAUSBTransfer)
                  000010d0    000000e4                : usbdenum.obj (.text:USBDGetDescriptor)
                  000011b4    000000d8                : usbdenum.obj (.text:USBDeviceEnumHandler)
                  0000128c    000000c4                : usbdma.obj (.text:uDMAUSBChannelAllocate)
                  00001350    000000be                : usbbuffer.obj (.text:HandleRxAvailable)
                  0000140e    000000bc                : usbdma.obj (.text:uDMAUSBTransfer)
                  000014ca    00000002     startup_ccs.obj (.text:NmiSR)
                  000014cc    000000a8     uartstdio.obj (.text:UARTwrite)
                  00001574    0000009c     usblib.lib : usbdbulk.obj (.text:USBDBulkCompositeInit)
                  00001610    0000009c     rtsv7M4_T_le_v4SPD16_eabi.lib : memcpy_t2.obj (.text)
                  000016ac    00000098     usblib.lib : usbdenum.obj (.text:USBDSetInterface)
                  00001744    00000092                : usbbuffer.obj (.text:ScheduleNextTransmission)
                  000017d6    00000002                : usbdma.obj (.text:iDMAUSBArbSizeSet)
                  000017d8    00000090                : usbdenum.obj (.text:USBDSetConfiguration)
                  00001868    0000008c     uartstdio.obj (.text:UARTPrimeTransmit)
                  000018f4    0000008c     usblib.lib : usbdconfig.obj (.text:USBDeviceConfigAlternate)
                  00001980    00000084                : usbdma.obj (.text:iDMAUSBChannelAllocate)
                  00001a04    00000084     driverlib.lib : udma.obj (.text:uDMAChannelTransferSet)
                  00001a88    00000080     usblib.lib : usbdenum.obj (.text:USBDClearFeature)
                  00001b08    0000007a     driverlib.lib : usb.obj (.text:USBDevEndpointConfigSet)
                  00001b82    0000007a     rtsv7M4_T_le_v4SPD16_eabi.lib : memset_t2.obj (.text)
                  00001bfc    00000078     usblib.lib : usbdenum.obj (.text:USBDGetStatus)
                  00001c74    00000072                : usbdbulk.obj (.text:USBDBulkPacketRead)
                  00001ce6    00000002                : usbdma.obj (.text:iDMAUSBUnitSizeSet)
                  00001ce8    00000070                : usbdenum.obj (.text:USBDEP0StateTx)
                  00001d58    00000070     rtsv7M4_T_le_v4SPD16_eabi.lib : autoinit.obj (.text)
                  00001dc8    00000070     usblib.lib : usbdma.obj (.text:uDMAUSBArbSizeSet)
                  00001e38    00000070                : usbdma.obj (.text:uDMAUSBUnitSizeSet)
                  00001ea8    0000006c                : usbdenum.obj (.text:USBDSetFeature)
                  00001f14    00000068     driverlib.lib : interrupt.obj (.text:IntDisable)
                  00001f7c    00000068                   : interrupt.obj (.text:IntEnable)
                  00001fe4    00000068     rtsv7M4_T_le_v4SPD16_eabi.lib : copy_decompress_lzss.obj (.text:decompress:lzss)
                  0000204c    00000064     driverlib.lib : interrupt.obj (.text:IntIsEnabled)
                  000020b0    00000064     usblib.lib : usbbuffer.obj (.text:USBBufferEventCallback)
                  00002114    00000064                : usbdma.obj (.text:uDMAUSBChannelEnable)
                  00002178    00000060                : usbdbulk.obj (.text:HandleDevice)
                  000021d8    00000060                : usbdbulk.obj (.text:ProcessDataFromHost)
                  00002238    00000060     driverlib.lib : timer.obj (.text:TimerConfigure)
                  00002298    00000060     usblib.lib : usbdenum.obj (.text:USBDReadAndDispatchRequest)
                  000022f8    0000005e     driverlib.lib : usb.obj (.text:USBDevEndpointStatusClear)
                  00002356    00000002     rtsv7M4_T_le_v4SPD16_eabi.lib : i_div0.obj (.text)
                  00002358    0000005c     tx_usb_dev_bulk.obj (.text:RxHandler)
                  000023b4    0000005c     usblib.lib : usbdbulk.obj (.text:USBDBulkPacketWrite)
                  00002410    00000056                : usbdma.obj (.text:uDMAUSBChannelRelease)
                  00002466    00000002     rtsv7M4_T_le_v4SPD16_eabi.lib : mpu_init.obj (.text)
                  00002468    00000054                                   : boot.obj (.text)
                  000024bc    00000054                                   : exit.obj (.text)
                  00002510    00000052     usblib.lib : usbulpi.obj (.text:ULPIConfigSet)
                  00002562    00000002     rtsv7M4_T_le_v4SPD16_eabi.lib : startup.obj (.text)
                  00002564    00000050     driverlib.lib : sysctl.obj (.text:SysCtlPeripheralReset)
                  000025b4    00000050     usblib.lib : usbdcdesc.obj (.text:USBDCDConfigDescGet)
                  00002604    00000050                : usbdenum.obj (.text:USBDeviceResumeTickHandler)
                  00002654    0000004c                : usbdconfig.obj (.text:GetEPDescriptorType)
                  000026a0    0000004c                : usbdenum.obj (.text:USBDStringIndexFromRequest)
                  000026ec    0000004c     driverlib.lib : usb.obj (.text:USBEndpointDMAConfigSet)
                  00002738    0000004c                   : timer.obj (.text:_TimerIntNumberGet)
                  00002784    0000004c     usblib.lib : usbdma.obj (.text:iDMAUSBChannelEnable)
                  000027d0    0000004c     rtsv7M4_T_le_v4SPD16_eabi.lib : cpy_tbl.obj (.text)
                  0000281c    0000004a     usblib.lib : usbdcdesc.obj (.text:ConfigAlternateInterfaceGet)
                  00002866    0000004a     driverlib.lib : usb.obj (.text:USBDevEndpointStallClear)
                  000028b0    0000004a     usblib.lib : usbdma.obj (.text:uDMAUSBChannelDisable)
                  000028fa    00000002                : usbdma.obj (.text:uDMAUSBChannelIntDisable)
                  000028fc    00000048                : usbdenum.obj (.text:USBDeviceEnumResetHandler)
                  00002944    00000048     tx_direct_buffer.obj (.text:timer0_interrrupt_handler)
                  0000298c    00000048     driverlib.lib : udma.obj (.text:uDMAChannelAttributeDisable)
                  000029d4    00000046                   : usb.obj (.text:USBEndpointDataGet)
                  00002a1a    00000002     usblib.lib : usbdma.obj (.text:uDMAUSBChannelIntEnable)
                  00002a1c    00000044                : usbdenum.obj (.text:USBDCDDeviceInfoInit)
                  00002a60    00000044                : usbdenum.obj (.text:USBDGetInterface)
                  00002aa4    00000040                : usbdbulk.obj (.text:USBDBulkInit)
                  00002ae4    00000040     rtsv7M4_T_le_v4SPD16_eabi.lib : u_divt2.obj (.text)
                  00002b24    0000003c     tx_direct_buffer.obj (.text:config_timer)
                  00002b60    0000003c     usblib.lib : usbdma.obj (.text:iDMAUSBChannelRelease)
                  00002b9c    0000003a     driverlib.lib : usb.obj (.text:USBFIFOConfigSet)
                  00002bd6    00000002     --HOLE-- [fill = 0]
                  00002bd8    00000038     usblib.lib : usbtick.obj (.text:InternalUSBRegisterTickHandler)
                  00002c10    00000038                : usbtick.obj (.text:InternalUSBStartOfFrameTick)
                  00002c48    00000038                : usbdcdesc.obj (.text:USBDCDConfigGetInterfaceEndpoint)
                  00002c80    00000038     driverlib.lib : usb.obj (.text:USBIntStatusControl)
                  00002cb8    00000038     usblib.lib : usbringbuf.obj (.text:USBRingBufAdvanceWrite)
                  00002cf0    00000038     tx_direct_buffer.obj (.text:tx_byte)
                  00002d28    00000036     driverlib.lib : usb.obj (.text:USBEndpointDataPut)
                  00002d5e    00000034     usblib.lib : usbdbulk.obj (.text:HandleEndpoints)
                  00002d92    00000002     --HOLE-- [fill = 0]
                  00002d94    00000034     driverlib.lib : interrupt.obj (.text:IntRegister)
                  00002dc8    00000034                   : sysctl.obj (.text:SysCtlPeripheralEnable)
                  00002dfc    00000034                   : usb.obj (.text:USBEndpointDataSend)
                  00002e30    00000034     usblib.lib : usbdma.obj (.text:iDMAUSBChannelStatus)
                  00002e64    00000032                : usbdcdesc.obj (.text:NextConfigDescGet)
                  00002e96    00000032                : usbdbulk.obj (.text:ProcessDataToHost)
                  00002ec8    00000032     driverlib.lib : usb.obj (.text:USBDevEndpointStall)
                  00002efa    00000032     usblib.lib : usbdma.obj (.text:iDMAUSBChannelDisable)
                  00002f2c    00000030                : usbdma.obj (.text:DMAUSBIntHandler)
                  00002f5c    00000030                : usbtick.obj (.text:InternalUSBTickInit)
                  00002f8c    00000030                : usbdenum.obj (.text:USBDGetConfiguration)
                  00002fbc    00000030                : usbringbuf.obj (.text:UpdateIndexAtomic)
                  00002fec    00000030     tx_direct_buffer.obj (.text:config_GPIO)
                  0000301c    0000002c     usblib.lib : usbdesc.obj (.text:USBDescGet)
                  00003048    0000002c                : usbdma.obj (.text:uDMAUSBIntStatus)
                  00003074    0000002a     driverlib.lib : gpio.obj (.text:GPIODirModeSet)
                  0000309e    0000002a     usblib.lib : usbbuffer.obj (.text:HandleRequestBuffer)
                  000030c8    0000002a                : usbdcdesc.obj (.text:USBDCDConfigDescGetNum)
                  000030f2    0000002a                : usbdesc.obj (.text:USBDescGetNum)
                  0000311c    0000002a     driverlib.lib : usb.obj (.text:USBDevEndpointDataAck)
                  00003146    00000002     --HOLE-- [fill = 0]
                  00003148    00000028     usblib.lib : usbdenum.obj (.text:USBDSetAddress)
                  00003170    00000028     driverlib.lib : usb.obj (.text:USBIntEnableControl)
                  00003198    00000028                   : udma.obj (.text:uDMAChannelModeGet)
                  000031c0    00000024     usblib.lib : usbdbulk.obj (.text:BulkTickHandler)
                  000031e4    00000024                : usbdbulk.obj (.text:HandleConfigChange)
                  00003208    00000024     driverlib.lib : usb.obj (.text:USBEndpointDMADisable)
                  0000322c    00000024                   : usb.obj (.text:USBEndpointDMAEnable)
                  00003250    00000024     usblib.lib : usbmode.obj (.text:USBStackModeSet)
                  00003274    00000024     driverlib.lib : udma.obj (.text:uDMAChannelControlSet)
                  00003298    00000022     usblib.lib : usbdbulk.obj (.text:HandleDisconnect)
                  000032ba    00000022                : usbdbulk.obj (.text:USBDBulkRxPacketAvailable)
                  000032dc    00000022                : usbdma.obj (.text:uDMAUSBChannelStatus)
                  000032fe    00000020                : usbdconfig.obj (.text:GetEndpointFIFOSize)
                  0000331e    00000020                : usbbuffer.obj (.text:HandleDataRemaining)
                  0000333e    00000020                : usbringbuf.obj (.text:USBRingBufAdvanceRead)
                  0000335e    0000001e                : usbringbuf.obj (.text:USBRingBufContigFree)
                  0000337c    0000001e     driverlib.lib : usb.obj (.text:USBULPIRegRead)
                  0000339a    0000001e                   : usb.obj (.text:USBULPIRegWrite)
                  000033b8    0000001c     usblib.lib : usbdcdesc.obj (.text:USBDCDConfigGetInterface)
                  000033d4    0000001c                : usbdenum.obj (.text:USBDCDStallEP0)
                  000033f0    0000001c     driverlib.lib : usb.obj (.text:USBEndpointDataAvail)
                  0000340c    0000001c     usblib.lib : usbringbuf.obj (.text:USBRingBufWrite)
                  00003428    0000001a     uartstdio.obj (.text:UARTprintf)
                  00003442    0000001a     usblib.lib : usbdcdesc.obj (.text:USBDCDConfigDescGetSize)
                  0000345c    0000001a     driverlib.lib : usb.obj (.text:USBEndpointDMAChannel)
                  00003476    00000018                   : gpio.obj (.text:GPIOPinTypeGPIOOutput)
                  0000348e    00000018     uartstdio.obj (.text:IsBufferFull)
                  000034a6    00000018     usblib.lib : usbdbulk.obj (.text:SetDeferredOpFlag)
                  000034be    00000018     driverlib.lib : timer.obj (.text:TimerIntRegister)
                  000034d6    00000002     --HOLE-- [fill = 0]
                  000034d8    00000018     usblib.lib : usbdhandler.obj (.text:USB0DeviceIntHandler)
                  000034f0    00000018                : usbbuffer.obj (.text:USBBufferInit)
                  00003508    00000018                : usbdenum.obj (.text:USBDCDFeatureGet)
                  00003520    00000018                : usbdenum.obj (.text:USBDSetDescriptor)
                  00003538    00000018                : usbdenum.obj (.text:USBDSyncFrame)
                  00003550    00000018     rtsv7M4_T_le_v4SPD16_eabi.lib : args_main.obj (.text)
                  00003568    00000018     driverlib.lib : udma.obj (.text:uDMAChannelDisable)
                  00003580    00000018                   : udma.obj (.text:uDMAChannelEnable)
                  00003598    00000016     usblib.lib : usbbuffer.obj (.text:USBBufferDataWritten)
                  000035ae    00000016     driverlib.lib : usb.obj (.text:USBIntEnableEndpoint)
                  000035c4    00000016     usblib.lib : usbringbuf.obj (.text:USBRingBufFlush)
                  000035da    00000016                : usbringbuf.obj (.text:USBRingBufUsed)
                  000035f0    00000014                : usbbuffer.obj (.text:HandleTxComplete)
                  00003604    00000014     driverlib.lib : sysctl.obj (.text:SysCtlUSBPLLEnable)
                  00003618    00000014     tx_usb_dev_bulk.obj (.text:TxHandler)
                  0000362c    00000014     usblib.lib : usbdbulk.obj (.text:USBDBulkTxPacketAvailable)
                  00003640    00000014     driverlib.lib : usb.obj (.text:USBDMAChannelConfigSet)
                  00003654    00000014                   : usb.obj (.text:USBHostResume)
                  00003668    00000014                   : usb.obj (.text:_USBIndexWrite)
                  0000367c    00000014     rtsv7M4_T_le_v4SPD16_eabi.lib : _lock.obj (.text)
                  00003690    00000012     usblib.lib : usbdbulk.obj (.text:HandleResume)
                  000036a2    00000012                : usbdbulk.obj (.text:HandleSuspend)
                  000036b4    00000012     driverlib.lib : timer.obj (.text:TimerLoadSet)
                  000036c6    00000012     usblib.lib : usbbuffer.obj (.text:USBBufferInfoGet)
                  000036d8    00000012     driverlib.lib : usb.obj (.text:USBDMAChannelDisable)
                  000036ea    00000012                   : usb.obj (.text:USBDMAChannelEnable)
                  000036fc    00000012                   : usb.obj (.text:USBDMAChannelIntDisable)
                  0000370e    00000012                   : usb.obj (.text:USBDMAChannelIntEnable)
                  00003720    00000012     usblib.lib : usbringbuf.obj (.text:USBRingBufFree)
                  00003732    00000010     driverlib.lib : interrupt.obj (.text:IntMasterDisable)
                  00003742    00000010                   : interrupt.obj (.text:IntMasterEnable)
                  00003752    00000002     --HOLE-- [fill = 0]
                  00003754    00000010     tx_usb_dev_bulk.obj (.text:SysTickIntHandler)
                  00003764    00000010     driverlib.lib : usb.obj (.text:USBEndpointStatus)
                  00003774    00000010     usblib.lib : usbringbuf.obj (.text:USBRingBufContigUsed)
                  00003784    00000010                : usbringbuf.obj (.text:USBRingBufWriteOne)
                  00003794    0000000e                : usbdma.obj (.text:DMAUSBIntStatusClear)
                  000037a2    0000000e     uartstdio.obj (.text:IsBufferEmpty)
                  000037b0    0000000e     driverlib.lib : timer.obj (.text:TimerEnable)
                  000037be    0000000e                   : usb.obj (.text:USBDMAChannelStatus)
                  000037cc    0000000e                   : usb.obj (.text:USBDevLPMDisable)
                  000037da    0000000e                   : usb.obj (.text:USBDevLPMEnable)
                  000037e8    0000000e                   : usb.obj (.text:USBULPIDisable)
                  000037f6    0000000e                   : usb.obj (.text:USBULPIEnable)
                  00003804    0000000e     rtsv7M4_T_le_v4SPD16_eabi.lib : copy_decompress_none.obj (.text:decompress:none)
                  00003812    0000000c     driverlib.lib : cpu.obj (.text:CPUcpsid)
                  0000381e    0000000c                   : cpu.obj (.text:CPUcpsie)
                  0000382a    0000000c                   : usb.obj (.text:USBEndpointPacketCountSet)
                  00003836    0000000c                   : usb.obj (.text:USBLPMIntEnable)
                  00003842    0000000c     usblib.lib : usbringbuf.obj (.text:USBRingBufInit)
                  0000384e    0000000c     rtsv7M4_T_le_v4SPD16_eabi.lib : copy_zero_init.obj (.text:decompress:ZI)
                  0000385a    0000000a     driverlib.lib : usb.obj (.text:USBClockEnable)
                  00003864    0000000a                   : usb.obj (.text:USBControllerVersion)
                  0000386e    0000000a                   : usb.obj (.text:USBDMAChannelAddressSet)
                  00003878    0000000a                   : usb.obj (.text:USBDMAChannelCountSet)
                  00003882    0000000a                   : usb.obj (.text:USBDevConnect)
                  0000388c    0000000a                   : usb.obj (.text:USBDevDisconnect)
                  00003896    0000000a                   : usb.obj (.text:USBIntStatusEndpoint)
                  000038a0    00000008                   : timer.obj (.text:TimerIntEnable)
                  000038a8    00000008                   : usb.obj (.text:USBDevMode)
                  000038b0    00000008                   : usb.obj (.text:USBFIFOAddrGet)
                  000038b8    00000008                   : usb.obj (.text:USBOTGMode)
                  000038c0    00000008     usblib.lib : usbdma.obj (.text:iDMAUSBChannelIntDisable)
                  000038c8    00000008                : usbdma.obj (.text:iDMAUSBChannelIntEnable)
                  000038d0    00000006     driverlib.lib : gpio.obj (.text:GPIOPinWrite)
                  000038d6    00000006     startup_ccs.obj (.text:ResetISR)
                  000038dc    00000006     usblib.lib : usbbuffer.obj (.text:USBBufferFlush)
                  000038e2    00000006                : usbbuffer.obj (.text:USBBufferSpaceAvailable)
                  000038e8    00000006     driverlib.lib : usb.obj (.text:USBDMAChannelIntStatus)
                  000038ee    00000006                   : usb.obj (.text:USBDevLPMConfig)
                  000038f4    00000006                   : usb.obj (.text:USBLPMIntStatus)
                  000038fa    00000006     usblib.lib : usbdma.obj (.text:iDMAUSBIntStatus)
                  00003900    00000004                : usbdma.obj (.text:DMAUSBStatus)
                  00003904    00000004     driverlib.lib : timer.obj (.text:TimerIntClear)
                  00003908    00000004                   : usb.obj (.text:USBDevAddrSet)
                  0000390c    00000004     rtsv7M4_T_le_v4SPD16_eabi.lib : pre_init.obj (.text)

.const     0    00003910    000002b4     
                  00003910    00000070     driverlib.lib : interrupt.obj (.const)
                  00003980    00000060                   : timer.obj (.const:g_ppui32TimerIntMap)
                  000039e0    00000040                   : timer.obj (.const:g_ppui32TimerIntMapSnowflake)
                  00003a20    00000034     usblib.lib : usbdenum.obj (.const:g_psUSBDStdRequests)
                  00003a54    00000030     usb_bulk_structs.obj (.const:.string:g_pui8ConfigString)
                  00003a84    00000030     usblib.lib : usbdbulk.obj (.const:g_sBulkHandlers)
                  00003ab4    00000030                : usbdbulk.obj (.const)
                  00003ae4    0000002e                : usbdbulk.obj (.const:.string)
                  00003b12    00000028     usb_bulk_structs.obj (.const:.string:g_pui8DataInterfaceString)
                  00003b3a    00000028     usb_bulk_structs.obj (.const:.string:g_pui8ProductString)
                  00003b62    00000024     usb_bulk_structs.obj (.const:.string:g_pui8ManufacturerString)
                  00003b86    00000002     --HOLE-- [fill = 0]
                  00003b88    00000018     usb_bulk_structs.obj (.const:g_ppui8StringDescriptors)
                  00003ba0    00000012     usb_bulk_structs.obj (.const:.string:g_pui8SerialNumberString)
                  00003bb2    00000002     --HOLE-- [fill = 0]
                  00003bb4    0000000c     uartstdio.obj (.const:g_ui32UARTInt)
                  00003bc0    00000004     usb_bulk_structs.obj (.const:.string:g_pui8LangDescriptor)

.cinit     0    00003bc8    000000d8     
                  00003bc8    000000a1     (.cinit..data.load) [load image, compression = lzss]
                  00003c69    00000003     --HOLE-- [fill = 0]
                  00003c6c    0000000c     (__TI_handler_table)
                  00003c78    00000008     (.cinit..bss.load) [load image, compression = zero_init]
                  00003c80    00000008     (.cinit..vtable.load) [load image, compression = zero_init]
                  00003c88    00000018     (__TI_cinit_table)

.init_array 
*          0    00000000    00000000     UNINITIALIZED

.vtable    0    20000000    0000026c     UNINITIALIZED
                  20000000    0000026c     driverlib.lib : interrupt.obj (.vtable)

.bss       0    2000026c    00002178     UNINITIALIZED
                  2000026c    00001800     (.common:data_to_tx)
                  20001a6c    00000400     uartstdio.obj (.bss:g_pcUARTTxBuffer)
                  20001e6c    00000110     usblib.lib : usbdma.obj (.bss:g_psUSBDMAInst)
                  20001f7c    00000100     (.common:g_pui8USBRxBuffer)
                  2000207c    00000100     (.common:g_pui8USBTxBuffer)
                  2000217c    00000100     (.common:to_tx_buffer_temp)
                  2000227c    00000080     uartstdio.obj (.bss:g_pcUARTRxBuffer)
                  200022fc    00000050     usblib.lib : usbdenum.obj (.bss:g_psDCDInst)
                  2000234c    00000040                : usbdenum.obj (.bss:g_pui8DataBufferIn)
                  2000238c    00000018     (.common:g_pfnTickHandlers)
                  200023a4    00000018     (.common:g_pvTickInstance)
                  200023bc    00000008     uartstdio.obj (.bss)
                  200023c4    00000004     (.common:g_pfnUSBModeCallback)
                  200023c8    00000004     (.common:g_ppsDevInfo)
                  200023cc    00000004     (.common:g_ui32ULPISupport)
                  200023d0    00000004     (.common:ui32Count)
                  200023d4    00000004     (.common:ui32Loop)
                  200023d8    00000004     (.common:ui32ReadIndex)
                  200023dc    00000004     (.common:ui32Space)
                  200023e0    00000004     (.common:ui32WriteIndex)

.data      0    200027e4    00000170     UNINITIALIZED
                  200027e4    00000044     usb_bulk_structs.obj (.data:g_sBulkDevice)
                  20002828    00000038     usb_bulk_structs.obj (.data:g_sRxBuffer)
                  20002860    00000038     usb_bulk_structs.obj (.data:g_sTxBuffer)
                  20002898    0000002e     usblib.lib : usbdbulk.obj (.data)
                  200028c6    00000002     --HOLE--
                  200028c8    0000001e     tx_direct_buffer.obj (.data)
                  200028e6    00000002     --HOLE--
                  200028e8    00000019     tx_usb_dev_bulk.obj (.data)
                  20002901    00000003     --HOLE--
                  20002904    00000015     uartstdio.obj (.data)
                  20002919    00000003     --HOLE--
                  2000291c    0000000c     rtsv7M4_T_le_v4SPD16_eabi.lib : exit.obj (.data:$O1$$)
                  20002928    0000000c     usblib.lib : usbtick.obj (.data)
                  20002934    00000009                : usbmode.obj (.data)
                  2000293d    00000003     --HOLE--
                  20002940    00000008     rtsv7M4_T_le_v4SPD16_eabi.lib : _lock.obj (.data:$O1$$)
                  20002948    00000008     usblib.lib : usbdenum.obj (.data)
                  20002950    00000004     rtsv7M4_T_le_v4SPD16_eabi.lib : stkdepth_vars.obj (.data)

.stack     0    200023e4    00000400     UNINITIALIZED
                  200023e4    00000400     --HOLE--

MODULE SUMMARY

       Module                     code    ro data   rw data
       ------                     ----    -------   -------
    ./
       tx_direct_buffer.obj       236     0         6174   
       tx_usb_dev_bulk.obj        728     0         301    
       usb_bulk_structs.obj       0       210       692    
       startup_ccs.obj            12      620       0      
    +--+--------------------------+-------+---------+---------+
       Total:                     976     830       7167   
                                                           
    ./utils/
       uartstdio.obj              1214    12        1181   
    +--+--------------------------+-------+---------+---------+
       Total:                     1214    12        1181   
                                                           
    /home/arktheshadow/ti/SW-EK-TM4C123GXL-2.1.3.156/driverlib/ccs/Debug/driverlib.lib
       usb.obj                    1354    0         0      
       interrupt.obj              392     112       620    
       timer.obj                  240     160       0      
       gpio.obj                   378     0         0      
       udma.obj                   328     0         0      
       sysctl.obj                 152     0         0      
       cpu.obj                    24      0         0      
    +--+--------------------------+-------+---------+---------+
       Total:                     2868    272       620    
                                                           
    /home/arktheshadow/ti/SW-EK-TM4C123GXL-2.1.3.156/usblib/ccs/Debug/usblib.lib
       usbdenum.obj               2864    52        160    
       usbdma.obj                 2008    0         272    
       usbdbulk.obj               940     142       46     
       usbbuffer.obj              606     0         0      
       usbdconfig.obj             576     0         0      
       usbdcdesc.obj              356     0         0      
       usbringbuf.obj             300     0         0      
       usbtick.obj                160     0         60     
       usbdesc.obj                86      0         0      
       usbulpi.obj                82      0         0      
       usbmode.obj                36      0         13     
       usbdhandler.obj            24      0         0      
    +--+--------------------------+-------+---------+---------+
       Total:                     8038    194       551    
                                                           
    /home/arktheshadow/ti/ccsv7/tools/compiler/ti-cgt-arm_16.9.0.LTS/lib/rtsv7M4_T_le_v4SPD16_eabi.lib
       memcpy_t2.obj              156     0         0      
       memset_t2.obj              122     0         0      
       autoinit.obj               112     0         0      
       copy_decompress_lzss.obj   104     0         0      
       exit.obj                   84      0         12     
       boot.obj                   84      0         0      
       cpy_tbl.obj                76      0         0      
       u_divt2.obj                64      0         0      
       _lock.obj                  20      0         8      
       args_main.obj              24      0         0      
       copy_decompress_none.obj   14      0         0      
       copy_zero_init.obj         12      0         0      
       pre_init.obj               4       0         0      
       stkdepth_vars.obj          0       0         4      
       i_div0.obj                 2       0         0      
       mpu_init.obj               2       0         0      
       startup.obj                2       0         0      
    +--+--------------------------+-------+---------+---------+
       Total:                     882     0         24     
                                                           
       Stack:                     0       0         1024   
       Linker Generated:          0       213       0      
    +--+--------------------------+-------+---------+---------+
       Grand Total:               13978   1521      10567  


LINKER GENERATED COPY TABLES

__TI_cinit_table @ 00003c88 records: 3, size/record: 8, table size: 24
	.data: load addr=00003bc8, load size=000000a1 bytes, run addr=200027e4, run size=00000170 bytes, compression=lzss
	.bss: load addr=00003c78, load size=00000008 bytes, run addr=2000026c, run size=00002178 bytes, compression=zero_init
	.vtable: load addr=00003c80, load size=00000008 bytes, run addr=20000000, run size=0000026c bytes, compression=zero_init


LINKER GENERATED HANDLER TABLE

__TI_handler_table @ 00003c6c records: 3, size/record: 4, table size: 12
	index: 0, handler: __TI_zero_init
	index: 1, handler: __TI_decompress_lzss
	index: 2, handler: __TI_decompress_none


GLOBAL SYMBOLS: SORTED ALPHABETICALLY BY Name 

address   name                            
-------   ----                            
000024bd  C$$EXIT                         
00003813  CPUcpsid                        
0000381f  CPUcpsie                        
00003075  GPIODirModeSet                  
00000dad  GPIOPadConfigSet                
00003477  GPIOPinTypeGPIOOutput           
000038d1  GPIOPinWrite                    
00001f15  IntDisable                      
00001f7d  IntEnable                       
0000204d  IntIsEnabled                    
00003733  IntMasterDisable                
00003743  IntMasterEnable                 
00002d95  IntRegister                     
00002bd9  InternalUSBRegisterTickHandler  
00002c11  InternalUSBStartOfFrameTick     
00002f5d  InternalUSBTickInit             
000038d7  ResetISR                        
00002359  RxHandler                       
UNDEFED   SHT$$INIT_ARRAY$$Base           
UNDEFED   SHT$$INIT_ARRAY$$Limit          
00002dc9  SysCtlPeripheralEnable          
00002565  SysCtlPeripheralReset           
00003605  SysCtlUSBPLLEnable              
00003755  SysTickIntHandler               
00002239  TimerConfigure                  
000037b1  TimerEnable                     
00003905  TimerIntClear                   
000038a1  TimerIntEnable                  
000034bf  TimerIntRegister                
000036b5  TimerLoadSet                    
00003619  TxHandler                       
00000459  UARTStdioIntHandler             
00003429  UARTprintf                      
0000026d  UARTvprintf                     
000014cd  UARTwrite                       
00002511  ULPIConfigSet                   
000034d9  USB0DeviceIntHandler            
00003599  USBBufferDataWritten            
000020b1  USBBufferEventCallback          
000038dd  USBBufferFlush                  
000036c7  USBBufferInfoGet                
000034f1  USBBufferInit                   
000038e3  USBBufferSpaceAvailable         
0000385b  USBClockEnable                  
00003865  USBControllerVersion            
00001575  USBDBulkCompositeInit           
00002aa5  USBDBulkInit                    
00001c75  USBDBulkPacketRead              
000023b5  USBDBulkPacketWrite             
000032bb  USBDBulkRxPacketAvailable       
0000362d  USBDBulkTxPacketAvailable       
000025b5  USBDCDConfigDescGet             
000030c9  USBDCDConfigDescGetNum          
00003443  USBDCDConfigDescGetSize         
000033b9  USBDCDConfigGetInterface        
00002c49  USBDCDConfigGetInterfaceEndpoint
00002a1d  USBDCDDeviceInfoInit            
00003509  USBDCDFeatureGet                
00000875  USBDCDInit                      
000033d5  USBDCDStallEP0                  
0000386f  USBDMAChannelAddressSet         
00003641  USBDMAChannelConfigSet          
00003879  USBDMAChannelCountSet           
000036d9  USBDMAChannelDisable            
000036eb  USBDMAChannelEnable             
000036fd  USBDMAChannelIntDisable         
0000370f  USBDMAChannelIntEnable          
000038e9  USBDMAChannelIntStatus          
000037bf  USBDMAChannelStatus             
0000301d  USBDescGet                      
000030f3  USBDescGetNum                   
00003909  USBDevAddrSet                   
00003883  USBDevConnect                   
0000388d  USBDevDisconnect                
00001b09  USBDevEndpointConfigSet         
0000311d  USBDevEndpointDataAck           
00002ec9  USBDevEndpointStall             
00002867  USBDevEndpointStallClear        
000022f9  USBDevEndpointStatusClear       
000038ef  USBDevLPMConfig                 
000037cd  USBDevLPMDisable                
000037db  USBDevLPMEnable                 
000038a9  USBDevMode                      
00000c65  USBDeviceConfig                 
000018f5  USBDeviceConfigAlternate        
000011b5  USBDeviceEnumHandler            
000028fd  USBDeviceEnumResetHandler       
00000b15  USBDeviceIntHandlerInternal     
00002605  USBDeviceResumeTickHandler      
0000345d  USBEndpointDMAChannel           
000026ed  USBEndpointDMAConfigSet         
00003209  USBEndpointDMADisable           
0000322d  USBEndpointDMAEnable            
000033f1  USBEndpointDataAvail            
000029d5  USBEndpointDataGet              
00002d29  USBEndpointDataPut              
00002dfd  USBEndpointDataSend             
0000382b  USBEndpointPacketCountSet       
00003765  USBEndpointStatus               
000038b1  USBFIFOAddrGet                  
00002b9d  USBFIFOConfigSet                
00003655  USBHostResume                   
00003171  USBIntEnableControl             
000035af  USBIntEnableEndpoint            
00002c81  USBIntStatusControl             
00003897  USBIntStatusEndpoint            
00003837  USBLPMIntEnable                 
000038f5  USBLPMIntStatus                 
000005b9  USBLibDMAInit                   
000038b9  USBOTGMode                      
0000333f  USBRingBufAdvanceRead           
00002cb9  USBRingBufAdvanceWrite          
0000335f  USBRingBufContigFree            
00003775  USBRingBufContigUsed            
000035c5  USBRingBufFlush                 
00003721  USBRingBufFree                  
00003843  USBRingBufInit                  
000035db  USBRingBufUsed                  
0000340d  USBRingBufWrite                 
00003785  USBRingBufWriteOne              
00003251  USBStackModeSet                 
000037e9  USBULPIDisable                  
000037f7  USBULPIEnable                   
0000337d  USBULPIRegRead                  
0000339b  USBULPIRegWrite                 
200027e4  __STACK_END                     
00000400  __STACK_SIZE                    
200027e4  __STACK_TOP                     
00003c88  __TI_CINIT_Base                 
00003ca0  __TI_CINIT_Limit                
00003c6c  __TI_Handler_Table_Base         
00003c78  __TI_Handler_Table_Limit        
00001d59  __TI_auto_init                  
2000291c  __TI_cleanup_ptr                
00001fe5  __TI_decompress_lzss            
00003805  __TI_decompress_none            
20002920  __TI_dtors_ptr                  
20002924  __TI_enable_exit_profile_output 
ffffffff  __TI_pprof_out_hndl             
ffffffff  __TI_prof_data_size             
ffffffff  __TI_prof_data_start            
00000000  __TI_static_base__              
0000384f  __TI_zero_init                  
00002357  __aeabi_idiv0                   
00001b83  __aeabi_memclr                  
00001b83  __aeabi_memclr4                 
00001b83  __aeabi_memclr8                 
00001611  __aeabi_memcpy                  
00001611  __aeabi_memcpy4                 
00001611  __aeabi_memcpy8                 
00001b85  __aeabi_memset                  
00001b85  __aeabi_memset4                 
00001b85  __aeabi_memset8                 
00002ae5  __aeabi_uidiv                   
00002ae5  __aeabi_uidivmod                
ffffffff  __binit__                       
ffffffff  __c_args__                      
00002467  __mpu_init                      
200023e4  __stack                         
00003551  _args_main                      
00002469  _c_int00                        
20002940  _lock                           
0000368b  _nop                            
00003683  _register_lock                  
0000367d  _register_unlock                
00002563  _system_post_cinit              
0000390d  _system_pre_init                
20002944  _unlock                         
000024c1  abort                           
ffffffff  binit                           
200028e5  byte_test                       
200028dc  cl_delay                        
200028e4  clk                             
00002fed  config_GPIO                     
00002b25  config_timer                    
000027d1  copy_in                         
200028c8  data_buff_size                  
2000026c  data_to_tx                      
000024c9  exit                            
20002928  g_bUSBTimerInitialized          
20002934  g_iUSBMode                      
20000000  g_pfnRAMVectors                 
2000238c  g_pfnTickHandlers               
00000000  g_pfnVectors                    
00003adc  g_ppBulkConfigDescriptors       
00003ae0  g_ppBulkConfigDescriptorsHS     
200023c8  g_ppsDevInfo                    
00003b88  g_ppui8StringDescriptors        
200028b4  g_psBulkSections                
200028bc  g_psBulkSectionsHS              
200022fc  g_psDCDInst                     
200028aa  g_pui8BulkDescriptor            
20002898  g_pui8BulkDeviceDescriptor      
00003ae4  g_pui8BulkInterface             
00003afb  g_pui8BulkInterfaceHS           
00003a54  g_pui8ConfigString              
00003b12  g_pui8DataInterfaceString       
00003bc0  g_pui8LangDescriptor            
00003b62  g_pui8ManufacturerString        
00003b3a  g_pui8ProductString             
00003ba0  g_pui8SerialNumberString        
20001f7c  g_pui8USBRxBuffer               
2000207c  g_pui8USBTxBuffer               
200023a4  g_pvTickInstance                
00003acc  g_sBulkConfigHeader             
00003ad4  g_sBulkConfigHeaderHS           
00003ab4  g_sBulkConfigSection            
200027e4  g_sBulkDevice                   
00003a84  g_sBulkHandlers                 
00003abc  g_sBulkInterfaceSection         
00003ac4  g_sBulkInterfaceSectionHS       
20002828  g_sRxBuffer                     
20002860  g_sTxBuffer                     
2000292c  g_ui32CurrentUSBTick            
200028fc  g_ui32Flags                     
200028f8  g_ui32RxCount                   
200028f0  g_ui32SysTickCount              
200028f4  g_ui32TxCount                   
20002930  g_ui32USBSOFCount               
20002938  g_ui32WaitTicks                 
00000719  main                            
20002950  main_func_sp                    
00001611  memcpy                          
00001b8b  memset                          
200028e0  n_bits_tx                       
200028ec  ptr_to_tx_buffer                
200028e8  start_timer_bit                 
200028d0  sync_tx_back                    
200028cc  sync_tx_front                   
00002945  timer0_interrrupt_handler       
2000217c  to_tx_buffer_temp               
200028d8  tx_back                         
00002cf1  tx_byte                         
200028d4  tx_front                        
0000298d  uDMAChannelAttributeDisable     
00003275  uDMAChannelControlSet           
00003569  uDMAChannelDisable              
00003581  uDMAChannelEnable               
00003199  uDMAChannelModeGet              
00001a05  uDMAChannelTransferSet          
200023d0  ui32Count                       
200023d4  ui32Loop                        
200023d8  ui32ReadIndex                   
200023dc  ui32Space                       
200023e0  ui32WriteIndex                  


GLOBAL SYMBOLS: SORTED BY Symbol Address 

address   name                            
-------   ----                            
00000000  __TI_static_base__              
00000000  g_pfnVectors                    
0000026d  UARTvprintf                     
00000400  __STACK_SIZE                    
00000459  UARTStdioIntHandler             
000005b9  USBLibDMAInit                   
00000719  main                            
00000875  USBDCDInit                      
00000b15  USBDeviceIntHandlerInternal     
00000c65  USBDeviceConfig                 
00000dad  GPIOPadConfigSet                
000011b5  USBDeviceEnumHandler            
000014cd  UARTwrite                       
00001575  USBDBulkCompositeInit           
00001611  __aeabi_memcpy                  
00001611  __aeabi_memcpy4                 
00001611  __aeabi_memcpy8                 
00001611  memcpy                          
000018f5  USBDeviceConfigAlternate        
00001a05  uDMAChannelTransferSet          
00001b09  USBDevEndpointConfigSet         
00001b83  __aeabi_memclr                  
00001b83  __aeabi_memclr4                 
00001b83  __aeabi_memclr8                 
00001b85  __aeabi_memset                  
00001b85  __aeabi_memset4                 
00001b85  __aeabi_memset8                 
00001b8b  memset                          
00001c75  USBDBulkPacketRead              
00001d59  __TI_auto_init                  
00001f15  IntDisable                      
00001f7d  IntEnable                       
00001fe5  __TI_decompress_lzss            
0000204d  IntIsEnabled                    
000020b1  USBBufferEventCallback          
00002239  TimerConfigure                  
000022f9  USBDevEndpointStatusClear       
00002357  __aeabi_idiv0                   
00002359  RxHandler                       
000023b5  USBDBulkPacketWrite             
00002467  __mpu_init                      
00002469  _c_int00                        
000024bd  C$$EXIT                         
000024c1  abort                           
000024c9  exit                            
00002511  ULPIConfigSet                   
00002563  _system_post_cinit              
00002565  SysCtlPeripheralReset           
000025b5  USBDCDConfigDescGet             
00002605  USBDeviceResumeTickHandler      
000026ed  USBEndpointDMAConfigSet         
000027d1  copy_in                         
00002867  USBDevEndpointStallClear        
000028fd  USBDeviceEnumResetHandler       
00002945  timer0_interrrupt_handler       
0000298d  uDMAChannelAttributeDisable     
000029d5  USBEndpointDataGet              
00002a1d  USBDCDDeviceInfoInit            
00002aa5  USBDBulkInit                    
00002ae5  __aeabi_uidiv                   
00002ae5  __aeabi_uidivmod                
00002b25  config_timer                    
00002b9d  USBFIFOConfigSet                
00002bd9  InternalUSBRegisterTickHandler  
00002c11  InternalUSBStartOfFrameTick     
00002c49  USBDCDConfigGetInterfaceEndpoint
00002c81  USBIntStatusControl             
00002cb9  USBRingBufAdvanceWrite          
00002cf1  tx_byte                         
00002d29  USBEndpointDataPut              
00002d95  IntRegister                     
00002dc9  SysCtlPeripheralEnable          
00002dfd  USBEndpointDataSend             
00002ec9  USBDevEndpointStall             
00002f5d  InternalUSBTickInit             
00002fed  config_GPIO                     
0000301d  USBDescGet                      
00003075  GPIODirModeSet                  
000030c9  USBDCDConfigDescGetNum          
000030f3  USBDescGetNum                   
0000311d  USBDevEndpointDataAck           
00003171  USBIntEnableControl             
00003199  uDMAChannelModeGet              
00003209  USBEndpointDMADisable           
0000322d  USBEndpointDMAEnable            
00003251  USBStackModeSet                 
00003275  uDMAChannelControlSet           
000032bb  USBDBulkRxPacketAvailable       
0000333f  USBRingBufAdvanceRead           
0000335f  USBRingBufContigFree            
0000337d  USBULPIRegRead                  
0000339b  USBULPIRegWrite                 
000033b9  USBDCDConfigGetInterface        
000033d5  USBDCDStallEP0                  
000033f1  USBEndpointDataAvail            
0000340d  USBRingBufWrite                 
00003429  UARTprintf                      
00003443  USBDCDConfigDescGetSize         
0000345d  USBEndpointDMAChannel           
00003477  GPIOPinTypeGPIOOutput           
000034bf  TimerIntRegister                
000034d9  USB0DeviceIntHandler            
000034f1  USBBufferInit                   
00003509  USBDCDFeatureGet                
00003551  _args_main                      
00003569  uDMAChannelDisable              
00003581  uDMAChannelEnable               
00003599  USBBufferDataWritten            
000035af  USBIntEnableEndpoint            
000035c5  USBRingBufFlush                 
000035db  USBRingBufUsed                  
00003605  SysCtlUSBPLLEnable              
00003619  TxHandler                       
0000362d  USBDBulkTxPacketAvailable       
00003641  USBDMAChannelConfigSet          
00003655  USBHostResume                   
0000367d  _register_unlock                
00003683  _register_lock                  
0000368b  _nop                            
000036b5  TimerLoadSet                    
000036c7  USBBufferInfoGet                
000036d9  USBDMAChannelDisable            
000036eb  USBDMAChannelEnable             
000036fd  USBDMAChannelIntDisable         
0000370f  USBDMAChannelIntEnable          
00003721  USBRingBufFree                  
00003733  IntMasterDisable                
00003743  IntMasterEnable                 
00003755  SysTickIntHandler               
00003765  USBEndpointStatus               
00003775  USBRingBufContigUsed            
00003785  USBRingBufWriteOne              
000037b1  TimerEnable                     
000037bf  USBDMAChannelStatus             
000037cd  USBDevLPMDisable                
000037db  USBDevLPMEnable                 
000037e9  USBULPIDisable                  
000037f7  USBULPIEnable                   
00003805  __TI_decompress_none            
00003813  CPUcpsid                        
0000381f  CPUcpsie                        
0000382b  USBEndpointPacketCountSet       
00003837  USBLPMIntEnable                 
00003843  USBRingBufInit                  
0000384f  __TI_zero_init                  
0000385b  USBClockEnable                  
00003865  USBControllerVersion            
0000386f  USBDMAChannelAddressSet         
00003879  USBDMAChannelCountSet           
00003883  USBDevConnect                   
0000388d  USBDevDisconnect                
00003897  USBIntStatusEndpoint            
000038a1  TimerIntEnable                  
000038a9  USBDevMode                      
000038b1  USBFIFOAddrGet                  
000038b9  USBOTGMode                      
000038d1  GPIOPinWrite                    
000038d7  ResetISR                        
000038dd  USBBufferFlush                  
000038e3  USBBufferSpaceAvailable         
000038e9  USBDMAChannelIntStatus          
000038ef  USBDevLPMConfig                 
000038f5  USBLPMIntStatus                 
00003905  TimerIntClear                   
00003909  USBDevAddrSet                   
0000390d  _system_pre_init                
00003a54  g_pui8ConfigString              
00003a84  g_sBulkHandlers                 
00003ab4  g_sBulkConfigSection            
00003abc  g_sBulkInterfaceSection         
00003ac4  g_sBulkInterfaceSectionHS       
00003acc  g_sBulkConfigHeader             
00003ad4  g_sBulkConfigHeaderHS           
00003adc  g_ppBulkConfigDescriptors       
00003ae0  g_ppBulkConfigDescriptorsHS     
00003ae4  g_pui8BulkInterface             
00003afb  g_pui8BulkInterfaceHS           
00003b12  g_pui8DataInterfaceString       
00003b3a  g_pui8ProductString             
00003b62  g_pui8ManufacturerString        
00003b88  g_ppui8StringDescriptors        
00003ba0  g_pui8SerialNumberString        
00003bc0  g_pui8LangDescriptor            
00003c6c  __TI_Handler_Table_Base         
00003c78  __TI_Handler_Table_Limit        
00003c88  __TI_CINIT_Base                 
00003ca0  __TI_CINIT_Limit                
20000000  g_pfnRAMVectors                 
2000026c  data_to_tx                      
20001f7c  g_pui8USBRxBuffer               
2000207c  g_pui8USBTxBuffer               
2000217c  to_tx_buffer_temp               
200022fc  g_psDCDInst                     
2000238c  g_pfnTickHandlers               
200023a4  g_pvTickInstance                
200023c8  g_ppsDevInfo                    
200023d0  ui32Count                       
200023d4  ui32Loop                        
200023d8  ui32ReadIndex                   
200023dc  ui32Space                       
200023e0  ui32WriteIndex                  
200023e4  __stack                         
200027e4  __STACK_END                     
200027e4  __STACK_TOP                     
200027e4  g_sBulkDevice                   
20002828  g_sRxBuffer                     
20002860  g_sTxBuffer                     
20002898  g_pui8BulkDeviceDescriptor      
200028aa  g_pui8BulkDescriptor            
200028b4  g_psBulkSections                
200028bc  g_psBulkSectionsHS              
200028c8  data_buff_size                  
200028cc  sync_tx_front                   
200028d0  sync_tx_back                    
200028d4  tx_front                        
200028d8  tx_back                         
200028dc  cl_delay                        
200028e0  n_bits_tx                       
200028e4  clk                             
200028e5  byte_test                       
200028e8  start_timer_bit                 
200028ec  ptr_to_tx_buffer                
200028f0  g_ui32SysTickCount              
200028f4  g_ui32TxCount                   
200028f8  g_ui32RxCount                   
200028fc  g_ui32Flags                     
2000291c  __TI_cleanup_ptr                
20002920  __TI_dtors_ptr                  
20002924  __TI_enable_exit_profile_output 
20002928  g_bUSBTimerInitialized          
2000292c  g_ui32CurrentUSBTick            
20002930  g_ui32USBSOFCount               
20002934  g_iUSBMode                      
20002938  g_ui32WaitTicks                 
20002940  _lock                           
20002944  _unlock                         
20002950  main_func_sp                    
ffffffff  __TI_pprof_out_hndl             
ffffffff  __TI_prof_data_size             
ffffffff  __TI_prof_data_start            
ffffffff  __binit__                       
ffffffff  __c_args__                      
ffffffff  binit                           
UNDEFED   SHT$$INIT_ARRAY$$Base           
UNDEFED   SHT$$INIT_ARRAY$$Limit          

[245 symbols]
