******************************************************************************
                  TI ARM Linker Unix v16.9.0                   
******************************************************************************
>> Linked Wed Apr 12 00:50:00 2017

OUTPUT FILE NAME:   <tx_using_usb.out>
ENTRY POINT SYMBOL: "_c_int00"  address: 00002481


MEMORY CONFIGURATION

         name            origin    length      used     unused   attr    fill
----------------------  --------  ---------  --------  --------  ----  --------
  FLASH                 00000000   00040000  00003cf8  0003c308  R  X
  SRAM                  20000000   00008000  00002954  000056ac  RW X


SEGMENT ALLOCATION MAP

run origin  load origin   length   init length attrs members
----------  ----------- ---------- ----------- ----- -------
00000000    00000000    00003cf8   00003cf8    r-x
  00000000    00000000    0000026c   0000026c    r-- .intvecs
  0000026c    0000026c    00003700   00003700    r-x .text
  0000396c    0000396c    000002b4   000002b4    r-- .const
  00003c20    00003c20    000000d8   000000d8    r-- .cinit
20000000    20000000    00002954   00000000    rw-
  20000000    20000000    0000026c   00000000    rw- .vtable
  2000026c    2000026c    00002178   00000000    rw- .bss
  200023e4    200023e4    00000400   00000000    rw- .stack
  200027e4    200027e4    00000170   00000000    rw- .data


SECTION ALLOCATION MAP

 output                                  attributes/
section   page    origin      length       input sections
--------  ----  ----------  ----------   ----------------
.intvecs   0    00000000    0000026c     
                  00000000    0000026c     startup_ccs.obj (.intvecs)

.text      0    0000026c    00003700     
                  0000026c    000001ea     uartstdio.obj (.text:UARTvprintf)
                  00000456    00000002     startup_ccs.obj (.text:FaultISR)
                  00000458    00000174     tx_usb_dev_bulk.obj (.text:main)
                  000005cc    00000160     uartstdio.obj (.text:UARTStdioIntHandler)
                  0000072c    00000160     usblib.lib : usbdma.obj (.text:USBLibDMAInit)
                  0000088c    00000150                : usbdenum.obj (.text:USBDCDInit)
                  000009dc    00000150                : usbdenum.obj (.text:USBDEP0StateTxConfig)
                  00000b2c    00000150                : usbdenum.obj (.text:USBDeviceIntHandlerInternal)
                  00000c7c    00000148                : usbdconfig.obj (.text:USBDeviceConfig)
                  00000dc4    00000132     driverlib.lib : gpio.obj (.text:GPIOPadConfigSet)
                  00000ef6    00000002     startup_ccs.obj (.text:IntDefaultHandler)
                  00000ef8    000000fc     tx_usb_dev_bulk.obj (.text:NayaData)
                  00000ff4    000000f4     usblib.lib : usbdma.obj (.text:iDMAUSBTransfer)
                  000010e8    000000e4                : usbdenum.obj (.text:USBDGetDescriptor)
                  000011cc    000000d8                : usbdenum.obj (.text:USBDeviceEnumHandler)
                  000012a4    000000c4                : usbdma.obj (.text:uDMAUSBChannelAllocate)
                  00001368    000000be                : usbbuffer.obj (.text:HandleRxAvailable)
                  00001426    000000bc                : usbdma.obj (.text:uDMAUSBTransfer)
                  000014e2    00000002     startup_ccs.obj (.text:NmiSR)
                  000014e4    000000a8     uartstdio.obj (.text:UARTwrite)
                  0000158c    0000009c     usblib.lib : usbdbulk.obj (.text:USBDBulkCompositeInit)
                  00001628    0000009c     rtsv7M4_T_le_v4SPD16_eabi.lib : memcpy_t2.obj (.text)
                  000016c4    00000098     usblib.lib : usbdenum.obj (.text:USBDSetInterface)
                  0000175c    00000092                : usbbuffer.obj (.text:ScheduleNextTransmission)
                  000017ee    00000002                : usbdma.obj (.text:iDMAUSBArbSizeSet)
                  000017f0    00000090                : usbdenum.obj (.text:USBDSetConfiguration)
                  00001880    0000008c     uartstdio.obj (.text:UARTPrimeTransmit)
                  0000190c    0000008c     usblib.lib : usbdconfig.obj (.text:USBDeviceConfigAlternate)
                  00001998    00000084                : usbdma.obj (.text:iDMAUSBChannelAllocate)
                  00001a1c    00000084     driverlib.lib : udma.obj (.text:uDMAChannelTransferSet)
                  00001aa0    00000080     usblib.lib : usbdenum.obj (.text:USBDClearFeature)
                  00001b20    0000007a     driverlib.lib : usb.obj (.text:USBDevEndpointConfigSet)
                  00001b9a    0000007a     rtsv7M4_T_le_v4SPD16_eabi.lib : memset_t2.obj (.text)
                  00001c14    00000078     usblib.lib : usbdenum.obj (.text:USBDGetStatus)
                  00001c8c    00000072                : usbdbulk.obj (.text:USBDBulkPacketRead)
                  00001cfe    00000002                : usbdma.obj (.text:iDMAUSBUnitSizeSet)
                  00001d00    00000070                : usbdenum.obj (.text:USBDEP0StateTx)
                  00001d70    00000070     rtsv7M4_T_le_v4SPD16_eabi.lib : autoinit.obj (.text)
                  00001de0    00000070     usblib.lib : usbdma.obj (.text:uDMAUSBArbSizeSet)
                  00001e50    00000070                : usbdma.obj (.text:uDMAUSBUnitSizeSet)
                  00001ec0    0000006c                : usbdenum.obj (.text:USBDSetFeature)
                  00001f2c    00000068     driverlib.lib : interrupt.obj (.text:IntDisable)
                  00001f94    00000068                   : interrupt.obj (.text:IntEnable)
                  00001ffc    00000068     rtsv7M4_T_le_v4SPD16_eabi.lib : copy_decompress_lzss.obj (.text:decompress:lzss)
                  00002064    00000064     driverlib.lib : interrupt.obj (.text:IntIsEnabled)
                  000020c8    00000064     usblib.lib : usbbuffer.obj (.text:USBBufferEventCallback)
                  0000212c    00000064                : usbdma.obj (.text:uDMAUSBChannelEnable)
                  00002190    00000060                : usbdbulk.obj (.text:HandleDevice)
                  000021f0    00000060                : usbdbulk.obj (.text:ProcessDataFromHost)
                  00002250    00000060     driverlib.lib : timer.obj (.text:TimerConfigure)
                  000022b0    00000060     usblib.lib : usbdenum.obj (.text:USBDReadAndDispatchRequest)
                  00002310    0000005e     driverlib.lib : usb.obj (.text:USBDevEndpointStatusClear)
                  0000236e    00000002     rtsv7M4_T_le_v4SPD16_eabi.lib : i_div0.obj (.text)
                  00002370    0000005c     tx_usb_dev_bulk.obj (.text:RxHandler)
                  000023cc    0000005c     usblib.lib : usbdbulk.obj (.text:USBDBulkPacketWrite)
                  00002428    00000056                : usbdma.obj (.text:uDMAUSBChannelRelease)
                  0000247e    00000002     rtsv7M4_T_le_v4SPD16_eabi.lib : mpu_init.obj (.text)
                  00002480    00000054                                   : boot.obj (.text)
                  000024d4    00000054                                   : exit.obj (.text)
                  00002528    00000052     usblib.lib : usbulpi.obj (.text:ULPIConfigSet)
                  0000257a    00000002     rtsv7M4_T_le_v4SPD16_eabi.lib : startup.obj (.text)
                  0000257c    00000050     driverlib.lib : sysctl.obj (.text:SysCtlPeripheralReset)
                  000025cc    00000050     usblib.lib : usbdcdesc.obj (.text:USBDCDConfigDescGet)
                  0000261c    00000050                : usbdenum.obj (.text:USBDeviceResumeTickHandler)
                  0000266c    0000004c                : usbdconfig.obj (.text:GetEPDescriptorType)
                  000026b8    0000004c                : usbdenum.obj (.text:USBDStringIndexFromRequest)
                  00002704    0000004c     driverlib.lib : usb.obj (.text:USBEndpointDMAConfigSet)
                  00002750    0000004c                   : timer.obj (.text:_TimerIntNumberGet)
                  0000279c    0000004c     usblib.lib : usbdma.obj (.text:iDMAUSBChannelEnable)
                  000027e8    0000004c     rtsv7M4_T_le_v4SPD16_eabi.lib : cpy_tbl.obj (.text)
                  00002834    0000004a     usblib.lib : usbdcdesc.obj (.text:ConfigAlternateInterfaceGet)
                  0000287e    0000004a     driverlib.lib : usb.obj (.text:USBDevEndpointStallClear)
                  000028c8    0000004a     usblib.lib : usbdma.obj (.text:uDMAUSBChannelDisable)
                  00002912    00000002                : usbdma.obj (.text:uDMAUSBChannelIntDisable)
                  00002914    00000048                : usbdenum.obj (.text:USBDeviceEnumResetHandler)
                  0000295c    00000048     tx_direct_buffer.obj (.text:timer0_interrrupt_handler)
                  000029a4    00000048     driverlib.lib : udma.obj (.text:uDMAChannelAttributeDisable)
                  000029ec    00000046                   : usb.obj (.text:USBEndpointDataGet)
                  00002a32    00000002     usblib.lib : usbdma.obj (.text:uDMAUSBChannelIntEnable)
                  00002a34    00000044                : usbdenum.obj (.text:USBDCDDeviceInfoInit)
                  00002a78    00000044                : usbdenum.obj (.text:USBDGetInterface)
                  00002abc    00000040                : usbdbulk.obj (.text:USBDBulkInit)
                  00002afc    00000040     rtsv7M4_T_le_v4SPD16_eabi.lib : u_divt2.obj (.text)
                  00002b3c    0000003c     tx_direct_buffer.obj (.text:config_timer)
                  00002b78    0000003c     usblib.lib : usbdma.obj (.text:iDMAUSBChannelRelease)
                  00002bb4    0000003a     driverlib.lib : usb.obj (.text:USBFIFOConfigSet)
                  00002bee    00000002     --HOLE-- [fill = 0]
                  00002bf0    00000038     usblib.lib : usbtick.obj (.text:InternalUSBRegisterTickHandler)
                  00002c28    00000038                : usbtick.obj (.text:InternalUSBStartOfFrameTick)
                  00002c60    00000038                : usbdcdesc.obj (.text:USBDCDConfigGetInterfaceEndpoint)
                  00002c98    00000038     driverlib.lib : usb.obj (.text:USBIntStatusControl)
                  00002cd0    00000038     usblib.lib : usbringbuf.obj (.text:USBRingBufAdvanceWrite)
                  00002d08    00000038     tx_direct_buffer.obj (.text:tx_byte)
                  00002d40    00000036     driverlib.lib : usb.obj (.text:USBEndpointDataPut)
                  00002d76    00000034     usblib.lib : usbdbulk.obj (.text:HandleEndpoints)
                  00002daa    00000002     --HOLE-- [fill = 0]
                  00002dac    00000034     driverlib.lib : interrupt.obj (.text:IntRegister)
                  00002de0    00000034                   : sysctl.obj (.text:SysCtlPeripheralEnable)
                  00002e14    00000034                   : usb.obj (.text:USBEndpointDataSend)
                  00002e48    00000034     usblib.lib : usbdma.obj (.text:iDMAUSBChannelStatus)
                  00002e7c    00000032                : usbdcdesc.obj (.text:NextConfigDescGet)
                  00002eae    00000032                : usbdbulk.obj (.text:ProcessDataToHost)
                  00002ee0    00000032     driverlib.lib : usb.obj (.text:USBDevEndpointStall)
                  00002f12    00000032     usblib.lib : usbdma.obj (.text:iDMAUSBChannelDisable)
                  00002f44    00000030                : usbdma.obj (.text:DMAUSBIntHandler)
                  00002f74    00000030                : usbtick.obj (.text:InternalUSBTickInit)
                  00002fa4    00000030                : usbdenum.obj (.text:USBDGetConfiguration)
                  00002fd4    00000030                : usbringbuf.obj (.text:UpdateIndexAtomic)
                  00003004    00000030     tx_direct_buffer.obj (.text:config_GPIO)
                  00003034    0000002c     usblib.lib : usbdesc.obj (.text:USBDescGet)
                  00003060    0000002c     tx.obj (.text:send_file)
                  0000308c    0000002c     usblib.lib : usbdma.obj (.text:uDMAUSBIntStatus)
                  000030b8    0000002a     driverlib.lib : gpio.obj (.text:GPIODirModeSet)
                  000030e2    0000002a     usblib.lib : usbbuffer.obj (.text:HandleRequestBuffer)
                  0000310c    0000002a                : usbdcdesc.obj (.text:USBDCDConfigDescGetNum)
                  00003136    0000002a                : usbdesc.obj (.text:USBDescGetNum)
                  00003160    0000002a     driverlib.lib : usb.obj (.text:USBDevEndpointDataAck)
                  0000318a    00000002     --HOLE-- [fill = 0]
                  0000318c    00000028     usblib.lib : usbdenum.obj (.text:USBDSetAddress)
                  000031b4    00000028     driverlib.lib : usb.obj (.text:USBIntEnableControl)
                  000031dc    00000028                   : udma.obj (.text:uDMAChannelModeGet)
                  00003204    00000024     usblib.lib : usbdbulk.obj (.text:BulkTickHandler)
                  00003228    00000024                : usbdbulk.obj (.text:HandleConfigChange)
                  0000324c    00000024     driverlib.lib : usb.obj (.text:USBEndpointDMADisable)
                  00003270    00000024                   : usb.obj (.text:USBEndpointDMAEnable)
                  00003294    00000024     usblib.lib : usbmode.obj (.text:USBStackModeSet)
                  000032b8    00000024     driverlib.lib : udma.obj (.text:uDMAChannelControlSet)
                  000032dc    00000022     usblib.lib : usbdbulk.obj (.text:HandleDisconnect)
                  000032fe    00000022                : usbdbulk.obj (.text:USBDBulkRxPacketAvailable)
                  00003320    00000022                : usbdma.obj (.text:uDMAUSBChannelStatus)
                  00003342    00000020                : usbdconfig.obj (.text:GetEndpointFIFOSize)
                  00003362    00000020                : usbbuffer.obj (.text:HandleDataRemaining)
                  00003382    00000020                : usbringbuf.obj (.text:USBRingBufAdvanceRead)
                  000033a2    0000001e                : usbringbuf.obj (.text:USBRingBufContigFree)
                  000033c0    0000001e     driverlib.lib : usb.obj (.text:USBULPIRegRead)
                  000033de    0000001e                   : usb.obj (.text:USBULPIRegWrite)
                  000033fc    0000001c     usblib.lib : usbdcdesc.obj (.text:USBDCDConfigGetInterface)
                  00003418    0000001c                : usbdenum.obj (.text:USBDCDStallEP0)
                  00003434    0000001c     driverlib.lib : usb.obj (.text:USBEndpointDataAvail)
                  00003450    0000001c     usblib.lib : usbringbuf.obj (.text:USBRingBufWrite)
                  0000346c    0000001a     uartstdio.obj (.text:UARTprintf)
                  00003486    0000001a     usblib.lib : usbdcdesc.obj (.text:USBDCDConfigDescGetSize)
                  000034a0    0000001a     driverlib.lib : usb.obj (.text:USBEndpointDMAChannel)
                  000034ba    00000018                   : gpio.obj (.text:GPIOPinTypeGPIOOutput)
                  000034d2    00000018     uartstdio.obj (.text:IsBufferFull)
                  000034ea    00000018     usblib.lib : usbdbulk.obj (.text:SetDeferredOpFlag)
                  00003502    00000018     driverlib.lib : timer.obj (.text:TimerIntRegister)
                  0000351a    00000002     --HOLE-- [fill = 0]
                  0000351c    00000018     usblib.lib : usbdhandler.obj (.text:USB0DeviceIntHandler)
                  00003534    00000018                : usbbuffer.obj (.text:USBBufferInit)
                  0000354c    00000018                : usbdenum.obj (.text:USBDCDFeatureGet)
                  00003564    00000018                : usbdenum.obj (.text:USBDSetDescriptor)
                  0000357c    00000018                : usbdenum.obj (.text:USBDSyncFrame)
                  00003594    00000018     rtsv7M4_T_le_v4SPD16_eabi.lib : args_main.obj (.text)
                  000035ac    00000018     tx_direct_buffer.obj (.text:send_sentence)
                  000035c4    00000018     driverlib.lib : udma.obj (.text:uDMAChannelDisable)
                  000035dc    00000018                   : udma.obj (.text:uDMAChannelEnable)
                  000035f4    00000016     usblib.lib : usbbuffer.obj (.text:USBBufferDataWritten)
                  0000360a    00000016     driverlib.lib : usb.obj (.text:USBIntEnableEndpoint)
                  00003620    00000016     usblib.lib : usbringbuf.obj (.text:USBRingBufFlush)
                  00003636    00000016                : usbringbuf.obj (.text:USBRingBufUsed)
                  0000364c    00000014                : usbbuffer.obj (.text:HandleTxComplete)
                  00003660    00000014     driverlib.lib : sysctl.obj (.text:SysCtlUSBPLLEnable)
                  00003674    00000014     tx_usb_dev_bulk.obj (.text:TxHandler)
                  00003688    00000014     usblib.lib : usbdbulk.obj (.text:USBDBulkTxPacketAvailable)
                  0000369c    00000014     driverlib.lib : usb.obj (.text:USBDMAChannelConfigSet)
                  000036b0    00000014                   : usb.obj (.text:USBHostResume)
                  000036c4    00000014                   : usb.obj (.text:_USBIndexWrite)
                  000036d8    00000014     rtsv7M4_T_le_v4SPD16_eabi.lib : _lock.obj (.text)
                  000036ec    00000012     usblib.lib : usbdbulk.obj (.text:HandleResume)
                  000036fe    00000012                : usbdbulk.obj (.text:HandleSuspend)
                  00003710    00000012     driverlib.lib : timer.obj (.text:TimerLoadSet)
                  00003722    00000012     usblib.lib : usbbuffer.obj (.text:USBBufferInfoGet)
                  00003734    00000012     driverlib.lib : usb.obj (.text:USBDMAChannelDisable)
                  00003746    00000012                   : usb.obj (.text:USBDMAChannelEnable)
                  00003758    00000012                   : usb.obj (.text:USBDMAChannelIntDisable)
                  0000376a    00000012                   : usb.obj (.text:USBDMAChannelIntEnable)
                  0000377c    00000012     usblib.lib : usbringbuf.obj (.text:USBRingBufFree)
                  0000378e    00000010     driverlib.lib : interrupt.obj (.text:IntMasterDisable)
                  0000379e    00000010                   : interrupt.obj (.text:IntMasterEnable)
                  000037ae    00000002     --HOLE-- [fill = 0]
                  000037b0    00000010     tx_usb_dev_bulk.obj (.text:SysTickIntHandler)
                  000037c0    00000010     driverlib.lib : usb.obj (.text:USBEndpointStatus)
                  000037d0    00000010     usblib.lib : usbringbuf.obj (.text:USBRingBufContigUsed)
                  000037e0    00000010                : usbringbuf.obj (.text:USBRingBufWriteOne)
                  000037f0    0000000e                : usbdma.obj (.text:DMAUSBIntStatusClear)
                  000037fe    0000000e     uartstdio.obj (.text:IsBufferEmpty)
                  0000380c    0000000e     driverlib.lib : timer.obj (.text:TimerEnable)
                  0000381a    0000000e                   : usb.obj (.text:USBDMAChannelStatus)
                  00003828    0000000e                   : usb.obj (.text:USBDevLPMDisable)
                  00003836    0000000e                   : usb.obj (.text:USBDevLPMEnable)
                  00003844    0000000e                   : usb.obj (.text:USBULPIDisable)
                  00003852    0000000e                   : usb.obj (.text:USBULPIEnable)
                  00003860    0000000e     rtsv7M4_T_le_v4SPD16_eabi.lib : copy_decompress_none.obj (.text:decompress:none)
                  0000386e    0000000c     driverlib.lib : cpu.obj (.text:CPUcpsid)
                  0000387a    0000000c                   : cpu.obj (.text:CPUcpsie)
                  00003886    0000000c                   : usb.obj (.text:USBEndpointPacketCountSet)
                  00003892    0000000c                   : usb.obj (.text:USBLPMIntEnable)
                  0000389e    0000000c     usblib.lib : usbringbuf.obj (.text:USBRingBufInit)
                  000038aa    0000000c     rtsv7M4_T_le_v4SPD16_eabi.lib : copy_zero_init.obj (.text:decompress:ZI)
                  000038b6    0000000a     driverlib.lib : usb.obj (.text:USBClockEnable)
                  000038c0    0000000a                   : usb.obj (.text:USBControllerVersion)
                  000038ca    0000000a                   : usb.obj (.text:USBDMAChannelAddressSet)
                  000038d4    0000000a                   : usb.obj (.text:USBDMAChannelCountSet)
                  000038de    0000000a                   : usb.obj (.text:USBDevConnect)
                  000038e8    0000000a                   : usb.obj (.text:USBDevDisconnect)
                  000038f2    0000000a                   : usb.obj (.text:USBIntStatusEndpoint)
                  000038fc    00000008                   : timer.obj (.text:TimerIntEnable)
                  00003904    00000008                   : usb.obj (.text:USBDevMode)
                  0000390c    00000008                   : usb.obj (.text:USBFIFOAddrGet)
                  00003914    00000008                   : usb.obj (.text:USBOTGMode)
                  0000391c    00000008     usblib.lib : usbdma.obj (.text:iDMAUSBChannelIntDisable)
                  00003924    00000008                : usbdma.obj (.text:iDMAUSBChannelIntEnable)
                  0000392c    00000006     driverlib.lib : gpio.obj (.text:GPIOPinWrite)
                  00003932    00000006     startup_ccs.obj (.text:ResetISR)
                  00003938    00000006     usblib.lib : usbbuffer.obj (.text:USBBufferFlush)
                  0000393e    00000006                : usbbuffer.obj (.text:USBBufferSpaceAvailable)
                  00003944    00000006     driverlib.lib : usb.obj (.text:USBDMAChannelIntStatus)
                  0000394a    00000006                   : usb.obj (.text:USBDevLPMConfig)
                  00003950    00000006                   : usb.obj (.text:USBLPMIntStatus)
                  00003956    00000006     usblib.lib : usbdma.obj (.text:iDMAUSBIntStatus)
                  0000395c    00000004                : usbdma.obj (.text:DMAUSBStatus)
                  00003960    00000004     driverlib.lib : timer.obj (.text:TimerIntClear)
                  00003964    00000004                   : usb.obj (.text:USBDevAddrSet)
                  00003968    00000004     rtsv7M4_T_le_v4SPD16_eabi.lib : pre_init.obj (.text)

.const     0    0000396c    000002b4     
                  0000396c    00000070     driverlib.lib : interrupt.obj (.const)
                  000039dc    00000060                   : timer.obj (.const:g_ppui32TimerIntMap)
                  00003a3c    00000040                   : timer.obj (.const:g_ppui32TimerIntMapSnowflake)
                  00003a7c    00000034     usblib.lib : usbdenum.obj (.const:g_psUSBDStdRequests)
                  00003ab0    00000030     usb_bulk_structs.obj (.const:.string:g_pui8ConfigString)
                  00003ae0    00000030     usblib.lib : usbdbulk.obj (.const:g_sBulkHandlers)
                  00003b10    00000030                : usbdbulk.obj (.const)
                  00003b40    0000002e                : usbdbulk.obj (.const:.string)
                  00003b6e    00000028     usb_bulk_structs.obj (.const:.string:g_pui8DataInterfaceString)
                  00003b96    00000028     usb_bulk_structs.obj (.const:.string:g_pui8ProductString)
                  00003bbe    00000024     usb_bulk_structs.obj (.const:.string:g_pui8ManufacturerString)
                  00003be2    00000002     --HOLE-- [fill = 0]
                  00003be4    00000018     usb_bulk_structs.obj (.const:g_ppui8StringDescriptors)
                  00003bfc    00000012     usb_bulk_structs.obj (.const:.string:g_pui8SerialNumberString)
                  00003c0e    00000002     --HOLE-- [fill = 0]
                  00003c10    0000000c     uartstdio.obj (.const:g_ui32UARTInt)
                  00003c1c    00000004     usb_bulk_structs.obj (.const:.string:g_pui8LangDescriptor)

.cinit     0    00003c20    000000d8     
                  00003c20    000000a0     (.cinit..data.load) [load image, compression = lzss]
                  00003cc0    0000000c     (__TI_handler_table)
                  00003ccc    00000004     --HOLE-- [fill = 0]
                  00003cd0    00000008     (.cinit..bss.load) [load image, compression = zero_init]
                  00003cd8    00000008     (.cinit..vtable.load) [load image, compression = zero_init]
                  00003ce0    00000018     (__TI_cinit_table)

.init_array 
*          0    00000000    00000000     UNINITIALIZED

.vtable    0    20000000    0000026c     UNINITIALIZED
                  20000000    0000026c     driverlib.lib : interrupt.obj (.vtable)

.bss       0    2000026c    00002178     UNINITIALIZED
                  2000026c    00001800     (.common:data_to_tx)
                  20001a6c    00000400     uartstdio.obj (.bss:g_pcUARTTxBuffer)
                  20001e6c    00000110     usblib.lib : usbdma.obj (.bss:g_psUSBDMAInst)
                  20001f7c    00000100     (.common:g_pui8USBRxBuffer)
                  2000207c    00000100     (.common:g_pui8USBTxBuffer)
                  2000217c    00000100     (.common:to_tx_buffer_temp)
                  2000227c    00000080     uartstdio.obj (.bss:g_pcUARTRxBuffer)
                  200022fc    00000050     usblib.lib : usbdenum.obj (.bss:g_psDCDInst)
                  2000234c    00000040                : usbdenum.obj (.bss:g_pui8DataBufferIn)
                  2000238c    00000018     (.common:g_pfnTickHandlers)
                  200023a4    00000018     (.common:g_pvTickInstance)
                  200023bc    00000008     uartstdio.obj (.bss)
                  200023c4    00000004     (.common:g_pfnUSBModeCallback)
                  200023c8    00000004     (.common:g_ppsDevInfo)
                  200023cc    00000004     (.common:g_ui32ULPISupport)
                  200023d0    00000004     (.common:ui32Count)
                  200023d4    00000004     (.common:ui32Loop)
                  200023d8    00000004     (.common:ui32ReadIndex)
                  200023dc    00000004     (.common:ui32Space)
                  200023e0    00000004     (.common:ui32WriteIndex)

.data      0    200027e4    00000170     UNINITIALIZED
                  200027e4    00000044     usb_bulk_structs.obj (.data:g_sBulkDevice)
                  20002828    00000038     usb_bulk_structs.obj (.data:g_sRxBuffer)
                  20002860    00000038     usb_bulk_structs.obj (.data:g_sTxBuffer)
                  20002898    0000002e     usblib.lib : usbdbulk.obj (.data)
                  200028c6    00000002     --HOLE--
                  200028c8    0000001e     tx_direct_buffer.obj (.data)
                  200028e6    00000002     --HOLE--
                  200028e8    00000019     tx_usb_dev_bulk.obj (.data)
                  20002901    00000003     --HOLE--
                  20002904    00000015     uartstdio.obj (.data)
                  20002919    00000003     --HOLE--
                  2000291c    0000000c     rtsv7M4_T_le_v4SPD16_eabi.lib : exit.obj (.data:$O1$$)
                  20002928    0000000c     usblib.lib : usbtick.obj (.data)
                  20002934    00000009                : usbmode.obj (.data)
                  2000293d    00000003     --HOLE--
                  20002940    00000008     rtsv7M4_T_le_v4SPD16_eabi.lib : _lock.obj (.data:$O1$$)
                  20002948    00000008     usblib.lib : usbdenum.obj (.data)
                  20002950    00000004     rtsv7M4_T_le_v4SPD16_eabi.lib : stkdepth_vars.obj (.data)

.stack     0    200023e4    00000400     UNINITIALIZED
                  200023e4    00000400     --HOLE--

MODULE SUMMARY

       Module                     code    ro data   rw data
       ------                     ----    -------   -------
    ./
       tx_direct_buffer.obj       260     0         6174   
       tx_usb_dev_bulk.obj        752     0         301    
       usb_bulk_structs.obj       0       210       692    
       startup_ccs.obj            12      620       0      
       tx.obj                     44      0         0      
    +--+--------------------------+-------+---------+---------+
       Total:                     1068    830       7167   
                                                           
    ./utils/
       uartstdio.obj              1214    12        1181   
    +--+--------------------------+-------+---------+---------+
       Total:                     1214    12        1181   
                                                           
    /home/arktheshadow/ti/SW-EK-TM4C123GXL-2.1.3.156/driverlib/ccs/Debug/driverlib.lib
       usb.obj                    1354    0         0      
       interrupt.obj              392     112       620    
       timer.obj                  240     160       0      
       gpio.obj                   378     0         0      
       udma.obj                   328     0         0      
       sysctl.obj                 152     0         0      
       cpu.obj                    24      0         0      
    +--+--------------------------+-------+---------+---------+
       Total:                     2868    272       620    
                                                           
    /home/arktheshadow/ti/SW-EK-TM4C123GXL-2.1.3.156/usblib/ccs/Debug/usblib.lib
       usbdenum.obj               2864    52        160    
       usbdma.obj                 2008    0         272    
       usbdbulk.obj               940     142       46     
       usbbuffer.obj              606     0         0      
       usbdconfig.obj             576     0         0      
       usbdcdesc.obj              356     0         0      
       usbringbuf.obj             300     0         0      
       usbtick.obj                160     0         60     
       usbdesc.obj                86      0         0      
       usbulpi.obj                82      0         0      
       usbmode.obj                36      0         13     
       usbdhandler.obj            24      0         0      
    +--+--------------------------+-------+---------+---------+
       Total:                     8038    194       551    
                                                           
    /home/arktheshadow/ti/ccsv7/tools/compiler/ti-cgt-arm_16.9.0.LTS/lib/rtsv7M4_T_le_v4SPD16_eabi.lib
       memcpy_t2.obj              156     0         0      
       memset_t2.obj              122     0         0      
       autoinit.obj               112     0         0      
       copy_decompress_lzss.obj   104     0         0      
       exit.obj                   84      0         12     
       boot.obj                   84      0         0      
       cpy_tbl.obj                76      0         0      
       u_divt2.obj                64      0         0      
       _lock.obj                  20      0         8      
       args_main.obj              24      0         0      
       copy_decompress_none.obj   14      0         0      
       copy_zero_init.obj         12      0         0      
       pre_init.obj               4       0         0      
       stkdepth_vars.obj          0       0         4      
       i_div0.obj                 2       0         0      
       mpu_init.obj               2       0         0      
       startup.obj                2       0         0      
    +--+--------------------------+-------+---------+---------+
       Total:                     882     0         24     
                                                           
       Stack:                     0       0         1024   
       Linker Generated:          0       212       0      
    +--+--------------------------+-------+---------+---------+
       Grand Total:               14070   1520      10567  


LINKER GENERATED COPY TABLES

__TI_cinit_table @ 00003ce0 records: 3, size/record: 8, table size: 24
	.data: load addr=00003c20, load size=000000a0 bytes, run addr=200027e4, run size=00000170 bytes, compression=lzss
	.bss: load addr=00003cd0, load size=00000008 bytes, run addr=2000026c, run size=00002178 bytes, compression=zero_init
	.vtable: load addr=00003cd8, load size=00000008 bytes, run addr=20000000, run size=0000026c bytes, compression=zero_init


LINKER GENERATED HANDLER TABLE

__TI_handler_table @ 00003cc0 records: 3, size/record: 4, table size: 12
	index: 0, handler: __TI_zero_init
	index: 1, handler: __TI_decompress_lzss
	index: 2, handler: __TI_decompress_none


GLOBAL SYMBOLS: SORTED ALPHABETICALLY BY Name 

address   name                            
-------   ----                            
000024d5  C$$EXIT                         
0000386f  CPUcpsid                        
0000387b  CPUcpsie                        
000030b9  GPIODirModeSet                  
00000dc5  GPIOPadConfigSet                
000034bb  GPIOPinTypeGPIOOutput           
0000392d  GPIOPinWrite                    
00001f2d  IntDisable                      
00001f95  IntEnable                       
00002065  IntIsEnabled                    
0000378f  IntMasterDisable                
0000379f  IntMasterEnable                 
00002dad  IntRegister                     
00002bf1  InternalUSBRegisterTickHandler  
00002c29  InternalUSBStartOfFrameTick     
00002f75  InternalUSBTickInit             
00003933  ResetISR                        
00002371  RxHandler                       
UNDEFED   SHT$$INIT_ARRAY$$Base           
UNDEFED   SHT$$INIT_ARRAY$$Limit          
00002de1  SysCtlPeripheralEnable          
0000257d  SysCtlPeripheralReset           
00003661  SysCtlUSBPLLEnable              
000037b1  SysTickIntHandler               
00002251  TimerConfigure                  
0000380d  TimerEnable                     
00003961  TimerIntClear                   
000038fd  TimerIntEnable                  
00003503  TimerIntRegister                
00003711  TimerLoadSet                    
00003675  TxHandler                       
000005cd  UARTStdioIntHandler             
0000346d  UARTprintf                      
0000026d  UARTvprintf                     
000014e5  UARTwrite                       
00002529  ULPIConfigSet                   
0000351d  USB0DeviceIntHandler            
000035f5  USBBufferDataWritten            
000020c9  USBBufferEventCallback          
00003939  USBBufferFlush                  
00003723  USBBufferInfoGet                
00003535  USBBufferInit                   
0000393f  USBBufferSpaceAvailable         
000038b7  USBClockEnable                  
000038c1  USBControllerVersion            
0000158d  USBDBulkCompositeInit           
00002abd  USBDBulkInit                    
00001c8d  USBDBulkPacketRead              
000023cd  USBDBulkPacketWrite             
000032ff  USBDBulkRxPacketAvailable       
00003689  USBDBulkTxPacketAvailable       
000025cd  USBDCDConfigDescGet             
0000310d  USBDCDConfigDescGetNum          
00003487  USBDCDConfigDescGetSize         
000033fd  USBDCDConfigGetInterface        
00002c61  USBDCDConfigGetInterfaceEndpoint
00002a35  USBDCDDeviceInfoInit            
0000354d  USBDCDFeatureGet                
0000088d  USBDCDInit                      
00003419  USBDCDStallEP0                  
000038cb  USBDMAChannelAddressSet         
0000369d  USBDMAChannelConfigSet          
000038d5  USBDMAChannelCountSet           
00003735  USBDMAChannelDisable            
00003747  USBDMAChannelEnable             
00003759  USBDMAChannelIntDisable         
0000376b  USBDMAChannelIntEnable          
00003945  USBDMAChannelIntStatus          
0000381b  USBDMAChannelStatus             
00003035  USBDescGet                      
00003137  USBDescGetNum                   
00003965  USBDevAddrSet                   
000038df  USBDevConnect                   
000038e9  USBDevDisconnect                
00001b21  USBDevEndpointConfigSet         
00003161  USBDevEndpointDataAck           
00002ee1  USBDevEndpointStall             
0000287f  USBDevEndpointStallClear        
00002311  USBDevEndpointStatusClear       
0000394b  USBDevLPMConfig                 
00003829  USBDevLPMDisable                
00003837  USBDevLPMEnable                 
00003905  USBDevMode                      
00000c7d  USBDeviceConfig                 
0000190d  USBDeviceConfigAlternate        
000011cd  USBDeviceEnumHandler            
00002915  USBDeviceEnumResetHandler       
00000b2d  USBDeviceIntHandlerInternal     
0000261d  USBDeviceResumeTickHandler      
000034a1  USBEndpointDMAChannel           
00002705  USBEndpointDMAConfigSet         
0000324d  USBEndpointDMADisable           
00003271  USBEndpointDMAEnable            
00003435  USBEndpointDataAvail            
000029ed  USBEndpointDataGet              
00002d41  USBEndpointDataPut              
00002e15  USBEndpointDataSend             
00003887  USBEndpointPacketCountSet       
000037c1  USBEndpointStatus               
0000390d  USBFIFOAddrGet                  
00002bb5  USBFIFOConfigSet                
000036b1  USBHostResume                   
000031b5  USBIntEnableControl             
0000360b  USBIntEnableEndpoint            
00002c99  USBIntStatusControl             
000038f3  USBIntStatusEndpoint            
00003893  USBLPMIntEnable                 
00003951  USBLPMIntStatus                 
0000072d  USBLibDMAInit                   
00003915  USBOTGMode                      
00003383  USBRingBufAdvanceRead           
00002cd1  USBRingBufAdvanceWrite          
000033a3  USBRingBufContigFree            
000037d1  USBRingBufContigUsed            
00003621  USBRingBufFlush                 
0000377d  USBRingBufFree                  
0000389f  USBRingBufInit                  
00003637  USBRingBufUsed                  
00003451  USBRingBufWrite                 
000037e1  USBRingBufWriteOne              
00003295  USBStackModeSet                 
00003845  USBULPIDisable                  
00003853  USBULPIEnable                   
000033c1  USBULPIRegRead                  
000033df  USBULPIRegWrite                 
200027e4  __STACK_END                     
00000400  __STACK_SIZE                    
200027e4  __STACK_TOP                     
00003ce0  __TI_CINIT_Base                 
00003cf8  __TI_CINIT_Limit                
00003cc0  __TI_Handler_Table_Base         
00003ccc  __TI_Handler_Table_Limit        
00001d71  __TI_auto_init                  
2000291c  __TI_cleanup_ptr                
00001ffd  __TI_decompress_lzss            
00003861  __TI_decompress_none            
20002920  __TI_dtors_ptr                  
20002924  __TI_enable_exit_profile_output 
ffffffff  __TI_pprof_out_hndl             
ffffffff  __TI_prof_data_size             
ffffffff  __TI_prof_data_start            
00000000  __TI_static_base__              
000038ab  __TI_zero_init                  
0000236f  __aeabi_idiv0                   
00001b9b  __aeabi_memclr                  
00001b9b  __aeabi_memclr4                 
00001b9b  __aeabi_memclr8                 
00001629  __aeabi_memcpy                  
00001629  __aeabi_memcpy4                 
00001629  __aeabi_memcpy8                 
00001b9d  __aeabi_memset                  
00001b9d  __aeabi_memset4                 
00001b9d  __aeabi_memset8                 
00002afd  __aeabi_uidiv                   
00002afd  __aeabi_uidivmod                
ffffffff  __binit__                       
ffffffff  __c_args__                      
0000247f  __mpu_init                      
200023e4  __stack                         
00003595  _args_main                      
00002481  _c_int00                        
20002940  _lock                           
000036e7  _nop                            
000036df  _register_lock                  
000036d9  _register_unlock                
0000257b  _system_post_cinit              
00003969  _system_pre_init                
20002944  _unlock                         
000024d9  abort                           
ffffffff  binit                           
200028e5  byte_test                       
200028dc  cl_delay                        
200028e4  clk                             
00003005  config_GPIO                     
00002b3d  config_timer                    
000027e9  copy_in                         
200028c8  data_buff_size                  
2000026c  data_to_tx                      
000024e1  exit                            
20002928  g_bUSBTimerInitialized          
20002934  g_iUSBMode                      
20000000  g_pfnRAMVectors                 
2000238c  g_pfnTickHandlers               
00000000  g_pfnVectors                    
00003b38  g_ppBulkConfigDescriptors       
00003b3c  g_ppBulkConfigDescriptorsHS     
200023c8  g_ppsDevInfo                    
00003be4  g_ppui8StringDescriptors        
200028b4  g_psBulkSections                
200028bc  g_psBulkSectionsHS              
200022fc  g_psDCDInst                     
200028aa  g_pui8BulkDescriptor            
20002898  g_pui8BulkDeviceDescriptor      
00003b40  g_pui8BulkInterface             
00003b57  g_pui8BulkInterfaceHS           
00003ab0  g_pui8ConfigString              
00003b6e  g_pui8DataInterfaceString       
00003c1c  g_pui8LangDescriptor            
00003bbe  g_pui8ManufacturerString        
00003b96  g_pui8ProductString             
00003bfc  g_pui8SerialNumberString        
20001f7c  g_pui8USBRxBuffer               
2000207c  g_pui8USBTxBuffer               
200023a4  g_pvTickInstance                
00003b28  g_sBulkConfigHeader             
00003b30  g_sBulkConfigHeaderHS           
00003b10  g_sBulkConfigSection            
200027e4  g_sBulkDevice                   
00003ae0  g_sBulkHandlers                 
00003b18  g_sBulkInterfaceSection         
00003b20  g_sBulkInterfaceSectionHS       
20002828  g_sRxBuffer                     
20002860  g_sTxBuffer                     
2000292c  g_ui32CurrentUSBTick            
200028fc  g_ui32Flags                     
200028f8  g_ui32RxCount                   
200028f0  g_ui32SysTickCount              
200028f4  g_ui32TxCount                   
20002930  g_ui32USBSOFCount               
20002938  g_ui32WaitTicks                 
00000459  main                            
20002950  main_func_sp                    
00001629  memcpy                          
00001ba3  memset                          
200028e0  n_bits_tx                       
200028ec  ptr_to_tx_buffer                
00003061  send_file                       
000035ad  send_sentence                   
200028e8  start_timer_bit                 
200028d0  sync_tx_back                    
200028cc  sync_tx_front                   
0000295d  timer0_interrrupt_handler       
2000217c  to_tx_buffer_temp               
200028d8  tx_back                         
00002d09  tx_byte                         
200028d4  tx_front                        
000029a5  uDMAChannelAttributeDisable     
000032b9  uDMAChannelControlSet           
000035c5  uDMAChannelDisable              
000035dd  uDMAChannelEnable               
000031dd  uDMAChannelModeGet              
00001a1d  uDMAChannelTransferSet          
200023d0  ui32Count                       
200023d4  ui32Loop                        
200023d8  ui32ReadIndex                   
200023dc  ui32Space                       
200023e0  ui32WriteIndex                  


GLOBAL SYMBOLS: SORTED BY Symbol Address 

address   name                            
-------   ----                            
00000000  __TI_static_base__              
00000000  g_pfnVectors                    
0000026d  UARTvprintf                     
00000400  __STACK_SIZE                    
00000459  main                            
000005cd  UARTStdioIntHandler             
0000072d  USBLibDMAInit                   
0000088d  USBDCDInit                      
00000b2d  USBDeviceIntHandlerInternal     
00000c7d  USBDeviceConfig                 
00000dc5  GPIOPadConfigSet                
000011cd  USBDeviceEnumHandler            
000014e5  UARTwrite                       
0000158d  USBDBulkCompositeInit           
00001629  __aeabi_memcpy                  
00001629  __aeabi_memcpy4                 
00001629  __aeabi_memcpy8                 
00001629  memcpy                          
0000190d  USBDeviceConfigAlternate        
00001a1d  uDMAChannelTransferSet          
00001b21  USBDevEndpointConfigSet         
00001b9b  __aeabi_memclr                  
00001b9b  __aeabi_memclr4                 
00001b9b  __aeabi_memclr8                 
00001b9d  __aeabi_memset                  
00001b9d  __aeabi_memset4                 
00001b9d  __aeabi_memset8                 
00001ba3  memset                          
00001c8d  USBDBulkPacketRead              
00001d71  __TI_auto_init                  
00001f2d  IntDisable                      
00001f95  IntEnable                       
00001ffd  __TI_decompress_lzss            
00002065  IntIsEnabled                    
000020c9  USBBufferEventCallback          
00002251  TimerConfigure                  
00002311  USBDevEndpointStatusClear       
0000236f  __aeabi_idiv0                   
00002371  RxHandler                       
000023cd  USBDBulkPacketWrite             
0000247f  __mpu_init                      
00002481  _c_int00                        
000024d5  C$$EXIT                         
000024d9  abort                           
000024e1  exit                            
00002529  ULPIConfigSet                   
0000257b  _system_post_cinit              
0000257d  SysCtlPeripheralReset           
000025cd  USBDCDConfigDescGet             
0000261d  USBDeviceResumeTickHandler      
00002705  USBEndpointDMAConfigSet         
000027e9  copy_in                         
0000287f  USBDevEndpointStallClear        
00002915  USBDeviceEnumResetHandler       
0000295d  timer0_interrrupt_handler       
000029a5  uDMAChannelAttributeDisable     
000029ed  USBEndpointDataGet              
00002a35  USBDCDDeviceInfoInit            
00002abd  USBDBulkInit                    
00002afd  __aeabi_uidiv                   
00002afd  __aeabi_uidivmod                
00002b3d  config_timer                    
00002bb5  USBFIFOConfigSet                
00002bf1  InternalUSBRegisterTickHandler  
00002c29  InternalUSBStartOfFrameTick     
00002c61  USBDCDConfigGetInterfaceEndpoint
00002c99  USBIntStatusControl             
00002cd1  USBRingBufAdvanceWrite          
00002d09  tx_byte                         
00002d41  USBEndpointDataPut              
00002dad  IntRegister                     
00002de1  SysCtlPeripheralEnable          
00002e15  USBEndpointDataSend             
00002ee1  USBDevEndpointStall             
00002f75  InternalUSBTickInit             
00003005  config_GPIO                     
00003035  USBDescGet                      
00003061  send_file                       
000030b9  GPIODirModeSet                  
0000310d  USBDCDConfigDescGetNum          
00003137  USBDescGetNum                   
00003161  USBDevEndpointDataAck           
000031b5  USBIntEnableControl             
000031dd  uDMAChannelModeGet              
0000324d  USBEndpointDMADisable           
00003271  USBEndpointDMAEnable            
00003295  USBStackModeSet                 
000032b9  uDMAChannelControlSet           
000032ff  USBDBulkRxPacketAvailable       
00003383  USBRingBufAdvanceRead           
000033a3  USBRingBufContigFree            
000033c1  USBULPIRegRead                  
000033df  USBULPIRegWrite                 
000033fd  USBDCDConfigGetInterface        
00003419  USBDCDStallEP0                  
00003435  USBEndpointDataAvail            
00003451  USBRingBufWrite                 
0000346d  UARTprintf                      
00003487  USBDCDConfigDescGetSize         
000034a1  USBEndpointDMAChannel           
000034bb  GPIOPinTypeGPIOOutput           
00003503  TimerIntRegister                
0000351d  USB0DeviceIntHandler            
00003535  USBBufferInit                   
0000354d  USBDCDFeatureGet                
00003595  _args_main                      
000035ad  send_sentence                   
000035c5  uDMAChannelDisable              
000035dd  uDMAChannelEnable               
000035f5  USBBufferDataWritten            
0000360b  USBIntEnableEndpoint            
00003621  USBRingBufFlush                 
00003637  USBRingBufUsed                  
00003661  SysCtlUSBPLLEnable              
00003675  TxHandler                       
00003689  USBDBulkTxPacketAvailable       
0000369d  USBDMAChannelConfigSet          
000036b1  USBHostResume                   
000036d9  _register_unlock                
000036df  _register_lock                  
000036e7  _nop                            
00003711  TimerLoadSet                    
00003723  USBBufferInfoGet                
00003735  USBDMAChannelDisable            
00003747  USBDMAChannelEnable             
00003759  USBDMAChannelIntDisable         
0000376b  USBDMAChannelIntEnable          
0000377d  USBRingBufFree                  
0000378f  IntMasterDisable                
0000379f  IntMasterEnable                 
000037b1  SysTickIntHandler               
000037c1  USBEndpointStatus               
000037d1  USBRingBufContigUsed            
000037e1  USBRingBufWriteOne              
0000380d  TimerEnable                     
0000381b  USBDMAChannelStatus             
00003829  USBDevLPMDisable                
00003837  USBDevLPMEnable                 
00003845  USBULPIDisable                  
00003853  USBULPIEnable                   
00003861  __TI_decompress_none            
0000386f  CPUcpsid                        
0000387b  CPUcpsie                        
00003887  USBEndpointPacketCountSet       
00003893  USBLPMIntEnable                 
0000389f  USBRingBufInit                  
000038ab  __TI_zero_init                  
000038b7  USBClockEnable                  
000038c1  USBControllerVersion            
000038cb  USBDMAChannelAddressSet         
000038d5  USBDMAChannelCountSet           
000038df  USBDevConnect                   
000038e9  USBDevDisconnect                
000038f3  USBIntStatusEndpoint            
000038fd  TimerIntEnable                  
00003905  USBDevMode                      
0000390d  USBFIFOAddrGet                  
00003915  USBOTGMode                      
0000392d  GPIOPinWrite                    
00003933  ResetISR                        
00003939  USBBufferFlush                  
0000393f  USBBufferSpaceAvailable         
00003945  USBDMAChannelIntStatus          
0000394b  USBDevLPMConfig                 
00003951  USBLPMIntStatus                 
00003961  TimerIntClear                   
00003965  USBDevAddrSet                   
00003969  _system_pre_init                
00003ab0  g_pui8ConfigString              
00003ae0  g_sBulkHandlers                 
00003b10  g_sBulkConfigSection            
00003b18  g_sBulkInterfaceSection         
00003b20  g_sBulkInterfaceSectionHS       
00003b28  g_sBulkConfigHeader             
00003b30  g_sBulkConfigHeaderHS           
00003b38  g_ppBulkConfigDescriptors       
00003b3c  g_ppBulkConfigDescriptorsHS     
00003b40  g_pui8BulkInterface             
00003b57  g_pui8BulkInterfaceHS           
00003b6e  g_pui8DataInterfaceString       
00003b96  g_pui8ProductString             
00003bbe  g_pui8ManufacturerString        
00003be4  g_ppui8StringDescriptors        
00003bfc  g_pui8SerialNumberString        
00003c1c  g_pui8LangDescriptor            
00003cc0  __TI_Handler_Table_Base         
00003ccc  __TI_Handler_Table_Limit        
00003ce0  __TI_CINIT_Base                 
00003cf8  __TI_CINIT_Limit                
20000000  g_pfnRAMVectors                 
2000026c  data_to_tx                      
20001f7c  g_pui8USBRxBuffer               
2000207c  g_pui8USBTxBuffer               
2000217c  to_tx_buffer_temp               
200022fc  g_psDCDInst                     
2000238c  g_pfnTickHandlers               
200023a4  g_pvTickInstance                
200023c8  g_ppsDevInfo                    
200023d0  ui32Count                       
200023d4  ui32Loop                        
200023d8  ui32ReadIndex                   
200023dc  ui32Space                       
200023e0  ui32WriteIndex                  
200023e4  __stack                         
200027e4  __STACK_END                     
200027e4  __STACK_TOP                     
200027e4  g_sBulkDevice                   
20002828  g_sRxBuffer                     
20002860  g_sTxBuffer                     
20002898  g_pui8BulkDeviceDescriptor      
200028aa  g_pui8BulkDescriptor            
200028b4  g_psBulkSections                
200028bc  g_psBulkSectionsHS              
200028c8  data_buff_size                  
200028cc  sync_tx_front                   
200028d0  sync_tx_back                    
200028d4  tx_front                        
200028d8  tx_back                         
200028dc  cl_delay                        
200028e0  n_bits_tx                       
200028e4  clk                             
200028e5  byte_test                       
200028e8  start_timer_bit                 
200028ec  ptr_to_tx_buffer                
200028f0  g_ui32SysTickCount              
200028f4  g_ui32TxCount                   
200028f8  g_ui32RxCount                   
200028fc  g_ui32Flags                     
2000291c  __TI_cleanup_ptr                
20002920  __TI_dtors_ptr                  
20002924  __TI_enable_exit_profile_output 
20002928  g_bUSBTimerInitialized          
2000292c  g_ui32CurrentUSBTick            
20002930  g_ui32USBSOFCount               
20002934  g_iUSBMode                      
20002938  g_ui32WaitTicks                 
20002940  _lock                           
20002944  _unlock                         
20002950  main_func_sp                    
ffffffff  __TI_pprof_out_hndl             
ffffffff  __TI_prof_data_size             
ffffffff  __TI_prof_data_start            
ffffffff  __binit__                       
ffffffff  __c_args__                      
ffffffff  binit                           
UNDEFED   SHT$$INIT_ARRAY$$Base           
UNDEFED   SHT$$INIT_ARRAY$$Limit          

[247 symbols]
