******************************************************************************
                  TI ARM Linker Unix v16.9.0                   
******************************************************************************
>> Linked Thu Apr 13 00:27:37 2017

OUTPUT FILE NAME:   <tx_using_usb.out>
ENTRY POINT SYMBOL: "_c_int00"  address: 00002511


MEMORY CONFIGURATION

         name            origin    length      used     unused   attr    fill
----------------------  --------  ---------  --------  --------  ----  --------
  FLASH                 00000000   00040000  00003d5c  0003c2a4  R  X
  SRAM                  20000000   00008000  00006aac  00001554  RW X


SEGMENT ALLOCATION MAP

run origin  load origin   length   init length attrs members
----------  ----------- ---------- ----------- ----- -------
00000000    00000000    00003d60   00003d60    r-x
  00000000    00000000    0000026c   0000026c    r-- .intvecs
  0000026c    0000026c    00003764   00003764    r-x .text
  000039d0    000039d0    000002b4   000002b4    r-- .const
  00003c88    00003c88    000000d8   000000d8    r-- .cinit
20000000    20000000    00006aac   00000000    rw-
  20000000    20000000    0000026c   00000000    rw- .vtable
  2000026c    2000026c    000062d0   00000000    rw- .bss
  2000653c    2000653c    00000400   00000000    rw- .stack
  2000693c    2000693c    00000170   00000000    rw- .data


SECTION ALLOCATION MAP

 output                                  attributes/
section   page    origin      length       input sections
--------  ----  ----------  ----------   ----------------
.intvecs   0    00000000    0000026c     
                  00000000    0000026c     startup_ccs.obj (.intvecs)

.text      0    0000026c    00003764     
                  0000026c    0000020a     tx.obj (.text:send_file)
                  00000476    00000002     startup_ccs.obj (.text:FaultISR)
                  00000478    000001ea     uartstdio.obj (.text:UARTvprintf)
                  00000662    00000002     startup_ccs.obj (.text:IntDefaultHandler)
                  00000664    00000160     usblib.lib : usbdma.obj (.text:USBLibDMAInit)
                  000007c4    00000158     tx_usb_dev_bulk.obj (.text:main)
                  0000091c    00000150     usblib.lib : usbdenum.obj (.text:USBDCDInit)
                  00000a6c    00000150                : usbdenum.obj (.text:USBDEP0StateTxConfig)
                  00000bbc    00000150                : usbdenum.obj (.text:USBDeviceIntHandlerInternal)
                  00000d0c    00000148                : usbdconfig.obj (.text:USBDeviceConfig)
                  00000e54    00000132     driverlib.lib : gpio.obj (.text:GPIOPadConfigSet)
                  00000f86    00000002     startup_ccs.obj (.text:NmiSR)
                  00000f88    000000fc     tx_usb_dev_bulk.obj (.text:NayaData)
                  00001084    000000f4     usblib.lib : usbdma.obj (.text:iDMAUSBTransfer)
                  00001178    000000e4                : usbdenum.obj (.text:USBDGetDescriptor)
                  0000125c    000000d8                : usbdenum.obj (.text:USBDeviceEnumHandler)
                  00001334    000000c4                : usbdma.obj (.text:uDMAUSBChannelAllocate)
                  000013f8    000000be                : usbbuffer.obj (.text:HandleRxAvailable)
                  000014b6    000000bc                : usbdma.obj (.text:uDMAUSBTransfer)
                  00001572    00000002                : usbdma.obj (.text:iDMAUSBArbSizeSet)
                  00001574    000000a8     uartstdio.obj (.text:UARTwrite)
                  0000161c    0000009c     usblib.lib : usbdbulk.obj (.text:USBDBulkCompositeInit)
                  000016b8    0000009c     rtsv7M4_T_le_v4SPD16_eabi.lib : memcpy_t2.obj (.text)
                  00001754    00000098     usblib.lib : usbdenum.obj (.text:USBDSetInterface)
                  000017ec    00000092                : usbbuffer.obj (.text:ScheduleNextTransmission)
                  0000187e    00000002                : usbdma.obj (.text:iDMAUSBUnitSizeSet)
                  00001880    00000090                : usbdenum.obj (.text:USBDSetConfiguration)
                  00001910    0000008c     uartstdio.obj (.text:UARTPrimeTransmit)
                  0000199c    0000008c     usblib.lib : usbdconfig.obj (.text:USBDeviceConfigAlternate)
                  00001a28    00000084                : usbdma.obj (.text:iDMAUSBChannelAllocate)
                  00001aac    00000084     driverlib.lib : udma.obj (.text:uDMAChannelTransferSet)
                  00001b30    00000080     usblib.lib : usbdenum.obj (.text:USBDClearFeature)
                  00001bb0    0000007a     driverlib.lib : usb.obj (.text:USBDevEndpointConfigSet)
                  00001c2a    0000007a     rtsv7M4_T_le_v4SPD16_eabi.lib : memset_t2.obj (.text)
                  00001ca4    00000078     usblib.lib : usbdenum.obj (.text:USBDGetStatus)
                  00001d1c    00000072                : usbdbulk.obj (.text:USBDBulkPacketRead)
                  00001d8e    00000002     rtsv7M4_T_le_v4SPD16_eabi.lib : i_div0.obj (.text)
                  00001d90    00000070     usblib.lib : usbdenum.obj (.text:USBDEP0StateTx)
                  00001e00    00000070     rtsv7M4_T_le_v4SPD16_eabi.lib : autoinit.obj (.text)
                  00001e70    00000070     usblib.lib : usbdma.obj (.text:uDMAUSBArbSizeSet)
                  00001ee0    00000070                : usbdma.obj (.text:uDMAUSBUnitSizeSet)
                  00001f50    0000006c                : usbdenum.obj (.text:USBDSetFeature)
                  00001fbc    00000068     driverlib.lib : interrupt.obj (.text:IntDisable)
                  00002024    00000068                   : interrupt.obj (.text:IntEnable)
                  0000208c    00000068     rtsv7M4_T_le_v4SPD16_eabi.lib : copy_decompress_lzss.obj (.text:decompress:lzss)
                  000020f4    00000064     driverlib.lib : interrupt.obj (.text:IntIsEnabled)
                  00002158    00000064     usblib.lib : usbbuffer.obj (.text:USBBufferEventCallback)
                  000021bc    00000064                : usbdma.obj (.text:uDMAUSBChannelEnable)
                  00002220    00000060                : usbdbulk.obj (.text:HandleDevice)
                  00002280    00000060                : usbdbulk.obj (.text:ProcessDataFromHost)
                  000022e0    00000060     driverlib.lib : timer.obj (.text:TimerConfigure)
                  00002340    00000060     usblib.lib : usbdenum.obj (.text:USBDReadAndDispatchRequest)
                  000023a0    0000005e     driverlib.lib : usb.obj (.text:USBDevEndpointStatusClear)
                  000023fe    00000002     rtsv7M4_T_le_v4SPD16_eabi.lib : mpu_init.obj (.text)
                  00002400    0000005c     tx_usb_dev_bulk.obj (.text:RxHandler)
                  0000245c    0000005c     usblib.lib : usbdbulk.obj (.text:USBDBulkPacketWrite)
                  000024b8    00000056                : usbdma.obj (.text:uDMAUSBChannelRelease)
                  0000250e    00000002     rtsv7M4_T_le_v4SPD16_eabi.lib : startup.obj (.text)
                  00002510    00000054                                   : boot.obj (.text)
                  00002564    00000054                                   : exit.obj (.text)
                  000025b8    00000052     usblib.lib : usbulpi.obj (.text:ULPIConfigSet)
                  0000260a    00000002                : usbdma.obj (.text:uDMAUSBChannelIntDisable)
                  0000260c    00000050     driverlib.lib : sysctl.obj (.text:SysCtlPeripheralReset)
                  0000265c    00000050     usblib.lib : usbdcdesc.obj (.text:USBDCDConfigDescGet)
                  000026ac    00000050                : usbdenum.obj (.text:USBDeviceResumeTickHandler)
                  000026fc    0000004c                : usbdconfig.obj (.text:GetEPDescriptorType)
                  00002748    0000004c                : usbdenum.obj (.text:USBDStringIndexFromRequest)
                  00002794    0000004c     driverlib.lib : usb.obj (.text:USBEndpointDMAConfigSet)
                  000027e0    0000004c                   : timer.obj (.text:_TimerIntNumberGet)
                  0000282c    0000004c     usblib.lib : usbdma.obj (.text:iDMAUSBChannelEnable)
                  00002878    0000004c     rtsv7M4_T_le_v4SPD16_eabi.lib : cpy_tbl.obj (.text)
                  000028c4    0000004a     usblib.lib : usbdcdesc.obj (.text:ConfigAlternateInterfaceGet)
                  0000290e    0000004a     driverlib.lib : usb.obj (.text:USBDevEndpointStallClear)
                  00002958    0000004a     usblib.lib : usbdma.obj (.text:uDMAUSBChannelDisable)
                  000029a2    00000002                : usbdma.obj (.text:uDMAUSBChannelIntEnable)
                  000029a4    00000048                : usbdenum.obj (.text:USBDeviceEnumResetHandler)
                  000029ec    00000048     tx_direct_buffer.obj (.text:timer0_interrrupt_handler)
                  00002a34    00000048     driverlib.lib : udma.obj (.text:uDMAChannelAttributeDisable)
                  00002a7c    00000046                   : usb.obj (.text:USBEndpointDataGet)
                  00002ac2    00000002     --HOLE-- [fill = 0]
                  00002ac4    00000044     usblib.lib : usbdenum.obj (.text:USBDCDDeviceInfoInit)
                  00002b08    00000044                : usbdenum.obj (.text:USBDGetInterface)
                  00002b4c    00000040                : usbdbulk.obj (.text:USBDBulkInit)
                  00002b8c    00000040     rtsv7M4_T_le_v4SPD16_eabi.lib : u_divt2.obj (.text)
                  00002bcc    0000003c     tx_direct_buffer.obj (.text:config_timer)
                  00002c08    0000003c     usblib.lib : usbdma.obj (.text:iDMAUSBChannelRelease)
                  00002c44    0000003a     driverlib.lib : usb.obj (.text:USBFIFOConfigSet)
                  00002c7e    00000002     --HOLE-- [fill = 0]
                  00002c80    00000038     usblib.lib : usbtick.obj (.text:InternalUSBRegisterTickHandler)
                  00002cb8    00000038                : usbtick.obj (.text:InternalUSBStartOfFrameTick)
                  00002cf0    00000038                : usbdcdesc.obj (.text:USBDCDConfigGetInterfaceEndpoint)
                  00002d28    00000038     driverlib.lib : usb.obj (.text:USBIntStatusControl)
                  00002d60    00000038     usblib.lib : usbringbuf.obj (.text:USBRingBufAdvanceWrite)
                  00002d98    00000038     tx_direct_buffer.obj (.text:tx_byte)
                  00002dd0    00000036     driverlib.lib : usb.obj (.text:USBEndpointDataPut)
                  00002e06    00000034     usblib.lib : usbdbulk.obj (.text:HandleEndpoints)
                  00002e3a    00000002     --HOLE-- [fill = 0]
                  00002e3c    00000034     driverlib.lib : interrupt.obj (.text:IntRegister)
                  00002e70    00000034                   : sysctl.obj (.text:SysCtlPeripheralEnable)
                  00002ea4    00000034                   : usb.obj (.text:USBEndpointDataSend)
                  00002ed8    00000034     usblib.lib : usbdma.obj (.text:iDMAUSBChannelStatus)
                  00002f0c    00000032                : usbdcdesc.obj (.text:NextConfigDescGet)
                  00002f3e    00000032                : usbdbulk.obj (.text:ProcessDataToHost)
                  00002f70    00000032     driverlib.lib : usb.obj (.text:USBDevEndpointStall)
                  00002fa2    00000032     usblib.lib : usbdma.obj (.text:iDMAUSBChannelDisable)
                  00002fd4    00000030                : usbdma.obj (.text:DMAUSBIntHandler)
                  00003004    00000030                : usbtick.obj (.text:InternalUSBTickInit)
                  00003034    00000030                : usbdenum.obj (.text:USBDGetConfiguration)
                  00003064    00000030                : usbringbuf.obj (.text:UpdateIndexAtomic)
                  00003094    00000030     tx_direct_buffer.obj (.text:config_GPIO)
                  000030c4    0000002c     usblib.lib : usbdesc.obj (.text:USBDescGet)
                  000030f0    0000002c                : usbdma.obj (.text:uDMAUSBIntStatus)
                  0000311c    0000002a     driverlib.lib : gpio.obj (.text:GPIODirModeSet)
                  00003146    0000002a     usblib.lib : usbbuffer.obj (.text:HandleRequestBuffer)
                  00003170    0000002a                : usbdcdesc.obj (.text:USBDCDConfigDescGetNum)
                  0000319a    0000002a                : usbdesc.obj (.text:USBDescGetNum)
                  000031c4    0000002a     driverlib.lib : usb.obj (.text:USBDevEndpointDataAck)
                  000031ee    00000002     --HOLE-- [fill = 0]
                  000031f0    00000028     usblib.lib : usbdenum.obj (.text:USBDSetAddress)
                  00003218    00000028     driverlib.lib : usb.obj (.text:USBIntEnableControl)
                  00003240    00000028                   : udma.obj (.text:uDMAChannelModeGet)
                  00003268    00000024     usblib.lib : usbdbulk.obj (.text:BulkTickHandler)
                  0000328c    00000024                : usbdbulk.obj (.text:HandleConfigChange)
                  000032b0    00000024     driverlib.lib : usb.obj (.text:USBEndpointDMADisable)
                  000032d4    00000024                   : usb.obj (.text:USBEndpointDMAEnable)
                  000032f8    00000024     usblib.lib : usbmode.obj (.text:USBStackModeSet)
                  0000331c    00000024     driverlib.lib : udma.obj (.text:uDMAChannelControlSet)
                  00003340    00000022     usblib.lib : usbdbulk.obj (.text:HandleDisconnect)
                  00003362    00000022                : usbdbulk.obj (.text:USBDBulkRxPacketAvailable)
                  00003384    00000022                : usbdma.obj (.text:uDMAUSBChannelStatus)
                  000033a6    00000020                : usbdconfig.obj (.text:GetEndpointFIFOSize)
                  000033c6    00000020                : usbbuffer.obj (.text:HandleDataRemaining)
                  000033e6    00000020                : usbringbuf.obj (.text:USBRingBufAdvanceRead)
                  00003406    0000001e                : usbringbuf.obj (.text:USBRingBufContigFree)
                  00003424    0000001e     driverlib.lib : usb.obj (.text:USBULPIRegRead)
                  00003442    0000001e                   : usb.obj (.text:USBULPIRegWrite)
                  00003460    0000001c     usblib.lib : usbdcdesc.obj (.text:USBDCDConfigGetInterface)
                  0000347c    0000001c                : usbdenum.obj (.text:USBDCDStallEP0)
                  00003498    0000001c     driverlib.lib : usb.obj (.text:USBEndpointDataAvail)
                  000034b4    0000001c     usblib.lib : usbringbuf.obj (.text:USBRingBufWrite)
                  000034d0    0000001a     uartstdio.obj (.text:UARTprintf)
                  000034ea    0000001a     usblib.lib : usbdcdesc.obj (.text:USBDCDConfigDescGetSize)
                  00003504    0000001a     driverlib.lib : usb.obj (.text:USBEndpointDMAChannel)
                  0000351e    00000018                   : gpio.obj (.text:GPIOPinTypeGPIOOutput)
                  00003536    00000018     uartstdio.obj (.text:IsBufferFull)
                  0000354e    00000018     usblib.lib : usbdbulk.obj (.text:SetDeferredOpFlag)
                  00003566    00000018     driverlib.lib : timer.obj (.text:TimerIntRegister)
                  0000357e    00000002     --HOLE-- [fill = 0]
                  00003580    00000018     usblib.lib : usbdhandler.obj (.text:USB0DeviceIntHandler)
                  00003598    00000018                : usbbuffer.obj (.text:USBBufferInit)
                  000035b0    00000018                : usbdenum.obj (.text:USBDCDFeatureGet)
                  000035c8    00000018                : usbdenum.obj (.text:USBDSetDescriptor)
                  000035e0    00000018                : usbdenum.obj (.text:USBDSyncFrame)
                  000035f8    00000018     rtsv7M4_T_le_v4SPD16_eabi.lib : args_main.obj (.text)
                  00003610    00000018     tx_direct_buffer.obj (.text:send_sentence)
                  00003628    00000018     driverlib.lib : udma.obj (.text:uDMAChannelDisable)
                  00003640    00000018                   : udma.obj (.text:uDMAChannelEnable)
                  00003658    00000016     usblib.lib : usbbuffer.obj (.text:USBBufferDataWritten)
                  0000366e    00000016     driverlib.lib : usb.obj (.text:USBIntEnableEndpoint)
                  00003684    00000016     usblib.lib : usbringbuf.obj (.text:USBRingBufFlush)
                  0000369a    00000016                : usbringbuf.obj (.text:USBRingBufUsed)
                  000036b0    00000014                : usbbuffer.obj (.text:HandleTxComplete)
                  000036c4    00000014     driverlib.lib : sysctl.obj (.text:SysCtlUSBPLLEnable)
                  000036d8    00000014     tx_usb_dev_bulk.obj (.text:TxHandler)
                  000036ec    00000014     usblib.lib : usbdbulk.obj (.text:USBDBulkTxPacketAvailable)
                  00003700    00000014     driverlib.lib : usb.obj (.text:USBDMAChannelConfigSet)
                  00003714    00000014                   : usb.obj (.text:USBHostResume)
                  00003728    00000014                   : usb.obj (.text:_USBIndexWrite)
                  0000373c    00000014     rtsv7M4_T_le_v4SPD16_eabi.lib : _lock.obj (.text)
                  00003750    00000012     usblib.lib : usbdbulk.obj (.text:HandleResume)
                  00003762    00000012                : usbdbulk.obj (.text:HandleSuspend)
                  00003774    00000012     driverlib.lib : timer.obj (.text:TimerLoadSet)
                  00003786    00000012     usblib.lib : usbbuffer.obj (.text:USBBufferInfoGet)
                  00003798    00000012     driverlib.lib : usb.obj (.text:USBDMAChannelDisable)
                  000037aa    00000012                   : usb.obj (.text:USBDMAChannelEnable)
                  000037bc    00000012                   : usb.obj (.text:USBDMAChannelIntDisable)
                  000037ce    00000012                   : usb.obj (.text:USBDMAChannelIntEnable)
                  000037e0    00000012     usblib.lib : usbringbuf.obj (.text:USBRingBufFree)
                  000037f2    00000010     driverlib.lib : interrupt.obj (.text:IntMasterDisable)
                  00003802    00000010                   : interrupt.obj (.text:IntMasterEnable)
                  00003812    00000002     --HOLE-- [fill = 0]
                  00003814    00000010     tx_usb_dev_bulk.obj (.text:SysTickIntHandler)
                  00003824    00000010     driverlib.lib : usb.obj (.text:USBEndpointStatus)
                  00003834    00000010     usblib.lib : usbringbuf.obj (.text:USBRingBufContigUsed)
                  00003844    00000010                : usbringbuf.obj (.text:USBRingBufWriteOne)
                  00003854    0000000e                : usbdma.obj (.text:DMAUSBIntStatusClear)
                  00003862    0000000e     uartstdio.obj (.text:IsBufferEmpty)
                  00003870    0000000e     driverlib.lib : timer.obj (.text:TimerEnable)
                  0000387e    0000000e                   : usb.obj (.text:USBDMAChannelStatus)
                  0000388c    0000000e                   : usb.obj (.text:USBDevLPMDisable)
                  0000389a    0000000e                   : usb.obj (.text:USBDevLPMEnable)
                  000038a8    0000000e                   : usb.obj (.text:USBULPIDisable)
                  000038b6    0000000e                   : usb.obj (.text:USBULPIEnable)
                  000038c4    0000000e     rtsv7M4_T_le_v4SPD16_eabi.lib : copy_decompress_none.obj (.text:decompress:none)
                  000038d2    0000000c     driverlib.lib : cpu.obj (.text:CPUcpsid)
                  000038de    0000000c                   : cpu.obj (.text:CPUcpsie)
                  000038ea    0000000c                   : usb.obj (.text:USBEndpointPacketCountSet)
                  000038f6    0000000c                   : usb.obj (.text:USBLPMIntEnable)
                  00003902    0000000c     usblib.lib : usbringbuf.obj (.text:USBRingBufInit)
                  0000390e    0000000c     rtsv7M4_T_le_v4SPD16_eabi.lib : copy_zero_init.obj (.text:decompress:ZI)
                  0000391a    0000000a     driverlib.lib : usb.obj (.text:USBClockEnable)
                  00003924    0000000a                   : usb.obj (.text:USBControllerVersion)
                  0000392e    0000000a                   : usb.obj (.text:USBDMAChannelAddressSet)
                  00003938    0000000a                   : usb.obj (.text:USBDMAChannelCountSet)
                  00003942    0000000a                   : usb.obj (.text:USBDevConnect)
                  0000394c    0000000a                   : usb.obj (.text:USBDevDisconnect)
                  00003956    0000000a                   : usb.obj (.text:USBIntStatusEndpoint)
                  00003960    00000008                   : timer.obj (.text:TimerIntEnable)
                  00003968    00000008                   : usb.obj (.text:USBDevMode)
                  00003970    00000008                   : usb.obj (.text:USBFIFOAddrGet)
                  00003978    00000008                   : usb.obj (.text:USBOTGMode)
                  00003980    00000008     usblib.lib : usbdma.obj (.text:iDMAUSBChannelIntDisable)
                  00003988    00000008                : usbdma.obj (.text:iDMAUSBChannelIntEnable)
                  00003990    00000006     driverlib.lib : gpio.obj (.text:GPIOPinWrite)
                  00003996    00000006     startup_ccs.obj (.text:ResetISR)
                  0000399c    00000006     usblib.lib : usbbuffer.obj (.text:USBBufferFlush)
                  000039a2    00000006                : usbbuffer.obj (.text:USBBufferSpaceAvailable)
                  000039a8    00000006     driverlib.lib : usb.obj (.text:USBDMAChannelIntStatus)
                  000039ae    00000006                   : usb.obj (.text:USBDevLPMConfig)
                  000039b4    00000006                   : usb.obj (.text:USBLPMIntStatus)
                  000039ba    00000006     usblib.lib : usbdma.obj (.text:iDMAUSBIntStatus)
                  000039c0    00000004                : usbdma.obj (.text:DMAUSBStatus)
                  000039c4    00000004     driverlib.lib : timer.obj (.text:TimerIntClear)
                  000039c8    00000004                   : usb.obj (.text:USBDevAddrSet)
                  000039cc    00000004     rtsv7M4_T_le_v4SPD16_eabi.lib : pre_init.obj (.text)

.const     0    000039d0    000002b4     
                  000039d0    00000070     driverlib.lib : interrupt.obj (.const)
                  00003a40    00000060                   : timer.obj (.const:g_ppui32TimerIntMap)
                  00003aa0    00000040                   : timer.obj (.const:g_ppui32TimerIntMapSnowflake)
                  00003ae0    00000034     usblib.lib : usbdenum.obj (.const:g_psUSBDStdRequests)
                  00003b14    00000030     usb_bulk_structs.obj (.const:.string:g_pui8ConfigString)
                  00003b44    00000030     usblib.lib : usbdbulk.obj (.const:g_sBulkHandlers)
                  00003b74    00000030                : usbdbulk.obj (.const)
                  00003ba4    0000002e                : usbdbulk.obj (.const:.string)
                  00003bd2    00000028     usb_bulk_structs.obj (.const:.string:g_pui8DataInterfaceString)
                  00003bfa    00000028     usb_bulk_structs.obj (.const:.string:g_pui8ProductString)
                  00003c22    00000024     usb_bulk_structs.obj (.const:.string:g_pui8ManufacturerString)
                  00003c46    00000002     --HOLE-- [fill = 0]
                  00003c48    00000018     usb_bulk_structs.obj (.const:g_ppui8StringDescriptors)
                  00003c60    00000012     usb_bulk_structs.obj (.const:.string:g_pui8SerialNumberString)
                  00003c72    00000002     --HOLE-- [fill = 0]
                  00003c74    0000000c     uartstdio.obj (.const:g_ui32UARTInt)
                  00003c80    00000004     usb_bulk_structs.obj (.const:.string:g_pui8LangDescriptor)

.cinit     0    00003c88    000000d8     
                  00003c88    0000009f     (.cinit..data.load) [load image, compression = lzss]
                  00003d27    00000001     --HOLE-- [fill = 0]
                  00003d28    0000000c     (__TI_handler_table)
                  00003d34    00000004     --HOLE-- [fill = 0]
                  00003d38    00000008     (.cinit..bss.load) [load image, compression = zero_init]
                  00003d40    00000008     (.cinit..vtable.load) [load image, compression = zero_init]
                  00003d48    00000018     (__TI_cinit_table)

.init_array 
*          0    00000000    00000000     UNINITIALIZED

.vtable    0    20000000    0000026c     UNINITIALIZED
                  20000000    0000026c     driverlib.lib : interrupt.obj (.vtable)

.bss       0    2000026c    000062d0     UNINITIALIZED
                  2000026c    000059d8     (.common:data_to_tx)
                  20005c44    00000400     uartstdio.obj (.bss:g_pcUARTTxBuffer)
                  20006044    00000110     usblib.lib : usbdma.obj (.bss:g_psUSBDMAInst)
                  20006154    00000100     (.common:g_pui8USBRxBuffer)
                  20006254    00000100     (.common:g_pui8USBTxBuffer)
                  20006354    00000100     (.common:to_tx_buffer_temp)
                  20006454    00000050                : usbdenum.obj (.bss:g_psDCDInst)
                  200064a4    00000040                : usbdenum.obj (.bss:g_pui8DataBufferIn)
                  200064e4    00000018     (.common:g_pfnTickHandlers)
                  200064fc    00000018     (.common:g_pvTickInstance)
                  20006514    00000008     uartstdio.obj (.bss)
                  2000651c    00000004     (.common:g_pfnUSBModeCallback)
                  20006520    00000004     (.common:g_ppsDevInfo)
                  20006524    00000004     (.common:g_ui32ULPISupport)
                  20006528    00000004     (.common:ui32Count)
                  2000652c    00000004     (.common:ui32Loop)
                  20006530    00000004     (.common:ui32ReadIndex)
                  20006534    00000004     (.common:ui32Space)
                  20006538    00000004     (.common:ui32WriteIndex)

.data      0    2000693c    00000170     UNINITIALIZED
                  2000693c    00000044     usb_bulk_structs.obj (.data:g_sBulkDevice)
                  20006980    00000038     usb_bulk_structs.obj (.data:g_sRxBuffer)
                  200069b8    00000038     usb_bulk_structs.obj (.data:g_sTxBuffer)
                  200069f0    0000002e     usblib.lib : usbdbulk.obj (.data)
                  20006a1e    00000002     --HOLE--
                  20006a20    0000001e     tx_direct_buffer.obj (.data)
                  20006a3e    00000002     --HOLE--
                  20006a40    00000019     tx_usb_dev_bulk.obj (.data)
                  20006a59    00000003     --HOLE--
                  20006a5c    00000015     uartstdio.obj (.data)
                  20006a71    00000003     --HOLE--
                  20006a74    0000000c     rtsv7M4_T_le_v4SPD16_eabi.lib : exit.obj (.data:$O1$$)
                  20006a80    0000000c     usblib.lib : usbtick.obj (.data)
                  20006a8c    00000009                : usbmode.obj (.data)
                  20006a95    00000003     --HOLE--
                  20006a98    00000008     rtsv7M4_T_le_v4SPD16_eabi.lib : _lock.obj (.data:$O1$$)
                  20006aa0    00000008     usblib.lib : usbdenum.obj (.data)
                  20006aa8    00000004     rtsv7M4_T_le_v4SPD16_eabi.lib : stkdepth_vars.obj (.data)

.stack     0    2000653c    00000400     UNINITIALIZED
                  2000653c    00000400     --HOLE--

MODULE SUMMARY

       Module                     code    ro data   rw data
       ------                     ----    -------   -------
    ./
       tx_direct_buffer.obj       260     0         23030  
       tx_usb_dev_bulk.obj        724     0         301    
       usb_bulk_structs.obj       0       210       692    
       startup_ccs.obj            12      620       0      
       tx.obj                     522     0         0      
    +--+--------------------------+-------+---------+---------+
       Total:                     1518    830       24023  
                                                           
    ./utils/
       uartstdio.obj              862     12        1053   
    +--+--------------------------+-------+---------+---------+
       Total:                     862     12        1053   
                                                           
    /home/arktheshadow/ti/SW-EK-TM4C123GXL-2.1.3.156/driverlib/ccs/Debug/driverlib.lib
       usb.obj                    1354    0         0      
       interrupt.obj              392     112       620    
       timer.obj                  240     160       0      
       gpio.obj                   378     0         0      
       udma.obj                   328     0         0      
       sysctl.obj                 152     0         0      
       cpu.obj                    24      0         0      
    +--+--------------------------+-------+---------+---------+
       Total:                     2868    272       620    
                                                           
    /home/arktheshadow/ti/SW-EK-TM4C123GXL-2.1.3.156/usblib/ccs/Debug/usblib.lib
       usbdenum.obj               2864    52        160    
       usbdma.obj                 2008    0         272    
       usbdbulk.obj               940     142       46     
       usbbuffer.obj              606     0         0      
       usbdconfig.obj             576     0         0      
       usbdcdesc.obj              356     0         0      
       usbringbuf.obj             300     0         0      
       usbtick.obj                160     0         60     
       usbdesc.obj                86      0         0      
       usbulpi.obj                82      0         0      
       usbmode.obj                36      0         13     
       usbdhandler.obj            24      0         0      
    +--+--------------------------+-------+---------+---------+
       Total:                     8038    194       551    
                                                           
    /home/arktheshadow/ti/ccsv7/tools/compiler/ti-cgt-arm_16.9.0.LTS/lib/rtsv7M4_T_le_v4SPD16_eabi.lib
       memcpy_t2.obj              156     0         0      
       memset_t2.obj              122     0         0      
       autoinit.obj               112     0         0      
       copy_decompress_lzss.obj   104     0         0      
       exit.obj                   84      0         12     
       boot.obj                   84      0         0      
       cpy_tbl.obj                76      0         0      
       u_divt2.obj                64      0         0      
       _lock.obj                  20      0         8      
       args_main.obj              24      0         0      
       copy_decompress_none.obj   14      0         0      
       copy_zero_init.obj         12      0         0      
       pre_init.obj               4       0         0      
       stkdepth_vars.obj          0       0         4      
       i_div0.obj                 2       0         0      
       mpu_init.obj               2       0         0      
       startup.obj                2       0         0      
    +--+--------------------------+-------+---------+---------+
       Total:                     882     0         24     
                                                           
       Stack:                     0       0         1024   
       Linker Generated:          0       211       0      
    +--+--------------------------+-------+---------+---------+
       Grand Total:               14168   1519      27295  


LINKER GENERATED COPY TABLES

__TI_cinit_table @ 00003d48 records: 3, size/record: 8, table size: 24
	.data: load addr=00003c88, load size=0000009f bytes, run addr=2000693c, run size=00000170 bytes, compression=lzss
	.bss: load addr=00003d38, load size=00000008 bytes, run addr=2000026c, run size=000062d0 bytes, compression=zero_init
	.vtable: load addr=00003d40, load size=00000008 bytes, run addr=20000000, run size=0000026c bytes, compression=zero_init


LINKER GENERATED HANDLER TABLE

__TI_handler_table @ 00003d28 records: 3, size/record: 4, table size: 12
	index: 0, handler: __TI_zero_init
	index: 1, handler: __TI_decompress_lzss
	index: 2, handler: __TI_decompress_none


GLOBAL SYMBOLS: SORTED ALPHABETICALLY BY Name 

address   name                            
-------   ----                            
00002565  C$$EXIT                         
000038d3  CPUcpsid                        
000038df  CPUcpsie                        
0000311d  GPIODirModeSet                  
00000e55  GPIOPadConfigSet                
0000351f  GPIOPinTypeGPIOOutput           
00003991  GPIOPinWrite                    
00001fbd  IntDisable                      
00002025  IntEnable                       
000020f5  IntIsEnabled                    
000037f3  IntMasterDisable                
00003803  IntMasterEnable                 
00002e3d  IntRegister                     
00002c81  InternalUSBRegisterTickHandler  
00002cb9  InternalUSBStartOfFrameTick     
00003005  InternalUSBTickInit             
00003997  ResetISR                        
00002401  RxHandler                       
UNDEFED   SHT$$INIT_ARRAY$$Base           
UNDEFED   SHT$$INIT_ARRAY$$Limit          
00002e71  SysCtlPeripheralEnable          
0000260d  SysCtlPeripheralReset           
000036c5  SysCtlUSBPLLEnable              
00003815  SysTickIntHandler               
000022e1  TimerConfigure                  
00003871  TimerEnable                     
000039c5  TimerIntClear                   
00003961  TimerIntEnable                  
00003567  TimerIntRegister                
00003775  TimerLoadSet                    
000036d9  TxHandler                       
000034d1  UARTprintf                      
00000479  UARTvprintf                     
00001575  UARTwrite                       
000025b9  ULPIConfigSet                   
00003581  USB0DeviceIntHandler            
00003659  USBBufferDataWritten            
00002159  USBBufferEventCallback          
0000399d  USBBufferFlush                  
00003787  USBBufferInfoGet                
00003599  USBBufferInit                   
000039a3  USBBufferSpaceAvailable         
0000391b  USBClockEnable                  
00003925  USBControllerVersion            
0000161d  USBDBulkCompositeInit           
00002b4d  USBDBulkInit                    
00001d1d  USBDBulkPacketRead              
0000245d  USBDBulkPacketWrite             
00003363  USBDBulkRxPacketAvailable       
000036ed  USBDBulkTxPacketAvailable       
0000265d  USBDCDConfigDescGet             
00003171  USBDCDConfigDescGetNum          
000034eb  USBDCDConfigDescGetSize         
00003461  USBDCDConfigGetInterface        
00002cf1  USBDCDConfigGetInterfaceEndpoint
00002ac5  USBDCDDeviceInfoInit            
000035b1  USBDCDFeatureGet                
0000091d  USBDCDInit                      
0000347d  USBDCDStallEP0                  
0000392f  USBDMAChannelAddressSet         
00003701  USBDMAChannelConfigSet          
00003939  USBDMAChannelCountSet           
00003799  USBDMAChannelDisable            
000037ab  USBDMAChannelEnable             
000037bd  USBDMAChannelIntDisable         
000037cf  USBDMAChannelIntEnable          
000039a9  USBDMAChannelIntStatus          
0000387f  USBDMAChannelStatus             
000030c5  USBDescGet                      
0000319b  USBDescGetNum                   
000039c9  USBDevAddrSet                   
00003943  USBDevConnect                   
0000394d  USBDevDisconnect                
00001bb1  USBDevEndpointConfigSet         
000031c5  USBDevEndpointDataAck           
00002f71  USBDevEndpointStall             
0000290f  USBDevEndpointStallClear        
000023a1  USBDevEndpointStatusClear       
000039af  USBDevLPMConfig                 
0000388d  USBDevLPMDisable                
0000389b  USBDevLPMEnable                 
00003969  USBDevMode                      
00000d0d  USBDeviceConfig                 
0000199d  USBDeviceConfigAlternate        
0000125d  USBDeviceEnumHandler            
000029a5  USBDeviceEnumResetHandler       
00000bbd  USBDeviceIntHandlerInternal     
000026ad  USBDeviceResumeTickHandler      
00003505  USBEndpointDMAChannel           
00002795  USBEndpointDMAConfigSet         
000032b1  USBEndpointDMADisable           
000032d5  USBEndpointDMAEnable            
00003499  USBEndpointDataAvail            
00002a7d  USBEndpointDataGet              
00002dd1  USBEndpointDataPut              
00002ea5  USBEndpointDataSend             
000038eb  USBEndpointPacketCountSet       
00003825  USBEndpointStatus               
00003971  USBFIFOAddrGet                  
00002c45  USBFIFOConfigSet                
00003715  USBHostResume                   
00003219  USBIntEnableControl             
0000366f  USBIntEnableEndpoint            
00002d29  USBIntStatusControl             
00003957  USBIntStatusEndpoint            
000038f7  USBLPMIntEnable                 
000039b5  USBLPMIntStatus                 
00000665  USBLibDMAInit                   
00003979  USBOTGMode                      
000033e7  USBRingBufAdvanceRead           
00002d61  USBRingBufAdvanceWrite          
00003407  USBRingBufContigFree            
00003835  USBRingBufContigUsed            
00003685  USBRingBufFlush                 
000037e1  USBRingBufFree                  
00003903  USBRingBufInit                  
0000369b  USBRingBufUsed                  
000034b5  USBRingBufWrite                 
00003845  USBRingBufWriteOne              
000032f9  USBStackModeSet                 
000038a9  USBULPIDisable                  
000038b7  USBULPIEnable                   
00003425  USBULPIRegRead                  
00003443  USBULPIRegWrite                 
2000693c  __STACK_END                     
00000400  __STACK_SIZE                    
2000693c  __STACK_TOP                     
00003d48  __TI_CINIT_Base                 
00003d60  __TI_CINIT_Limit                
00003d28  __TI_Handler_Table_Base         
00003d34  __TI_Handler_Table_Limit        
00001e01  __TI_auto_init                  
20006a74  __TI_cleanup_ptr                
0000208d  __TI_decompress_lzss            
000038c5  __TI_decompress_none            
20006a78  __TI_dtors_ptr                  
20006a7c  __TI_enable_exit_profile_output 
ffffffff  __TI_pprof_out_hndl             
ffffffff  __TI_prof_data_size             
ffffffff  __TI_prof_data_start            
00000000  __TI_static_base__              
0000390f  __TI_zero_init                  
00001d8f  __aeabi_idiv0                   
00001c2b  __aeabi_memclr                  
00001c2b  __aeabi_memclr4                 
00001c2b  __aeabi_memclr8                 
000016b9  __aeabi_memcpy                  
000016b9  __aeabi_memcpy4                 
000016b9  __aeabi_memcpy8                 
00001c2d  __aeabi_memset                  
00001c2d  __aeabi_memset4                 
00001c2d  __aeabi_memset8                 
00002b8d  __aeabi_uidiv                   
00002b8d  __aeabi_uidivmod                
ffffffff  __binit__                       
ffffffff  __c_args__                      
000023ff  __mpu_init                      
2000653c  __stack                         
000035f9  _args_main                      
00002511  _c_int00                        
20006a98  _lock                           
0000374b  _nop                            
00003743  _register_lock                  
0000373d  _register_unlock                
0000250f  _system_post_cinit              
000039cd  _system_pre_init                
20006a9c  _unlock                         
00002569  abort                           
ffffffff  binit                           
20006a3d  byte_test                       
20006a34  cl_delay                        
20006a3c  clk                             
00003095  config_GPIO                     
00002bcd  config_timer                    
00002879  copy_in                         
20006a20  data_buff_size                  
2000026c  data_to_tx                      
00002571  exit                            
20006a80  g_bUSBTimerInitialized          
20006a8c  g_iUSBMode                      
20000000  g_pfnRAMVectors                 
200064e4  g_pfnTickHandlers               
00000000  g_pfnVectors                    
00003b9c  g_ppBulkConfigDescriptors       
00003ba0  g_ppBulkConfigDescriptorsHS     
20006520  g_ppsDevInfo                    
00003c48  g_ppui8StringDescriptors        
20006a0c  g_psBulkSections                
20006a14  g_psBulkSectionsHS              
20006454  g_psDCDInst                     
20006a02  g_pui8BulkDescriptor            
200069f0  g_pui8BulkDeviceDescriptor      
00003ba4  g_pui8BulkInterface             
00003bbb  g_pui8BulkInterfaceHS           
00003b14  g_pui8ConfigString              
00003bd2  g_pui8DataInterfaceString       
00003c80  g_pui8LangDescriptor            
00003c22  g_pui8ManufacturerString        
00003bfa  g_pui8ProductString             
00003c60  g_pui8SerialNumberString        
20006154  g_pui8USBRxBuffer               
20006254  g_pui8USBTxBuffer               
200064fc  g_pvTickInstance                
00003b8c  g_sBulkConfigHeader             
00003b94  g_sBulkConfigHeaderHS           
00003b74  g_sBulkConfigSection            
2000693c  g_sBulkDevice                   
00003b44  g_sBulkHandlers                 
00003b7c  g_sBulkInterfaceSection         
00003b84  g_sBulkInterfaceSectionHS       
20006980  g_sRxBuffer                     
200069b8  g_sTxBuffer                     
20006a84  g_ui32CurrentUSBTick            
20006a54  g_ui32Flags                     
20006a50  g_ui32RxCount                   
20006a48  g_ui32SysTickCount              
20006a4c  g_ui32TxCount                   
20006a88  g_ui32USBSOFCount               
20006a90  g_ui32WaitTicks                 
000007c5  main                            
20006aa8  main_func_sp                    
000016b9  memcpy                          
00001c33  memset                          
20006a38  n_bits_tx                       
20006a44  ptr_to_tx_buffer                
0000026d  send_file                       
00003611  send_sentence                   
20006a40  start_timer_bit                 
20006a28  sync_tx_back                    
20006a24  sync_tx_front                   
000029ed  timer0_interrrupt_handler       
20006354  to_tx_buffer_temp               
20006a30  tx_back                         
00002d99  tx_byte                         
20006a2c  tx_front                        
00002a35  uDMAChannelAttributeDisable     
0000331d  uDMAChannelControlSet           
00003629  uDMAChannelDisable              
00003641  uDMAChannelEnable               
00003241  uDMAChannelModeGet              
00001aad  uDMAChannelTransferSet          
20006528  ui32Count                       
2000652c  ui32Loop                        
20006530  ui32ReadIndex                   
20006534  ui32Space                       
20006538  ui32WriteIndex                  


GLOBAL SYMBOLS: SORTED BY Symbol Address 

address   name                            
-------   ----                            
00000000  __TI_static_base__              
00000000  g_pfnVectors                    
0000026d  send_file                       
00000400  __STACK_SIZE                    
00000479  UARTvprintf                     
00000665  USBLibDMAInit                   
000007c5  main                            
0000091d  USBDCDInit                      
00000bbd  USBDeviceIntHandlerInternal     
00000d0d  USBDeviceConfig                 
00000e55  GPIOPadConfigSet                
0000125d  USBDeviceEnumHandler            
00001575  UARTwrite                       
0000161d  USBDBulkCompositeInit           
000016b9  __aeabi_memcpy                  
000016b9  __aeabi_memcpy4                 
000016b9  __aeabi_memcpy8                 
000016b9  memcpy                          
0000199d  USBDeviceConfigAlternate        
00001aad  uDMAChannelTransferSet          
00001bb1  USBDevEndpointConfigSet         
00001c2b  __aeabi_memclr                  
00001c2b  __aeabi_memclr4                 
00001c2b  __aeabi_memclr8                 
00001c2d  __aeabi_memset                  
00001c2d  __aeabi_memset4                 
00001c2d  __aeabi_memset8                 
00001c33  memset                          
00001d1d  USBDBulkPacketRead              
00001d8f  __aeabi_idiv0                   
00001e01  __TI_auto_init                  
00001fbd  IntDisable                      
00002025  IntEnable                       
0000208d  __TI_decompress_lzss            
000020f5  IntIsEnabled                    
00002159  USBBufferEventCallback          
000022e1  TimerConfigure                  
000023a1  USBDevEndpointStatusClear       
000023ff  __mpu_init                      
00002401  RxHandler                       
0000245d  USBDBulkPacketWrite             
0000250f  _system_post_cinit              
00002511  _c_int00                        
00002565  C$$EXIT                         
00002569  abort                           
00002571  exit                            
000025b9  ULPIConfigSet                   
0000260d  SysCtlPeripheralReset           
0000265d  USBDCDConfigDescGet             
000026ad  USBDeviceResumeTickHandler      
00002795  USBEndpointDMAConfigSet         
00002879  copy_in                         
0000290f  USBDevEndpointStallClear        
000029a5  USBDeviceEnumResetHandler       
000029ed  timer0_interrrupt_handler       
00002a35  uDMAChannelAttributeDisable     
00002a7d  USBEndpointDataGet              
00002ac5  USBDCDDeviceInfoInit            
00002b4d  USBDBulkInit                    
00002b8d  __aeabi_uidiv                   
00002b8d  __aeabi_uidivmod                
00002bcd  config_timer                    
00002c45  USBFIFOConfigSet                
00002c81  InternalUSBRegisterTickHandler  
00002cb9  InternalUSBStartOfFrameTick     
00002cf1  USBDCDConfigGetInterfaceEndpoint
00002d29  USBIntStatusControl             
00002d61  USBRingBufAdvanceWrite          
00002d99  tx_byte                         
00002dd1  USBEndpointDataPut              
00002e3d  IntRegister                     
00002e71  SysCtlPeripheralEnable          
00002ea5  USBEndpointDataSend             
00002f71  USBDevEndpointStall             
00003005  InternalUSBTickInit             
00003095  config_GPIO                     
000030c5  USBDescGet                      
0000311d  GPIODirModeSet                  
00003171  USBDCDConfigDescGetNum          
0000319b  USBDescGetNum                   
000031c5  USBDevEndpointDataAck           
00003219  USBIntEnableControl             
00003241  uDMAChannelModeGet              
000032b1  USBEndpointDMADisable           
000032d5  USBEndpointDMAEnable            
000032f9  USBStackModeSet                 
0000331d  uDMAChannelControlSet           
00003363  USBDBulkRxPacketAvailable       
000033e7  USBRingBufAdvanceRead           
00003407  USBRingBufContigFree            
00003425  USBULPIRegRead                  
00003443  USBULPIRegWrite                 
00003461  USBDCDConfigGetInterface        
0000347d  USBDCDStallEP0                  
00003499  USBEndpointDataAvail            
000034b5  USBRingBufWrite                 
000034d1  UARTprintf                      
000034eb  USBDCDConfigDescGetSize         
00003505  USBEndpointDMAChannel           
0000351f  GPIOPinTypeGPIOOutput           
00003567  TimerIntRegister                
00003581  USB0DeviceIntHandler            
00003599  USBBufferInit                   
000035b1  USBDCDFeatureGet                
000035f9  _args_main                      
00003611  send_sentence                   
00003629  uDMAChannelDisable              
00003641  uDMAChannelEnable               
00003659  USBBufferDataWritten            
0000366f  USBIntEnableEndpoint            
00003685  USBRingBufFlush                 
0000369b  USBRingBufUsed                  
000036c5  SysCtlUSBPLLEnable              
000036d9  TxHandler                       
000036ed  USBDBulkTxPacketAvailable       
00003701  USBDMAChannelConfigSet          
00003715  USBHostResume                   
0000373d  _register_unlock                
00003743  _register_lock                  
0000374b  _nop                            
00003775  TimerLoadSet                    
00003787  USBBufferInfoGet                
00003799  USBDMAChannelDisable            
000037ab  USBDMAChannelEnable             
000037bd  USBDMAChannelIntDisable         
000037cf  USBDMAChannelIntEnable          
000037e1  USBRingBufFree                  
000037f3  IntMasterDisable                
00003803  IntMasterEnable                 
00003815  SysTickIntHandler               
00003825  USBEndpointStatus               
00003835  USBRingBufContigUsed            
00003845  USBRingBufWriteOne              
00003871  TimerEnable                     
0000387f  USBDMAChannelStatus             
0000388d  USBDevLPMDisable                
0000389b  USBDevLPMEnable                 
000038a9  USBULPIDisable                  
000038b7  USBULPIEnable                   
000038c5  __TI_decompress_none            
000038d3  CPUcpsid                        
000038df  CPUcpsie                        
000038eb  USBEndpointPacketCountSet       
000038f7  USBLPMIntEnable                 
00003903  USBRingBufInit                  
0000390f  __TI_zero_init                  
0000391b  USBClockEnable                  
00003925  USBControllerVersion            
0000392f  USBDMAChannelAddressSet         
00003939  USBDMAChannelCountSet           
00003943  USBDevConnect                   
0000394d  USBDevDisconnect                
00003957  USBIntStatusEndpoint            
00003961  TimerIntEnable                  
00003969  USBDevMode                      
00003971  USBFIFOAddrGet                  
00003979  USBOTGMode                      
00003991  GPIOPinWrite                    
00003997  ResetISR                        
0000399d  USBBufferFlush                  
000039a3  USBBufferSpaceAvailable         
000039a9  USBDMAChannelIntStatus          
000039af  USBDevLPMConfig                 
000039b5  USBLPMIntStatus                 
000039c5  TimerIntClear                   
000039c9  USBDevAddrSet                   
000039cd  _system_pre_init                
00003b14  g_pui8ConfigString              
00003b44  g_sBulkHandlers                 
00003b74  g_sBulkConfigSection            
00003b7c  g_sBulkInterfaceSection         
00003b84  g_sBulkInterfaceSectionHS       
00003b8c  g_sBulkConfigHeader             
00003b94  g_sBulkConfigHeaderHS           
00003b9c  g_ppBulkConfigDescriptors       
00003ba0  g_ppBulkConfigDescriptorsHS     
00003ba4  g_pui8BulkInterface             
00003bbb  g_pui8BulkInterfaceHS           
00003bd2  g_pui8DataInterfaceString       
00003bfa  g_pui8ProductString             
00003c22  g_pui8ManufacturerString        
00003c48  g_ppui8StringDescriptors        
00003c60  g_pui8SerialNumberString        
00003c80  g_pui8LangDescriptor            
00003d28  __TI_Handler_Table_Base         
00003d34  __TI_Handler_Table_Limit        
00003d48  __TI_CINIT_Base                 
00003d60  __TI_CINIT_Limit                
20000000  g_pfnRAMVectors                 
2000026c  data_to_tx                      
20006154  g_pui8USBRxBuffer               
20006254  g_pui8USBTxBuffer               
20006354  to_tx_buffer_temp               
20006454  g_psDCDInst                     
200064e4  g_pfnTickHandlers               
200064fc  g_pvTickInstance                
20006520  g_ppsDevInfo                    
20006528  ui32Count                       
2000652c  ui32Loop                        
20006530  ui32ReadIndex                   
20006534  ui32Space                       
20006538  ui32WriteIndex                  
2000653c  __stack                         
2000693c  __STACK_END                     
2000693c  __STACK_TOP                     
2000693c  g_sBulkDevice                   
20006980  g_sRxBuffer                     
200069b8  g_sTxBuffer                     
200069f0  g_pui8BulkDeviceDescriptor      
20006a02  g_pui8BulkDescriptor            
20006a0c  g_psBulkSections                
20006a14  g_psBulkSectionsHS              
20006a20  data_buff_size                  
20006a24  sync_tx_front                   
20006a28  sync_tx_back                    
20006a2c  tx_front                        
20006a30  tx_back                         
20006a34  cl_delay                        
20006a38  n_bits_tx                       
20006a3c  clk                             
20006a3d  byte_test                       
20006a40  start_timer_bit                 
20006a44  ptr_to_tx_buffer                
20006a48  g_ui32SysTickCount              
20006a4c  g_ui32TxCount                   
20006a50  g_ui32RxCount                   
20006a54  g_ui32Flags                     
20006a74  __TI_cleanup_ptr                
20006a78  __TI_dtors_ptr                  
20006a7c  __TI_enable_exit_profile_output 
20006a80  g_bUSBTimerInitialized          
20006a84  g_ui32CurrentUSBTick            
20006a88  g_ui32USBSOFCount               
20006a8c  g_iUSBMode                      
20006a90  g_ui32WaitTicks                 
20006a98  _lock                           
20006a9c  _unlock                         
20006aa8  main_func_sp                    
ffffffff  __TI_pprof_out_hndl             
ffffffff  __TI_prof_data_size             
ffffffff  __TI_prof_data_start            
ffffffff  __binit__                       
ffffffff  __c_args__                      
ffffffff  binit                           
UNDEFED   SHT$$INIT_ARRAY$$Base           
UNDEFED   SHT$$INIT_ARRAY$$Limit          

[246 symbols]
