******************************************************************************
                  TI ARM Linker Unix v16.9.0                   
******************************************************************************
>> Linked Sun Apr  9 16:23:40 2017

OUTPUT FILE NAME:   <tx_using_usb.out>
ENTRY POINT SYMBOL: "_c_int00"  address: 00002471


MEMORY CONFIGURATION

         name            origin    length      used     unused   attr    fill
----------------------  --------  ---------  --------  --------  ----  --------
  FLASH                 00000000   00040000  00003ce8  0003c318  R  X
  SRAM                  20000000   00008000  00002954  000056ac  RW X


SEGMENT ALLOCATION MAP

run origin  load origin   length   init length attrs members
----------  ----------- ---------- ----------- ----- -------
00000000    00000000    00003ce8   00003ce8    r-x
  00000000    00000000    0000026c   0000026c    r-- .intvecs
  0000026c    0000026c    000036f0   000036f0    r-x .text
  0000395c    0000395c    000002b4   000002b4    r-- .const
  00003c10    00003c10    000000d8   000000d8    r-- .cinit
20000000    20000000    00002954   00000000    rw-
  20000000    20000000    0000026c   00000000    rw- .vtable
  2000026c    2000026c    00002178   00000000    rw- .bss
  200023e4    200023e4    00000400   00000000    rw- .stack
  200027e4    200027e4    00000170   00000000    rw- .data


SECTION ALLOCATION MAP

 output                                  attributes/
section   page    origin      length       input sections
--------  ----  ----------  ----------   ----------------
.intvecs   0    00000000    0000026c     
                  00000000    0000026c     startup_ccs.obj (.intvecs)

.text      0    0000026c    000036f0     
                  0000026c    000001ea     uartstdio.obj (.text:UARTvprintf)
                  00000456    00000002     startup_ccs.obj (.text:FaultISR)
                  00000458    00000164     tx_usb_dev_bulk.obj (.text:main)
                  000005bc    00000160     uartstdio.obj (.text:UARTStdioIntHandler)
                  0000071c    00000160     usblib.lib : usbdma.obj (.text:USBLibDMAInit)
                  0000087c    00000150                : usbdenum.obj (.text:USBDCDInit)
                  000009cc    00000150                : usbdenum.obj (.text:USBDEP0StateTxConfig)
                  00000b1c    00000150                : usbdenum.obj (.text:USBDeviceIntHandlerInternal)
                  00000c6c    00000148                : usbdconfig.obj (.text:USBDeviceConfig)
                  00000db4    00000132     driverlib.lib : gpio.obj (.text:GPIOPadConfigSet)
                  00000ee6    00000002     startup_ccs.obj (.text:IntDefaultHandler)
                  00000ee8    000000fc     tx_usb_dev_bulk.obj (.text:NayaData)
                  00000fe4    000000f4     usblib.lib : usbdma.obj (.text:iDMAUSBTransfer)
                  000010d8    000000e4                : usbdenum.obj (.text:USBDGetDescriptor)
                  000011bc    000000d8                : usbdenum.obj (.text:USBDeviceEnumHandler)
                  00001294    000000c4                : usbdma.obj (.text:uDMAUSBChannelAllocate)
                  00001358    000000be                : usbbuffer.obj (.text:HandleRxAvailable)
                  00001416    000000bc                : usbdma.obj (.text:uDMAUSBTransfer)
                  000014d2    00000002     startup_ccs.obj (.text:NmiSR)
                  000014d4    000000a8     uartstdio.obj (.text:UARTwrite)
                  0000157c    0000009c     usblib.lib : usbdbulk.obj (.text:USBDBulkCompositeInit)
                  00001618    0000009c     rtsv7M4_T_le_v4SPD16_eabi.lib : memcpy_t2.obj (.text)
                  000016b4    00000098     usblib.lib : usbdenum.obj (.text:USBDSetInterface)
                  0000174c    00000092                : usbbuffer.obj (.text:ScheduleNextTransmission)
                  000017de    00000002                : usbdma.obj (.text:iDMAUSBArbSizeSet)
                  000017e0    00000090                : usbdenum.obj (.text:USBDSetConfiguration)
                  00001870    0000008c     uartstdio.obj (.text:UARTPrimeTransmit)
                  000018fc    0000008c     usblib.lib : usbdconfig.obj (.text:USBDeviceConfigAlternate)
                  00001988    00000084                : usbdma.obj (.text:iDMAUSBChannelAllocate)
                  00001a0c    00000084     driverlib.lib : udma.obj (.text:uDMAChannelTransferSet)
                  00001a90    00000080     usblib.lib : usbdenum.obj (.text:USBDClearFeature)
                  00001b10    0000007a     driverlib.lib : usb.obj (.text:USBDevEndpointConfigSet)
                  00001b8a    0000007a     rtsv7M4_T_le_v4SPD16_eabi.lib : memset_t2.obj (.text)
                  00001c04    00000078     usblib.lib : usbdenum.obj (.text:USBDGetStatus)
                  00001c7c    00000072                : usbdbulk.obj (.text:USBDBulkPacketRead)
                  00001cee    00000002                : usbdma.obj (.text:iDMAUSBUnitSizeSet)
                  00001cf0    00000070                : usbdenum.obj (.text:USBDEP0StateTx)
                  00001d60    00000070     rtsv7M4_T_le_v4SPD16_eabi.lib : autoinit.obj (.text)
                  00001dd0    00000070     usblib.lib : usbdma.obj (.text:uDMAUSBArbSizeSet)
                  00001e40    00000070                : usbdma.obj (.text:uDMAUSBUnitSizeSet)
                  00001eb0    0000006c                : usbdenum.obj (.text:USBDSetFeature)
                  00001f1c    00000068     driverlib.lib : interrupt.obj (.text:IntDisable)
                  00001f84    00000068                   : interrupt.obj (.text:IntEnable)
                  00001fec    00000068     rtsv7M4_T_le_v4SPD16_eabi.lib : copy_decompress_lzss.obj (.text:decompress:lzss)
                  00002054    00000064     driverlib.lib : interrupt.obj (.text:IntIsEnabled)
                  000020b8    00000064     usblib.lib : usbbuffer.obj (.text:USBBufferEventCallback)
                  0000211c    00000064                : usbdma.obj (.text:uDMAUSBChannelEnable)
                  00002180    00000060                : usbdbulk.obj (.text:HandleDevice)
                  000021e0    00000060                : usbdbulk.obj (.text:ProcessDataFromHost)
                  00002240    00000060     driverlib.lib : timer.obj (.text:TimerConfigure)
                  000022a0    00000060     usblib.lib : usbdenum.obj (.text:USBDReadAndDispatchRequest)
                  00002300    0000005e     driverlib.lib : usb.obj (.text:USBDevEndpointStatusClear)
                  0000235e    00000002     rtsv7M4_T_le_v4SPD16_eabi.lib : i_div0.obj (.text)
                  00002360    0000005c     tx_usb_dev_bulk.obj (.text:RxHandler)
                  000023bc    0000005c     usblib.lib : usbdbulk.obj (.text:USBDBulkPacketWrite)
                  00002418    00000056                : usbdma.obj (.text:uDMAUSBChannelRelease)
                  0000246e    00000002     rtsv7M4_T_le_v4SPD16_eabi.lib : mpu_init.obj (.text)
                  00002470    00000054                                   : boot.obj (.text)
                  000024c4    00000054                                   : exit.obj (.text)
                  00002518    00000052     usblib.lib : usbulpi.obj (.text:ULPIConfigSet)
                  0000256a    00000002     rtsv7M4_T_le_v4SPD16_eabi.lib : startup.obj (.text)
                  0000256c    00000050     driverlib.lib : sysctl.obj (.text:SysCtlPeripheralReset)
                  000025bc    00000050     usblib.lib : usbdcdesc.obj (.text:USBDCDConfigDescGet)
                  0000260c    00000050                : usbdenum.obj (.text:USBDeviceResumeTickHandler)
                  0000265c    0000004c                : usbdconfig.obj (.text:GetEPDescriptorType)
                  000026a8    0000004c                : usbdenum.obj (.text:USBDStringIndexFromRequest)
                  000026f4    0000004c     driverlib.lib : usb.obj (.text:USBEndpointDMAConfigSet)
                  00002740    0000004c                   : timer.obj (.text:_TimerIntNumberGet)
                  0000278c    0000004c     usblib.lib : usbdma.obj (.text:iDMAUSBChannelEnable)
                  000027d8    0000004c     rtsv7M4_T_le_v4SPD16_eabi.lib : cpy_tbl.obj (.text)
                  00002824    0000004a     usblib.lib : usbdcdesc.obj (.text:ConfigAlternateInterfaceGet)
                  0000286e    0000004a     driverlib.lib : usb.obj (.text:USBDevEndpointStallClear)
                  000028b8    0000004a     usblib.lib : usbdma.obj (.text:uDMAUSBChannelDisable)
                  00002902    00000002                : usbdma.obj (.text:uDMAUSBChannelIntDisable)
                  00002904    00000048                : usbdenum.obj (.text:USBDeviceEnumResetHandler)
                  0000294c    00000048     tx_direct_buffer.obj (.text:timer0_interrrupt_handler)
                  00002994    00000048     driverlib.lib : udma.obj (.text:uDMAChannelAttributeDisable)
                  000029dc    00000046                   : usb.obj (.text:USBEndpointDataGet)
                  00002a22    00000002     usblib.lib : usbdma.obj (.text:uDMAUSBChannelIntEnable)
                  00002a24    00000044                : usbdenum.obj (.text:USBDCDDeviceInfoInit)
                  00002a68    00000044                : usbdenum.obj (.text:USBDGetInterface)
                  00002aac    00000040                : usbdbulk.obj (.text:USBDBulkInit)
                  00002aec    00000040     rtsv7M4_T_le_v4SPD16_eabi.lib : u_divt2.obj (.text)
                  00002b2c    0000003c     tx_direct_buffer.obj (.text:config_timer)
                  00002b68    0000003c     usblib.lib : usbdma.obj (.text:iDMAUSBChannelRelease)
                  00002ba4    0000003a     driverlib.lib : usb.obj (.text:USBFIFOConfigSet)
                  00002bde    00000002     --HOLE-- [fill = 0]
                  00002be0    00000038     usblib.lib : usbtick.obj (.text:InternalUSBRegisterTickHandler)
                  00002c18    00000038                : usbtick.obj (.text:InternalUSBStartOfFrameTick)
                  00002c50    00000038                : usbdcdesc.obj (.text:USBDCDConfigGetInterfaceEndpoint)
                  00002c88    00000038     driverlib.lib : usb.obj (.text:USBIntStatusControl)
                  00002cc0    00000038     usblib.lib : usbringbuf.obj (.text:USBRingBufAdvanceWrite)
                  00002cf8    00000038     tx_direct_buffer.obj (.text:tx_byte)
                  00002d30    00000036     driverlib.lib : usb.obj (.text:USBEndpointDataPut)
                  00002d66    00000034     usblib.lib : usbdbulk.obj (.text:HandleEndpoints)
                  00002d9a    00000002     --HOLE-- [fill = 0]
                  00002d9c    00000034     driverlib.lib : interrupt.obj (.text:IntRegister)
                  00002dd0    00000034                   : sysctl.obj (.text:SysCtlPeripheralEnable)
                  00002e04    00000034                   : usb.obj (.text:USBEndpointDataSend)
                  00002e38    00000034     usblib.lib : usbdma.obj (.text:iDMAUSBChannelStatus)
                  00002e6c    00000032                : usbdcdesc.obj (.text:NextConfigDescGet)
                  00002e9e    00000032                : usbdbulk.obj (.text:ProcessDataToHost)
                  00002ed0    00000032     driverlib.lib : usb.obj (.text:USBDevEndpointStall)
                  00002f02    00000032     usblib.lib : usbdma.obj (.text:iDMAUSBChannelDisable)
                  00002f34    00000030                : usbdma.obj (.text:DMAUSBIntHandler)
                  00002f64    00000030                : usbtick.obj (.text:InternalUSBTickInit)
                  00002f94    00000030                : usbdenum.obj (.text:USBDGetConfiguration)
                  00002fc4    00000030                : usbringbuf.obj (.text:UpdateIndexAtomic)
                  00002ff4    00000030     tx_direct_buffer.obj (.text:config_GPIO)
                  00003024    0000002c     usblib.lib : usbdesc.obj (.text:USBDescGet)
                  00003050    0000002c     tx.obj (.text:send_file)
                  0000307c    0000002c     usblib.lib : usbdma.obj (.text:uDMAUSBIntStatus)
                  000030a8    0000002a     driverlib.lib : gpio.obj (.text:GPIODirModeSet)
                  000030d2    0000002a     usblib.lib : usbbuffer.obj (.text:HandleRequestBuffer)
                  000030fc    0000002a                : usbdcdesc.obj (.text:USBDCDConfigDescGetNum)
                  00003126    0000002a                : usbdesc.obj (.text:USBDescGetNum)
                  00003150    0000002a     driverlib.lib : usb.obj (.text:USBDevEndpointDataAck)
                  0000317a    00000002     --HOLE-- [fill = 0]
                  0000317c    00000028     usblib.lib : usbdenum.obj (.text:USBDSetAddress)
                  000031a4    00000028     driverlib.lib : usb.obj (.text:USBIntEnableControl)
                  000031cc    00000028                   : udma.obj (.text:uDMAChannelModeGet)
                  000031f4    00000024     usblib.lib : usbdbulk.obj (.text:BulkTickHandler)
                  00003218    00000024                : usbdbulk.obj (.text:HandleConfigChange)
                  0000323c    00000024     driverlib.lib : usb.obj (.text:USBEndpointDMADisable)
                  00003260    00000024                   : usb.obj (.text:USBEndpointDMAEnable)
                  00003284    00000024     usblib.lib : usbmode.obj (.text:USBStackModeSet)
                  000032a8    00000024     driverlib.lib : udma.obj (.text:uDMAChannelControlSet)
                  000032cc    00000022     usblib.lib : usbdbulk.obj (.text:HandleDisconnect)
                  000032ee    00000022                : usbdbulk.obj (.text:USBDBulkRxPacketAvailable)
                  00003310    00000022                : usbdma.obj (.text:uDMAUSBChannelStatus)
                  00003332    00000020                : usbdconfig.obj (.text:GetEndpointFIFOSize)
                  00003352    00000020                : usbbuffer.obj (.text:HandleDataRemaining)
                  00003372    00000020                : usbringbuf.obj (.text:USBRingBufAdvanceRead)
                  00003392    0000001e                : usbringbuf.obj (.text:USBRingBufContigFree)
                  000033b0    0000001e     driverlib.lib : usb.obj (.text:USBULPIRegRead)
                  000033ce    0000001e                   : usb.obj (.text:USBULPIRegWrite)
                  000033ec    0000001c     usblib.lib : usbdcdesc.obj (.text:USBDCDConfigGetInterface)
                  00003408    0000001c                : usbdenum.obj (.text:USBDCDStallEP0)
                  00003424    0000001c     driverlib.lib : usb.obj (.text:USBEndpointDataAvail)
                  00003440    0000001c     usblib.lib : usbringbuf.obj (.text:USBRingBufWrite)
                  0000345c    0000001a     uartstdio.obj (.text:UARTprintf)
                  00003476    0000001a     usblib.lib : usbdcdesc.obj (.text:USBDCDConfigDescGetSize)
                  00003490    0000001a     driverlib.lib : usb.obj (.text:USBEndpointDMAChannel)
                  000034aa    00000018                   : gpio.obj (.text:GPIOPinTypeGPIOOutput)
                  000034c2    00000018     uartstdio.obj (.text:IsBufferFull)
                  000034da    00000018     usblib.lib : usbdbulk.obj (.text:SetDeferredOpFlag)
                  000034f2    00000018     driverlib.lib : timer.obj (.text:TimerIntRegister)
                  0000350a    00000002     --HOLE-- [fill = 0]
                  0000350c    00000018     usblib.lib : usbdhandler.obj (.text:USB0DeviceIntHandler)
                  00003524    00000018                : usbbuffer.obj (.text:USBBufferInit)
                  0000353c    00000018                : usbdenum.obj (.text:USBDCDFeatureGet)
                  00003554    00000018                : usbdenum.obj (.text:USBDSetDescriptor)
                  0000356c    00000018                : usbdenum.obj (.text:USBDSyncFrame)
                  00003584    00000018     rtsv7M4_T_le_v4SPD16_eabi.lib : args_main.obj (.text)
                  0000359c    00000018     tx_direct_buffer.obj (.text:send_sentence)
                  000035b4    00000018     driverlib.lib : udma.obj (.text:uDMAChannelDisable)
                  000035cc    00000018                   : udma.obj (.text:uDMAChannelEnable)
                  000035e4    00000016     usblib.lib : usbbuffer.obj (.text:USBBufferDataWritten)
                  000035fa    00000016     driverlib.lib : usb.obj (.text:USBIntEnableEndpoint)
                  00003610    00000016     usblib.lib : usbringbuf.obj (.text:USBRingBufFlush)
                  00003626    00000016                : usbringbuf.obj (.text:USBRingBufUsed)
                  0000363c    00000014                : usbbuffer.obj (.text:HandleTxComplete)
                  00003650    00000014     driverlib.lib : sysctl.obj (.text:SysCtlUSBPLLEnable)
                  00003664    00000014     tx_usb_dev_bulk.obj (.text:TxHandler)
                  00003678    00000014     usblib.lib : usbdbulk.obj (.text:USBDBulkTxPacketAvailable)
                  0000368c    00000014     driverlib.lib : usb.obj (.text:USBDMAChannelConfigSet)
                  000036a0    00000014                   : usb.obj (.text:USBHostResume)
                  000036b4    00000014                   : usb.obj (.text:_USBIndexWrite)
                  000036c8    00000014     rtsv7M4_T_le_v4SPD16_eabi.lib : _lock.obj (.text)
                  000036dc    00000012     usblib.lib : usbdbulk.obj (.text:HandleResume)
                  000036ee    00000012                : usbdbulk.obj (.text:HandleSuspend)
                  00003700    00000012     driverlib.lib : timer.obj (.text:TimerLoadSet)
                  00003712    00000012     usblib.lib : usbbuffer.obj (.text:USBBufferInfoGet)
                  00003724    00000012     driverlib.lib : usb.obj (.text:USBDMAChannelDisable)
                  00003736    00000012                   : usb.obj (.text:USBDMAChannelEnable)
                  00003748    00000012                   : usb.obj (.text:USBDMAChannelIntDisable)
                  0000375a    00000012                   : usb.obj (.text:USBDMAChannelIntEnable)
                  0000376c    00000012     usblib.lib : usbringbuf.obj (.text:USBRingBufFree)
                  0000377e    00000010     driverlib.lib : interrupt.obj (.text:IntMasterDisable)
                  0000378e    00000010                   : interrupt.obj (.text:IntMasterEnable)
                  0000379e    00000002     --HOLE-- [fill = 0]
                  000037a0    00000010     tx_usb_dev_bulk.obj (.text:SysTickIntHandler)
                  000037b0    00000010     driverlib.lib : usb.obj (.text:USBEndpointStatus)
                  000037c0    00000010     usblib.lib : usbringbuf.obj (.text:USBRingBufContigUsed)
                  000037d0    00000010                : usbringbuf.obj (.text:USBRingBufWriteOne)
                  000037e0    0000000e                : usbdma.obj (.text:DMAUSBIntStatusClear)
                  000037ee    0000000e     uartstdio.obj (.text:IsBufferEmpty)
                  000037fc    0000000e     driverlib.lib : timer.obj (.text:TimerEnable)
                  0000380a    0000000e                   : usb.obj (.text:USBDMAChannelStatus)
                  00003818    0000000e                   : usb.obj (.text:USBDevLPMDisable)
                  00003826    0000000e                   : usb.obj (.text:USBDevLPMEnable)
                  00003834    0000000e                   : usb.obj (.text:USBULPIDisable)
                  00003842    0000000e                   : usb.obj (.text:USBULPIEnable)
                  00003850    0000000e     rtsv7M4_T_le_v4SPD16_eabi.lib : copy_decompress_none.obj (.text:decompress:none)
                  0000385e    0000000c     driverlib.lib : cpu.obj (.text:CPUcpsid)
                  0000386a    0000000c                   : cpu.obj (.text:CPUcpsie)
                  00003876    0000000c                   : usb.obj (.text:USBEndpointPacketCountSet)
                  00003882    0000000c                   : usb.obj (.text:USBLPMIntEnable)
                  0000388e    0000000c     usblib.lib : usbringbuf.obj (.text:USBRingBufInit)
                  0000389a    0000000c     rtsv7M4_T_le_v4SPD16_eabi.lib : copy_zero_init.obj (.text:decompress:ZI)
                  000038a6    0000000a     driverlib.lib : usb.obj (.text:USBClockEnable)
                  000038b0    0000000a                   : usb.obj (.text:USBControllerVersion)
                  000038ba    0000000a                   : usb.obj (.text:USBDMAChannelAddressSet)
                  000038c4    0000000a                   : usb.obj (.text:USBDMAChannelCountSet)
                  000038ce    0000000a                   : usb.obj (.text:USBDevConnect)
                  000038d8    0000000a                   : usb.obj (.text:USBDevDisconnect)
                  000038e2    0000000a                   : usb.obj (.text:USBIntStatusEndpoint)
                  000038ec    00000008                   : timer.obj (.text:TimerIntEnable)
                  000038f4    00000008                   : usb.obj (.text:USBDevMode)
                  000038fc    00000008                   : usb.obj (.text:USBFIFOAddrGet)
                  00003904    00000008                   : usb.obj (.text:USBOTGMode)
                  0000390c    00000008     usblib.lib : usbdma.obj (.text:iDMAUSBChannelIntDisable)
                  00003914    00000008                : usbdma.obj (.text:iDMAUSBChannelIntEnable)
                  0000391c    00000006     driverlib.lib : gpio.obj (.text:GPIOPinWrite)
                  00003922    00000006     startup_ccs.obj (.text:ResetISR)
                  00003928    00000006     usblib.lib : usbbuffer.obj (.text:USBBufferFlush)
                  0000392e    00000006                : usbbuffer.obj (.text:USBBufferSpaceAvailable)
                  00003934    00000006     driverlib.lib : usb.obj (.text:USBDMAChannelIntStatus)
                  0000393a    00000006                   : usb.obj (.text:USBDevLPMConfig)
                  00003940    00000006                   : usb.obj (.text:USBLPMIntStatus)
                  00003946    00000006     usblib.lib : usbdma.obj (.text:iDMAUSBIntStatus)
                  0000394c    00000004                : usbdma.obj (.text:DMAUSBStatus)
                  00003950    00000004     driverlib.lib : timer.obj (.text:TimerIntClear)
                  00003954    00000004                   : usb.obj (.text:USBDevAddrSet)
                  00003958    00000004     rtsv7M4_T_le_v4SPD16_eabi.lib : pre_init.obj (.text)

.const     0    0000395c    000002b4     
                  0000395c    00000070     driverlib.lib : interrupt.obj (.const)
                  000039cc    00000060                   : timer.obj (.const:g_ppui32TimerIntMap)
                  00003a2c    00000040                   : timer.obj (.const:g_ppui32TimerIntMapSnowflake)
                  00003a6c    00000034     usblib.lib : usbdenum.obj (.const:g_psUSBDStdRequests)
                  00003aa0    00000030     usb_bulk_structs.obj (.const:.string:g_pui8ConfigString)
                  00003ad0    00000030     usblib.lib : usbdbulk.obj (.const:g_sBulkHandlers)
                  00003b00    00000030                : usbdbulk.obj (.const)
                  00003b30    0000002e                : usbdbulk.obj (.const:.string)
                  00003b5e    00000028     usb_bulk_structs.obj (.const:.string:g_pui8DataInterfaceString)
                  00003b86    00000028     usb_bulk_structs.obj (.const:.string:g_pui8ProductString)
                  00003bae    00000024     usb_bulk_structs.obj (.const:.string:g_pui8ManufacturerString)
                  00003bd2    00000002     --HOLE-- [fill = 0]
                  00003bd4    00000018     usb_bulk_structs.obj (.const:g_ppui8StringDescriptors)
                  00003bec    00000012     usb_bulk_structs.obj (.const:.string:g_pui8SerialNumberString)
                  00003bfe    00000002     --HOLE-- [fill = 0]
                  00003c00    0000000c     uartstdio.obj (.const:g_ui32UARTInt)
                  00003c0c    00000004     usb_bulk_structs.obj (.const:.string:g_pui8LangDescriptor)

.cinit     0    00003c10    000000d8     
                  00003c10    000000a0     (.cinit..data.load) [load image, compression = lzss]
                  00003cb0    0000000c     (__TI_handler_table)
                  00003cbc    00000004     --HOLE-- [fill = 0]
                  00003cc0    00000008     (.cinit..bss.load) [load image, compression = zero_init]
                  00003cc8    00000008     (.cinit..vtable.load) [load image, compression = zero_init]
                  00003cd0    00000018     (__TI_cinit_table)

.init_array 
*          0    00000000    00000000     UNINITIALIZED

.vtable    0    20000000    0000026c     UNINITIALIZED
                  20000000    0000026c     driverlib.lib : interrupt.obj (.vtable)

.bss       0    2000026c    00002178     UNINITIALIZED
                  2000026c    00001800     (.common:data_to_tx)
                  20001a6c    00000400     uartstdio.obj (.bss:g_pcUARTTxBuffer)
                  20001e6c    00000110     usblib.lib : usbdma.obj (.bss:g_psUSBDMAInst)
                  20001f7c    00000100     (.common:g_pui8USBRxBuffer)
                  2000207c    00000100     (.common:g_pui8USBTxBuffer)
                  2000217c    00000100     (.common:to_tx_buffer_temp)
                  2000227c    00000080     uartstdio.obj (.bss:g_pcUARTRxBuffer)
                  200022fc    00000050     usblib.lib : usbdenum.obj (.bss:g_psDCDInst)
                  2000234c    00000040                : usbdenum.obj (.bss:g_pui8DataBufferIn)
                  2000238c    00000018     (.common:g_pfnTickHandlers)
                  200023a4    00000018     (.common:g_pvTickInstance)
                  200023bc    00000008     uartstdio.obj (.bss)
                  200023c4    00000004     (.common:g_pfnUSBModeCallback)
                  200023c8    00000004     (.common:g_ppsDevInfo)
                  200023cc    00000004     (.common:g_ui32ULPISupport)
                  200023d0    00000004     (.common:ui32Count)
                  200023d4    00000004     (.common:ui32Loop)
                  200023d8    00000004     (.common:ui32ReadIndex)
                  200023dc    00000004     (.common:ui32Space)
                  200023e0    00000004     (.common:ui32WriteIndex)

.data      0    200027e4    00000170     UNINITIALIZED
                  200027e4    00000044     usb_bulk_structs.obj (.data:g_sBulkDevice)
                  20002828    00000038     usb_bulk_structs.obj (.data:g_sRxBuffer)
                  20002860    00000038     usb_bulk_structs.obj (.data:g_sTxBuffer)
                  20002898    0000002e     usblib.lib : usbdbulk.obj (.data)
                  200028c6    00000002     --HOLE--
                  200028c8    0000001e     tx_direct_buffer.obj (.data)
                  200028e6    00000002     --HOLE--
                  200028e8    00000019     tx_usb_dev_bulk.obj (.data)
                  20002901    00000003     --HOLE--
                  20002904    00000015     uartstdio.obj (.data)
                  20002919    00000003     --HOLE--
                  2000291c    0000000c     rtsv7M4_T_le_v4SPD16_eabi.lib : exit.obj (.data:$O1$$)
                  20002928    0000000c     usblib.lib : usbtick.obj (.data)
                  20002934    00000009                : usbmode.obj (.data)
                  2000293d    00000003     --HOLE--
                  20002940    00000008     rtsv7M4_T_le_v4SPD16_eabi.lib : _lock.obj (.data:$O1$$)
                  20002948    00000008     usblib.lib : usbdenum.obj (.data)
                  20002950    00000004     rtsv7M4_T_le_v4SPD16_eabi.lib : stkdepth_vars.obj (.data)

.stack     0    200023e4    00000400     UNINITIALIZED
                  200023e4    00000400     --HOLE--

MODULE SUMMARY

       Module                     code    ro data   rw data
       ------                     ----    -------   -------
    ./
       tx_direct_buffer.obj       260     0         6174   
       tx_usb_dev_bulk.obj        736     0         301    
       usb_bulk_structs.obj       0       210       692    
       startup_ccs.obj            12      620       0      
       tx.obj                     44      0         0      
    +--+--------------------------+-------+---------+---------+
       Total:                     1052    830       7167   
                                                           
    ./utils/
       uartstdio.obj              1214    12        1181   
    +--+--------------------------+-------+---------+---------+
       Total:                     1214    12        1181   
                                                           
    /home/arktheshadow/ti/SW-EK-TM4C123GXL-2.1.3.156/driverlib/ccs/Debug/driverlib.lib
       usb.obj                    1354    0         0      
       interrupt.obj              392     112       620    
       timer.obj                  240     160       0      
       gpio.obj                   378     0         0      
       udma.obj                   328     0         0      
       sysctl.obj                 152     0         0      
       cpu.obj                    24      0         0      
    +--+--------------------------+-------+---------+---------+
       Total:                     2868    272       620    
                                                           
    /home/arktheshadow/ti/SW-EK-TM4C123GXL-2.1.3.156/usblib/ccs/Debug/usblib.lib
       usbdenum.obj               2864    52        160    
       usbdma.obj                 2008    0         272    
       usbdbulk.obj               940     142       46     
       usbbuffer.obj              606     0         0      
       usbdconfig.obj             576     0         0      
       usbdcdesc.obj              356     0         0      
       usbringbuf.obj             300     0         0      
       usbtick.obj                160     0         60     
       usbdesc.obj                86      0         0      
       usbulpi.obj                82      0         0      
       usbmode.obj                36      0         13     
       usbdhandler.obj            24      0         0      
    +--+--------------------------+-------+---------+---------+
       Total:                     8038    194       551    
                                                           
    /home/arktheshadow/ti/ccsv7/tools/compiler/ti-cgt-arm_16.9.0.LTS/lib/rtsv7M4_T_le_v4SPD16_eabi.lib
       memcpy_t2.obj              156     0         0      
       memset_t2.obj              122     0         0      
       autoinit.obj               112     0         0      
       copy_decompress_lzss.obj   104     0         0      
       exit.obj                   84      0         12     
       boot.obj                   84      0         0      
       cpy_tbl.obj                76      0         0      
       u_divt2.obj                64      0         0      
       _lock.obj                  20      0         8      
       args_main.obj              24      0         0      
       copy_decompress_none.obj   14      0         0      
       copy_zero_init.obj         12      0         0      
       pre_init.obj               4       0         0      
       stkdepth_vars.obj          0       0         4      
       i_div0.obj                 2       0         0      
       mpu_init.obj               2       0         0      
       startup.obj                2       0         0      
    +--+--------------------------+-------+---------+---------+
       Total:                     882     0         24     
                                                           
       Stack:                     0       0         1024   
       Linker Generated:          0       212       0      
    +--+--------------------------+-------+---------+---------+
       Grand Total:               14054   1520      10567  


LINKER GENERATED COPY TABLES

__TI_cinit_table @ 00003cd0 records: 3, size/record: 8, table size: 24
	.data: load addr=00003c10, load size=000000a0 bytes, run addr=200027e4, run size=00000170 bytes, compression=lzss
	.bss: load addr=00003cc0, load size=00000008 bytes, run addr=2000026c, run size=00002178 bytes, compression=zero_init
	.vtable: load addr=00003cc8, load size=00000008 bytes, run addr=20000000, run size=0000026c bytes, compression=zero_init


LINKER GENERATED HANDLER TABLE

__TI_handler_table @ 00003cb0 records: 3, size/record: 4, table size: 12
	index: 0, handler: __TI_zero_init
	index: 1, handler: __TI_decompress_lzss
	index: 2, handler: __TI_decompress_none


GLOBAL SYMBOLS: SORTED ALPHABETICALLY BY Name 

address   name                            
-------   ----                            
000024c5  C$$EXIT                         
0000385f  CPUcpsid                        
0000386b  CPUcpsie                        
000030a9  GPIODirModeSet                  
00000db5  GPIOPadConfigSet                
000034ab  GPIOPinTypeGPIOOutput           
0000391d  GPIOPinWrite                    
00001f1d  IntDisable                      
00001f85  IntEnable                       
00002055  IntIsEnabled                    
0000377f  IntMasterDisable                
0000378f  IntMasterEnable                 
00002d9d  IntRegister                     
00002be1  InternalUSBRegisterTickHandler  
00002c19  InternalUSBStartOfFrameTick     
00002f65  InternalUSBTickInit             
00003923  ResetISR                        
00002361  RxHandler                       
UNDEFED   SHT$$INIT_ARRAY$$Base           
UNDEFED   SHT$$INIT_ARRAY$$Limit          
00002dd1  SysCtlPeripheralEnable          
0000256d  SysCtlPeripheralReset           
00003651  SysCtlUSBPLLEnable              
000037a1  SysTickIntHandler               
00002241  TimerConfigure                  
000037fd  TimerEnable                     
00003951  TimerIntClear                   
000038ed  TimerIntEnable                  
000034f3  TimerIntRegister                
00003701  TimerLoadSet                    
00003665  TxHandler                       
000005bd  UARTStdioIntHandler             
0000345d  UARTprintf                      
0000026d  UARTvprintf                     
000014d5  UARTwrite                       
00002519  ULPIConfigSet                   
0000350d  USB0DeviceIntHandler            
000035e5  USBBufferDataWritten            
000020b9  USBBufferEventCallback          
00003929  USBBufferFlush                  
00003713  USBBufferInfoGet                
00003525  USBBufferInit                   
0000392f  USBBufferSpaceAvailable         
000038a7  USBClockEnable                  
000038b1  USBControllerVersion            
0000157d  USBDBulkCompositeInit           
00002aad  USBDBulkInit                    
00001c7d  USBDBulkPacketRead              
000023bd  USBDBulkPacketWrite             
000032ef  USBDBulkRxPacketAvailable       
00003679  USBDBulkTxPacketAvailable       
000025bd  USBDCDConfigDescGet             
000030fd  USBDCDConfigDescGetNum          
00003477  USBDCDConfigDescGetSize         
000033ed  USBDCDConfigGetInterface        
00002c51  USBDCDConfigGetInterfaceEndpoint
00002a25  USBDCDDeviceInfoInit            
0000353d  USBDCDFeatureGet                
0000087d  USBDCDInit                      
00003409  USBDCDStallEP0                  
000038bb  USBDMAChannelAddressSet         
0000368d  USBDMAChannelConfigSet          
000038c5  USBDMAChannelCountSet           
00003725  USBDMAChannelDisable            
00003737  USBDMAChannelEnable             
00003749  USBDMAChannelIntDisable         
0000375b  USBDMAChannelIntEnable          
00003935  USBDMAChannelIntStatus          
0000380b  USBDMAChannelStatus             
00003025  USBDescGet                      
00003127  USBDescGetNum                   
00003955  USBDevAddrSet                   
000038cf  USBDevConnect                   
000038d9  USBDevDisconnect                
00001b11  USBDevEndpointConfigSet         
00003151  USBDevEndpointDataAck           
00002ed1  USBDevEndpointStall             
0000286f  USBDevEndpointStallClear        
00002301  USBDevEndpointStatusClear       
0000393b  USBDevLPMConfig                 
00003819  USBDevLPMDisable                
00003827  USBDevLPMEnable                 
000038f5  USBDevMode                      
00000c6d  USBDeviceConfig                 
000018fd  USBDeviceConfigAlternate        
000011bd  USBDeviceEnumHandler            
00002905  USBDeviceEnumResetHandler       
00000b1d  USBDeviceIntHandlerInternal     
0000260d  USBDeviceResumeTickHandler      
00003491  USBEndpointDMAChannel           
000026f5  USBEndpointDMAConfigSet         
0000323d  USBEndpointDMADisable           
00003261  USBEndpointDMAEnable            
00003425  USBEndpointDataAvail            
000029dd  USBEndpointDataGet              
00002d31  USBEndpointDataPut              
00002e05  USBEndpointDataSend             
00003877  USBEndpointPacketCountSet       
000037b1  USBEndpointStatus               
000038fd  USBFIFOAddrGet                  
00002ba5  USBFIFOConfigSet                
000036a1  USBHostResume                   
000031a5  USBIntEnableControl             
000035fb  USBIntEnableEndpoint            
00002c89  USBIntStatusControl             
000038e3  USBIntStatusEndpoint            
00003883  USBLPMIntEnable                 
00003941  USBLPMIntStatus                 
0000071d  USBLibDMAInit                   
00003905  USBOTGMode                      
00003373  USBRingBufAdvanceRead           
00002cc1  USBRingBufAdvanceWrite          
00003393  USBRingBufContigFree            
000037c1  USBRingBufContigUsed            
00003611  USBRingBufFlush                 
0000376d  USBRingBufFree                  
0000388f  USBRingBufInit                  
00003627  USBRingBufUsed                  
00003441  USBRingBufWrite                 
000037d1  USBRingBufWriteOne              
00003285  USBStackModeSet                 
00003835  USBULPIDisable                  
00003843  USBULPIEnable                   
000033b1  USBULPIRegRead                  
000033cf  USBULPIRegWrite                 
200027e4  __STACK_END                     
00000400  __STACK_SIZE                    
200027e4  __STACK_TOP                     
00003cd0  __TI_CINIT_Base                 
00003ce8  __TI_CINIT_Limit                
00003cb0  __TI_Handler_Table_Base         
00003cbc  __TI_Handler_Table_Limit        
00001d61  __TI_auto_init                  
2000291c  __TI_cleanup_ptr                
00001fed  __TI_decompress_lzss            
00003851  __TI_decompress_none            
20002920  __TI_dtors_ptr                  
20002924  __TI_enable_exit_profile_output 
ffffffff  __TI_pprof_out_hndl             
ffffffff  __TI_prof_data_size             
ffffffff  __TI_prof_data_start            
00000000  __TI_static_base__              
0000389b  __TI_zero_init                  
0000235f  __aeabi_idiv0                   
00001b8b  __aeabi_memclr                  
00001b8b  __aeabi_memclr4                 
00001b8b  __aeabi_memclr8                 
00001619  __aeabi_memcpy                  
00001619  __aeabi_memcpy4                 
00001619  __aeabi_memcpy8                 
00001b8d  __aeabi_memset                  
00001b8d  __aeabi_memset4                 
00001b8d  __aeabi_memset8                 
00002aed  __aeabi_uidiv                   
00002aed  __aeabi_uidivmod                
ffffffff  __binit__                       
ffffffff  __c_args__                      
0000246f  __mpu_init                      
200023e4  __stack                         
00003585  _args_main                      
00002471  _c_int00                        
20002940  _lock                           
000036d7  _nop                            
000036cf  _register_lock                  
000036c9  _register_unlock                
0000256b  _system_post_cinit              
00003959  _system_pre_init                
20002944  _unlock                         
000024c9  abort                           
ffffffff  binit                           
200028e5  byte_test                       
200028dc  cl_delay                        
200028e4  clk                             
00002ff5  config_GPIO                     
00002b2d  config_timer                    
000027d9  copy_in                         
200028c8  data_buff_size                  
2000026c  data_to_tx                      
000024d1  exit                            
20002928  g_bUSBTimerInitialized          
20002934  g_iUSBMode                      
20000000  g_pfnRAMVectors                 
2000238c  g_pfnTickHandlers               
00000000  g_pfnVectors                    
00003b28  g_ppBulkConfigDescriptors       
00003b2c  g_ppBulkConfigDescriptorsHS     
200023c8  g_ppsDevInfo                    
00003bd4  g_ppui8StringDescriptors        
200028b4  g_psBulkSections                
200028bc  g_psBulkSectionsHS              
200022fc  g_psDCDInst                     
200028aa  g_pui8BulkDescriptor            
20002898  g_pui8BulkDeviceDescriptor      
00003b30  g_pui8BulkInterface             
00003b47  g_pui8BulkInterfaceHS           
00003aa0  g_pui8ConfigString              
00003b5e  g_pui8DataInterfaceString       
00003c0c  g_pui8LangDescriptor            
00003bae  g_pui8ManufacturerString        
00003b86  g_pui8ProductString             
00003bec  g_pui8SerialNumberString        
20001f7c  g_pui8USBRxBuffer               
2000207c  g_pui8USBTxBuffer               
200023a4  g_pvTickInstance                
00003b18  g_sBulkConfigHeader             
00003b20  g_sBulkConfigHeaderHS           
00003b00  g_sBulkConfigSection            
200027e4  g_sBulkDevice                   
00003ad0  g_sBulkHandlers                 
00003b08  g_sBulkInterfaceSection         
00003b10  g_sBulkInterfaceSectionHS       
20002828  g_sRxBuffer                     
20002860  g_sTxBuffer                     
2000292c  g_ui32CurrentUSBTick            
200028fc  g_ui32Flags                     
200028f8  g_ui32RxCount                   
200028f0  g_ui32SysTickCount              
200028f4  g_ui32TxCount                   
20002930  g_ui32USBSOFCount               
20002938  g_ui32WaitTicks                 
00000459  main                            
20002950  main_func_sp                    
00001619  memcpy                          
00001b93  memset                          
200028e0  n_bits_tx                       
200028ec  ptr_to_tx_buffer                
00003051  send_file                       
0000359d  send_sentence                   
200028e8  start_timer_bit                 
200028d0  sync_tx_back                    
200028cc  sync_tx_front                   
0000294d  timer0_interrrupt_handler       
2000217c  to_tx_buffer_temp               
200028d8  tx_back                         
00002cf9  tx_byte                         
200028d4  tx_front                        
00002995  uDMAChannelAttributeDisable     
000032a9  uDMAChannelControlSet           
000035b5  uDMAChannelDisable              
000035cd  uDMAChannelEnable               
000031cd  uDMAChannelModeGet              
00001a0d  uDMAChannelTransferSet          
200023d0  ui32Count                       
200023d4  ui32Loop                        
200023d8  ui32ReadIndex                   
200023dc  ui32Space                       
200023e0  ui32WriteIndex                  


GLOBAL SYMBOLS: SORTED BY Symbol Address 

address   name                            
-------   ----                            
00000000  __TI_static_base__              
00000000  g_pfnVectors                    
0000026d  UARTvprintf                     
00000400  __STACK_SIZE                    
00000459  main                            
000005bd  UARTStdioIntHandler             
0000071d  USBLibDMAInit                   
0000087d  USBDCDInit                      
00000b1d  USBDeviceIntHandlerInternal     
00000c6d  USBDeviceConfig                 
00000db5  GPIOPadConfigSet                
000011bd  USBDeviceEnumHandler            
000014d5  UARTwrite                       
0000157d  USBDBulkCompositeInit           
00001619  __aeabi_memcpy                  
00001619  __aeabi_memcpy4                 
00001619  __aeabi_memcpy8                 
00001619  memcpy                          
000018fd  USBDeviceConfigAlternate        
00001a0d  uDMAChannelTransferSet          
00001b11  USBDevEndpointConfigSet         
00001b8b  __aeabi_memclr                  
00001b8b  __aeabi_memclr4                 
00001b8b  __aeabi_memclr8                 
00001b8d  __aeabi_memset                  
00001b8d  __aeabi_memset4                 
00001b8d  __aeabi_memset8                 
00001b93  memset                          
00001c7d  USBDBulkPacketRead              
00001d61  __TI_auto_init                  
00001f1d  IntDisable                      
00001f85  IntEnable                       
00001fed  __TI_decompress_lzss            
00002055  IntIsEnabled                    
000020b9  USBBufferEventCallback          
00002241  TimerConfigure                  
00002301  USBDevEndpointStatusClear       
0000235f  __aeabi_idiv0                   
00002361  RxHandler                       
000023bd  USBDBulkPacketWrite             
0000246f  __mpu_init                      
00002471  _c_int00                        
000024c5  C$$EXIT                         
000024c9  abort                           
000024d1  exit                            
00002519  ULPIConfigSet                   
0000256b  _system_post_cinit              
0000256d  SysCtlPeripheralReset           
000025bd  USBDCDConfigDescGet             
0000260d  USBDeviceResumeTickHandler      
000026f5  USBEndpointDMAConfigSet         
000027d9  copy_in                         
0000286f  USBDevEndpointStallClear        
00002905  USBDeviceEnumResetHandler       
0000294d  timer0_interrrupt_handler       
00002995  uDMAChannelAttributeDisable     
000029dd  USBEndpointDataGet              
00002a25  USBDCDDeviceInfoInit            
00002aad  USBDBulkInit                    
00002aed  __aeabi_uidiv                   
00002aed  __aeabi_uidivmod                
00002b2d  config_timer                    
00002ba5  USBFIFOConfigSet                
00002be1  InternalUSBRegisterTickHandler  
00002c19  InternalUSBStartOfFrameTick     
00002c51  USBDCDConfigGetInterfaceEndpoint
00002c89  USBIntStatusControl             
00002cc1  USBRingBufAdvanceWrite          
00002cf9  tx_byte                         
00002d31  USBEndpointDataPut              
00002d9d  IntRegister                     
00002dd1  SysCtlPeripheralEnable          
00002e05  USBEndpointDataSend             
00002ed1  USBDevEndpointStall             
00002f65  InternalUSBTickInit             
00002ff5  config_GPIO                     
00003025  USBDescGet                      
00003051  send_file                       
000030a9  GPIODirModeSet                  
000030fd  USBDCDConfigDescGetNum          
00003127  USBDescGetNum                   
00003151  USBDevEndpointDataAck           
000031a5  USBIntEnableControl             
000031cd  uDMAChannelModeGet              
0000323d  USBEndpointDMADisable           
00003261  USBEndpointDMAEnable            
00003285  USBStackModeSet                 
000032a9  uDMAChannelControlSet           
000032ef  USBDBulkRxPacketAvailable       
00003373  USBRingBufAdvanceRead           
00003393  USBRingBufContigFree            
000033b1  USBULPIRegRead                  
000033cf  USBULPIRegWrite                 
000033ed  USBDCDConfigGetInterface        
00003409  USBDCDStallEP0                  
00003425  USBEndpointDataAvail            
00003441  USBRingBufWrite                 
0000345d  UARTprintf                      
00003477  USBDCDConfigDescGetSize         
00003491  USBEndpointDMAChannel           
000034ab  GPIOPinTypeGPIOOutput           
000034f3  TimerIntRegister                
0000350d  USB0DeviceIntHandler            
00003525  USBBufferInit                   
0000353d  USBDCDFeatureGet                
00003585  _args_main                      
0000359d  send_sentence                   
000035b5  uDMAChannelDisable              
000035cd  uDMAChannelEnable               
000035e5  USBBufferDataWritten            
000035fb  USBIntEnableEndpoint            
00003611  USBRingBufFlush                 
00003627  USBRingBufUsed                  
00003651  SysCtlUSBPLLEnable              
00003665  TxHandler                       
00003679  USBDBulkTxPacketAvailable       
0000368d  USBDMAChannelConfigSet          
000036a1  USBHostResume                   
000036c9  _register_unlock                
000036cf  _register_lock                  
000036d7  _nop                            
00003701  TimerLoadSet                    
00003713  USBBufferInfoGet                
00003725  USBDMAChannelDisable            
00003737  USBDMAChannelEnable             
00003749  USBDMAChannelIntDisable         
0000375b  USBDMAChannelIntEnable          
0000376d  USBRingBufFree                  
0000377f  IntMasterDisable                
0000378f  IntMasterEnable                 
000037a1  SysTickIntHandler               
000037b1  USBEndpointStatus               
000037c1  USBRingBufContigUsed            
000037d1  USBRingBufWriteOne              
000037fd  TimerEnable                     
0000380b  USBDMAChannelStatus             
00003819  USBDevLPMDisable                
00003827  USBDevLPMEnable                 
00003835  USBULPIDisable                  
00003843  USBULPIEnable                   
00003851  __TI_decompress_none            
0000385f  CPUcpsid                        
0000386b  CPUcpsie                        
00003877  USBEndpointPacketCountSet       
00003883  USBLPMIntEnable                 
0000388f  USBRingBufInit                  
0000389b  __TI_zero_init                  
000038a7  USBClockEnable                  
000038b1  USBControllerVersion            
000038bb  USBDMAChannelAddressSet         
000038c5  USBDMAChannelCountSet           
000038cf  USBDevConnect                   
000038d9  USBDevDisconnect                
000038e3  USBIntStatusEndpoint            
000038ed  TimerIntEnable                  
000038f5  USBDevMode                      
000038fd  USBFIFOAddrGet                  
00003905  USBOTGMode                      
0000391d  GPIOPinWrite                    
00003923  ResetISR                        
00003929  USBBufferFlush                  
0000392f  USBBufferSpaceAvailable         
00003935  USBDMAChannelIntStatus          
0000393b  USBDevLPMConfig                 
00003941  USBLPMIntStatus                 
00003951  TimerIntClear                   
00003955  USBDevAddrSet                   
00003959  _system_pre_init                
00003aa0  g_pui8ConfigString              
00003ad0  g_sBulkHandlers                 
00003b00  g_sBulkConfigSection            
00003b08  g_sBulkInterfaceSection         
00003b10  g_sBulkInterfaceSectionHS       
00003b18  g_sBulkConfigHeader             
00003b20  g_sBulkConfigHeaderHS           
00003b28  g_ppBulkConfigDescriptors       
00003b2c  g_ppBulkConfigDescriptorsHS     
00003b30  g_pui8BulkInterface             
00003b47  g_pui8BulkInterfaceHS           
00003b5e  g_pui8DataInterfaceString       
00003b86  g_pui8ProductString             
00003bae  g_pui8ManufacturerString        
00003bd4  g_ppui8StringDescriptors        
00003bec  g_pui8SerialNumberString        
00003c0c  g_pui8LangDescriptor            
00003cb0  __TI_Handler_Table_Base         
00003cbc  __TI_Handler_Table_Limit        
00003cd0  __TI_CINIT_Base                 
00003ce8  __TI_CINIT_Limit                
20000000  g_pfnRAMVectors                 
2000026c  data_to_tx                      
20001f7c  g_pui8USBRxBuffer               
2000207c  g_pui8USBTxBuffer               
2000217c  to_tx_buffer_temp               
200022fc  g_psDCDInst                     
2000238c  g_pfnTickHandlers               
200023a4  g_pvTickInstance                
200023c8  g_ppsDevInfo                    
200023d0  ui32Count                       
200023d4  ui32Loop                        
200023d8  ui32ReadIndex                   
200023dc  ui32Space                       
200023e0  ui32WriteIndex                  
200023e4  __stack                         
200027e4  __STACK_END                     
200027e4  __STACK_TOP                     
200027e4  g_sBulkDevice                   
20002828  g_sRxBuffer                     
20002860  g_sTxBuffer                     
20002898  g_pui8BulkDeviceDescriptor      
200028aa  g_pui8BulkDescriptor            
200028b4  g_psBulkSections                
200028bc  g_psBulkSectionsHS              
200028c8  data_buff_size                  
200028cc  sync_tx_front                   
200028d0  sync_tx_back                    
200028d4  tx_front                        
200028d8  tx_back                         
200028dc  cl_delay                        
200028e0  n_bits_tx                       
200028e4  clk                             
200028e5  byte_test                       
200028e8  start_timer_bit                 
200028ec  ptr_to_tx_buffer                
200028f0  g_ui32SysTickCount              
200028f4  g_ui32TxCount                   
200028f8  g_ui32RxCount                   
200028fc  g_ui32Flags                     
2000291c  __TI_cleanup_ptr                
20002920  __TI_dtors_ptr                  
20002924  __TI_enable_exit_profile_output 
20002928  g_bUSBTimerInitialized          
2000292c  g_ui32CurrentUSBTick            
20002930  g_ui32USBSOFCount               
20002934  g_iUSBMode                      
20002938  g_ui32WaitTicks                 
20002940  _lock                           
20002944  _unlock                         
20002950  main_func_sp                    
ffffffff  __TI_pprof_out_hndl             
ffffffff  __TI_prof_data_size             
ffffffff  __TI_prof_data_start            
ffffffff  __binit__                       
ffffffff  __c_args__                      
ffffffff  binit                           
UNDEFED   SHT$$INIT_ARRAY$$Base           
UNDEFED   SHT$$INIT_ARRAY$$Limit          

[247 symbols]
