******************************************************************************
                  TI ARM Linker Unix v16.9.0                   
******************************************************************************
>> Linked Tue Apr  4 18:26:45 2017

OUTPUT FILE NAME:   <tx_using_usb.out>
ENTRY POINT SYMBOL: "_c_int00"  address: 000025d5


MEMORY CONFIGURATION

         name            origin    length      used     unused   attr    fill
----------------------  --------  ---------  --------  --------  ----  --------
  FLASH                 00000000   00040000  00003c9e  0003c362  R  X
  SRAM                  20000000   00008000  000025cc  00005a34  RW X


SEGMENT ALLOCATION MAP

run origin  load origin   length   init length attrs members
----------  ----------- ---------- ----------- ----- -------
00000000    00000000    00003ca0   00003ca0    r-x
  00000000    00000000    0000026c   0000026c    r-- .intvecs
  0000026c    0000026c    0000373e   0000373e    r-x .text
  000039ac    000039ac    0000022c   0000022c    r-- .const
  00003bd8    00003bd8    000000c8   000000c8    r-- .cinit
20000000    20000000    000025cc   00000000    rw-
  20000000    20000000    00002064   00000000    rw- .bss
  20002064    20002064    00000400   00000000    rw- .stack
  20002464    20002464    00000168   00000000    rw- .data


SECTION ALLOCATION MAP

 output                                  attributes/
section   page    origin      length       input sections
--------  ----  ----------  ----------   ----------------
.intvecs   0    00000000    0000026c     
                  00000000    0000026c     startup_ccs.obj (.intvecs)

.text      0    0000026c    0000373e     
                  0000026c    000001ea     uartstdio.obj (.text:UARTvprintf)
                  00000456    00000002     startup_ccs.obj (.text:FaultISR)
                  00000458    00000160     uartstdio.obj (.text:UARTStdioIntHandler)
                  000005b8    00000160     usblib.lib : usbdma.obj (.text:USBLibDMAInit)
                  00000718    00000150                : usbdenum.obj (.text:USBDCDInit)
                  00000868    00000150                : usbdenum.obj (.text:USBDEP0StateTxConfig)
                  000009b8    00000150                : usbdenum.obj (.text:USBDeviceIntHandlerInternal)
                  00000b08    0000014c     tx_usb_dev_bulk.obj (.text:main)
                  00000c54    00000148     usblib.lib : usbdconfig.obj (.text:USBDeviceConfig)
                  00000d9c    00000132     driverlib.lib : gpio.obj (.text:GPIOPadConfigSet)
                  00000ece    000000f4     usblib.lib : usbdma.obj (.text:iDMAUSBTransfer)
                  00000fc2    00000002     startup_ccs.obj (.text:IntDefaultHandler)
                  00000fc4    000000e4     usblib.lib : usbdenum.obj (.text:USBDGetDescriptor)
                  000010a8    000000d8                : usbdenum.obj (.text:USBDeviceEnumHandler)
                  00001180    000000c4                : usbdma.obj (.text:uDMAUSBChannelAllocate)
                  00001244    000000be                : usbbuffer.obj (.text:HandleRxAvailable)
                  00001302    000000bc                : usbdma.obj (.text:uDMAUSBTransfer)
                  000013be    00000002     startup_ccs.obj (.text:NmiSR)
                  000013c0    000000b0     uartstdio.obj (.text:UARTStdioConfig)
                  00001470    000000a8     uartstdio.obj (.text:UARTwrite)
                  00001518    0000009c     usblib.lib : usbdbulk.obj (.text:USBDBulkCompositeInit)
                  000015b4    0000009c     rtsv7M4_T_le_v4SPD16_eabi.lib : memcpy_t2.obj (.text)
                  00001650    00000098     usblib.lib : usbdenum.obj (.text:USBDSetInterface)
                  000016e8    00000092                : usbbuffer.obj (.text:ScheduleNextTransmission)
                  0000177a    00000002                : usbdma.obj (.text:iDMAUSBArbSizeSet)
                  0000177c    00000090                : usbdenum.obj (.text:USBDSetConfiguration)
                  0000180c    0000008c     uartstdio.obj (.text:UARTPrimeTransmit)
                  00001898    0000008c     usblib.lib : usbdconfig.obj (.text:USBDeviceConfigAlternate)
                  00001924    00000084     tx_usb_dev_bulk.obj (.text:NayaData)
                  000019a8    00000084     usblib.lib : usbdma.obj (.text:iDMAUSBChannelAllocate)
                  00001a2c    00000084     driverlib.lib : udma.obj (.text:uDMAChannelTransferSet)
                  00001ab0    00000080     tx_usb_dev_bulk.obj (.text:RxHandler)
                  00001b30    00000080     usblib.lib : usbdenum.obj (.text:USBDClearFeature)
                  00001bb0    0000007a     driverlib.lib : usb.obj (.text:USBDevEndpointConfigSet)
                  00001c2a    0000007a     rtsv7M4_T_le_v4SPD16_eabi.lib : memset_t2.obj (.text)
                  00001ca4    00000078     usblib.lib : usbdenum.obj (.text:USBDGetStatus)
                  00001d1c    00000072                : usbdbulk.obj (.text:USBDBulkPacketRead)
                  00001d8e    00000002                : usbdma.obj (.text:iDMAUSBUnitSizeSet)
                  00001d90    00000070                : usbdenum.obj (.text:USBDEP0StateTx)
                  00001e00    00000070     rtsv7M4_T_le_v4SPD16_eabi.lib : autoinit.obj (.text)
                  00001e70    00000070     usblib.lib : usbdma.obj (.text:uDMAUSBArbSizeSet)
                  00001ee0    00000070                : usbdma.obj (.text:uDMAUSBUnitSizeSet)
                  00001f50    0000006c                : usbdenum.obj (.text:USBDSetFeature)
                  00001fbc    0000006c     tx_direct_buffer.obj (.text:send_data)
                  00002028    00000068     driverlib.lib : interrupt.obj (.text:IntDisable)
                  00002090    00000068                   : interrupt.obj (.text:IntEnable)
                  000020f8    00000068     rtsv7M4_T_le_v4SPD16_eabi.lib : copy_decompress_lzss.obj (.text:decompress:lzss)
                  00002160    00000064     tx_usb_dev_bulk.obj (.text:ConfigureUART)
                  000021c4    00000064     driverlib.lib : interrupt.obj (.text:IntIsEnabled)
                  00002228    00000064     usblib.lib : usbbuffer.obj (.text:USBBufferEventCallback)
                  0000228c    00000064                : usbdma.obj (.text:uDMAUSBChannelEnable)
                  000022f0    00000060                : usbdbulk.obj (.text:HandleDevice)
                  00002350    00000060                : usbdbulk.obj (.text:ProcessDataFromHost)
                  000023b0    00000060                : usbdenum.obj (.text:USBDReadAndDispatchRequest)
                  00002410    0000005e     driverlib.lib : usb.obj (.text:USBDevEndpointStatusClear)
                  0000246e    00000002     rtsv7M4_T_le_v4SPD16_eabi.lib : i_div0.obj (.text)
                  00002470    0000005c     usblib.lib : usbdbulk.obj (.text:USBDBulkPacketWrite)
                  000024cc    0000005c     tx_direct_buffer.obj (.text:config_GPIO)
                  00002528    00000056     driverlib.lib : gpio.obj (.text:GPIOIntTypeSet)
                  0000257e    00000056     usblib.lib : usbdma.obj (.text:uDMAUSBChannelRelease)
                  000025d4    00000054     rtsv7M4_T_le_v4SPD16_eabi.lib : boot.obj (.text)
                  00002628    00000054                                   : exit.obj (.text)
                  0000267c    00000052     usblib.lib : usbulpi.obj (.text:ULPIConfigSet)
                  000026ce    00000002     rtsv7M4_T_le_v4SPD16_eabi.lib : mpu_init.obj (.text)
                  000026d0    00000050     driverlib.lib : sysctl.obj (.text:SysCtlPeripheralReset)
                  00002720    00000050     usblib.lib : usbdcdesc.obj (.text:USBDCDConfigDescGet)
                  00002770    00000050                : usbdenum.obj (.text:USBDeviceResumeTickHandler)
                  000027c0    0000004c                : usbdconfig.obj (.text:GetEPDescriptorType)
                  0000280c    0000004c                : usbdenum.obj (.text:USBDStringIndexFromRequest)
                  00002858    0000004c     driverlib.lib : usb.obj (.text:USBEndpointDMAConfigSet)
                  000028a4    0000004c     usblib.lib : usbdma.obj (.text:iDMAUSBChannelEnable)
                  000028f0    0000004c     rtsv7M4_T_le_v4SPD16_eabi.lib : cpy_tbl.obj (.text)
                  0000293c    0000004a     usblib.lib : usbdcdesc.obj (.text:ConfigAlternateInterfaceGet)
                  00002986    0000004a     driverlib.lib : usb.obj (.text:USBDevEndpointStallClear)
                  000029d0    0000004a     usblib.lib : usbdma.obj (.text:uDMAUSBChannelDisable)
                  00002a1a    00000002     rtsv7M4_T_le_v4SPD16_eabi.lib : startup.obj (.text)
                  00002a1c    00000048     usblib.lib : usbdenum.obj (.text:USBDeviceEnumResetHandler)
                  00002a64    00000048     driverlib.lib : udma.obj (.text:uDMAChannelAttributeDisable)
                  00002aac    00000046                   : usb.obj (.text:USBEndpointDataGet)
                  00002af2    00000002     usblib.lib : usbdma.obj (.text:uDMAUSBChannelIntDisable)
                  00002af4    00000044                : usbdenum.obj (.text:USBDCDDeviceInfoInit)
                  00002b38    00000044                : usbdenum.obj (.text:USBDGetInterface)
                  00002b7c    00000040                : usbdbulk.obj (.text:USBDBulkInit)
                  00002bbc    00000040     rtsv7M4_T_le_v4SPD16_eabi.lib : u_divt2.obj (.text)
                  00002bfc    0000003c     uartstdio.obj (.text:UARTFlushTx)
                  00002c38    0000003c     usblib.lib : usbdma.obj (.text:iDMAUSBChannelRelease)
                  00002c74    0000003a     driverlib.lib : usb.obj (.text:USBFIFOConfigSet)
                  00002cae    00000002     usblib.lib : usbdma.obj (.text:uDMAUSBChannelIntEnable)
                  00002cb0    00000038                : usbtick.obj (.text:InternalUSBRegisterTickHandler)
                  00002ce8    00000038                : usbtick.obj (.text:InternalUSBStartOfFrameTick)
                  00002d20    00000038                : usbdcdesc.obj (.text:USBDCDConfigGetInterfaceEndpoint)
                  00002d58    00000038     driverlib.lib : usb.obj (.text:USBIntStatusControl)
                  00002d90    00000038     usblib.lib : usbringbuf.obj (.text:USBRingBufAdvanceWrite)
                  00002dc8    00000038     tx_direct_buffer.obj (.text:tx_byte)
                  00002e00    00000036     driverlib.lib : usb.obj (.text:USBEndpointDataPut)
                  00002e36    00000034     usblib.lib : usbdbulk.obj (.text:HandleEndpoints)
                  00002e6a    00000002     --HOLE-- [fill = 0]
                  00002e6c    00000034     driverlib.lib : sysctl.obj (.text:SysCtlPeripheralEnable)
                  00002ea0    00000034                   : usb.obj (.text:USBEndpointDataSend)
                  00002ed4    00000034     usblib.lib : usbdma.obj (.text:iDMAUSBChannelStatus)
                  00002f08    00000032                : usbdcdesc.obj (.text:NextConfigDescGet)
                  00002f3a    00000032                : usbdbulk.obj (.text:ProcessDataToHost)
                  00002f6c    00000032     driverlib.lib : usb.obj (.text:USBDevEndpointStall)
                  00002f9e    00000032     usblib.lib : usbdma.obj (.text:iDMAUSBChannelDisable)
                  00002fd0    00000030                : usbdma.obj (.text:DMAUSBIntHandler)
                  00003000    00000030                : usbtick.obj (.text:InternalUSBTickInit)
                  00003030    00000030                : usbdenum.obj (.text:USBDGetConfiguration)
                  00003060    00000030                : usbringbuf.obj (.text:UpdateIndexAtomic)
                  00003090    0000002c     uartstdio.obj (.text:UARTFlushRx)
                  000030bc    0000002c     usblib.lib : usbdesc.obj (.text:USBDescGet)
                  000030e8    0000002c                : usbdma.obj (.text:uDMAUSBIntStatus)
                  00003114    0000002a     driverlib.lib : gpio.obj (.text:GPIODirModeSet)
                  0000313e    0000002a     usblib.lib : usbbuffer.obj (.text:HandleRequestBuffer)
                  00003168    0000002a                : usbdcdesc.obj (.text:USBDCDConfigDescGetNum)
                  00003192    0000002a                : usbdesc.obj (.text:USBDescGetNum)
                  000031bc    0000002a     driverlib.lib : usb.obj (.text:USBDevEndpointDataAck)
                  000031e6    00000002     --HOLE-- [fill = 0]
                  000031e8    00000028     usblib.lib : usbdenum.obj (.text:USBDSetAddress)
                  00003210    00000028     driverlib.lib : usb.obj (.text:USBIntEnableControl)
                  00003238    00000028                   : udma.obj (.text:uDMAChannelModeGet)
                  00003260    00000024     usblib.lib : usbdbulk.obj (.text:BulkTickHandler)
                  00003284    00000024                : usbdbulk.obj (.text:HandleConfigChange)
                  000032a8    00000024     driverlib.lib : usb.obj (.text:USBEndpointDMADisable)
                  000032cc    00000024                   : usb.obj (.text:USBEndpointDMAEnable)
                  000032f0    00000024     usblib.lib : usbmode.obj (.text:USBStackModeSet)
                  00003314    00000024     driverlib.lib : udma.obj (.text:uDMAChannelControlSet)
                  00003338    00000022     usblib.lib : usbdbulk.obj (.text:HandleDisconnect)
                  0000335a    00000022                : usbdbulk.obj (.text:USBDBulkRxPacketAvailable)
                  0000337c    00000022                : usbdma.obj (.text:uDMAUSBChannelStatus)
                  0000339e    00000020                : usbdconfig.obj (.text:GetEndpointFIFOSize)
                  000033be    00000020                : usbbuffer.obj (.text:HandleDataRemaining)
                  000033de    00000020                : usbringbuf.obj (.text:USBRingBufAdvanceRead)
                  000033fe    0000001e                : usbringbuf.obj (.text:USBRingBufContigFree)
                  0000341c    0000001e     driverlib.lib : usb.obj (.text:USBULPIRegRead)
                  0000343a    0000001e                   : usb.obj (.text:USBULPIRegWrite)
                  00003458    0000001c     usblib.lib : usbdcdesc.obj (.text:USBDCDConfigGetInterface)
                  00003474    0000001c                : usbdenum.obj (.text:USBDCDStallEP0)
                  00003490    0000001c     driverlib.lib : usb.obj (.text:USBEndpointDataAvail)
                  000034ac    0000001c     usblib.lib : usbringbuf.obj (.text:USBRingBufWrite)
                  000034c8    0000001a     uartstdio.obj (.text:UARTprintf)
                  000034e2    0000001a     usblib.lib : usbdcdesc.obj (.text:USBDCDConfigDescGetSize)
                  000034fc    0000001a     driverlib.lib : usb.obj (.text:USBEndpointDMAChannel)
                  00003516    00000018                   : gpio.obj (.text:GPIOPinTypeGPIOOutput)
                  0000352e    00000018     uartstdio.obj (.text:IsBufferFull)
                  00003546    00000018     usblib.lib : usbdbulk.obj (.text:SetDeferredOpFlag)
                  0000355e    00000002     --HOLE-- [fill = 0]
                  00003560    00000018                : usbdhandler.obj (.text:USB0DeviceIntHandler)
                  00003578    00000018                : usbbuffer.obj (.text:USBBufferInit)
                  00003590    00000018                : usbdenum.obj (.text:USBDCDFeatureGet)
                  000035a8    00000018                : usbdenum.obj (.text:USBDSetDescriptor)
                  000035c0    00000018                : usbdenum.obj (.text:USBDSyncFrame)
                  000035d8    00000018     rtsv7M4_T_le_v4SPD16_eabi.lib : args_main.obj (.text)
                  000035f0    00000018     driverlib.lib : udma.obj (.text:uDMAChannelDisable)
                  00003608    00000018                   : udma.obj (.text:uDMAChannelEnable)
                  00003620    00000016     usblib.lib : usbbuffer.obj (.text:USBBufferDataWritten)
                  00003636    00000016     driverlib.lib : usb.obj (.text:USBIntEnableEndpoint)
                  0000364c    00000016     usblib.lib : usbringbuf.obj (.text:USBRingBufFlush)
                  00003662    00000016                : usbringbuf.obj (.text:USBRingBufUsed)
                  00003678    00000014                : usbbuffer.obj (.text:HandleTxComplete)
                  0000368c    00000014     driverlib.lib : sysctl.obj (.text:SysCtlUSBPLLEnable)
                  000036a0    00000014     tx_usb_dev_bulk.obj (.text:TxHandler)
                  000036b4    00000014     usblib.lib : usbdbulk.obj (.text:USBDBulkTxPacketAvailable)
                  000036c8    00000014     driverlib.lib : usb.obj (.text:USBDMAChannelConfigSet)
                  000036dc    00000014                   : usb.obj (.text:USBHostResume)
                  000036f0    00000014                   : usb.obj (.text:_USBIndexWrite)
                  00003704    00000014     rtsv7M4_T_le_v4SPD16_eabi.lib : _lock.obj (.text)
                  00003718    00000012     driverlib.lib : gpio.obj (.text:GPIOPinTypeGPIOInput)
                  0000372a    00000012     usblib.lib : usbdbulk.obj (.text:HandleResume)
                  0000373c    00000012                : usbdbulk.obj (.text:HandleSuspend)
                  0000374e    00000012                : usbbuffer.obj (.text:USBBufferInfoGet)
                  00003760    00000012     driverlib.lib : usb.obj (.text:USBDMAChannelDisable)
                  00003772    00000012                   : usb.obj (.text:USBDMAChannelEnable)
                  00003784    00000012                   : usb.obj (.text:USBDMAChannelIntDisable)
                  00003796    00000012                   : usb.obj (.text:USBDMAChannelIntEnable)
                  000037a8    00000012     usblib.lib : usbringbuf.obj (.text:USBRingBufFree)
                  000037ba    00000010     driverlib.lib : interrupt.obj (.text:IntMasterDisable)
                  000037ca    00000010                   : interrupt.obj (.text:IntMasterEnable)
                  000037da    00000002     --HOLE-- [fill = 0]
                  000037dc    00000010     tx_usb_dev_bulk.obj (.text:SysTickIntHandler)
                  000037ec    00000010     driverlib.lib : usb.obj (.text:USBEndpointStatus)
                  000037fc    00000010     usblib.lib : usbringbuf.obj (.text:USBRingBufContigUsed)
                  0000380c    00000010                : usbringbuf.obj (.text:USBRingBufWriteOne)
                  0000381c    0000000e                : usbdma.obj (.text:DMAUSBIntStatusClear)
                  0000382a    0000000e     driverlib.lib : gpio.obj (.text:GPIOIntDisable)
                  00003838    0000000e     uartstdio.obj (.text:IsBufferEmpty)
                  00003846    0000000e     driverlib.lib : usb.obj (.text:USBDMAChannelStatus)
                  00003854    0000000e                   : usb.obj (.text:USBDevLPMDisable)
                  00003862    0000000e                   : usb.obj (.text:USBDevLPMEnable)
                  00003870    0000000e                   : usb.obj (.text:USBULPIDisable)
                  0000387e    0000000e                   : usb.obj (.text:USBULPIEnable)
                  0000388c    0000000e     rtsv7M4_T_le_v4SPD16_eabi.lib : copy_decompress_none.obj (.text:decompress:none)
                  0000389a    0000000c     driverlib.lib : cpu.obj (.text:CPUcpsid)
                  000038a6    0000000c                   : cpu.obj (.text:CPUcpsie)
                  000038b2    0000000c                   : gpio.obj (.text:GPIOIntEnable)
                  000038be    0000000c                   : usb.obj (.text:USBEndpointPacketCountSet)
                  000038ca    0000000c                   : usb.obj (.text:USBLPMIntEnable)
                  000038d6    0000000c     usblib.lib : usbringbuf.obj (.text:USBRingBufInit)
                  000038e2    0000000c     rtsv7M4_T_le_v4SPD16_eabi.lib : copy_zero_init.obj (.text:decompress:ZI)
                  000038ee    0000000a     driverlib.lib : usb.obj (.text:USBClockEnable)
                  000038f8    0000000a                   : usb.obj (.text:USBControllerVersion)
                  00003902    0000000a                   : usb.obj (.text:USBDMAChannelAddressSet)
                  0000390c    0000000a                   : usb.obj (.text:USBDMAChannelCountSet)
                  00003916    0000000a                   : usb.obj (.text:USBDevConnect)
                  00003920    0000000a                   : usb.obj (.text:USBDevDisconnect)
                  0000392a    0000000a                   : usb.obj (.text:USBIntStatusEndpoint)
                  00003934    00000008                   : usb.obj (.text:USBDevMode)
                  0000393c    00000008                   : usb.obj (.text:USBFIFOAddrGet)
                  00003944    00000008                   : usb.obj (.text:USBOTGMode)
                  0000394c    00000008     usblib.lib : usbdma.obj (.text:iDMAUSBChannelIntDisable)
                  00003954    00000008                : usbdma.obj (.text:iDMAUSBChannelIntEnable)
                  0000395c    00000006     driverlib.lib : gpio.obj (.text:GPIOIntClear)
                  00003962    00000006                   : gpio.obj (.text:GPIOPinWrite)
                  00003968    00000006     startup_ccs.obj (.text:ResetISR)
                  0000396e    00000006     driverlib.lib : sysctl.obj (.text:SysCtlDelay)
                  00003974    00000006                   : uart.obj (.text:UARTClockSourceSet)
                  0000397a    00000006     usblib.lib : usbbuffer.obj (.text:USBBufferFlush)
                  00003980    00000006                : usbbuffer.obj (.text:USBBufferSpaceAvailable)
                  00003986    00000006     driverlib.lib : usb.obj (.text:USBDMAChannelIntStatus)
                  0000398c    00000006                   : usb.obj (.text:USBDevLPMConfig)
                  00003992    00000006                   : usb.obj (.text:USBLPMIntStatus)
                  00003998    00000006     usblib.lib : usbdma.obj (.text:iDMAUSBIntStatus)
                  0000399e    00000004                : usbdma.obj (.text:DMAUSBStatus)
                  000039a2    00000004     driverlib.lib : usb.obj (.text:USBDevAddrSet)
                  000039a6    00000004     rtsv7M4_T_le_v4SPD16_eabi.lib : pre_init.obj (.text)

.const     0    000039ac    0000022c     
                  000039ac    00000070     driverlib.lib : interrupt.obj (.const)
                  00003a1c    00000034     usblib.lib : usbdenum.obj (.const:g_psUSBDStdRequests)
                  00003a50    00000030     usb_bulk_structs.obj (.const:.string:g_pui8ConfigString)
                  00003a80    00000030     usblib.lib : usbdbulk.obj (.const:g_sBulkHandlers)
                  00003ab0    00000030                : usbdbulk.obj (.const)
                  00003ae0    0000002e                : usbdbulk.obj (.const:.string)
                  00003b0e    00000028     usb_bulk_structs.obj (.const:.string:g_pui8DataInterfaceString)
                  00003b36    00000028     usb_bulk_structs.obj (.const:.string:g_pui8ProductString)
                  00003b5e    00000024     usb_bulk_structs.obj (.const:.string:g_pui8ManufacturerString)
                  00003b82    00000002     --HOLE-- [fill = 0]
                  00003b84    00000018     usb_bulk_structs.obj (.const:g_ppui8StringDescriptors)
                  00003b9c    00000012     usb_bulk_structs.obj (.const:.string:g_pui8SerialNumberString)
                  00003bae    00000002     --HOLE-- [fill = 0]
                  00003bb0    0000000c     uartstdio.obj (.const:g_ui32UARTBase)
                  00003bbc    0000000c     uartstdio.obj (.const:g_ui32UARTInt)
                  00003bc8    0000000c     uartstdio.obj (.const:g_ui32UARTPeriph)
                  00003bd4    00000004     usb_bulk_structs.obj (.const:.string:g_pui8LangDescriptor)

.cinit     0    00003bd8    000000c8     
                  00003bd8    0000009f     (.cinit..data.load) [load image, compression = lzss]
                  00003c77    00000001     --HOLE-- [fill = 0]
                  00003c78    0000000c     (__TI_handler_table)
                  00003c84    00000004     --HOLE-- [fill = 0]
                  00003c88    00000008     (.cinit..bss.load) [load image, compression = zero_init]
                  00003c90    00000010     (__TI_cinit_table)

.init_array 
*          0    00000000    00000000     UNINITIALIZED

.bss       0    20000000    00002064     UNINITIALIZED
                  20000000    00001800     (.common:data_to_tx)
                  20001800    00000400     uartstdio.obj (.bss:g_pcUARTTxBuffer)
                  20001c00    00000110     usblib.lib : usbdma.obj (.bss:g_psUSBDMAInst)
                  20001d10    00000100     (.common:g_pui8USBRxBuffer)
                  20001e10    00000100     (.common:g_pui8USBTxBuffer)
                  20001f10    00000080     uartstdio.obj (.bss:g_pcUARTRxBuffer)
                  20001f90    00000050     usblib.lib : usbdenum.obj (.bss:g_psDCDInst)
                  20001fe0    00000040                : usbdenum.obj (.bss:g_pui8DataBufferIn)
                  20002020    00000018     (.common:g_pfnTickHandlers)
                  20002038    00000018     (.common:g_pvTickInstance)
                  20002050    00000008     uartstdio.obj (.bss)
                  20002058    00000004     (.common:g_pfnUSBModeCallback)
                  2000205c    00000004     (.common:g_ppsDevInfo)
                  20002060    00000004     (.common:g_ui32ULPISupport)

.data      0    20002464    00000168     UNINITIALIZED
                  20002464    00000044     usb_bulk_structs.obj (.data:g_sBulkDevice)
                  200024a8    00000038     usb_bulk_structs.obj (.data:g_sRxBuffer)
                  200024e0    00000038     usb_bulk_structs.obj (.data:g_sTxBuffer)
                  20002518    0000002e     usblib.lib : usbdbulk.obj (.data)
                  20002546    00000002     --HOLE--
                  20002548    0000001e     tx_direct_buffer.obj (.data)
                  20002566    00000002     --HOLE--
                  20002568    00000015     uartstdio.obj (.data)
                  2000257d    00000003     --HOLE--
                  20002580    00000011     tx_usb_dev_bulk.obj (.data)
                  20002591    00000003     --HOLE--
                  20002594    0000000c     rtsv7M4_T_le_v4SPD16_eabi.lib : exit.obj (.data:$O1$$)
                  200025a0    0000000c     usblib.lib : usbtick.obj (.data)
                  200025ac    00000009                : usbmode.obj (.data)
                  200025b5    00000003     --HOLE--
                  200025b8    00000008     rtsv7M4_T_le_v4SPD16_eabi.lib : _lock.obj (.data:$O1$$)
                  200025c0    00000008     usblib.lib : usbdenum.obj (.data)
                  200025c8    00000004     rtsv7M4_T_le_v4SPD16_eabi.lib : stkdepth_vars.obj (.data)

.stack     0    20002064    00000400     UNINITIALIZED
                  20002064    00000400     --HOLE--

MODULE SUMMARY

       Module                     code    ro data   rw data
       ------                     ----    -------   -------
    ./
       tx_direct_buffer.obj       256     0         6174   
       usb_bulk_structs.obj       0       210       692    
       tx_usb_dev_bulk.obj        728     0         17     
       startup_ccs.obj            12      620       0      
    +--+--------------------------+-------+---------+---------+
       Total:                     996     830       6883   
                                                           
    ./utils/
       uartstdio.obj              1494    36        1181   
    +--+--------------------------+-------+---------+---------+
       Total:                     1494    36        1181   
                                                           
    /home/arktheshadow/ti/SW-EK-TM4C123GXL-2.1.3.156/driverlib/ccs/Debug/driverlib.lib
       usb.obj                    1354    0         0      
       gpio.obj                   514     0         0      
       interrupt.obj              340     112       0      
       udma.obj                   328     0         0      
       sysctl.obj                 158     0         0      
       cpu.obj                    24      0         0      
       uart.obj                   6       0         0      
    +--+--------------------------+-------+---------+---------+
       Total:                     2724    112       0      
                                                           
    /home/arktheshadow/ti/SW-EK-TM4C123GXL-2.1.3.156/usblib/ccs/Debug/usblib.lib
       usbdenum.obj               2864    52        160    
       usbdma.obj                 2008    0         272    
       usbdbulk.obj               940     142       46     
       usbbuffer.obj              606     0         0      
       usbdconfig.obj             576     0         0      
       usbdcdesc.obj              356     0         0      
       usbringbuf.obj             300     0         0      
       usbtick.obj                160     0         60     
       usbdesc.obj                86      0         0      
       usbulpi.obj                82      0         0      
       usbmode.obj                36      0         13     
       usbdhandler.obj            24      0         0      
    +--+--------------------------+-------+---------+---------+
       Total:                     8038    194       551    
                                                           
    /home/arktheshadow/ti/ccsv7/tools/compiler/ti-cgt-arm_16.9.0.LTS/lib/rtsv7M4_T_le_v4SPD16_eabi.lib
       memcpy_t2.obj              156     0         0      
       memset_t2.obj              122     0         0      
       autoinit.obj               112     0         0      
       copy_decompress_lzss.obj   104     0         0      
       exit.obj                   84      0         12     
       boot.obj                   84      0         0      
       cpy_tbl.obj                76      0         0      
       u_divt2.obj                64      0         0      
       _lock.obj                  20      0         8      
       args_main.obj              24      0         0      
       copy_decompress_none.obj   14      0         0      
       copy_zero_init.obj         12      0         0      
       pre_init.obj               4       0         0      
       stkdepth_vars.obj          0       0         4      
       i_div0.obj                 2       0         0      
       mpu_init.obj               2       0         0      
       startup.obj                2       0         0      
    +--+--------------------------+-------+---------+---------+
       Total:                     882     0         24     
                                                           
       Stack:                     0       0         1024   
       Linker Generated:          0       195       0      
    +--+--------------------------+-------+---------+---------+
       Grand Total:               14134   1367      9663   


LINKER GENERATED COPY TABLES

__TI_cinit_table @ 00003c90 records: 2, size/record: 8, table size: 16
	.data: load addr=00003bd8, load size=0000009f bytes, run addr=20002464, run size=00000168 bytes, compression=lzss
	.bss: load addr=00003c88, load size=00000008 bytes, run addr=20000000, run size=00002064 bytes, compression=zero_init


LINKER GENERATED HANDLER TABLE

__TI_handler_table @ 00003c78 records: 3, size/record: 4, table size: 12
	index: 0, handler: __TI_decompress_lzss
	index: 1, handler: __TI_decompress_none
	index: 2, handler: __TI_zero_init


GLOBAL SYMBOLS: SORTED ALPHABETICALLY BY Name 

address   name                            
-------   ----                            
00002629  C$$EXIT                         
0000389b  CPUcpsid                        
000038a7  CPUcpsie                        
00002161  ConfigureUART                   
00003115  GPIODirModeSet                  
0000395d  GPIOIntClear                    
0000382b  GPIOIntDisable                  
000038b3  GPIOIntEnable                   
00002529  GPIOIntTypeSet                  
00000d9d  GPIOPadConfigSet                
00003719  GPIOPinTypeGPIOInput            
00003517  GPIOPinTypeGPIOOutput           
00003963  GPIOPinWrite                    
00002029  IntDisable                      
00002091  IntEnable                       
000021c5  IntIsEnabled                    
000037bb  IntMasterDisable                
000037cb  IntMasterEnable                 
00002cb1  InternalUSBRegisterTickHandler  
00002ce9  InternalUSBStartOfFrameTick     
00003001  InternalUSBTickInit             
00003969  ResetISR                        
00001ab1  RxHandler                       
UNDEFED   SHT$$INIT_ARRAY$$Base           
UNDEFED   SHT$$INIT_ARRAY$$Limit          
0000396f  SysCtlDelay                     
00002e6d  SysCtlPeripheralEnable          
000026d1  SysCtlPeripheralReset           
0000368d  SysCtlUSBPLLEnable              
000037dd  SysTickIntHandler               
000036a1  TxHandler                       
00003975  UARTClockSourceSet              
00003091  UARTFlushRx                     
00002bfd  UARTFlushTx                     
000013c1  UARTStdioConfig                 
00000459  UARTStdioIntHandler             
000034c9  UARTprintf                      
0000026d  UARTvprintf                     
00001471  UARTwrite                       
0000267d  ULPIConfigSet                   
00003561  USB0DeviceIntHandler            
00003621  USBBufferDataWritten            
00002229  USBBufferEventCallback          
0000397b  USBBufferFlush                  
0000374f  USBBufferInfoGet                
00003579  USBBufferInit                   
00003981  USBBufferSpaceAvailable         
000038ef  USBClockEnable                  
000038f9  USBControllerVersion            
00001519  USBDBulkCompositeInit           
00002b7d  USBDBulkInit                    
00001d1d  USBDBulkPacketRead              
00002471  USBDBulkPacketWrite             
0000335b  USBDBulkRxPacketAvailable       
000036b5  USBDBulkTxPacketAvailable       
00002721  USBDCDConfigDescGet             
00003169  USBDCDConfigDescGetNum          
000034e3  USBDCDConfigDescGetSize         
00003459  USBDCDConfigGetInterface        
00002d21  USBDCDConfigGetInterfaceEndpoint
00002af5  USBDCDDeviceInfoInit            
00003591  USBDCDFeatureGet                
00000719  USBDCDInit                      
00003475  USBDCDStallEP0                  
00003903  USBDMAChannelAddressSet         
000036c9  USBDMAChannelConfigSet          
0000390d  USBDMAChannelCountSet           
00003761  USBDMAChannelDisable            
00003773  USBDMAChannelEnable             
00003785  USBDMAChannelIntDisable         
00003797  USBDMAChannelIntEnable          
00003987  USBDMAChannelIntStatus          
00003847  USBDMAChannelStatus             
000030bd  USBDescGet                      
00003193  USBDescGetNum                   
000039a3  USBDevAddrSet                   
00003917  USBDevConnect                   
00003921  USBDevDisconnect                
00001bb1  USBDevEndpointConfigSet         
000031bd  USBDevEndpointDataAck           
00002f6d  USBDevEndpointStall             
00002987  USBDevEndpointStallClear        
00002411  USBDevEndpointStatusClear       
0000398d  USBDevLPMConfig                 
00003855  USBDevLPMDisable                
00003863  USBDevLPMEnable                 
00003935  USBDevMode                      
00000c55  USBDeviceConfig                 
00001899  USBDeviceConfigAlternate        
000010a9  USBDeviceEnumHandler            
00002a1d  USBDeviceEnumResetHandler       
000009b9  USBDeviceIntHandlerInternal     
00002771  USBDeviceResumeTickHandler      
000034fd  USBEndpointDMAChannel           
00002859  USBEndpointDMAConfigSet         
000032a9  USBEndpointDMADisable           
000032cd  USBEndpointDMAEnable            
00003491  USBEndpointDataAvail            
00002aad  USBEndpointDataGet              
00002e01  USBEndpointDataPut              
00002ea1  USBEndpointDataSend             
000038bf  USBEndpointPacketCountSet       
000037ed  USBEndpointStatus               
0000393d  USBFIFOAddrGet                  
00002c75  USBFIFOConfigSet                
000036dd  USBHostResume                   
00003211  USBIntEnableControl             
00003637  USBIntEnableEndpoint            
00002d59  USBIntStatusControl             
0000392b  USBIntStatusEndpoint            
000038cb  USBLPMIntEnable                 
00003993  USBLPMIntStatus                 
000005b9  USBLibDMAInit                   
00003945  USBOTGMode                      
000033df  USBRingBufAdvanceRead           
00002d91  USBRingBufAdvanceWrite          
000033ff  USBRingBufContigFree            
000037fd  USBRingBufContigUsed            
0000364d  USBRingBufFlush                 
000037a9  USBRingBufFree                  
000038d7  USBRingBufInit                  
00003663  USBRingBufUsed                  
000034ad  USBRingBufWrite                 
0000380d  USBRingBufWriteOne              
000032f1  USBStackModeSet                 
00003871  USBULPIDisable                  
0000387f  USBULPIEnable                   
0000341d  USBULPIRegRead                  
0000343b  USBULPIRegWrite                 
20002464  __STACK_END                     
00000400  __STACK_SIZE                    
20002464  __STACK_TOP                     
00003c90  __TI_CINIT_Base                 
00003ca0  __TI_CINIT_Limit                
00003c78  __TI_Handler_Table_Base         
00003c84  __TI_Handler_Table_Limit        
00001e01  __TI_auto_init                  
20002594  __TI_cleanup_ptr                
000020f9  __TI_decompress_lzss            
0000388d  __TI_decompress_none            
20002598  __TI_dtors_ptr                  
2000259c  __TI_enable_exit_profile_output 
ffffffff  __TI_pprof_out_hndl             
ffffffff  __TI_prof_data_size             
ffffffff  __TI_prof_data_start            
00000000  __TI_static_base__              
000038e3  __TI_zero_init                  
0000246f  __aeabi_idiv0                   
00001c2b  __aeabi_memclr                  
00001c2b  __aeabi_memclr4                 
00001c2b  __aeabi_memclr8                 
000015b5  __aeabi_memcpy                  
000015b5  __aeabi_memcpy4                 
000015b5  __aeabi_memcpy8                 
00001c2d  __aeabi_memset                  
00001c2d  __aeabi_memset4                 
00001c2d  __aeabi_memset8                 
00002bbd  __aeabi_uidiv                   
00002bbd  __aeabi_uidivmod                
ffffffff  __binit__                       
ffffffff  __c_args__                      
000026cf  __mpu_init                      
20002064  __stack                         
000035d9  _args_main                      
000025d5  _c_int00                        
200025b8  _lock                           
00003713  _nop                            
0000370b  _register_lock                  
00003705  _register_unlock                
00002a1b  _system_post_cinit              
000039a7  _system_pre_init                
200025bc  _unlock                         
0000262d  abort                           
ffffffff  binit                           
20002565  byte_test                       
2000255c  cl_delay                        
20002564  clk                             
000024cd  config_GPIO                     
000028f1  copy_in                         
20002548  data_buff_size                  
20000000  data_to_tx                      
00002635  exit                            
200025a0  g_bUSBTimerInitialized          
200025ac  g_iUSBMode                      
20002020  g_pfnTickHandlers               
00000000  g_pfnVectors                    
00003ad8  g_ppBulkConfigDescriptors       
00003adc  g_ppBulkConfigDescriptorsHS     
2000205c  g_ppsDevInfo                    
00003b84  g_ppui8StringDescriptors        
20002534  g_psBulkSections                
2000253c  g_psBulkSectionsHS              
20001f90  g_psDCDInst                     
2000252a  g_pui8BulkDescriptor            
20002518  g_pui8BulkDeviceDescriptor      
00003ae0  g_pui8BulkInterface             
00003af7  g_pui8BulkInterfaceHS           
00003a50  g_pui8ConfigString              
00003b0e  g_pui8DataInterfaceString       
00003bd4  g_pui8LangDescriptor            
00003b5e  g_pui8ManufacturerString        
00003b36  g_pui8ProductString             
00003b9c  g_pui8SerialNumberString        
20001d10  g_pui8USBRxBuffer               
20001e10  g_pui8USBTxBuffer               
20002038  g_pvTickInstance                
00003ac8  g_sBulkConfigHeader             
00003ad0  g_sBulkConfigHeaderHS           
00003ab0  g_sBulkConfigSection            
20002464  g_sBulkDevice                   
00003a80  g_sBulkHandlers                 
00003ab8  g_sBulkInterfaceSection         
00003ac0  g_sBulkInterfaceSectionHS       
200024a8  g_sRxBuffer                     
200024e0  g_sTxBuffer                     
200025a4  g_ui32CurrentUSBTick            
2000258c  g_ui32Flags                     
20002588  g_ui32RxCount                   
20002580  g_ui32SysTickCount              
20002584  g_ui32TxCount                   
200025a8  g_ui32USBSOFCount               
200025b0  g_ui32WaitTicks                 
00000b09  main                            
200025c8  main_func_sp                    
000015b5  memcpy                          
00001c33  memset                          
20002560  n_bits_tx                       
00001fbd  send_data                       
20002550  sync_tx_back                    
2000254c  sync_tx_front                   
20002558  tx_back                         
00002dc9  tx_byte                         
20002554  tx_front                        
00002a65  uDMAChannelAttributeDisable     
00003315  uDMAChannelControlSet           
000035f1  uDMAChannelDisable              
00003609  uDMAChannelEnable               
00003239  uDMAChannelModeGet              
00001a2d  uDMAChannelTransferSet          


GLOBAL SYMBOLS: SORTED BY Symbol Address 

address   name                            
-------   ----                            
00000000  __TI_static_base__              
00000000  g_pfnVectors                    
0000026d  UARTvprintf                     
00000400  __STACK_SIZE                    
00000459  UARTStdioIntHandler             
000005b9  USBLibDMAInit                   
00000719  USBDCDInit                      
000009b9  USBDeviceIntHandlerInternal     
00000b09  main                            
00000c55  USBDeviceConfig                 
00000d9d  GPIOPadConfigSet                
000010a9  USBDeviceEnumHandler            
000013c1  UARTStdioConfig                 
00001471  UARTwrite                       
00001519  USBDBulkCompositeInit           
000015b5  __aeabi_memcpy                  
000015b5  __aeabi_memcpy4                 
000015b5  __aeabi_memcpy8                 
000015b5  memcpy                          
00001899  USBDeviceConfigAlternate        
00001a2d  uDMAChannelTransferSet          
00001ab1  RxHandler                       
00001bb1  USBDevEndpointConfigSet         
00001c2b  __aeabi_memclr                  
00001c2b  __aeabi_memclr4                 
00001c2b  __aeabi_memclr8                 
00001c2d  __aeabi_memset                  
00001c2d  __aeabi_memset4                 
00001c2d  __aeabi_memset8                 
00001c33  memset                          
00001d1d  USBDBulkPacketRead              
00001e01  __TI_auto_init                  
00001fbd  send_data                       
00002029  IntDisable                      
00002091  IntEnable                       
000020f9  __TI_decompress_lzss            
00002161  ConfigureUART                   
000021c5  IntIsEnabled                    
00002229  USBBufferEventCallback          
00002411  USBDevEndpointStatusClear       
0000246f  __aeabi_idiv0                   
00002471  USBDBulkPacketWrite             
000024cd  config_GPIO                     
00002529  GPIOIntTypeSet                  
000025d5  _c_int00                        
00002629  C$$EXIT                         
0000262d  abort                           
00002635  exit                            
0000267d  ULPIConfigSet                   
000026cf  __mpu_init                      
000026d1  SysCtlPeripheralReset           
00002721  USBDCDConfigDescGet             
00002771  USBDeviceResumeTickHandler      
00002859  USBEndpointDMAConfigSet         
000028f1  copy_in                         
00002987  USBDevEndpointStallClear        
00002a1b  _system_post_cinit              
00002a1d  USBDeviceEnumResetHandler       
00002a65  uDMAChannelAttributeDisable     
00002aad  USBEndpointDataGet              
00002af5  USBDCDDeviceInfoInit            
00002b7d  USBDBulkInit                    
00002bbd  __aeabi_uidiv                   
00002bbd  __aeabi_uidivmod                
00002bfd  UARTFlushTx                     
00002c75  USBFIFOConfigSet                
00002cb1  InternalUSBRegisterTickHandler  
00002ce9  InternalUSBStartOfFrameTick     
00002d21  USBDCDConfigGetInterfaceEndpoint
00002d59  USBIntStatusControl             
00002d91  USBRingBufAdvanceWrite          
00002dc9  tx_byte                         
00002e01  USBEndpointDataPut              
00002e6d  SysCtlPeripheralEnable          
00002ea1  USBEndpointDataSend             
00002f6d  USBDevEndpointStall             
00003001  InternalUSBTickInit             
00003091  UARTFlushRx                     
000030bd  USBDescGet                      
00003115  GPIODirModeSet                  
00003169  USBDCDConfigDescGetNum          
00003193  USBDescGetNum                   
000031bd  USBDevEndpointDataAck           
00003211  USBIntEnableControl             
00003239  uDMAChannelModeGet              
000032a9  USBEndpointDMADisable           
000032cd  USBEndpointDMAEnable            
000032f1  USBStackModeSet                 
00003315  uDMAChannelControlSet           
0000335b  USBDBulkRxPacketAvailable       
000033df  USBRingBufAdvanceRead           
000033ff  USBRingBufContigFree            
0000341d  USBULPIRegRead                  
0000343b  USBULPIRegWrite                 
00003459  USBDCDConfigGetInterface        
00003475  USBDCDStallEP0                  
00003491  USBEndpointDataAvail            
000034ad  USBRingBufWrite                 
000034c9  UARTprintf                      
000034e3  USBDCDConfigDescGetSize         
000034fd  USBEndpointDMAChannel           
00003517  GPIOPinTypeGPIOOutput           
00003561  USB0DeviceIntHandler            
00003579  USBBufferInit                   
00003591  USBDCDFeatureGet                
000035d9  _args_main                      
000035f1  uDMAChannelDisable              
00003609  uDMAChannelEnable               
00003621  USBBufferDataWritten            
00003637  USBIntEnableEndpoint            
0000364d  USBRingBufFlush                 
00003663  USBRingBufUsed                  
0000368d  SysCtlUSBPLLEnable              
000036a1  TxHandler                       
000036b5  USBDBulkTxPacketAvailable       
000036c9  USBDMAChannelConfigSet          
000036dd  USBHostResume                   
00003705  _register_unlock                
0000370b  _register_lock                  
00003713  _nop                            
00003719  GPIOPinTypeGPIOInput            
0000374f  USBBufferInfoGet                
00003761  USBDMAChannelDisable            
00003773  USBDMAChannelEnable             
00003785  USBDMAChannelIntDisable         
00003797  USBDMAChannelIntEnable          
000037a9  USBRingBufFree                  
000037bb  IntMasterDisable                
000037cb  IntMasterEnable                 
000037dd  SysTickIntHandler               
000037ed  USBEndpointStatus               
000037fd  USBRingBufContigUsed            
0000380d  USBRingBufWriteOne              
0000382b  GPIOIntDisable                  
00003847  USBDMAChannelStatus             
00003855  USBDevLPMDisable                
00003863  USBDevLPMEnable                 
00003871  USBULPIDisable                  
0000387f  USBULPIEnable                   
0000388d  __TI_decompress_none            
0000389b  CPUcpsid                        
000038a7  CPUcpsie                        
000038b3  GPIOIntEnable                   
000038bf  USBEndpointPacketCountSet       
000038cb  USBLPMIntEnable                 
000038d7  USBRingBufInit                  
000038e3  __TI_zero_init                  
000038ef  USBClockEnable                  
000038f9  USBControllerVersion            
00003903  USBDMAChannelAddressSet         
0000390d  USBDMAChannelCountSet           
00003917  USBDevConnect                   
00003921  USBDevDisconnect                
0000392b  USBIntStatusEndpoint            
00003935  USBDevMode                      
0000393d  USBFIFOAddrGet                  
00003945  USBOTGMode                      
0000395d  GPIOIntClear                    
00003963  GPIOPinWrite                    
00003969  ResetISR                        
0000396f  SysCtlDelay                     
00003975  UARTClockSourceSet              
0000397b  USBBufferFlush                  
00003981  USBBufferSpaceAvailable         
00003987  USBDMAChannelIntStatus          
0000398d  USBDevLPMConfig                 
00003993  USBLPMIntStatus                 
000039a3  USBDevAddrSet                   
000039a7  _system_pre_init                
00003a50  g_pui8ConfigString              
00003a80  g_sBulkHandlers                 
00003ab0  g_sBulkConfigSection            
00003ab8  g_sBulkInterfaceSection         
00003ac0  g_sBulkInterfaceSectionHS       
00003ac8  g_sBulkConfigHeader             
00003ad0  g_sBulkConfigHeaderHS           
00003ad8  g_ppBulkConfigDescriptors       
00003adc  g_ppBulkConfigDescriptorsHS     
00003ae0  g_pui8BulkInterface             
00003af7  g_pui8BulkInterfaceHS           
00003b0e  g_pui8DataInterfaceString       
00003b36  g_pui8ProductString             
00003b5e  g_pui8ManufacturerString        
00003b84  g_ppui8StringDescriptors        
00003b9c  g_pui8SerialNumberString        
00003bd4  g_pui8LangDescriptor            
00003c78  __TI_Handler_Table_Base         
00003c84  __TI_Handler_Table_Limit        
00003c90  __TI_CINIT_Base                 
00003ca0  __TI_CINIT_Limit                
20000000  data_to_tx                      
20001d10  g_pui8USBRxBuffer               
20001e10  g_pui8USBTxBuffer               
20001f90  g_psDCDInst                     
20002020  g_pfnTickHandlers               
20002038  g_pvTickInstance                
2000205c  g_ppsDevInfo                    
20002064  __stack                         
20002464  __STACK_END                     
20002464  __STACK_TOP                     
20002464  g_sBulkDevice                   
200024a8  g_sRxBuffer                     
200024e0  g_sTxBuffer                     
20002518  g_pui8BulkDeviceDescriptor      
2000252a  g_pui8BulkDescriptor            
20002534  g_psBulkSections                
2000253c  g_psBulkSectionsHS              
20002548  data_buff_size                  
2000254c  sync_tx_front                   
20002550  sync_tx_back                    
20002554  tx_front                        
20002558  tx_back                         
2000255c  cl_delay                        
20002560  n_bits_tx                       
20002564  clk                             
20002565  byte_test                       
20002580  g_ui32SysTickCount              
20002584  g_ui32TxCount                   
20002588  g_ui32RxCount                   
2000258c  g_ui32Flags                     
20002594  __TI_cleanup_ptr                
20002598  __TI_dtors_ptr                  
2000259c  __TI_enable_exit_profile_output 
200025a0  g_bUSBTimerInitialized          
200025a4  g_ui32CurrentUSBTick            
200025a8  g_ui32USBSOFCount               
200025ac  g_iUSBMode                      
200025b0  g_ui32WaitTicks                 
200025b8  _lock                           
200025bc  _unlock                         
200025c8  main_func_sp                    
ffffffff  __TI_pprof_out_hndl             
ffffffff  __TI_prof_data_size             
ffffffff  __TI_prof_data_start            
ffffffff  __binit__                       
ffffffff  __c_args__                      
ffffffff  binit                           
UNDEFED   SHT$$INIT_ARRAY$$Base           
UNDEFED   SHT$$INIT_ARRAY$$Limit          

[239 symbols]
