******************************************************************************
                  TI ARM Linker Unix v16.9.0                   
******************************************************************************
>> Linked Fri Feb 10 17:09:21 2017

OUTPUT FILE NAME:   <Transmitter_vlc.out>
ENTRY POINT SYMBOL: "_c_int00"  address: 000009e1


MEMORY CONFIGURATION

         name            origin    length      used     unused   attr    fill
----------------------  --------  ---------  --------  --------  ----  --------
  FLASH                 00000000   00040000  00000e7c  0003f184  R  X
  SRAM                  20000000   00008000  0000027c  00007d84  RW X


SEGMENT ALLOCATION MAP

run origin  load origin   length   init length attrs members
----------  ----------- ---------- ----------- ----- -------
00000000    00000000    00000e80   00000e80    r-x
  00000000    00000000    0000026c   0000026c    r-- .intvecs
  0000026c    0000026c    00000a6c   00000a6c    r-x .text
  00000cd8    00000cd8    0000016c   0000016c    r-- .const
  00000e48    00000e48    00000038   00000038    r-- .cinit
20000000    20000000    0000027c   00000000    rw-
  20000000    20000000    00000200   00000000    rw- .stack
  20000200    20000200    00000064   00000000    rw- .bss
  20000264    20000264    00000018   00000000    rw- .data


SECTION ALLOCATION MAP

 output                                  attributes/
section   page    origin      length       input sections
--------  ----  ----------  ----------   ----------------
.intvecs   0    00000000    0000026c     
                  00000000    0000026c     tm4c123gh6pm_startup_ccs.obj (.intvecs)

.text      0    0000026c    00000a6c     
                  0000026c    000001e4     uart_testing.obj (.text)
                  00000450    00000132     driverlib.lib : gpio.obj (.text:GPIOPadConfigSet)
                  00000582    00000002     rtsv7M4_T_le_v4SPD16_eabi.lib : mpu_init.obj (.text)
                  00000584    00000110     driverlib.lib : sysctl.obj (.text:SysCtlClockGet)
                  00000694    000000f4                   : sysctl.obj (.text:SysCtlClockSet)
                  00000788    0000009c     rtsv7M4_T_le_v4SPD16_eabi.lib : memcpy_t2.obj (.text)
                  00000824    0000007a                                   : memset_t2.obj (.text)
                  0000089e    00000002                                   : startup.obj (.text)
                  000008a0    00000070                                   : autoinit.obj (.text)
                  00000910    00000068     driverlib.lib : interrupt.obj (.text:IntEnable)
                  00000978    00000068     rtsv7M4_T_le_v4SPD16_eabi.lib : copy_decompress_lzss.obj (.text:decompress:lzss)
                  000009e0    00000054                                   : boot.obj (.text)
                  00000a34    00000054                                   : exit.obj (.text)
                  00000a88    0000004c                                   : cpy_tbl.obj (.text)
                  00000ad4    00000048     driverlib.lib : gpio.obj (.text:GPIOPinConfigure)
                  00000b1c    00000046                   : uart.obj (.text:UARTConfigSetExpClk)
                  00000b62    00000002     --HOLE-- [fill = 0]
                  00000b64    00000034                   : sysctl.obj (.text:SysCtlPeripheralEnable)
                  00000b98    0000002a                   : gpio.obj (.text:GPIODirModeSet)
                  00000bc2    00000002     --HOLE-- [fill = 0]
                  00000bc4    00000020                   : uart.obj (.text:UARTDisable)
                  00000be4    00000018                   : gpio.obj (.text:GPIOPinTypeGPIOOutput)
                  00000bfc    00000018     rtsv7M4_T_le_v4SPD16_eabi.lib : args_main.obj (.text)
                  00000c14    00000014     driverlib.lib : uart.obj (.text:UARTEnable)
                  00000c28    00000014     rtsv7M4_T_le_v4SPD16_eabi.lib : _lock.obj (.text)
                  00000c3c    00000012     driverlib.lib : gpio.obj (.text:GPIOPinTypeUART)
                  00000c4e    00000010                   : interrupt.obj (.text:IntMasterEnable)
                  00000c5e    0000000e                   : uart.obj (.text:UARTCharsAvail)
                  00000c6c    0000000e     rtsv7M4_T_le_v4SPD16_eabi.lib : copy_decompress_none.obj (.text:decompress:none)
                  00000c7a    0000000c     driverlib.lib : cpu.obj (.text:CPUcpsie)
                  00000c86    0000000c     rtsv7M4_T_le_v4SPD16_eabi.lib : copy_zero_init.obj (.text:decompress:ZI)
                  00000c92    0000000c     tm4c123gh6pm_startup_ccs.obj (.text)
                  00000c9e    0000000a     driverlib.lib : uart.obj (.text:UARTCharGet)
                  00000ca8    0000000a                   : uart.obj (.text:UARTCharPut)
                  00000cb2    0000000a                   : uart.obj (.text:UARTIntStatus)
                  00000cbc    00000008                   : uart.obj (.text:UARTIntEnable)
                  00000cc4    00000006                   : gpio.obj (.text:GPIOPinWrite)
                  00000cca    00000006                   : sysctl.obj (.text:SysCtlDelay)
                  00000cd0    00000004                   : uart.obj (.text:UARTIntClear)
                  00000cd4    00000004     rtsv7M4_T_le_v4SPD16_eabi.lib : pre_init.obj (.text)

.const     0    00000cd8    0000016c     
                  00000cd8    00000090     driverlib.lib : gpio.obj (.const:g_pui32GPIOBaseAddrs)
                  00000d68    00000070                   : interrupt.obj (.const)
                  00000dd8    0000006c                   : sysctl.obj (.const:g_pui32Xtals)

.cinit     0    00000e48    00000038     
                  00000e48    00000011     (.cinit..data.load) [load image, compression = lzss]
                  00000e59    00000003     --HOLE-- [fill = 0]
                  00000e5c    0000000c     (__TI_handler_table)
                  00000e68    00000008     (.cinit..bss.load) [load image, compression = zero_init]
                  00000e70    00000010     (__TI_cinit_table)

.init_array 
*          0    00000000    00000000     UNINITIALIZED

.bss       0    20000200    00000064     UNINITIALIZED
                  20000200    00000064     (.common:character_get)

.data      0    20000264    00000018     UNINITIALIZED
                  20000264    0000000c     rtsv7M4_T_le_v4SPD16_eabi.lib : exit.obj (.data:$O1$$)
                  20000270    00000008                                   : _lock.obj (.data:$O1$$)
                  20000278    00000004                                   : stkdepth_vars.obj (.data)

.stack     0    20000000    00000200     UNINITIALIZED
                  20000000    00000200     --HOLE--

MODULE SUMMARY

       Module                         code   ro data   rw data
       ------                         ----   -------   -------
    ./
       tm4c123gh6pm_startup_ccs.obj   12     620       0      
       uart_testing.obj               484    0         100    
    +--+------------------------------+------+---------+---------+
       Total:                         496    620       100    
                                                              
    /home/arktheshadow/ti/SW-EK-TM4C123GXL-2.1.3.156/driverlib/ccs/Debug/driverlib.lib
       sysctl.obj                     574    108       0      
       gpio.obj                       468    144       0      
       interrupt.obj                  120    112       0      
       uart.obj                       178    0         0      
       cpu.obj                        12     0         0      
    +--+------------------------------+------+---------+---------+
       Total:                         1352   364       0      
                                                              
    /home/arktheshadow/ti/ccsv7/tools/compiler/ti-cgt-arm_16.9.0.LTS/lib/rtsv7M4_T_le_v4SPD16_eabi.lib
       memcpy_t2.obj                  156    0         0      
       memset_t2.obj                  122    0         0      
       autoinit.obj                   112    0         0      
       copy_decompress_lzss.obj       104    0         0      
       exit.obj                       84     0         12     
       boot.obj                       84     0         0      
       cpy_tbl.obj                    76     0         0      
       _lock.obj                      20     0         8      
       args_main.obj                  24     0         0      
       copy_decompress_none.obj       14     0         0      
       copy_zero_init.obj             12     0         0      
       pre_init.obj                   4      0         0      
       stkdepth_vars.obj              0      0         4      
       mpu_init.obj                   2      0         0      
       startup.obj                    2      0         0      
    +--+------------------------------+------+---------+---------+
       Total:                         816    0         24     
                                                              
       Stack:                         0      0         512    
       Linker Generated:              0      53        0      
    +--+------------------------------+------+---------+---------+
       Grand Total:                   2664   1037      636    


LINKER GENERATED COPY TABLES

__TI_cinit_table @ 00000e70 records: 2, size/record: 8, table size: 16
	.data: load addr=00000e48, load size=00000011 bytes, run addr=20000264, run size=00000018 bytes, compression=lzss
	.bss: load addr=00000e68, load size=00000008 bytes, run addr=20000200, run size=00000064 bytes, compression=zero_init


LINKER GENERATED HANDLER TABLE

__TI_handler_table @ 00000e5c records: 3, size/record: 4, table size: 12
	index: 0, handler: __TI_decompress_lzss
	index: 1, handler: __TI_decompress_none
	index: 2, handler: __TI_zero_init


GLOBAL SYMBOLS: SORTED ALPHABETICALLY BY Name 

address   name                           
-------   ----                           
00000a35  C$$EXIT                        
00000c7b  CPUcpsie                       
00000b99  GPIODirModeSet                 
00000451  GPIOPadConfigSet               
00000ad5  GPIOPinConfigure               
00000be5  GPIOPinTypeGPIOOutput          
00000c3d  GPIOPinTypeUART                
00000cc5  GPIOPinWrite                   
00000911  IntEnable                      
00000c4f  IntMasterEnable                
00000c93  ResetISR                       
UNDEFED   SHT$$INIT_ARRAY$$Base          
UNDEFED   SHT$$INIT_ARRAY$$Limit         
00000585  SysCtlClockGet                 
00000695  SysCtlClockSet                 
00000ccb  SysCtlDelay                    
00000b65  SysCtlPeripheralEnable         
00000c9f  UARTCharGet                    
00000ca9  UARTCharPut                    
00000c5f  UARTCharsAvail                 
00000b1d  UARTConfigSetExpClk            
00000bc5  UARTDisable                    
00000c15  UARTEnable                     
00000cd1  UARTIntClear                   
00000cbd  UARTIntEnable                  
0000032d  UARTIntHandler                 
00000cb3  UARTIntStatus                  
20000200  __STACK_END                    
00000200  __STACK_SIZE                   
20000200  __STACK_TOP                    
00000e70  __TI_CINIT_Base                
00000e80  __TI_CINIT_Limit               
00000e5c  __TI_Handler_Table_Base        
00000e68  __TI_Handler_Table_Limit       
000008a1  __TI_auto_init                 
20000264  __TI_cleanup_ptr               
00000979  __TI_decompress_lzss           
00000c6d  __TI_decompress_none           
20000268  __TI_dtors_ptr                 
2000026c  __TI_enable_exit_profile_output
ffffffff  __TI_pprof_out_hndl            
ffffffff  __TI_prof_data_size            
ffffffff  __TI_prof_data_start           
00000000  __TI_static_base__             
00000c87  __TI_zero_init                 
00000825  __aeabi_memclr                 
00000825  __aeabi_memclr4                
00000825  __aeabi_memclr8                
00000789  __aeabi_memcpy                 
00000789  __aeabi_memcpy4                
00000789  __aeabi_memcpy8                
00000827  __aeabi_memset                 
00000827  __aeabi_memset4                
00000827  __aeabi_memset8                
ffffffff  __binit__                      
ffffffff  __c_args__                     
00000583  __mpu_init                     
20000000  __stack                        
00000bfd  _args_main                     
000009e1  _c_int00                       
20000270  _lock                          
00000c37  _nop                           
00000c2f  _register_lock                 
00000c29  _register_unlock               
0000089f  _system_post_cinit             
00000cd5  _system_pre_init               
20000274  _unlock                        
00000a39  abort                          
ffffffff  binit                          
20000200  character_get                  
0000039d  convert_uint_to_bin            
00000a89  copy_in                        
00000a41  exit                           
00000000  g_pfnVectors                   
0000026d  main                           
20000278  main_func_sp                   
00000789  memcpy                         
0000082d  memset                         
00000413  send_bin                       
00000427  send_bin_with_modulation       


GLOBAL SYMBOLS: SORTED BY Symbol Address 

address   name                           
-------   ----                           
00000000  __TI_static_base__             
00000000  g_pfnVectors                   
00000200  __STACK_SIZE                   
0000026d  main                           
0000032d  UARTIntHandler                 
0000039d  convert_uint_to_bin            
00000413  send_bin                       
00000427  send_bin_with_modulation       
00000451  GPIOPadConfigSet               
00000583  __mpu_init                     
00000585  SysCtlClockGet                 
00000695  SysCtlClockSet                 
00000789  __aeabi_memcpy                 
00000789  __aeabi_memcpy4                
00000789  __aeabi_memcpy8                
00000789  memcpy                         
00000825  __aeabi_memclr                 
00000825  __aeabi_memclr4                
00000825  __aeabi_memclr8                
00000827  __aeabi_memset                 
00000827  __aeabi_memset4                
00000827  __aeabi_memset8                
0000082d  memset                         
0000089f  _system_post_cinit             
000008a1  __TI_auto_init                 
00000911  IntEnable                      
00000979  __TI_decompress_lzss           
000009e1  _c_int00                       
00000a35  C$$EXIT                        
00000a39  abort                          
00000a41  exit                           
00000a89  copy_in                        
00000ad5  GPIOPinConfigure               
00000b1d  UARTConfigSetExpClk            
00000b65  SysCtlPeripheralEnable         
00000b99  GPIODirModeSet                 
00000bc5  UARTDisable                    
00000be5  GPIOPinTypeGPIOOutput          
00000bfd  _args_main                     
00000c15  UARTEnable                     
00000c29  _register_unlock               
00000c2f  _register_lock                 
00000c37  _nop                           
00000c3d  GPIOPinTypeUART                
00000c4f  IntMasterEnable                
00000c5f  UARTCharsAvail                 
00000c6d  __TI_decompress_none           
00000c7b  CPUcpsie                       
00000c87  __TI_zero_init                 
00000c93  ResetISR                       
00000c9f  UARTCharGet                    
00000ca9  UARTCharPut                    
00000cb3  UARTIntStatus                  
00000cbd  UARTIntEnable                  
00000cc5  GPIOPinWrite                   
00000ccb  SysCtlDelay                    
00000cd1  UARTIntClear                   
00000cd5  _system_pre_init               
00000e5c  __TI_Handler_Table_Base        
00000e68  __TI_Handler_Table_Limit       
00000e70  __TI_CINIT_Base                
00000e80  __TI_CINIT_Limit               
20000000  __stack                        
20000200  __STACK_END                    
20000200  __STACK_TOP                    
20000200  character_get                  
20000264  __TI_cleanup_ptr               
20000268  __TI_dtors_ptr                 
2000026c  __TI_enable_exit_profile_output
20000270  _lock                          
20000274  _unlock                        
20000278  main_func_sp                   
ffffffff  __TI_pprof_out_hndl            
ffffffff  __TI_prof_data_size            
ffffffff  __TI_prof_data_start           
ffffffff  __binit__                      
ffffffff  __c_args__                     
ffffffff  binit                          
UNDEFED   SHT$$INIT_ARRAY$$Base          
UNDEFED   SHT$$INIT_ARRAY$$Limit         

[80 symbols]
