<?xml version="1.0"?>
<link_info>
   <banner>TI ARM Linker Unix v16.9.0.LTS</banner>
   <copyright>Copyright (c) 1996-2015 Texas Instruments Incorporated</copyright>
   <link_time>0x58c697d9</link_time>
   <link_errors>0x0</link_errors>
   <output_file>usb_tx_dev_bulk.out</output_file>
   <entry_point>
      <name>_c_int00</name>
      <address>0x245d</address>
   </entry_point>
   <input_file_list>
      <input_file id="fl-2">
         <path>./</path>
         <kind>object</kind>
         <file>some_functions.obj</file>
         <name>some_functions.obj</name>
      </input_file>
      <input_file id="fl-3">
         <path>./</path>
         <kind>object</kind>
         <file>startup_ccs.obj</file>
         <name>startup_ccs.obj</name>
      </input_file>
      <input_file id="fl-4">
         <path>./</path>
         <kind>object</kind>
         <file>usb_bulk_structs.obj</file>
         <name>usb_bulk_structs.obj</name>
      </input_file>
      <input_file id="fl-5">
         <path>./</path>
         <kind>object</kind>
         <file>usb_dev_bulk.obj</file>
         <name>usb_dev_bulk.obj</name>
      </input_file>
      <input_file id="fl-6">
         <path>./utils/</path>
         <kind>object</kind>
         <file>uartstdio.obj</file>
         <name>uartstdio.obj</name>
      </input_file>
      <input_file id="fl-7">
         <path>./utils/</path>
         <kind>object</kind>
         <file>ustdlib.obj</file>
         <name>ustdlib.obj</name>
      </input_file>
      <input_file id="fl-c3">
         <path>/home/arktheshadow/ti/ccsv7/tools/compiler/ti-cgt-arm_16.9.0.LTS/lib/</path>
         <kind>archive</kind>
         <file>rtsv7M4_T_le_v4SPD16_eabi.lib</file>
         <name>boot.obj</name>
      </input_file>
      <input_file id="fl-c4">
         <path>/home/arktheshadow/ti/ccsv7/tools/compiler/ti-cgt-arm_16.9.0.LTS/lib/</path>
         <kind>archive</kind>
         <file>rtsv7M4_T_le_v4SPD16_eabi.lib</file>
         <name>copy_decompress_lzss.obj</name>
      </input_file>
      <input_file id="fl-c5">
         <path>/home/arktheshadow/ti/ccsv7/tools/compiler/ti-cgt-arm_16.9.0.LTS/lib/</path>
         <kind>archive</kind>
         <file>rtsv7M4_T_le_v4SPD16_eabi.lib</file>
         <name>copy_decompress_none.obj</name>
      </input_file>
      <input_file id="fl-c6">
         <path>/home/arktheshadow/ti/ccsv7/tools/compiler/ti-cgt-arm_16.9.0.LTS/lib/</path>
         <kind>archive</kind>
         <file>rtsv7M4_T_le_v4SPD16_eabi.lib</file>
         <name>copy_zero_init.obj</name>
      </input_file>
      <input_file id="fl-c7">
         <path>/home/arktheshadow/ti/ccsv7/tools/compiler/ti-cgt-arm_16.9.0.LTS/lib/</path>
         <kind>archive</kind>
         <file>rtsv7M4_T_le_v4SPD16_eabi.lib</file>
         <name>exit.obj</name>
      </input_file>
      <input_file id="fl-c8">
         <path>/home/arktheshadow/ti/ccsv7/tools/compiler/ti-cgt-arm_16.9.0.LTS/lib/</path>
         <kind>archive</kind>
         <file>rtsv7M4_T_le_v4SPD16_eabi.lib</file>
         <name>memcpy_t2.obj</name>
      </input_file>
      <input_file id="fl-c9">
         <path>/home/arktheshadow/ti/ccsv7/tools/compiler/ti-cgt-arm_16.9.0.LTS/lib/</path>
         <kind>archive</kind>
         <file>rtsv7M4_T_le_v4SPD16_eabi.lib</file>
         <name>memset_t2.obj</name>
      </input_file>
      <input_file id="fl-ca">
         <path>/home/arktheshadow/ti/ccsv7/tools/compiler/ti-cgt-arm_16.9.0.LTS/lib/</path>
         <kind>archive</kind>
         <file>rtsv7M4_T_le_v4SPD16_eabi.lib</file>
         <name>mpu_init.obj</name>
      </input_file>
      <input_file id="fl-cb">
         <path>/home/arktheshadow/ti/ccsv7/tools/compiler/ti-cgt-arm_16.9.0.LTS/lib/</path>
         <kind>archive</kind>
         <file>rtsv7M4_T_le_v4SPD16_eabi.lib</file>
         <name>pre_init.obj</name>
      </input_file>
      <input_file id="fl-cc">
         <path>/home/arktheshadow/ti/ccsv7/tools/compiler/ti-cgt-arm_16.9.0.LTS/lib/</path>
         <kind>archive</kind>
         <file>rtsv7M4_T_le_v4SPD16_eabi.lib</file>
         <name>stkdepth_vars.obj</name>
      </input_file>
      <input_file id="fl-cd">
         <path>/home/arktheshadow/ti/ccsv7/tools/compiler/ti-cgt-arm_16.9.0.LTS/lib/</path>
         <kind>archive</kind>
         <file>rtsv7M4_T_le_v4SPD16_eabi.lib</file>
         <name>u_divt2.obj</name>
      </input_file>
      <input_file id="fl-ce">
         <path>/home/arktheshadow/ti/ccsv7/tools/compiler/ti-cgt-arm_16.9.0.LTS/lib/</path>
         <kind>archive</kind>
         <file>rtsv7M4_T_le_v4SPD16_eabi.lib</file>
         <name>_lock.obj</name>
      </input_file>
      <input_file id="fl-cf">
         <path>/home/arktheshadow/ti/ccsv7/tools/compiler/ti-cgt-arm_16.9.0.LTS/lib/</path>
         <kind>archive</kind>
         <file>rtsv7M4_T_le_v4SPD16_eabi.lib</file>
         <name>args_main.obj</name>
      </input_file>
      <input_file id="fl-d0">
         <path>/home/arktheshadow/ti/ccsv7/tools/compiler/ti-cgt-arm_16.9.0.LTS/lib/</path>
         <kind>archive</kind>
         <file>rtsv7M4_T_le_v4SPD16_eabi.lib</file>
         <name>autoinit.obj</name>
      </input_file>
      <input_file id="fl-d1">
         <path>/home/arktheshadow/ti/ccsv7/tools/compiler/ti-cgt-arm_16.9.0.LTS/lib/</path>
         <kind>archive</kind>
         <file>rtsv7M4_T_le_v4SPD16_eabi.lib</file>
         <name>cpy_tbl.obj</name>
      </input_file>
      <input_file id="fl-d2">
         <path>/home/arktheshadow/ti/ccsv7/tools/compiler/ti-cgt-arm_16.9.0.LTS/lib/</path>
         <kind>archive</kind>
         <file>rtsv7M4_T_le_v4SPD16_eabi.lib</file>
         <name>i_div0.obj</name>
      </input_file>
      <input_file id="fl-d3">
         <path>/home/arktheshadow/ti/ccsv7/tools/compiler/ti-cgt-arm_16.9.0.LTS/lib/</path>
         <kind>archive</kind>
         <file>rtsv7M4_T_le_v4SPD16_eabi.lib</file>
         <name>startup.obj</name>
      </input_file>
      <input_file id="fl-d4">
         <path>/home/arktheshadow/ti/SW-EK-TM4C123GXL-2.1.3.156/driverlib/ccs/Debug/</path>
         <kind>archive</kind>
         <file>driverlib.lib</file>
         <name>gpio.obj</name>
      </input_file>
      <input_file id="fl-d5">
         <path>/home/arktheshadow/ti/SW-EK-TM4C123GXL-2.1.3.156/driverlib/ccs/Debug/</path>
         <kind>archive</kind>
         <file>driverlib.lib</file>
         <name>interrupt.obj</name>
      </input_file>
      <input_file id="fl-d6">
         <path>/home/arktheshadow/ti/SW-EK-TM4C123GXL-2.1.3.156/driverlib/ccs/Debug/</path>
         <kind>archive</kind>
         <file>driverlib.lib</file>
         <name>sysctl.obj</name>
      </input_file>
      <input_file id="fl-d7">
         <path>/home/arktheshadow/ti/SW-EK-TM4C123GXL-2.1.3.156/driverlib/ccs/Debug/</path>
         <kind>archive</kind>
         <file>driverlib.lib</file>
         <name>uart.obj</name>
      </input_file>
      <input_file id="fl-d8">
         <path>/home/arktheshadow/ti/SW-EK-TM4C123GXL-2.1.3.156/driverlib/ccs/Debug/</path>
         <kind>archive</kind>
         <file>driverlib.lib</file>
         <name>cpu.obj</name>
      </input_file>
      <input_file id="fl-d9">
         <path>/home/arktheshadow/ti/SW-EK-TM4C123GXL-2.1.3.156/usblib/ccs/Debug/</path>
         <kind>archive</kind>
         <file>usblib.lib</file>
         <name>usbbuffer.obj</name>
      </input_file>
      <input_file id="fl-da">
         <path>/home/arktheshadow/ti/SW-EK-TM4C123GXL-2.1.3.156/usblib/ccs/Debug/</path>
         <kind>archive</kind>
         <file>usblib.lib</file>
         <name>usbmode.obj</name>
      </input_file>
      <input_file id="fl-db">
         <path>/home/arktheshadow/ti/SW-EK-TM4C123GXL-2.1.3.156/usblib/ccs/Debug/</path>
         <kind>archive</kind>
         <file>usblib.lib</file>
         <name>usbringbuf.obj</name>
      </input_file>
      <input_file id="fl-dc">
         <path>/home/arktheshadow/ti/SW-EK-TM4C123GXL-2.1.3.156/usblib/ccs/Debug/</path>
         <kind>archive</kind>
         <file>usblib.lib</file>
         <name>usbtick.obj</name>
      </input_file>
      <input_file id="fl-dd">
         <path>/home/arktheshadow/ti/SW-EK-TM4C123GXL-2.1.3.156/usblib/ccs/Debug/</path>
         <kind>archive</kind>
         <file>usblib.lib</file>
         <name>usbhostenum.obj</name>
      </input_file>
      <input_file id="fl-de">
         <path>/home/arktheshadow/ti/SW-EK-TM4C123GXL-2.1.3.156/usblib/ccs/Debug/</path>
         <kind>archive</kind>
         <file>usblib.lib</file>
         <name>usbdbulk.obj</name>
      </input_file>
      <input_file id="fl-df">
         <path>/home/arktheshadow/ti/SW-EK-TM4C123GXL-2.1.3.156/usblib/ccs/Debug/</path>
         <kind>archive</kind>
         <file>usblib.lib</file>
         <name>usbdenum.obj</name>
      </input_file>
      <input_file id="fl-e0">
         <path>/home/arktheshadow/ti/SW-EK-TM4C123GXL-2.1.3.156/usblib/ccs/Debug/</path>
         <kind>archive</kind>
         <file>usblib.lib</file>
         <name>usbdhandler.obj</name>
      </input_file>
      <input_file id="fl-e1">
         <path>/home/arktheshadow/ti/SW-EK-TM4C123GXL-2.1.3.156/usblib/ccs/Debug/</path>
         <kind>archive</kind>
         <file>usblib.lib</file>
         <name>usbdesc.obj</name>
      </input_file>
      <input_file id="fl-e2">
         <path>/home/arktheshadow/ti/SW-EK-TM4C123GXL-2.1.3.156/usblib/ccs/Debug/</path>
         <kind>archive</kind>
         <file>usblib.lib</file>
         <name>usbdma.obj</name>
      </input_file>
      <input_file id="fl-e3">
         <path>/home/arktheshadow/ti/SW-EK-TM4C123GXL-2.1.3.156/usblib/ccs/Debug/</path>
         <kind>archive</kind>
         <file>usblib.lib</file>
         <name>usbulpi.obj</name>
      </input_file>
      <input_file id="fl-e4">
         <path>/home/arktheshadow/ti/SW-EK-TM4C123GXL-2.1.3.156/usblib/ccs/Debug/</path>
         <kind>archive</kind>
         <file>usblib.lib</file>
         <name>usbhhub.obj</name>
      </input_file>
      <input_file id="fl-e5">
         <path>/home/arktheshadow/ti/SW-EK-TM4C123GXL-2.1.3.156/usblib/ccs/Debug/</path>
         <kind>archive</kind>
         <file>usblib.lib</file>
         <name>usbdcdesc.obj</name>
      </input_file>
      <input_file id="fl-e6">
         <path>/home/arktheshadow/ti/SW-EK-TM4C123GXL-2.1.3.156/usblib/ccs/Debug/</path>
         <kind>archive</kind>
         <file>usblib.lib</file>
         <name>usbdconfig.obj</name>
      </input_file>
      <input_file id="fl-e7">
         <path>/home/arktheshadow/ti/SW-EK-TM4C123GXL-2.1.3.156/driverlib/ccs/Debug/</path>
         <kind>archive</kind>
         <file>driverlib.lib</file>
         <name>udma.obj</name>
      </input_file>
      <input_file id="fl-e8">
         <path>/home/arktheshadow/ti/SW-EK-TM4C123GXL-2.1.3.156/driverlib/ccs/Debug/</path>
         <kind>archive</kind>
         <file>driverlib.lib</file>
         <name>usb.obj</name>
      </input_file>
   </input_file_list>
   <object_component_list>
      <object_component id="oc-f">
         <name>.intvecs</name>
         <load_address>0x0</load_address>
         <run_address>0x0</run_address>
         <size>0x26c</size>
         <input_file_ref idref="fl-3"/>
      </object_component>
      <object_component id="oc-246">
         <name>.text:UARTvprintf</name>
         <load_address>0x26c</load_address>
         <run_address>0x26c</run_address>
         <size>0x1ea</size>
         <input_file_ref idref="fl-6"/>
      </object_component>
      <object_component id="oc-37">
         <name>.text:FaultISR</name>
         <load_address>0x456</load_address>
         <run_address>0x456</run_address>
         <size>0x2</size>
         <input_file_ref idref="fl-3"/>
      </object_component>
      <object_component id="oc-106">
         <name>.text:main</name>
         <load_address>0x458</load_address>
         <run_address>0x458</run_address>
         <size>0x1c0</size>
         <input_file_ref idref="fl-5"/>
      </object_component>
      <object_component id="oc-49">
         <name>.text:UARTStdioIntHandler</name>
         <load_address>0x618</load_address>
         <run_address>0x618</run_address>
         <size>0x160</size>
         <input_file_ref idref="fl-6"/>
      </object_component>
      <object_component id="oc-37c">
         <name>.text:USBLibDMAInit</name>
         <load_address>0x778</load_address>
         <run_address>0x778</run_address>
         <size>0x160</size>
         <input_file_ref idref="fl-e2"/>
      </object_component>
      <object_component id="oc-267">
         <name>.text:USBDCDInit</name>
         <load_address>0x8d8</load_address>
         <run_address>0x8d8</run_address>
         <size>0x150</size>
         <input_file_ref idref="fl-df"/>
      </object_component>
      <object_component id="oc-20d">
         <name>.text:USBDEP0StateTxConfig</name>
         <load_address>0xa28</load_address>
         <run_address>0xa28</run_address>
         <size>0x150</size>
         <input_file_ref idref="fl-df"/>
      </object_component>
      <object_component id="oc-d7">
         <name>.text:USBDeviceIntHandlerInternal</name>
         <load_address>0xb78</load_address>
         <run_address>0xb78</run_address>
         <size>0x150</size>
         <input_file_ref idref="fl-df"/>
      </object_component>
      <object_component id="oc-5b6">
         <name>.text:USBDeviceConfig</name>
         <load_address>0xcc8</load_address>
         <run_address>0xcc8</run_address>
         <size>0x148</size>
         <input_file_ref idref="fl-e6"/>
      </object_component>
      <object_component id="oc-523">
         <name>.text:iDMAUSBTransfer</name>
         <load_address>0xe10</load_address>
         <run_address>0xe10</run_address>
         <size>0xf4</size>
         <input_file_ref idref="fl-e2"/>
      </object_component>
      <object_component id="oc-3a7">
         <name>.text:NayaData</name>
         <load_address>0xf04</load_address>
         <run_address>0xf04</run_address>
         <size>0xf0</size>
         <input_file_ref idref="fl-5"/>
      </object_component>
      <object_component id="oc-412">
         <name>.text:USBDGetDescriptor</name>
         <load_address>0xff4</load_address>
         <run_address>0xff4</run_address>
         <size>0xe4</size>
         <input_file_ref idref="fl-df"/>
      </object_component>
      <object_component id="oc-153">
         <name>.text:USBDeviceEnumHandler</name>
         <load_address>0x10d8</load_address>
         <run_address>0x10d8</run_address>
         <size>0xd8</size>
         <input_file_ref idref="fl-df"/>
      </object_component>
      <object_component id="oc-4b1">
         <name>.text:uDMAUSBChannelAllocate</name>
         <load_address>0x11b0</load_address>
         <run_address>0x11b0</run_address>
         <size>0xc4</size>
         <input_file_ref idref="fl-e2"/>
      </object_component>
      <object_component id="oc-3d4">
         <name>.text:HandleRxAvailable</name>
         <load_address>0x1274</load_address>
         <run_address>0x1274</run_address>
         <size>0xbe</size>
         <input_file_ref idref="fl-d9"/>
      </object_component>
      <object_component id="oc-4f3">
         <name>.text:uDMAUSBTransfer</name>
         <load_address>0x1332</load_address>
         <run_address>0x1332</run_address>
         <size>0xbc</size>
         <input_file_ref idref="fl-e2"/>
      </object_component>
      <object_component id="oc-3d">
         <name>.text:IntDefaultHandler</name>
         <load_address>0x13ee</load_address>
         <run_address>0x13ee</run_address>
         <size>0x2</size>
         <input_file_ref idref="fl-3"/>
      </object_component>
      <object_component id="oc-23f">
         <name>.text:UARTStdioConfig</name>
         <load_address>0x13f0</load_address>
         <run_address>0x13f0</run_address>
         <size>0xb0</size>
         <input_file_ref idref="fl-6"/>
      </object_component>
      <object_component id="oc-b1">
         <name>.text:UARTwrite</name>
         <load_address>0x14a0</load_address>
         <run_address>0x14a0</run_address>
         <size>0xa8</size>
         <input_file_ref idref="fl-6"/>
      </object_component>
      <object_component id="oc-261">
         <name>.text:USBDBulkCompositeInit</name>
         <load_address>0x1548</load_address>
         <run_address>0x1548</run_address>
         <size>0x9c</size>
         <input_file_ref idref="fl-de"/>
      </object_component>
      <object_component id="oc-63">
         <name>.text</name>
         <load_address>0x15e4</load_address>
         <run_address>0x15e4</run_address>
         <size>0x9c</size>
         <input_file_ref idref="fl-c8"/>
      </object_component>
      <object_component id="oc-430">
         <name>.text:USBDSetInterface</name>
         <load_address>0x1680</load_address>
         <run_address>0x1680</run_address>
         <size>0x98</size>
         <input_file_ref idref="fl-df"/>
      </object_component>
      <object_component id="oc-575">
         <name>.text:ScheduleNextTransmission</name>
         <load_address>0x1718</load_address>
         <run_address>0x1718</run_address>
         <size>0x92</size>
         <input_file_ref idref="fl-d9"/>
      </object_component>
      <object_component id="oc-31">
         <name>.text:NmiSR</name>
         <load_address>0x17aa</load_address>
         <run_address>0x17aa</run_address>
         <size>0x2</size>
         <input_file_ref idref="fl-3"/>
      </object_component>
      <object_component id="oc-424">
         <name>.text:USBDSetConfiguration</name>
         <load_address>0x17ac</load_address>
         <run_address>0x17ac</run_address>
         <size>0x90</size>
         <input_file_ref idref="fl-df"/>
      </object_component>
      <object_component id="oc-a5">
         <name>.text:UARTPrimeTransmit</name>
         <load_address>0x183c</load_address>
         <run_address>0x183c</run_address>
         <size>0x8c</size>
         <input_file_ref idref="fl-6"/>
      </object_component>
      <object_component id="oc-5ca">
         <name>.text:USBDeviceConfigAlternate</name>
         <load_address>0x18c8</load_address>
         <run_address>0x18c8</run_address>
         <size>0x8c</size>
         <input_file_ref idref="fl-e6"/>
      </object_component>
      <object_component id="oc-505">
         <name>.text:iDMAUSBChannelAllocate</name>
         <load_address>0x1954</load_address>
         <run_address>0x1954</run_address>
         <size>0x84</size>
         <input_file_ref idref="fl-e2"/>
      </object_component>
      <object_component id="oc-645">
         <name>.text:uDMAChannelTransferSet</name>
         <load_address>0x19d8</load_address>
         <run_address>0x19d8</run_address>
         <size>0x84</size>
         <input_file_ref idref="fl-e7"/>
      </object_component>
      <object_component id="oc-400">
         <name>.text:USBDClearFeature</name>
         <load_address>0x1a5c</load_address>
         <run_address>0x1a5c</run_address>
         <size>0x80</size>
         <input_file_ref idref="fl-df"/>
      </object_component>
      <object_component id="oc-6dd">
         <name>.text:USBDevEndpointConfigSet</name>
         <load_address>0x1adc</load_address>
         <run_address>0x1adc</run_address>
         <size>0x7a</size>
         <input_file_ref idref="fl-e8"/>
      </object_component>
      <object_component id="oc-6f">
         <name>.text</name>
         <load_address>0x1b56</load_address>
         <run_address>0x1b56</run_address>
         <size>0x7a</size>
         <input_file_ref idref="fl-c9"/>
      </object_component>
      <object_component id="oc-28b">
         <name>.text:RxHandler</name>
         <load_address>0x1bd0</load_address>
         <run_address>0x1bd0</run_address>
         <size>0x78</size>
         <input_file_ref idref="fl-5"/>
      </object_component>
      <object_component id="oc-3fa">
         <name>.text:USBDGetStatus</name>
         <load_address>0x1c48</load_address>
         <run_address>0x1c48</run_address>
         <size>0x78</size>
         <input_file_ref idref="fl-df"/>
      </object_component>
      <object_component id="oc-291">
         <name>.text:USBDBulkPacketRead</name>
         <load_address>0x1cc0</load_address>
         <run_address>0x1cc0</run_address>
         <size>0x72</size>
         <input_file_ref idref="fl-de"/>
      </object_component>
      <object_component id="oc-4ff">
         <name>.text:iDMAUSBArbSizeSet</name>
         <load_address>0x1d32</load_address>
         <run_address>0x1d32</run_address>
         <size>0x2</size>
         <input_file_ref idref="fl-e2"/>
      </object_component>
      <object_component id="oc-213">
         <name>.text:USBDEP0StateTx</name>
         <load_address>0x1d34</load_address>
         <run_address>0x1d34</run_address>
         <size>0x70</size>
         <input_file_ref idref="fl-df"/>
      </object_component>
      <object_component id="oc-87">
         <name>.text</name>
         <load_address>0x1da4</load_address>
         <run_address>0x1da4</run_address>
         <size>0x70</size>
         <input_file_ref idref="fl-d0"/>
      </object_component>
      <object_component id="oc-4ab">
         <name>.text:uDMAUSBArbSizeSet</name>
         <load_address>0x1e14</load_address>
         <run_address>0x1e14</run_address>
         <size>0x70</size>
         <input_file_ref idref="fl-e2"/>
      </object_component>
      <object_component id="oc-4f9">
         <name>.text:uDMAUSBUnitSizeSet</name>
         <load_address>0x1e84</load_address>
         <run_address>0x1e84</run_address>
         <size>0x70</size>
         <input_file_ref idref="fl-e2"/>
      </object_component>
      <object_component id="oc-406">
         <name>.text:USBDSetFeature</name>
         <load_address>0x1ef4</load_address>
         <run_address>0x1ef4</run_address>
         <size>0x6c</size>
         <input_file_ref idref="fl-df"/>
      </object_component>
      <object_component id="oc-61e">
         <name>.text:IntDisable</name>
         <load_address>0x1f60</load_address>
         <run_address>0x1f60</run_address>
         <size>0x68</size>
         <input_file_ref idref="fl-d5"/>
      </object_component>
      <object_component id="oc-394">
         <name>.text:IntEnable</name>
         <load_address>0x1fc8</load_address>
         <run_address>0x1fc8</run_address>
         <size>0x68</size>
         <input_file_ref idref="fl-d5"/>
      </object_component>
      <object_component id="oc-12">
         <name>.text:decompress:lzss</name>
         <load_address>0x2030</load_address>
         <run_address>0x2030</run_address>
         <size>0x68</size>
         <input_file_ref idref="fl-c4"/>
      </object_component>
      <object_component id="oc-17d">
         <name>.text:ConfigureUART</name>
         <load_address>0x2098</load_address>
         <run_address>0x2098</run_address>
         <size>0x64</size>
         <input_file_ref idref="fl-5"/>
      </object_component>
      <object_component id="oc-618">
         <name>.text:IntIsEnabled</name>
         <load_address>0x20fc</load_address>
         <run_address>0x20fc</run_address>
         <size>0x64</size>
         <input_file_ref idref="fl-d5"/>
      </object_component>
      <object_component id="oc-2a0">
         <name>.text:USBBufferEventCallback</name>
         <load_address>0x2160</load_address>
         <run_address>0x2160</run_address>
         <size>0x64</size>
         <input_file_ref idref="fl-d9"/>
      </object_component>
      <object_component id="oc-4bd">
         <name>.text:uDMAUSBChannelEnable</name>
         <load_address>0x21c4</load_address>
         <run_address>0x21c4</run_address>
         <size>0x64</size>
         <input_file_ref idref="fl-e2"/>
      </object_component>
      <object_component id="oc-47a">
         <name>.text:HandleDevice</name>
         <load_address>0x2228</load_address>
         <run_address>0x2228</run_address>
         <size>0x60</size>
         <input_file_ref idref="fl-de"/>
      </object_component>
      <object_component id="oc-5d9">
         <name>.text:ProcessDataFromHost</name>
         <load_address>0x2288</load_address>
         <run_address>0x2288</run_address>
         <size>0x60</size>
         <input_file_ref idref="fl-de"/>
      </object_component>
      <object_component id="oc-207">
         <name>.text:USBDReadAndDispatchRequest</name>
         <load_address>0x22e8</load_address>
         <run_address>0x22e8</run_address>
         <size>0x60</size>
         <input_file_ref idref="fl-df"/>
      </object_component>
      <object_component id="oc-1ef">
         <name>.text:USBDevEndpointStatusClear</name>
         <load_address>0x2348</load_address>
         <run_address>0x2348</run_address>
         <size>0x5e</size>
         <input_file_ref idref="fl-e8"/>
      </object_component>
      <object_component id="oc-53b">
         <name>.text:iDMAUSBUnitSizeSet</name>
         <load_address>0x23a6</load_address>
         <run_address>0x23a6</run_address>
         <size>0x2</size>
         <input_file_ref idref="fl-e2"/>
      </object_component>
      <object_component id="oc-27a">
         <name>.text:USBDBulkPacketWrite</name>
         <load_address>0x23a8</load_address>
         <run_address>0x23a8</run_address>
         <size>0x5c</size>
         <input_file_ref idref="fl-de"/>
      </object_component>
      <object_component id="oc-4cf">
         <name>.text:uDMAUSBChannelRelease</name>
         <load_address>0x2404</load_address>
         <run_address>0x2404</run_address>
         <size>0x56</size>
         <input_file_ref idref="fl-e2"/>
      </object_component>
      <object_component id="oc-44a">
         <name>.text</name>
         <load_address>0x245a</load_address>
         <run_address>0x245a</run_address>
         <size>0x2</size>
         <input_file_ref idref="fl-d2"/>
      </object_component>
      <object_component id="oc-24">
         <name>.text</name>
         <load_address>0x245c</load_address>
         <run_address>0x245c</run_address>
         <size>0x54</size>
         <input_file_ref idref="fl-c3"/>
      </object_component>
      <object_component id="oc-93">
         <name>.text</name>
         <load_address>0x24b0</load_address>
         <run_address>0x24b0</run_address>
         <size>0x54</size>
         <input_file_ref idref="fl-c7"/>
      </object_component>
      <object_component id="oc-352">
         <name>.text:ULPIConfigSet</name>
         <load_address>0x2504</load_address>
         <run_address>0x2504</run_address>
         <size>0x52</size>
         <input_file_ref idref="fl-e3"/>
      </object_component>
      <object_component id="oc-7b">
         <name>.text</name>
         <load_address>0x2556</load_address>
         <run_address>0x2556</run_address>
         <size>0x2</size>
         <input_file_ref idref="fl-ca"/>
      </object_component>
      <object_component id="oc-334">
         <name>.text:SysCtlPeripheralReset</name>
         <load_address>0x2558</load_address>
         <run_address>0x2558</run_address>
         <size>0x50</size>
         <input_file_ref idref="fl-d6"/>
      </object_component>
      <object_component id="oc-6cb">
         <name>.text:USBDCDConfigDescGet</name>
         <load_address>0x25a8</load_address>
         <run_address>0x25a8</run_address>
         <size>0x50</size>
         <input_file_ref idref="fl-e5"/>
      </object_component>
      <object_component id="oc-135">
         <name>.text:USBDeviceResumeTickHandler</name>
         <load_address>0x25f8</load_address>
         <run_address>0x25f8</run_address>
         <size>0x50</size>
         <input_file_ref idref="fl-df"/>
      </object_component>
      <object_component id="oc-6d7">
         <name>.text:GetEPDescriptorType</name>
         <load_address>0x2648</load_address>
         <run_address>0x2648</run_address>
         <size>0x4c</size>
         <input_file_ref idref="fl-e6"/>
      </object_component>
      <object_component id="oc-5ad">
         <name>.text:USBDStringIndexFromRequest</name>
         <load_address>0x2694</load_address>
         <run_address>0x2694</run_address>
         <size>0x4c</size>
         <input_file_ref idref="fl-df"/>
      </object_component>
      <object_component id="oc-651">
         <name>.text:USBEndpointDMAConfigSet</name>
         <load_address>0x26e0</load_address>
         <run_address>0x26e0</run_address>
         <size>0x4c</size>
         <input_file_ref idref="fl-e8"/>
      </object_component>
      <object_component id="oc-52f">
         <name>.text:iDMAUSBChannelEnable</name>
         <load_address>0x272c</load_address>
         <run_address>0x272c</run_address>
         <size>0x4c</size>
         <input_file_ref idref="fl-e2"/>
      </object_component>
      <object_component id="oc-f8">
         <name>.text</name>
         <load_address>0x2778</load_address>
         <run_address>0x2778</run_address>
         <size>0x4c</size>
         <input_file_ref idref="fl-d1"/>
      </object_component>
      <object_component id="oc-6f8">
         <name>.text:ConfigAlternateInterfaceGet</name>
         <load_address>0x27c4</load_address>
         <run_address>0x27c4</run_address>
         <size>0x4a</size>
         <input_file_ref idref="fl-e5"/>
      </object_component>
      <object_component id="oc-5a4">
         <name>.text:USBDevEndpointStallClear</name>
         <load_address>0x280e</load_address>
         <run_address>0x280e</run_address>
         <size>0x4a</size>
         <input_file_ref idref="fl-e8"/>
      </object_component>
      <object_component id="oc-4b7">
         <name>.text:uDMAUSBChannelDisable</name>
         <load_address>0x2858</load_address>
         <run_address>0x2858</run_address>
         <size>0x4a</size>
         <input_file_ref idref="fl-e2"/>
      </object_component>
      <object_component id="oc-fe">
         <name>.text</name>
         <load_address>0x28a2</load_address>
         <run_address>0x28a2</run_address>
         <size>0x2</size>
         <input_file_ref idref="fl-d3"/>
      </object_component>
      <object_component id="oc-12f">
         <name>.text:USBDeviceEnumResetHandler</name>
         <load_address>0x28a4</load_address>
         <run_address>0x28a4</run_address>
         <size>0x48</size>
         <input_file_ref idref="fl-df"/>
      </object_component>
      <object_component id="oc-604">
         <name>.text:uDMAChannelAttributeDisable</name>
         <load_address>0x28ec</load_address>
         <run_address>0x28ec</run_address>
         <size>0x48</size>
         <input_file_ref idref="fl-e7"/>
      </object_component>
      <object_component id="oc-1fb">
         <name>.text:USBEndpointDataGet</name>
         <load_address>0x2934</load_address>
         <run_address>0x2934</run_address>
         <size>0x46</size>
         <input_file_ref idref="fl-e8"/>
      </object_component>
      <object_component id="oc-4c9">
         <name>.text:uDMAUSBChannelIntDisable</name>
         <load_address>0x297a</load_address>
         <run_address>0x297a</run_address>
         <size>0x2</size>
         <input_file_ref idref="fl-e2"/>
      </object_component>
      <object_component id="oc-315">
         <name>.text:USBDCDDeviceInfoInit</name>
         <load_address>0x297c</load_address>
         <run_address>0x297c</run_address>
         <size>0x44</size>
         <input_file_ref idref="fl-df"/>
      </object_component>
      <object_component id="oc-42a">
         <name>.text:USBDGetInterface</name>
         <load_address>0x29c0</load_address>
         <run_address>0x29c0</run_address>
         <size>0x44</size>
         <input_file_ref idref="fl-df"/>
      </object_component>
      <object_component id="oc-195">
         <name>.text:USBDBulkInit</name>
         <load_address>0x2a04</load_address>
         <run_address>0x2a04</run_address>
         <size>0x40</size>
         <input_file_ref idref="fl-de"/>
      </object_component>
      <object_component id="oc-2f7">
         <name>.text</name>
         <load_address>0x2a44</load_address>
         <run_address>0x2a44</run_address>
         <size>0x40</size>
         <input_file_ref idref="fl-cd"/>
      </object_component>
      <object_component id="oc-2ea">
         <name>.text:UARTFlushTx</name>
         <load_address>0x2a84</load_address>
         <run_address>0x2a84</run_address>
         <size>0x3c</size>
         <input_file_ref idref="fl-6"/>
      </object_component>
      <object_component id="oc-529">
         <name>.text:iDMAUSBChannelRelease</name>
         <load_address>0x2ac0</load_address>
         <run_address>0x2ac0</run_address>
         <size>0x3c</size>
         <input_file_ref idref="fl-e2"/>
      </object_component>
      <object_component id="oc-6e9">
         <name>.text:USBFIFOConfigSet</name>
         <load_address>0x2afc</load_address>
         <run_address>0x2afc</run_address>
         <size>0x3a</size>
         <input_file_ref idref="fl-e8"/>
      </object_component>
      <object_component id="oc-4c3">
         <name>.text:uDMAUSBChannelIntEnable</name>
         <load_address>0x2b36</load_address>
         <run_address>0x2b36</run_address>
         <size>0x2</size>
         <input_file_ref idref="fl-e2"/>
      </object_component>
      <object_component id="oc-321">
         <name>.text:InternalUSBRegisterTickHandler</name>
         <load_address>0x2b38</load_address>
         <run_address>0x2b38</run_address>
         <size>0x38</size>
         <input_file_ref idref="fl-dc"/>
      </object_component>
      <object_component id="oc-13b">
         <name>.text:InternalUSBStartOfFrameTick</name>
         <load_address>0x2b70</load_address>
         <run_address>0x2b70</run_address>
         <size>0x38</size>
         <input_file_ref idref="fl-dc"/>
      </object_component>
      <object_component id="oc-6d1">
         <name>.text:USBDCDConfigGetInterfaceEndpoint</name>
         <load_address>0x2ba8</load_address>
         <run_address>0x2ba8</run_address>
         <size>0x38</size>
         <input_file_ref idref="fl-e5"/>
      </object_component>
      <object_component id="oc-d1">
         <name>.text:USBIntStatusControl</name>
         <load_address>0x2be0</load_address>
         <run_address>0x2be0</run_address>
         <size>0x38</size>
         <input_file_ref idref="fl-e8"/>
      </object_component>
      <object_component id="oc-583">
         <name>.text:USBRingBufAdvanceWrite</name>
         <load_address>0x2c18</load_address>
         <run_address>0x2c18</run_address>
         <size>0x38</size>
         <input_file_ref idref="fl-db"/>
      </object_component>
      <object_component id="oc-2d4">
         <name>.text:USBEndpointDataPut</name>
         <load_address>0x2c50</load_address>
         <run_address>0x2c50</run_address>
         <size>0x36</size>
         <input_file_ref idref="fl-e8"/>
      </object_component>
      <object_component id="oc-474">
         <name>.text:HandleEndpoints</name>
         <load_address>0x2c86</load_address>
         <run_address>0x2c86</run_address>
         <size>0x34</size>
         <input_file_ref idref="fl-de"/>
      </object_component>
      <object_component id="oc-33a">
         <name>.text:SysCtlPeripheralEnable</name>
         <load_address>0x2cbc</load_address>
         <run_address>0x2cbc</run_address>
         <size>0x34</size>
         <input_file_ref idref="fl-d6"/>
      </object_component>
      <object_component id="oc-2da">
         <name>.text:USBEndpointDataSend</name>
         <load_address>0x2cf0</load_address>
         <run_address>0x2cf0</run_address>
         <size>0x34</size>
         <input_file_ref idref="fl-e8"/>
      </object_component>
      <object_component id="oc-50b">
         <name>.text:iDMAUSBChannelStatus</name>
         <load_address>0x2d24</load_address>
         <run_address>0x2d24</run_address>
         <size>0x34</size>
         <input_file_ref idref="fl-e2"/>
      </object_component>
      <object_component id="oc-732">
         <name>.text:NextConfigDescGet</name>
         <load_address>0x2d58</load_address>
         <run_address>0x2d58</run_address>
         <size>0x32</size>
         <input_file_ref idref="fl-e5"/>
      </object_component>
      <object_component id="oc-5df">
         <name>.text:ProcessDataToHost</name>
         <load_address>0x2d8a</load_address>
         <run_address>0x2d8a</run_address>
         <size>0x32</size>
         <input_file_ref idref="fl-de"/>
      </object_component>
      <object_component id="oc-3f1">
         <name>.text:USBDevEndpointStall</name>
         <load_address>0x2dbc</load_address>
         <run_address>0x2dbc</run_address>
         <size>0x32</size>
         <input_file_ref idref="fl-e8"/>
      </object_component>
      <object_component id="oc-535">
         <name>.text:iDMAUSBChannelDisable</name>
         <load_address>0x2dee</load_address>
         <run_address>0x2dee</run_address>
         <size>0x32</size>
         <input_file_ref idref="fl-e2"/>
      </object_component>
      <object_component id="oc-4db">
         <name>.text:DMAUSBIntHandler</name>
         <load_address>0x2e20</load_address>
         <run_address>0x2e20</run_address>
         <size>0x30</size>
         <input_file_ref idref="fl-e2"/>
      </object_component>
      <object_component id="oc-31b">
         <name>.text:InternalUSBTickInit</name>
         <load_address>0x2e50</load_address>
         <run_address>0x2e50</run_address>
         <size>0x30</size>
         <input_file_ref idref="fl-dc"/>
      </object_component>
      <object_component id="oc-41e">
         <name>.text:USBDGetConfiguration</name>
         <load_address>0x2e80</load_address>
         <run_address>0x2e80</run_address>
         <size>0x30</size>
         <input_file_ref idref="fl-df"/>
      </object_component>
      <object_component id="oc-6b1">
         <name>.text:UpdateIndexAtomic</name>
         <load_address>0x2eb0</load_address>
         <run_address>0x2eb0</run_address>
         <size>0x30</size>
         <input_file_ref idref="fl-db"/>
      </object_component>
      <object_component id="oc-2e4">
         <name>.text:UARTFlushRx</name>
         <load_address>0x2ee0</load_address>
         <run_address>0x2ee0</run_address>
         <size>0x2c</size>
         <input_file_ref idref="fl-6"/>
      </object_component>
      <object_component id="oc-72b">
         <name>.text:USBDescGet</name>
         <load_address>0x2f0c</load_address>
         <run_address>0x2f0c</run_address>
         <size>0x2c</size>
         <input_file_ref idref="fl-e1"/>
      </object_component>
      <object_component id="oc-4e1">
         <name>.text:uDMAUSBIntStatus</name>
         <load_address>0x2f38</load_address>
         <run_address>0x2f38</run_address>
         <size>0x2c</size>
         <input_file_ref idref="fl-e2"/>
      </object_component>
      <object_component id="oc-3ce">
         <name>.text:HandleRequestBuffer</name>
         <load_address>0x2f64</load_address>
         <run_address>0x2f64</run_address>
         <size>0x2a</size>
         <input_file_ref idref="fl-d9"/>
      </object_component>
      <object_component id="oc-5be">
         <name>.text:USBDCDConfigDescGetNum</name>
         <load_address>0x2f8e</load_address>
         <run_address>0x2f8e</run_address>
         <size>0x2a</size>
         <input_file_ref idref="fl-e5"/>
      </object_component>
      <object_component id="oc-6f1">
         <name>.text:USBDescGetNum</name>
         <load_address>0x2fb8</load_address>
         <run_address>0x2fb8</run_address>
         <size>0x2a</size>
         <input_file_ref idref="fl-e1"/>
      </object_component>
      <object_component id="oc-201">
         <name>.text:USBDevEndpointDataAck</name>
         <load_address>0x2fe2</load_address>
         <run_address>0x2fe2</run_address>
         <size>0x2a</size>
         <input_file_ref idref="fl-e8"/>
      </object_component>
      <object_component id="oc-40c">
         <name>.text:USBDSetAddress</name>
         <load_address>0x300c</load_address>
         <run_address>0x300c</run_address>
         <size>0x28</size>
         <input_file_ref idref="fl-df"/>
      </object_component>
      <object_component id="oc-382">
         <name>.text:USBIntEnableControl</name>
         <load_address>0x3034</load_address>
         <run_address>0x3034</run_address>
         <size>0x28</size>
         <input_file_ref idref="fl-e8"/>
      </object_component>
      <object_component id="oc-636">
         <name>.text:uDMAChannelModeGet</name>
         <load_address>0x305c</load_address>
         <run_address>0x305c</run_address>
         <size>0x28</size>
         <input_file_ref idref="fl-e7"/>
      </object_component>
      <object_component id="oc-32d">
         <name>.text:BulkTickHandler</name>
         <load_address>0x3084</load_address>
         <run_address>0x3084</run_address>
         <size>0x24</size>
         <input_file_ref idref="fl-de"/>
      </object_component>
      <object_component id="oc-45c">
         <name>.text:HandleConfigChange</name>
         <load_address>0x30a8</load_address>
         <run_address>0x30a8</run_address>
         <size>0x24</size>
         <input_file_ref idref="fl-de"/>
      </object_component>
      <object_component id="oc-60a">
         <name>.text:USBEndpointDMADisable</name>
         <load_address>0x30cc</load_address>
         <run_address>0x30cc</run_address>
         <size>0x24</size>
         <input_file_ref idref="fl-e8"/>
      </object_component>
      <object_component id="oc-624">
         <name>.text:USBEndpointDMAEnable</name>
         <load_address>0x30f0</load_address>
         <run_address>0x30f0</run_address>
         <size>0x24</size>
         <input_file_ref idref="fl-e8"/>
      </object_component>
      <object_component id="oc-18f">
         <name>.text:USBStackModeSet</name>
         <load_address>0x3114</load_address>
         <run_address>0x3114</run_address>
         <size>0x24</size>
         <input_file_ref idref="fl-da"/>
      </object_component>
      <object_component id="oc-5f7">
         <name>.text:uDMAChannelControlSet</name>
         <load_address>0x3138</load_address>
         <run_address>0x3138</run_address>
         <size>0x24</size>
         <input_file_ref idref="fl-e7"/>
      </object_component>
      <object_component id="oc-46e">
         <name>.text:HandleDisconnect</name>
         <load_address>0x315c</load_address>
         <run_address>0x315c</run_address>
         <size>0x22</size>
         <input_file_ref idref="fl-de"/>
      </object_component>
      <object_component id="oc-297">
         <name>.text:USBDBulkRxPacketAvailable</name>
         <load_address>0x317e</load_address>
         <run_address>0x317e</run_address>
         <size>0x22</size>
         <input_file_ref idref="fl-de"/>
      </object_component>
      <object_component id="oc-4d5">
         <name>.text:uDMAUSBChannelStatus</name>
         <load_address>0x31a0</load_address>
         <run_address>0x31a0</run_address>
         <size>0x22</size>
         <input_file_ref idref="fl-e2"/>
      </object_component>
      <object_component id="oc-6e3">
         <name>.text:GetEndpointFIFOSize</name>
         <load_address>0x31c2</load_address>
         <run_address>0x31c2</run_address>
         <size>0x20</size>
         <input_file_ref idref="fl-e6"/>
      </object_component>
      <object_component id="oc-3c2">
         <name>.text:HandleDataRemaining</name>
         <load_address>0x31e2</load_address>
         <run_address>0x31e2</run_address>
         <size>0x20</size>
         <input_file_ref idref="fl-d9"/>
      </object_component>
      <object_component id="oc-56f">
         <name>.text:USBRingBufAdvanceRead</name>
         <load_address>0x3202</load_address>
         <run_address>0x3202</run_address>
         <size>0x20</size>
         <input_file_ref idref="fl-db"/>
      </object_component>
      <object_component id="oc-57c">
         <name>.text:USBRingBufContigFree</name>
         <load_address>0x3222</load_address>
         <run_address>0x3222</run_address>
         <size>0x1e</size>
         <input_file_ref idref="fl-db"/>
      </object_component>
      <object_component id="oc-48e">
         <name>.text:USBULPIRegRead</name>
         <load_address>0x3240</load_address>
         <run_address>0x3240</run_address>
         <size>0x1e</size>
         <input_file_ref idref="fl-e8"/>
      </object_component>
      <object_component id="oc-494">
         <name>.text:USBULPIRegWrite</name>
         <load_address>0x325e</load_address>
         <run_address>0x325e</run_address>
         <size>0x1e</size>
         <input_file_ref idref="fl-e8"/>
      </object_component>
      <object_component id="oc-5c4">
         <name>.text:USBDCDConfigGetInterface</name>
         <load_address>0x327c</load_address>
         <run_address>0x327c</run_address>
         <size>0x1c</size>
         <input_file_ref idref="fl-e5"/>
      </object_component>
      <object_component id="oc-2c1">
         <name>.text:USBDCDStallEP0</name>
         <load_address>0x3298</load_address>
         <run_address>0x3298</run_address>
         <size>0x1c</size>
         <input_file_ref idref="fl-df"/>
      </object_component>
      <object_component id="oc-3b4">
         <name>.text:USBEndpointDataAvail</name>
         <load_address>0x32b4</load_address>
         <run_address>0x32b4</run_address>
         <size>0x1c</size>
         <input_file_ref idref="fl-e8"/>
      </object_component>
      <object_component id="oc-58f">
         <name>.text:USBRingBufWrite</name>
         <load_address>0x32d0</load_address>
         <run_address>0x32d0</run_address>
         <size>0x1c</size>
         <input_file_ref idref="fl-db"/>
      </object_component>
      <object_component id="oc-183">
         <name>.text:UARTprintf</name>
         <load_address>0x32ec</load_address>
         <run_address>0x32ec</run_address>
         <size>0x1a</size>
         <input_file_ref idref="fl-6"/>
      </object_component>
      <object_component id="oc-2ce">
         <name>.text:USBDCDConfigDescGetSize</name>
         <load_address>0x3306</load_address>
         <run_address>0x3306</run_address>
         <size>0x1a</size>
         <input_file_ref idref="fl-e5"/>
      </object_component>
      <object_component id="oc-5fe">
         <name>.text:USBEndpointDMAChannel</name>
         <load_address>0x3320</load_address>
         <run_address>0x3320</run_address>
         <size>0x1a</size>
         <input_file_ref idref="fl-e8"/>
      </object_component>
      <object_component id="oc-b7">
         <name>.text:IsBufferFull</name>
         <load_address>0x333a</load_address>
         <run_address>0x333a</run_address>
         <size>0x18</size>
         <input_file_ref idref="fl-6"/>
      </object_component>
      <object_component id="oc-3ba">
         <name>.text:SetDeferredOpFlag</name>
         <load_address>0x3352</load_address>
         <run_address>0x3352</run_address>
         <size>0x18</size>
         <input_file_ref idref="fl-de"/>
      </object_component>
      <object_component id="oc-4f">
         <name>.text:USB0DeviceIntHandler</name>
         <load_address>0x336c</load_address>
         <run_address>0x336c</run_address>
         <size>0x18</size>
         <input_file_ref idref="fl-e0"/>
      </object_component>
      <object_component id="oc-189">
         <name>.text:USBBufferInit</name>
         <load_address>0x3384</load_address>
         <run_address>0x3384</run_address>
         <size>0x18</size>
         <input_file_ref idref="fl-d9"/>
      </object_component>
      <object_component id="oc-30f">
         <name>.text:USBDCDFeatureGet</name>
         <load_address>0x339c</load_address>
         <run_address>0x339c</run_address>
         <size>0x18</size>
         <input_file_ref idref="fl-df"/>
      </object_component>
      <object_component id="oc-418">
         <name>.text:USBDSetDescriptor</name>
         <load_address>0x33b4</load_address>
         <run_address>0x33b4</run_address>
         <size>0x18</size>
         <input_file_ref idref="fl-df"/>
      </object_component>
      <object_component id="oc-436">
         <name>.text:USBDSyncFrame</name>
         <load_address>0x33cc</load_address>
         <run_address>0x33cc</run_address>
         <size>0x18</size>
         <input_file_ref idref="fl-df"/>
      </object_component>
      <object_component id="oc-8d">
         <name>.text</name>
         <load_address>0x33e4</load_address>
         <run_address>0x33e4</run_address>
         <size>0x18</size>
         <input_file_ref idref="fl-cf"/>
      </object_component>
      <object_component id="oc-611">
         <name>.text:uDMAChannelDisable</name>
         <load_address>0x33fc</load_address>
         <run_address>0x33fc</run_address>
         <size>0x18</size>
         <input_file_ref idref="fl-e7"/>
      </object_component>
      <object_component id="oc-62a">
         <name>.text:uDMAChannelEnable</name>
         <load_address>0x3414</load_address>
         <run_address>0x3414</run_address>
         <size>0x18</size>
         <input_file_ref idref="fl-e7"/>
      </object_component>
      <object_component id="oc-558">
         <name>.text:USBBufferDataWritten</name>
         <load_address>0x342c</load_address>
         <run_address>0x342c</run_address>
         <size>0x16</size>
         <input_file_ref idref="fl-d9"/>
      </object_component>
      <object_component id="oc-388">
         <name>.text:USBIntEnableEndpoint</name>
         <load_address>0x3442</load_address>
         <run_address>0x3442</run_address>
         <size>0x16</size>
         <input_file_ref idref="fl-e8"/>
      </object_component>
      <object_component id="oc-55f">
         <name>.text:USBRingBufFlush</name>
         <load_address>0x3458</load_address>
         <run_address>0x3458</run_address>
         <size>0x16</size>
         <input_file_ref idref="fl-db"/>
      </object_component>
      <object_component id="oc-568">
         <name>.text:USBRingBufUsed</name>
         <load_address>0x346e</load_address>
         <run_address>0x346e</run_address>
         <size>0x16</size>
         <input_file_ref idref="fl-db"/>
      </object_component>
      <object_component id="oc-3c8">
         <name>.text:HandleTxComplete</name>
         <load_address>0x3484</load_address>
         <run_address>0x3484</run_address>
         <size>0x14</size>
         <input_file_ref idref="fl-d9"/>
      </object_component>
      <object_component id="oc-340">
         <name>.text:SysCtlUSBPLLEnable</name>
         <load_address>0x3498</load_address>
         <run_address>0x3498</run_address>
         <size>0x14</size>
         <input_file_ref idref="fl-d6"/>
      </object_component>
      <object_component id="oc-274">
         <name>.text:TxHandler</name>
         <load_address>0x34ac</load_address>
         <run_address>0x34ac</run_address>
         <size>0x14</size>
         <input_file_ref idref="fl-5"/>
      </object_component>
      <object_component id="oc-280">
         <name>.text:USBDBulkTxPacketAvailable</name>
         <load_address>0x34c0</load_address>
         <run_address>0x34c0</run_address>
         <size>0x14</size>
         <input_file_ref idref="fl-de"/>
      </object_component>
      <object_component id="oc-689">
         <name>.text:USBDMAChannelConfigSet</name>
         <load_address>0x34d4</load_address>
         <run_address>0x34d4</run_address>
         <size>0x14</size>
         <input_file_ref idref="fl-e8"/>
      </object_component>
      <object_component id="oc-1da">
         <name>.text:USBHostResume</name>
         <load_address>0x34e8</load_address>
         <run_address>0x34e8</run_address>
         <size>0x14</size>
         <input_file_ref idref="fl-e8"/>
      </object_component>
      <object_component id="oc-73c">
         <name>.text:_USBIndexWrite</name>
         <load_address>0x34fc</load_address>
         <run_address>0x34fc</run_address>
         <size>0x14</size>
         <input_file_ref idref="fl-e8"/>
      </object_component>
      <object_component id="oc-1b4">
         <name>.text</name>
         <load_address>0x3510</load_address>
         <run_address>0x3510</run_address>
         <size>0x14</size>
         <input_file_ref idref="fl-ce"/>
      </object_component>
      <object_component id="oc-468">
         <name>.text:HandleResume</name>
         <load_address>0x3524</load_address>
         <run_address>0x3524</run_address>
         <size>0x12</size>
         <input_file_ref idref="fl-de"/>
      </object_component>
      <object_component id="oc-462">
         <name>.text:HandleSuspend</name>
         <load_address>0x3536</load_address>
         <run_address>0x3536</run_address>
         <size>0x12</size>
         <input_file_ref idref="fl-de"/>
      </object_component>
      <object_component id="oc-54b">
         <name>.text:USBBufferInfoGet</name>
         <load_address>0x3548</load_address>
         <run_address>0x3548</run_address>
         <size>0x12</size>
         <input_file_ref idref="fl-d9"/>
      </object_component>
      <object_component id="oc-65a">
         <name>.text:USBDMAChannelDisable</name>
         <load_address>0x355a</load_address>
         <run_address>0x355a</run_address>
         <size>0x12</size>
         <input_file_ref idref="fl-e8"/>
      </object_component>
      <object_component id="oc-68f">
         <name>.text:USBDMAChannelEnable</name>
         <load_address>0x356c</load_address>
         <run_address>0x356c</run_address>
         <size>0x12</size>
         <input_file_ref idref="fl-e8"/>
      </object_component>
      <object_component id="oc-676">
         <name>.text:USBDMAChannelIntDisable</name>
         <load_address>0x357e</load_address>
         <run_address>0x357e</run_address>
         <size>0x12</size>
         <input_file_ref idref="fl-e8"/>
      </object_component>
      <object_component id="oc-66f">
         <name>.text:USBDMAChannelIntEnable</name>
         <load_address>0x3590</load_address>
         <run_address>0x3590</run_address>
         <size>0x12</size>
         <input_file_ref idref="fl-e8"/>
      </object_component>
      <object_component id="oc-589">
         <name>.text:USBRingBufFree</name>
         <load_address>0x35a2</load_address>
         <run_address>0x35a2</run_address>
         <size>0x12</size>
         <input_file_ref idref="fl-db"/>
      </object_component>
      <object_component id="oc-6a3">
         <name>.text:IntMasterDisable</name>
         <load_address>0x35b4</load_address>
         <run_address>0x35b4</run_address>
         <size>0x10</size>
         <input_file_ref idref="fl-d5"/>
      </object_component>
      <object_component id="oc-6a9">
         <name>.text:IntMasterEnable</name>
         <load_address>0x35c4</load_address>
         <run_address>0x35c4</run_address>
         <size>0x10</size>
         <input_file_ref idref="fl-d5"/>
      </object_component>
      <object_component id="oc-43">
         <name>.text:SysTickIntHandler</name>
         <load_address>0x35d4</load_address>
         <run_address>0x35d4</run_address>
         <size>0x10</size>
         <input_file_ref idref="fl-5"/>
      </object_component>
      <object_component id="oc-1e9">
         <name>.text:USBEndpointStatus</name>
         <load_address>0x35e4</load_address>
         <run_address>0x35e4</run_address>
         <size>0x10</size>
         <input_file_ref idref="fl-e8"/>
      </object_component>
      <object_component id="oc-6b8">
         <name>.text:USBRingBufContigUsed</name>
         <load_address>0x35f4</load_address>
         <run_address>0x35f4</run_address>
         <size>0x10</size>
         <input_file_ref idref="fl-db"/>
      </object_component>
      <object_component id="oc-6c2">
         <name>.text:USBRingBufWriteOne</name>
         <load_address>0x3604</load_address>
         <run_address>0x3604</run_address>
         <size>0x10</size>
         <input_file_ref idref="fl-db"/>
      </object_component>
      <object_component id="oc-4e7">
         <name>.text:DMAUSBIntStatusClear</name>
         <load_address>0x3614</load_address>
         <run_address>0x3614</run_address>
         <size>0xe</size>
         <input_file_ref idref="fl-e2"/>
      </object_component>
      <object_component id="oc-ab">
         <name>.text:IsBufferEmpty</name>
         <load_address>0x3622</load_address>
         <run_address>0x3622</run_address>
         <size>0xe</size>
         <input_file_ref idref="fl-6"/>
      </object_component>
      <object_component id="oc-661">
         <name>.text:USBDMAChannelStatus</name>
         <load_address>0x3630</load_address>
         <run_address>0x3630</run_address>
         <size>0xe</size>
         <input_file_ref idref="fl-e8"/>
      </object_component>
      <object_component id="oc-36a">
         <name>.text:USBDevLPMDisable</name>
         <load_address>0x363e</load_address>
         <run_address>0x363e</run_address>
         <size>0xe</size>
         <input_file_ref idref="fl-e8"/>
      </object_component>
      <object_component id="oc-147">
         <name>.text:USBDevLPMEnable</name>
         <load_address>0x364c</load_address>
         <run_address>0x364c</run_address>
         <size>0xe</size>
         <input_file_ref idref="fl-e8"/>
      </object_component>
      <object_component id="oc-358">
         <name>.text:USBULPIDisable</name>
         <load_address>0x365a</load_address>
         <run_address>0x365a</run_address>
         <size>0xe</size>
         <input_file_ref idref="fl-e8"/>
      </object_component>
      <object_component id="oc-34c">
         <name>.text:USBULPIEnable</name>
         <load_address>0x3668</load_address>
         <run_address>0x3668</run_address>
         <size>0xe</size>
         <input_file_ref idref="fl-e8"/>
      </object_component>
      <object_component id="oc-18">
         <name>.text:decompress:none</name>
         <load_address>0x3676</load_address>
         <run_address>0x3676</run_address>
         <size>0xe</size>
         <input_file_ref idref="fl-c5"/>
      </object_component>
      <object_component id="oc-71a">
         <name>.text:CPUcpsid</name>
         <load_address>0x3684</load_address>
         <run_address>0x3684</run_address>
         <size>0xc</size>
         <input_file_ref idref="fl-d8"/>
      </object_component>
      <object_component id="oc-721">
         <name>.text:CPUcpsie</name>
         <load_address>0x3690</load_address>
         <run_address>0x3690</run_address>
         <size>0xc</size>
         <input_file_ref idref="fl-d8"/>
      </object_component>
      <object_component id="oc-64b">
         <name>.text:USBEndpointPacketCountSet</name>
         <load_address>0x369c</load_address>
         <run_address>0x369c</run_address>
         <size>0xc</size>
         <input_file_ref idref="fl-e8"/>
      </object_component>
      <object_component id="oc-376">
         <name>.text:USBLPMIntEnable</name>
         <load_address>0x36a8</load_address>
         <run_address>0x36a8</run_address>
         <size>0xc</size>
         <input_file_ref idref="fl-e8"/>
      </object_component>
      <object_component id="oc-252">
         <name>.text:USBRingBufInit</name>
         <load_address>0x36b4</load_address>
         <run_address>0x36b4</run_address>
         <size>0xc</size>
         <input_file_ref idref="fl-db"/>
      </object_component>
      <object_component id="oc-1e">
         <name>.text:decompress:ZI</name>
         <load_address>0x36c0</load_address>
         <run_address>0x36c0</run_address>
         <size>0xc</size>
         <input_file_ref idref="fl-c6"/>
      </object_component>
      <object_component id="oc-346">
         <name>.text:USBClockEnable</name>
         <load_address>0x36cc</load_address>
         <run_address>0x36cc</run_address>
         <size>0xa</size>
         <input_file_ref idref="fl-e8"/>
      </object_component>
      <object_component id="oc-4a2">
         <name>.text:USBControllerVersion</name>
         <load_address>0x36d6</load_address>
         <run_address>0x36d6</run_address>
         <size>0xa</size>
         <input_file_ref idref="fl-e8"/>
      </object_component>
      <object_component id="oc-67d">
         <name>.text:USBDMAChannelAddressSet</name>
         <load_address>0x36e0</load_address>
         <run_address>0x36e0</run_address>
         <size>0xa</size>
         <input_file_ref idref="fl-e8"/>
      </object_component>
      <object_component id="oc-683">
         <name>.text:USBDMAChannelCountSet</name>
         <load_address>0x36ea</load_address>
         <run_address>0x36ea</run_address>
         <size>0xa</size>
         <input_file_ref idref="fl-e8"/>
      </object_component>
      <object_component id="oc-38e">
         <name>.text:USBDevConnect</name>
         <load_address>0x36f4</load_address>
         <run_address>0x36f4</run_address>
         <size>0xa</size>
         <input_file_ref idref="fl-e8"/>
      </object_component>
      <object_component id="oc-159">
         <name>.text:USBDevDisconnect</name>
         <load_address>0x36fe</load_address>
         <run_address>0x36fe</run_address>
         <size>0xa</size>
         <input_file_ref idref="fl-e8"/>
      </object_component>
      <object_component id="oc-14d">
         <name>.text:USBIntStatusEndpoint</name>
         <load_address>0x3708</load_address>
         <run_address>0x3708</run_address>
         <size>0xa</size>
         <input_file_ref idref="fl-e8"/>
      </object_component>
      <object_component id="oc-364">
         <name>.text:USBDevMode</name>
         <load_address>0x3712</load_address>
         <run_address>0x3712</run_address>
         <size>0x8</size>
         <input_file_ref idref="fl-e8"/>
      </object_component>
      <object_component id="oc-63f">
         <name>.text:USBFIFOAddrGet</name>
         <load_address>0x371a</load_address>
         <run_address>0x371a</run_address>
         <size>0x8</size>
         <input_file_ref idref="fl-e8"/>
      </object_component>
      <object_component id="oc-35e">
         <name>.text:USBOTGMode</name>
         <load_address>0x3722</load_address>
         <run_address>0x3722</run_address>
         <size>0x8</size>
         <input_file_ref idref="fl-e8"/>
      </object_component>
      <object_component id="oc-51d">
         <name>.text:iDMAUSBChannelIntDisable</name>
         <load_address>0x372a</load_address>
         <run_address>0x372a</run_address>
         <size>0x8</size>
         <input_file_ref idref="fl-e2"/>
      </object_component>
      <object_component id="oc-517">
         <name>.text:iDMAUSBChannelIntEnable</name>
         <load_address>0x3732</load_address>
         <run_address>0x3732</run_address>
         <size>0x8</size>
         <input_file_ref idref="fl-e2"/>
      </object_component>
      <object_component id="oc-19b">
         <name>.text:GPIOPinWrite</name>
         <load_address>0x373a</load_address>
         <run_address>0x373a</run_address>
         <size>0x6</size>
         <input_file_ref idref="fl-d4"/>
      </object_component>
      <object_component id="oc-2b">
         <name>.text:ResetISR</name>
         <load_address>0x3740</load_address>
         <run_address>0x3740</run_address>
         <size>0x6</size>
         <input_file_ref idref="fl-3"/>
      </object_component>
      <object_component id="oc-557">
         <name>.text:SysCtlDelay</name>
         <load_address>0x3746</load_address>
         <run_address>0x3746</run_address>
         <size>0x6</size>
         <input_file_ref idref="fl-d6"/>
      </object_component>
      <object_component id="oc-239">
         <name>.text:UARTClockSourceSet</name>
         <load_address>0x374c</load_address>
         <run_address>0x374c</run_address>
         <size>0x6</size>
         <input_file_ref idref="fl-d7"/>
      </object_component>
      <object_component id="oc-3ad">
         <name>.text:USBBufferFlush</name>
         <load_address>0x3752</load_address>
         <run_address>0x3752</run_address>
         <size>0x6</size>
         <input_file_ref idref="fl-d9"/>
      </object_component>
      <object_component id="oc-551">
         <name>.text:USBBufferSpaceAvailable</name>
         <load_address>0x3758</load_address>
         <run_address>0x3758</run_address>
         <size>0x6</size>
         <input_file_ref idref="fl-d9"/>
      </object_component>
      <object_component id="oc-668">
         <name>.text:USBDMAChannelIntStatus</name>
         <load_address>0x375e</load_address>
         <run_address>0x375e</run_address>
         <size>0x6</size>
         <input_file_ref idref="fl-e8"/>
      </object_component>
      <object_component id="oc-370">
         <name>.text:USBDevLPMConfig</name>
         <load_address>0x3764</load_address>
         <run_address>0x3764</run_address>
         <size>0x6</size>
         <input_file_ref idref="fl-e8"/>
      </object_component>
      <object_component id="oc-141">
         <name>.text:USBLPMIntStatus</name>
         <load_address>0x376a</load_address>
         <run_address>0x376a</run_address>
         <size>0x6</size>
         <input_file_ref idref="fl-e8"/>
      </object_component>
      <object_component id="oc-511">
         <name>.text:iDMAUSBIntStatus</name>
         <load_address>0x3770</load_address>
         <run_address>0x3770</run_address>
         <size>0x6</size>
         <input_file_ref idref="fl-e2"/>
      </object_component>
      <object_component id="oc-4ed">
         <name>.text:DMAUSBStatus</name>
         <load_address>0x3776</load_address>
         <run_address>0x3776</run_address>
         <size>0x4</size>
         <input_file_ref idref="fl-e2"/>
      </object_component>
      <object_component id="oc-1f5">
         <name>.text:USBDevAddrSet</name>
         <load_address>0x377a</load_address>
         <run_address>0x377a</run_address>
         <size>0x4</size>
         <input_file_ref idref="fl-e8"/>
      </object_component>
      <object_component id="oc-81">
         <name>.text</name>
         <load_address>0x377e</load_address>
         <run_address>0x377e</run_address>
         <size>0x4</size>
         <input_file_ref idref="fl-cb"/>
      </object_component>
      <object_component id="oc-546">
         <name>.const</name>
         <load_address>0x3784</load_address>
         <run_address>0x3784</run_address>
         <size>0x70</size>
         <input_file_ref idref="fl-d5"/>
      </object_component>
      <object_component id="oc-2ca">
         <name>.const:g_psUSBDStdRequests</name>
         <load_address>0x37f4</load_address>
         <run_address>0x37f4</run_address>
         <size>0x34</size>
         <input_file_ref idref="fl-df"/>
      </object_component>
      <object_component id="oc-3ea">
         <name>.const:.string:g_pui8ConfigString</name>
         <load_address>0x3828</load_address>
         <run_address>0x3828</run_address>
         <size>0x30</size>
         <input_file_ref idref="fl-4"/>
      </object_component>
      <object_component id="oc-327">
         <name>.const:g_sBulkHandlers</name>
         <load_address>0x3858</load_address>
         <run_address>0x3858</run_address>
         <size>0x30</size>
         <input_file_ref idref="fl-de"/>
      </object_component>
      <object_component id="oc-32a">
         <name>.const</name>
         <load_address>0x3888</load_address>
         <run_address>0x3888</run_address>
         <size>0x30</size>
         <input_file_ref idref="fl-de"/>
      </object_component>
      <object_component id="oc-482">
         <name>.const:.string</name>
         <load_address>0x38b8</load_address>
         <run_address>0x38b8</run_address>
         <size>0x2e</size>
         <input_file_ref idref="fl-de"/>
      </object_component>
      <object_component id="oc-3e7">
         <name>.const:.string:g_pui8DataInterfaceString</name>
         <load_address>0x38e6</load_address>
         <run_address>0x38e6</run_address>
         <size>0x28</size>
         <input_file_ref idref="fl-4"/>
      </object_component>
      <object_component id="oc-3e1">
         <name>.const:.string:g_pui8ProductString</name>
         <load_address>0x390e</load_address>
         <run_address>0x390e</run_address>
         <size>0x28</size>
         <input_file_ref idref="fl-4"/>
      </object_component>
      <object_component id="oc-3de">
         <name>.const:.string:g_pui8ManufacturerString</name>
         <load_address>0x3936</load_address>
         <run_address>0x3936</run_address>
         <size>0x24</size>
         <input_file_ref idref="fl-4"/>
      </object_component>
      <object_component id="oc-2a6">
         <name>.const:g_ppui8StringDescriptors</name>
         <load_address>0x395c</load_address>
         <run_address>0x395c</run_address>
         <size>0x18</size>
         <input_file_ref idref="fl-4"/>
      </object_component>
      <object_component id="oc-3e4">
         <name>.const:.string:g_pui8SerialNumberString</name>
         <load_address>0x3974</load_address>
         <run_address>0x3974</run_address>
         <size>0x12</size>
         <input_file_ref idref="fl-4"/>
      </object_component>
      <object_component id="oc-2f3">
         <name>.const:g_ui32UARTBase</name>
         <load_address>0x3988</load_address>
         <run_address>0x3988</run_address>
         <size>0xc</size>
         <input_file_ref idref="fl-6"/>
      </object_component>
      <object_component id="oc-11c">
         <name>.const:g_ui32UARTInt</name>
         <load_address>0x3994</load_address>
         <run_address>0x3994</run_address>
         <size>0xc</size>
         <input_file_ref idref="fl-6"/>
      </object_component>
      <object_component id="oc-2f0">
         <name>.const:g_ui32UARTPeriph</name>
         <load_address>0x39a0</load_address>
         <run_address>0x39a0</run_address>
         <size>0xc</size>
         <input_file_ref idref="fl-6"/>
      </object_component>
      <object_component id="oc-3db">
         <name>.const:.string:g_pui8LangDescriptor</name>
         <load_address>0x39ac</load_address>
         <run_address>0x39ac</run_address>
         <size>0x4</size>
         <input_file_ref idref="fl-4"/>
      </object_component>
      <object_component id="oc-77c">
         <name>.cinit..data.load</name>
         <load_address>0x39b0</load_address>
         <run_address>0x39b0</run_address>
         <size>0x95</size>
      </object_component>
      <object_component id="oc-77a">
         <name>__TI_handler_table</name>
         <load_address>0x3a48</load_address>
         <run_address>0x3a48</run_address>
         <size>0xc</size>
      </object_component>
      <object_component id="oc-77d">
         <name>.cinit..bss.load</name>
         <load_address>0x3a58</load_address>
         <run_address>0x3a58</run_address>
         <size>0x8</size>
      </object_component>
      <object_component id="oc-77b">
         <name>__TI_cinit_table</name>
         <load_address>0x3a60</load_address>
         <run_address>0x3a60</run_address>
         <size>0x10</size>
      </object_component>
      <object_component id="oc-1a7">
         <name>.data:g_sBulkDevice</name>
         <load_address>0x20000c64</load_address>
         <run_address>0x20000c64</run_address>
         <size>0x44</size>
         <input_file_ref idref="fl-4"/>
      </object_component>
      <object_component id="oc-1a4">
         <name>.data:g_sRxBuffer</name>
         <load_address>0x20000ca8</load_address>
         <run_address>0x20000ca8</run_address>
         <size>0x38</size>
         <input_file_ref idref="fl-4"/>
      </object_component>
      <object_component id="oc-1a1">
         <name>.data:g_sTxBuffer</name>
         <load_address>0x20000ce0</load_address>
         <run_address>0x20000ce0</run_address>
         <size>0x38</size>
         <input_file_ref idref="fl-4"/>
      </object_component>
      <object_component id="oc-a1">
         <name>.data</name>
         <load_address>0x20000d60</load_address>
         <run_address>0x20000d60</run_address>
         <size>0x11</size>
         <input_file_ref idref="fl-5"/>
      </object_component>
      <object_component id="oc-bd">
         <name>.data</name>
         <load_address>0x20000d48</load_address>
         <run_address>0x20000d48</run_address>
         <size>0x15</size>
         <input_file_ref idref="fl-6"/>
      </object_component>
      <object_component id="oc-10e">
         <name>.data:$O1$$</name>
         <load_address>0x20000d74</load_address>
         <run_address>0x20000d74</run_address>
         <size>0xc</size>
         <input_file_ref idref="fl-c7"/>
      </object_component>
      <object_component id="oc-99">
         <name>.data</name>
         <load_address>0x20000da8</load_address>
         <run_address>0x20000da8</run_address>
         <size>0x4</size>
         <input_file_ref idref="fl-cc"/>
      </object_component>
      <object_component id="oc-111">
         <name>.data:$O1$$</name>
         <load_address>0x20000d98</load_address>
         <run_address>0x20000d98</run_address>
         <size>0x8</size>
         <input_file_ref idref="fl-ce"/>
      </object_component>
      <object_component id="oc-25a">
         <name>.data</name>
         <load_address>0x20000d8c</load_address>
         <run_address>0x20000d8c</run_address>
         <size>0x9</size>
         <input_file_ref idref="fl-da"/>
      </object_component>
      <object_component id="oc-165">
         <name>.data</name>
         <load_address>0x20000d80</load_address>
         <run_address>0x20000d80</run_address>
         <size>0xc</size>
         <input_file_ref idref="fl-dc"/>
      </object_component>
      <object_component id="oc-26d">
         <name>.data</name>
         <load_address>0x20000d18</load_address>
         <run_address>0x20000d18</run_address>
         <size>0x2e</size>
         <input_file_ref idref="fl-de"/>
      </object_component>
      <object_component id="oc-168">
         <name>.data</name>
         <load_address>0x20000da0</load_address>
         <run_address>0x20000da0</run_address>
         <size>0x8</size>
         <input_file_ref idref="fl-df"/>
      </object_component>
      <object_component id="oc-c0">
         <name>.bss</name>
         <uninitialized>true</uninitialized>
         <run_address>0x20000850</run_address>
         <size>0x8</size>
         <input_file_ref idref="fl-6"/>
      </object_component>
      <object_component id="oc-11f">
         <name>.bss:g_pcUARTTxBuffer</name>
         <uninitialized>true</uninitialized>
         <run_address>0x20000000</run_address>
         <size>0x400</size>
         <input_file_ref idref="fl-6"/>
      </object_component>
      <object_component id="oc-c3">
         <name>.bss:g_pcUARTRxBuffer</name>
         <uninitialized>true</uninitialized>
         <run_address>0x20000710</run_address>
         <size>0x80</size>
         <input_file_ref idref="fl-6"/>
      </object_component>
      <object_component id="oc-2c7">
         <name>.bss:g_pui8DataBufferIn</name>
         <uninitialized>true</uninitialized>
         <run_address>0x200007e0</run_address>
         <size>0x40</size>
         <input_file_ref idref="fl-df"/>
      </object_component>
      <object_component id="oc-162">
         <name>.bss:g_psDCDInst</name>
         <uninitialized>true</uninitialized>
         <run_address>0x20000790</run_address>
         <size>0x50</size>
         <input_file_ref idref="fl-df"/>
      </object_component>
      <object_component id="oc-4a8">
         <name>.bss:g_psUSBDMAInst</name>
         <uninitialized>true</uninitialized>
         <run_address>0x20000400</run_address>
         <size>0x110</size>
         <input_file_ref idref="fl-e2"/>
      </object_component>
      <object_component id="oc-29d">
         <name>.common:g_pui8USBRxBuffer</name>
         <uninitialized>true</uninitialized>
         <run_address>0x20000510</run_address>
         <size>0x100</size>
      </object_component>
      <object_component id="oc-286">
         <name>.common:g_pui8USBTxBuffer</name>
         <uninitialized>true</uninitialized>
         <run_address>0x20000610</run_address>
         <size>0x100</size>
      </object_component>
      <object_component id="oc-25d">
         <name>.common:g_pfnUSBModeCallback</name>
         <uninitialized>true</uninitialized>
         <run_address>0x20000858</run_address>
         <size>0x4</size>
      </object_component>
      <object_component id="oc-1e1">
         <name>.common:g_pfnTickHandlers</name>
         <uninitialized>true</uninitialized>
         <run_address>0x20000820</run_address>
         <size>0x18</size>
      </object_component>
      <object_component id="oc-1e4">
         <name>.common:g_pvTickInstance</name>
         <uninitialized>true</uninitialized>
         <run_address>0x20000838</run_address>
         <size>0x18</size>
      </object_component>
      <object_component id="oc-39a">
         <name>.common:g_ui32ULPISupport</name>
         <uninitialized>true</uninitialized>
         <run_address>0x20000860</run_address>
         <size>0x4</size>
      </object_component>
      <object_component id="oc-15f">
         <name>.common:g_ppsDevInfo</name>
         <uninitialized>true</uninitialized>
         <run_address>0x2000085c</run_address>
         <size>0x4</size>
      </object_component>
      <object_component id="oc-2a">
         <name>.stack</name>
         <uninitialized>true</uninitialized>
         <run_address>0x20000864</run_address>
         <size>0x0</size>
         <input_file_ref idref="fl-c3"/>
      </object_component>
      <object_component id="oc-77e">
         <name>.stack</name>
         <uninitialized>true</uninitialized>
         <run_address>0x20000864</run_address>
         <size>0x0</size>
      </object_component>
      <object_component id="oc-2ae">
         <name>.debug_info</name>
         <load_address>0x0</load_address>
         <run_address>0x0</run_address>
         <size>0x2c3</size>
         <input_file_ref idref="fl-2"/>
      </object_component>
      <object_component id="oc-1cc">
         <name>.debug_info</name>
         <load_address>0x2c3</load_address>
         <run_address>0x2c3</run_address>
         <size>0x234</size>
         <input_file_ref idref="fl-2"/>
      </object_component>
      <object_component id="oc-1c7">
         <name>.debug_info</name>
         <load_address>0x4f7</load_address>
         <run_address>0x4f7</run_address>
         <size>0x22c</size>
         <input_file_ref idref="fl-2"/>
      </object_component>
      <object_component id="oc-1c2">
         <name>.debug_info</name>
         <load_address>0x723</load_address>
         <run_address>0x723</run_address>
         <size>0xa85</size>
         <input_file_ref idref="fl-2"/>
      </object_component>
      <object_component id="oc-2af">
         <name>.debug_info</name>
         <load_address>0x11a8</load_address>
         <run_address>0x11a8</run_address>
         <size>0xe4</size>
         <input_file_ref idref="fl-2"/>
      </object_component>
      <object_component id="oc-c7">
         <name>.debug_info</name>
         <load_address>0x128c</load_address>
         <run_address>0x128c</run_address>
         <size>0x8b</size>
         <input_file_ref idref="fl-2"/>
      </object_component>
      <object_component id="oc-cc">
         <name>.debug_info</name>
         <load_address>0x1317</load_address>
         <run_address>0x1317</run_address>
         <size>0x18b</size>
         <input_file_ref idref="fl-2"/>
      </object_component>
      <object_component id="oc-24d">
         <name>.debug_info</name>
         <load_address>0x14a2</load_address>
         <run_address>0x14a2</run_address>
         <size>0x4e</size>
         <input_file_ref idref="fl-2"/>
      </object_component>
      <object_component id="oc-57">
[...]
      </symbol>
      <symbol id="sm-4ea">
         <name>USBBufferInit</name>
         <value>0x3385</value>
         <object_component_ref idref="oc-189"/>
      </symbol>
      <symbol id="sm-4eb">
         <name>USBBufferEventCallback</name>
         <value>0x2161</value>
         <object_component_ref idref="oc-2a0"/>
      </symbol>
      <symbol id="sm-4ec">
         <name>USBBufferInfoGet</name>
         <value>0x3549</value>
         <object_component_ref idref="oc-54b"/>
      </symbol>
      <symbol id="sm-4ed">
         <name>USBBufferFlush</name>
         <value>0x3753</value>
         <object_component_ref idref="oc-3ad"/>
      </symbol>
      <symbol id="sm-51d">
         <name>g_iUSBMode</name>
         <value>0x20000d8c</value>
         <object_component_ref idref="oc-25a"/>
      </symbol>
      <symbol id="sm-51e">
         <name>USBStackModeSet</name>
         <value>0x3115</value>
         <object_component_ref idref="oc-18f"/>
      </symbol>
      <symbol id="sm-51f">
         <name>g_ui32WaitTicks</name>
         <value>0x20000d90</value>
         <object_component_ref idref="oc-25a"/>
      </symbol>
      <symbol id="sm-588">
         <name>USBRingBufWrite</name>
         <value>0x32d1</value>
         <object_component_ref idref="oc-58f"/>
      </symbol>
      <symbol id="sm-589">
         <name>USBRingBufContigUsed</name>
         <value>0x35f5</value>
         <object_component_ref idref="oc-6b8"/>
      </symbol>
      <symbol id="sm-58a">
         <name>USBRingBufFlush</name>
         <value>0x3459</value>
         <object_component_ref idref="oc-55f"/>
      </symbol>
      <symbol id="sm-58b">
         <name>USBRingBufAdvanceWrite</name>
         <value>0x2c19</value>
         <object_component_ref idref="oc-583"/>
      </symbol>
      <symbol id="sm-58c">
         <name>USBRingBufWriteOne</name>
         <value>0x3605</value>
         <object_component_ref idref="oc-6c2"/>
      </symbol>
      <symbol id="sm-58d">
         <name>USBRingBufUsed</name>
         <value>0x346f</value>
         <object_component_ref idref="oc-568"/>
      </symbol>
      <symbol id="sm-58e">
         <name>USBRingBufFree</name>
         <value>0x35a3</value>
         <object_component_ref idref="oc-589"/>
      </symbol>
      <symbol id="sm-58f">
         <name>USBRingBufAdvanceRead</name>
         <value>0x3203</value>
         <object_component_ref idref="oc-56f"/>
      </symbol>
      <symbol id="sm-590">
         <name>USBRingBufInit</name>
         <value>0x36b5</value>
         <object_component_ref idref="oc-252"/>
      </symbol>
      <symbol id="sm-591">
         <name>USBRingBufContigFree</name>
         <value>0x3223</value>
         <object_component_ref idref="oc-57c"/>
      </symbol>
      <symbol id="sm-5c9">
         <name>g_pfnTickHandlers</name>
         <value>0x20000820</value>
      </symbol>
      <symbol id="sm-5ca">
         <name>g_pvTickInstance</name>
         <value>0x20000838</value>
      </symbol>
      <symbol id="sm-5cb">
         <name>g_ui32USBSOFCount</name>
         <value>0x20000d88</value>
         <object_component_ref idref="oc-165"/>
      </symbol>
      <symbol id="sm-5cc">
         <name>g_bUSBTimerInitialized</name>
         <value>0x20000d80</value>
         <object_component_ref idref="oc-165"/>
      </symbol>
      <symbol id="sm-5cd">
         <name>g_ui32CurrentUSBTick</name>
         <value>0x20000d84</value>
         <object_component_ref idref="oc-165"/>
      </symbol>
      <symbol id="sm-5ce">
         <name>InternalUSBStartOfFrameTick</name>
         <value>0x2b71</value>
         <object_component_ref idref="oc-13b"/>
      </symbol>
      <symbol id="sm-5cf">
         <name>InternalUSBRegisterTickHandler</name>
         <value>0x2b39</value>
         <object_component_ref idref="oc-321"/>
      </symbol>
      <symbol id="sm-5d0">
         <name>InternalUSBTickInit</name>
         <value>0x2e51</value>
         <object_component_ref idref="oc-31b"/>
      </symbol>
      <symbol id="sm-6ae">
         <name>USBDBulkTxPacketAvailable</name>
         <value>0x34c1</value>
         <object_component_ref idref="oc-280"/>
      </symbol>
      <symbol id="sm-6af">
         <name>USBDBulkCompositeInit</name>
         <value>0x1549</value>
         <object_component_ref idref="oc-261"/>
      </symbol>
      <symbol id="sm-6b0">
         <name>g_sBulkInterfaceSection</name>
         <value>0x3890</value>
         <object_component_ref idref="oc-32a"/>
      </symbol>
      <symbol id="sm-6b1">
         <name>g_sBulkConfigHeaderHS</name>
         <value>0x38a8</value>
         <object_component_ref idref="oc-32a"/>
      </symbol>
      <symbol id="sm-6b2">
         <name>g_psBulkSections</name>
         <value>0x20000d34</value>
         <object_component_ref idref="oc-26d"/>
      </symbol>
      <symbol id="sm-6b3">
         <name>g_ppBulkConfigDescriptors</name>
         <value>0x38b0</value>
         <object_component_ref idref="oc-32a"/>
      </symbol>
      <symbol id="sm-6b4">
         <name>g_sBulkConfigSection</name>
         <value>0x3888</value>
         <object_component_ref idref="oc-32a"/>
      </symbol>
      <symbol id="sm-6b5">
         <name>g_ppBulkConfigDescriptorsHS</name>
         <value>0x38b4</value>
         <object_component_ref idref="oc-32a"/>
      </symbol>
      <symbol id="sm-6b6">
         <name>g_pui8BulkInterfaceHS</name>
         <value>0x38cf</value>
         <object_component_ref idref="oc-482"/>
      </symbol>
      <symbol id="sm-6b7">
         <name>USBDBulkInit</name>
         <value>0x2a05</value>
         <object_component_ref idref="oc-195"/>
      </symbol>
      <symbol id="sm-6b8">
         <name>g_psBulkSectionsHS</name>
         <value>0x20000d3c</value>
         <object_component_ref idref="oc-26d"/>
      </symbol>
      <symbol id="sm-6b9">
         <name>g_pui8BulkDeviceDescriptor</name>
         <value>0x20000d18</value>
         <object_component_ref idref="oc-26d"/>
      </symbol>
      <symbol id="sm-6ba">
         <name>g_pui8BulkInterface</name>
         <value>0x38b8</value>
         <object_component_ref idref="oc-482"/>
      </symbol>
      <symbol id="sm-6bb">
         <name>USBDBulkRxPacketAvailable</name>
         <value>0x317f</value>
         <object_component_ref idref="oc-297"/>
      </symbol>
      <symbol id="sm-6bc">
         <name>USBDBulkPacketRead</name>
         <value>0x1cc1</value>
         <object_component_ref idref="oc-291"/>
      </symbol>
      <symbol id="sm-6bd">
         <name>g_sBulkHandlers</name>
         <value>0x3858</value>
         <object_component_ref idref="oc-327"/>
      </symbol>
      <symbol id="sm-6be">
         <name>g_sBulkInterfaceSectionHS</name>
         <value>0x3898</value>
         <object_component_ref idref="oc-32a"/>
      </symbol>
      <symbol id="sm-6bf">
         <name>USBDBulkPacketWrite</name>
         <value>0x23a9</value>
         <object_component_ref idref="oc-27a"/>
      </symbol>
      <symbol id="sm-6c0">
         <name>g_pui8BulkDescriptor</name>
         <value>0x20000d2a</value>
         <object_component_ref idref="oc-26d"/>
      </symbol>
      <symbol id="sm-6c1">
         <name>g_sBulkConfigHeader</name>
         <value>0x38a0</value>
         <object_component_ref idref="oc-32a"/>
      </symbol>
      <symbol id="sm-853">
         <name>g_ppsDevInfo</name>
         <value>0x2000085c</value>
      </symbol>
      <symbol id="sm-854">
         <name>USBDCDStallEP0</name>
         <value>0x3299</value>
         <object_component_ref idref="oc-2c1"/>
      </symbol>
      <symbol id="sm-855">
         <name>USBDeviceEnumHandler</name>
         <value>0x10d9</value>
         <object_component_ref idref="oc-153"/>
      </symbol>
      <symbol id="sm-856">
         <name>USBDCDInit</name>
         <value>0x8d9</value>
         <object_component_ref idref="oc-267"/>
      </symbol>
      <symbol id="sm-857">
         <name>USBDeviceEnumResetHandler</name>
         <value>0x28a5</value>
         <object_component_ref idref="oc-12f"/>
      </symbol>
      <symbol id="sm-858">
         <name>g_psDCDInst</name>
         <value>0x20000790</value>
         <object_component_ref idref="oc-162"/>
      </symbol>
      <symbol id="sm-859">
         <name>USBDCDFeatureGet</name>
         <value>0x339d</value>
         <object_component_ref idref="oc-30f"/>
      </symbol>
      <symbol id="sm-85a">
         <name>USBDCDDeviceInfoInit</name>
         <value>0x297d</value>
         <object_component_ref idref="oc-315"/>
      </symbol>
      <symbol id="sm-85b">
         <name>USBDeviceIntHandlerInternal</name>
         <value>0xb79</value>
         <object_component_ref idref="oc-d7"/>
      </symbol>
      <symbol id="sm-85c">
         <name>USBDeviceResumeTickHandler</name>
         <value>0x25f9</value>
         <object_component_ref idref="oc-135"/>
      </symbol>
      <symbol id="sm-868">
         <name>USB0DeviceIntHandler</name>
         <value>0x336d</value>
         <object_component_ref idref="oc-4f"/>
      </symbol>
      <symbol id="sm-886">
         <name>USBDescGet</name>
         <value>0x2f0d</value>
         <object_component_ref idref="oc-72b"/>
      </symbol>
      <symbol id="sm-887">
         <name>USBDescGetNum</name>
         <value>0x2fb9</value>
         <object_component_ref idref="oc-6f1"/>
      </symbol>
      <symbol id="sm-9cc">
         <name>USBLibDMAInit</name>
         <value>0x779</value>
         <object_component_ref idref="oc-37c"/>
      </symbol>
      <symbol id="sm-9d9">
         <name>ULPIConfigSet</name>
         <value>0x2505</value>
         <object_component_ref idref="oc-352"/>
      </symbol>
      <symbol id="sm-a2a">
         <name>USBDCDConfigDescGet</name>
         <value>0x25a9</value>
         <object_component_ref idref="oc-6cb"/>
      </symbol>
      <symbol id="sm-a2b">
         <name>USBDCDConfigGetInterface</name>
         <value>0x327d</value>
         <object_component_ref idref="oc-5c4"/>
      </symbol>
      <symbol id="sm-a2c">
         <name>USBDCDConfigDescGetSize</name>
         <value>0x3307</value>
         <object_component_ref idref="oc-2ce"/>
      </symbol>
      <symbol id="sm-a2d">
         <name>USBDCDConfigGetInterfaceEndpoint</name>
         <value>0x2ba9</value>
         <object_component_ref idref="oc-6d1"/>
      </symbol>
      <symbol id="sm-a2e">
         <name>USBDCDConfigDescGetNum</name>
         <value>0x2f8f</value>
         <object_component_ref idref="oc-5be"/>
      </symbol>
      <symbol id="sm-a7b">
         <name>USBDeviceConfigAlternate</name>
         <value>0x18c9</value>
         <object_component_ref idref="oc-5ca"/>
      </symbol>
      <symbol id="sm-a7c">
         <name>USBDeviceConfig</name>
         <value>0xcc9</value>
         <object_component_ref idref="oc-5b6"/>
      </symbol>
      <symbol id="sm-ac7">
         <name>uDMAChannelControlSet</name>
         <value>0x3139</value>
         <object_component_ref idref="oc-5f7"/>
      </symbol>
      <symbol id="sm-ac8">
         <name>uDMAChannelDisable</name>
         <value>0x33fd</value>
         <object_component_ref idref="oc-611"/>
      </symbol>
      <symbol id="sm-ac9">
         <name>uDMAChannelModeGet</name>
         <value>0x305d</value>
         <object_component_ref idref="oc-636"/>
      </symbol>
      <symbol id="sm-aca">
         <name>uDMAChannelTransferSet</name>
         <value>0x19d9</value>
         <object_component_ref idref="oc-645"/>
      </symbol>
      <symbol id="sm-acb">
         <name>uDMAChannelAttributeDisable</name>
         <value>0x28ed</value>
         <object_component_ref idref="oc-604"/>
      </symbol>
      <symbol id="sm-acc">
         <name>uDMAChannelEnable</name>
         <value>0x3415</value>
         <object_component_ref idref="oc-62a"/>
      </symbol>
      <symbol id="sm-c7b">
         <name>USBLPMIntEnable</name>
         <value>0x36a9</value>
         <object_component_ref idref="oc-376"/>
      </symbol>
      <symbol id="sm-c7c">
         <name>USBEndpointDataAvail</name>
         <value>0x32b5</value>
         <object_component_ref idref="oc-3b4"/>
      </symbol>
      <symbol id="sm-c7d">
         <name>USBClockEnable</name>
         <value>0x36cd</value>
         <object_component_ref idref="oc-346"/>
      </symbol>
      <symbol id="sm-c7e">
         <name>USBDevDisconnect</name>
         <value>0x36ff</value>
         <object_component_ref idref="oc-159"/>
      </symbol>
      <symbol id="sm-c7f">
         <name>USBDevEndpointStallClear</name>
         <value>0x280f</value>
         <object_component_ref idref="oc-5a4"/>
      </symbol>
      <symbol id="sm-c80">
         <name>USBEndpointDataPut</name>
         <value>0x2c51</value>
         <object_component_ref idref="oc-2d4"/>
      </symbol>
      <symbol id="sm-c81">
         <name>USBDMAChannelIntStatus</name>
         <value>0x375f</value>
         <object_component_ref idref="oc-668"/>
      </symbol>
      <symbol id="sm-c82">
         <name>USBDevAddrSet</name>
         <value>0x377b</value>
         <object_component_ref idref="oc-1f5"/>
      </symbol>
      <symbol id="sm-c83">
         <name>USBDMAChannelCountSet</name>
         <value>0x36eb</value>
         <object_component_ref idref="oc-683"/>
      </symbol>
      <symbol id="sm-c84">
         <name>USBLPMIntStatus</name>
         <value>0x376b</value>
         <object_component_ref idref="oc-141"/>
      </symbol>
      <symbol id="sm-c85">
         <name>USBDMAChannelAddressSet</name>
         <value>0x36e1</value>
         <object_component_ref idref="oc-67d"/>
      </symbol>
      <symbol id="sm-c86">
         <name>USBULPIDisable</name>
         <value>0x365b</value>
         <object_component_ref idref="oc-358"/>
      </symbol>
      <symbol id="sm-c87">
         <name>USBIntStatusControl</name>
         <value>0x2be1</value>
         <object_component_ref idref="oc-d1"/>
      </symbol>
      <symbol id="sm-c88">
         <name>USBEndpointDMADisable</name>
         <value>0x30cd</value>
         <object_component_ref idref="oc-60a"/>
      </symbol>
      <symbol id="sm-c89">
         <name>USBDevEndpointDataAck</name>
         <value>0x2fe3</value>
         <object_component_ref idref="oc-201"/>
      </symbol>
      <symbol id="sm-c8a">
         <name>USBOTGMode</name>
         <value>0x3723</value>
         <object_component_ref idref="oc-35e"/>
      </symbol>
      <symbol id="sm-c8b">
         <name>USBDMAChannelConfigSet</name>
         <value>0x34d5</value>
         <object_component_ref idref="oc-689"/>
      </symbol>
      <symbol id="sm-c8c">
         <name>USBULPIRegRead</name>
         <value>0x3241</value>
         <object_component_ref idref="oc-48e"/>
      </symbol>
      <symbol id="sm-c8d">
         <name>USBDevMode</name>
         <value>0x3713</value>
         <object_component_ref idref="oc-364"/>
      </symbol>
      <symbol id="sm-c8e">
         <name>USBIntEnableEndpoint</name>
         <value>0x3443</value>
         <object_component_ref idref="oc-388"/>
      </symbol>
      <symbol id="sm-c8f">
         <name>USBEndpointDataGet</name>
         <value>0x2935</value>
         <object_component_ref idref="oc-1fb"/>
      </symbol>
      <symbol id="sm-c90">
         <name>USBDevEndpointStatusClear</name>
         <value>0x2349</value>
         <object_component_ref idref="oc-1ef"/>
      </symbol>
      <symbol id="sm-c91">
         <name>USBULPIEnable</name>
         <value>0x3669</value>
         <object_component_ref idref="oc-34c"/>
      </symbol>
      <symbol id="sm-c92">
         <name>USBFIFOAddrGet</name>
         <value>0x371b</value>
         <object_component_ref idref="oc-63f"/>
      </symbol>
      <symbol id="sm-c93">
         <name>USBDMAChannelStatus</name>
         <value>0x3631</value>
         <object_component_ref idref="oc-661"/>
      </symbol>
      <symbol id="sm-c94">
         <name>USBULPIRegWrite</name>
         <value>0x325f</value>
         <object_component_ref idref="oc-494"/>
      </symbol>
      <symbol id="sm-c95">
         <name>USBDMAChannelIntEnable</name>
         <value>0x3591</value>
         <object_component_ref idref="oc-66f"/>
      </symbol>
      <symbol id="sm-c96">
         <name>USBDevLPMConfig</name>
         <value>0x3765</value>
         <object_component_ref idref="oc-370"/>
      </symbol>
      <symbol id="sm-c97">
         <name>USBDevLPMEnable</name>
         <value>0x364d</value>
         <object_component_ref idref="oc-147"/>
      </symbol>
      <symbol id="sm-c98">
         <name>USBControllerVersion</name>
         <value>0x36d7</value>
         <object_component_ref idref="oc-4a2"/>
      </symbol>
      <symbol id="sm-c99">
         <name>USBFIFOConfigSet</name>
         <value>0x2afd</value>
         <object_component_ref idref="oc-6e9"/>
      </symbol>
      <symbol id="sm-c9a">
         <name>USBEndpointDMAEnable</name>
         <value>0x30f1</value>
         <object_component_ref idref="oc-624"/>
      </symbol>
      <symbol id="sm-c9b">
         <name>USBDevLPMDisable</name>
         <value>0x363f</value>
         <object_component_ref idref="oc-36a"/>
      </symbol>
      <symbol id="sm-c9c">
         <name>USBEndpointDataSend</name>
         <value>0x2cf1</value>
         <object_component_ref idref="oc-2da"/>
      </symbol>
      <symbol id="sm-c9d">
         <name>USBIntStatusEndpoint</name>
         <value>0x3709</value>
         <object_component_ref idref="oc-14d"/>
      </symbol>
      <symbol id="sm-c9e">
         <name>USBEndpointStatus</name>
         <value>0x35e5</value>
         <object_component_ref idref="oc-1e9"/>
      </symbol>
      <symbol id="sm-c9f">
         <name>USBEndpointPacketCountSet</name>
         <value>0x369d</value>
         <object_component_ref idref="oc-64b"/>
      </symbol>
      <symbol id="sm-ca0">
         <name>USBDMAChannelIntDisable</name>
         <value>0x357f</value>
         <object_component_ref idref="oc-676"/>
      </symbol>
      <symbol id="sm-ca1">
         <name>USBEndpointDMAConfigSet</name>
         <value>0x26e1</value>
         <object_component_ref idref="oc-651"/>
      </symbol>
      <symbol id="sm-ca2">
         <name>USBDevEndpointStall</name>
         <value>0x2dbd</value>
         <object_component_ref idref="oc-3f1"/>
      </symbol>
      <symbol id="sm-ca3">
         <name>USBDevConnect</name>
         <value>0x36f5</value>
         <object_component_ref idref="oc-38e"/>
      </symbol>
      <symbol id="sm-ca4">
         <name>USBDevEndpointConfigSet</name>
         <value>0x1add</value>
         <object_component_ref idref="oc-6dd"/>
      </symbol>
      <symbol id="sm-ca5">
         <name>USBDMAChannelDisable</name>
         <value>0x355b</value>
         <object_component_ref idref="oc-65a"/>
      </symbol>
      <symbol id="sm-ca6">
         <name>USBDMAChannelEnable</name>
         <value>0x356d</value>
         <object_component_ref idref="oc-68f"/>
      </symbol>
      <symbol id="sm-ca7">
         <name>USBHostResume</name>
         <value>0x34e9</value>
         <object_component_ref idref="oc-1da"/>
      </symbol>
      <symbol id="sm-ca8">
         <name>USBIntEnableControl</name>
         <value>0x3035</value>
         <object_component_ref idref="oc-382"/>
      </symbol>
      <symbol id="sm-ca9">
         <name>USBEndpointDMAChannel</name>
         <value>0x3321</value>
         <object_component_ref idref="oc-5fe"/>
      </symbol>
      <symbol id="sm-caa">
         <name>__TI_static_base__</name>
         <value>0x0</value>
      </symbol>
      <symbol id="sm-cad">
         <name>SHT$$INIT_ARRAY$$Limit</name>
         <value>0x0</value>
      </symbol>
      <symbol id="sm-cae">
         <name>SHT$$INIT_ARRAY$$Base</name>
         <value>0x0</value>
      </symbol>
   </symbol_table>
   <title>Link successful</title>
</link_info>
