******************************************************************************
                  TI ARM Linker Unix v16.9.0                   
******************************************************************************
>> Linked Mon Mar 27 15:50:57 2017

OUTPUT FILE NAME:   <usb_tx_dev_bulk.out>
ENTRY POINT SYMBOL: "_c_int00"  address: 00001529


MEMORY CONFIGURATION

         name            origin    length      used     unused   attr    fill
----------------------  --------  ---------  --------  --------  ----  --------
  FLASH                 00000000   00040000  00001e4c  0003e1b4  R  X
  SRAM                  20000000   00008000  000011a8  00006e58  RW X


SEGMENT ALLOCATION MAP

run origin  load origin   length   init length attrs members
----------  ----------- ---------- ----------- ----- -------
00000000    00000000    00001e50   00001e50    r-x
  00000000    00000000    0000026c   0000026c    r-- .intvecs
  0000026c    0000026c    00001b50   00001b50    r-x .text
  00001dbc    00001dbc    00000040   00000040    r-- .const
  00001e00    00001e00    00000050   00000050    r-- .cinit
20000000    20000000    000011a8   00000000    rw-
  20000000    20000000    00000d4c   00000000    rw- .bss
  20000d4c    20000d4c    00000400   00000000    rw- .stack
  2000114c    2000114c    0000005c   00000000    rw- .data


SECTION ALLOCATION MAP

 output                                  attributes/
section   page    origin      length       input sections
--------  ----  ----------  ----------   ----------------
.intvecs   0    00000000    0000026c     
                  00000000    0000026c     startup_ccs.obj (.intvecs)

.text      0    0000026c    00001b50     
                  0000026c    00000160     uartstdio.obj (.text:UARTStdioIntHandler)
                  000003cc    00000150     usblib.lib : usbdenum.obj (.text:USBDEP0StateTxConfig)
                  0000051c    00000150                : usbdenum.obj (.text:USBDeviceIntHandlerInternal)
                  0000066c    00000148                : usbdconfig.obj (.text:USBDeviceConfig)
                  000007b4    00000132     driverlib.lib : gpio.obj (.text:GPIOPadConfigSet)
                  000008e6    00000002     startup_ccs.obj (.text:FaultISR)
                  000008e8    000000f4     driverlib.lib : sysctl.obj (.text:SysCtlClockSet)
                  000009dc    000000e4     usblib.lib : usbdenum.obj (.text:USBDGetDescriptor)
                  00000ac0    000000d8                : usbdenum.obj (.text:USBDeviceEnumHandler)
                  00000b98    000000a8     uartstdio.obj (.text:UARTwrite)
                  00000c40    0000009c     rtsv7M4_T_le_v4SPD16_eabi.lib : memcpy_t2.obj (.text)
                  00000cdc    00000098     usblib.lib : usbdenum.obj (.text:USBDSetInterface)
                  00000d74    00000094     tx_direct_buffer.obj (.text:main)
                  00000e08    00000090     usblib.lib : usbdenum.obj (.text:USBDSetConfiguration)
                  00000e98    0000008c     uartstdio.obj (.text:UARTPrimeTransmit)
                  00000f24    0000008c     usblib.lib : usbdconfig.obj (.text:USBDeviceConfigAlternate)
                  00000fb0    00000080                : usbdenum.obj (.text:USBDClearFeature)
                  00001030    0000007a     driverlib.lib : usb.obj (.text:USBDevEndpointConfigSet)
                  000010aa    0000007a     rtsv7M4_T_le_v4SPD16_eabi.lib : memset_t2.obj (.text)
                  00001124    00000078     usblib.lib : usbdenum.obj (.text:USBDGetStatus)
                  0000119c    00000070                : usbdenum.obj (.text:USBDEP0StateTx)
                  0000120c    00000070     rtsv7M4_T_le_v4SPD16_eabi.lib : autoinit.obj (.text)
                  0000127c    0000006c     usblib.lib : usbdenum.obj (.text:USBDSetFeature)
                  000012e8    00000068     rtsv7M4_T_le_v4SPD16_eabi.lib : copy_decompress_lzss.obj (.text:decompress:lzss)
                  00001350    00000064     tx_direct_buffer.obj (.text:send_data)
                  000013b4    00000060     usblib.lib : usbdenum.obj (.text:USBDReadAndDispatchRequest)
                  00001414    0000005e     driverlib.lib : usb.obj (.text:USBDevEndpointStatusClear)
                  00001472    00000002     startup_ccs.obj (.text:IntDefaultHandler)
                  00001474    0000005c     tx_direct_buffer.obj (.text:config_GPIO)
                  000014d0    00000056     driverlib.lib : gpio.obj (.text:GPIOIntTypeSet)
                  00001526    00000002     startup_ccs.obj (.text:NmiSR)
                  00001528    00000054     rtsv7M4_T_le_v4SPD16_eabi.lib : boot.obj (.text)
                  0000157c    00000054                                   : exit.obj (.text)
                  000015d0    00000050     usblib.lib : usbdcdesc.obj (.text:USBDCDConfigDescGet)
                  00001620    00000050                : usbdenum.obj (.text:USBDeviceResumeTickHandler)
                  00001670    0000004c                : usbdconfig.obj (.text:GetEPDescriptorType)
                  000016bc    0000004c                : usbdenum.obj (.text:USBDStringIndexFromRequest)
                  00001708    0000004c     rtsv7M4_T_le_v4SPD16_eabi.lib : cpy_tbl.obj (.text)
                  00001754    0000004a     usblib.lib : usbdcdesc.obj (.text:ConfigAlternateInterfaceGet)
                  0000179e    0000004a     driverlib.lib : usb.obj (.text:USBDevEndpointStallClear)
                  000017e8    00000048     usblib.lib : usbdenum.obj (.text:USBDeviceEnumResetHandler)
                  00001830    00000046     driverlib.lib : usb.obj (.text:USBEndpointDataGet)
                  00001876    00000002     rtsv7M4_T_le_v4SPD16_eabi.lib : mpu_init.obj (.text)
                  00001878    00000044     usblib.lib : usbdenum.obj (.text:USBDGetInterface)
                  000018bc    0000003a     driverlib.lib : usb.obj (.text:USBFIFOConfigSet)
                  000018f6    00000002     rtsv7M4_T_le_v4SPD16_eabi.lib : startup.obj (.text)
                  000018f8    00000038     usblib.lib : usbtick.obj (.text:InternalUSBStartOfFrameTick)
                  00001930    00000038                : usbdcdesc.obj (.text:USBDCDConfigGetInterfaceEndpoint)
                  00001968    00000038     driverlib.lib : usb.obj (.text:USBIntStatusControl)
                  000019a0    00000036                   : usb.obj (.text:USBEndpointDataPut)
                  000019d6    00000002     --HOLE-- [fill = 0]
                  000019d8    00000034                   : sysctl.obj (.text:SysCtlPeripheralEnable)
                  00001a0c    00000034                   : usb.obj (.text:USBEndpointDataSend)
                  00001a40    00000032     usblib.lib : usbdcdesc.obj (.text:NextConfigDescGet)
                  00001a72    00000032     driverlib.lib : usb.obj (.text:USBDevEndpointStall)
                  00001aa4    00000030     usblib.lib : usbdenum.obj (.text:USBDGetConfiguration)
                  00001ad4    0000002c                : usbdesc.obj (.text:USBDescGet)
                  00001b00    0000002a     driverlib.lib : gpio.obj (.text:GPIODirModeSet)
                  00001b2a    0000002a     usblib.lib : usbdcdesc.obj (.text:USBDCDConfigDescGetNum)
                  00001b54    0000002a                : usbdesc.obj (.text:USBDescGetNum)
                  00001b7e    0000002a     driverlib.lib : usb.obj (.text:USBDevEndpointDataAck)
                  00001ba8    00000028     usblib.lib : usbdenum.obj (.text:USBDSetAddress)
                  00001bd0    00000020                : usbdconfig.obj (.text:GetEndpointFIFOSize)
                  00001bf0    0000001c                : usbdcdesc.obj (.text:USBDCDConfigGetInterface)
                  00001c0c    0000001c                : usbdenum.obj (.text:USBDCDStallEP0)
                  00001c28    0000001a                : usbdcdesc.obj (.text:USBDCDConfigDescGetSize)
                  00001c42    00000018     driverlib.lib : gpio.obj (.text:GPIOPinTypeGPIOOutput)
                  00001c5a    00000018     uartstdio.obj (.text:IsBufferFull)
                  00001c72    00000002     --HOLE-- [fill = 0]
                  00001c74    00000018     usblib.lib : usbdhandler.obj (.text:USB0DeviceIntHandler)
                  00001c8c    00000018                : usbdenum.obj (.text:USBDSetDescriptor)
                  00001ca4    00000018                : usbdenum.obj (.text:USBDSyncFrame)
                  00001cbc    00000018     rtsv7M4_T_le_v4SPD16_eabi.lib : args_main.obj (.text)
                  00001cd4    00000014     driverlib.lib : usb.obj (.text:USBHostResume)
                  00001ce8    00000014                   : usb.obj (.text:_USBIndexWrite)
                  00001cfc    00000014     rtsv7M4_T_le_v4SPD16_eabi.lib : _lock.obj (.text)
                  00001d10    00000012     driverlib.lib : gpio.obj (.text:GPIOPinTypeGPIOInput)
                  00001d22    00000010                   : usb.obj (.text:USBEndpointStatus)
                  00001d32    0000000e                   : gpio.obj (.text:GPIOIntDisable)
                  00001d40    0000000e     uartstdio.obj (.text:IsBufferEmpty)
                  00001d4e    0000000e     driverlib.lib : usb.obj (.text:USBDevLPMEnable)
                  00001d5c    0000000e     rtsv7M4_T_le_v4SPD16_eabi.lib : copy_decompress_none.obj (.text:decompress:none)
                  00001d6a    0000000c     driverlib.lib : gpio.obj (.text:GPIOIntEnable)
                  00001d76    0000000c     rtsv7M4_T_le_v4SPD16_eabi.lib : copy_zero_init.obj (.text:decompress:ZI)
                  00001d82    0000000a     driverlib.lib : usb.obj (.text:USBDevDisconnect)
                  00001d8c    0000000a                   : usb.obj (.text:USBIntStatusEndpoint)
                  00001d96    00000006                   : gpio.obj (.text:GPIOIntClear)
                  00001d9c    00000006                   : gpio.obj (.text:GPIOPinWrite)
                  00001da2    00000006     startup_ccs.obj (.text:ResetISR)
                  00001da8    00000006     driverlib.lib : sysctl.obj (.text:SysCtlDelay)
                  00001dae    00000006                   : usb.obj (.text:USBLPMIntStatus)
                  00001db4    00000004                   : usb.obj (.text:USBDevAddrSet)
                  00001db8    00000004     rtsv7M4_T_le_v4SPD16_eabi.lib : pre_init.obj (.text)

.const     0    00001dbc    00000040     
                  00001dbc    00000034     usblib.lib : usbdenum.obj (.const:g_psUSBDStdRequests)
                  00001df0    0000000c     uartstdio.obj (.const:g_ui32UARTInt)

.cinit     0    00001e00    00000050     
                  00001e00    00000026     (.cinit..data.load) [load image, compression = lzss]
                  00001e26    00000002     --HOLE-- [fill = 0]
                  00001e28    0000000c     (__TI_handler_table)
                  00001e34    00000004     --HOLE-- [fill = 0]
                  00001e38    00000008     (.cinit..bss.load) [load image, compression = zero_init]
                  00001e40    00000010     (__TI_cinit_table)

.init_array 
*          0    00000000    00000000     UNINITIALIZED

.bss       0    20000000    00000d4c     UNINITIALIZED
                  20000000    00000800     (.common:data_to_tx)
                  20000800    00000400     uartstdio.obj (.bss:g_pcUARTTxBuffer)
                  20000c00    00000080     uartstdio.obj (.bss:g_pcUARTRxBuffer)
                  20000c80    00000050     usblib.lib : usbdenum.obj (.bss:g_psDCDInst)
                  20000cd0    00000040                : usbdenum.obj (.bss:g_pui8DataBufferIn)
                  20000d10    00000018     (.common:g_pfnTickHandlers)
                  20000d28    00000018     (.common:g_pvTickInstance)
                  20000d40    00000008     uartstdio.obj (.bss)
                  20000d48    00000004     (.common:g_ppsDevInfo)

.data      0    2000114c    0000005c     UNINITIALIZED
                  2000114c    00000016     tx_direct_buffer.obj (.data)
                  20001162    00000002     --HOLE--
                  20001164    00000015     uartstdio.obj (.data)
                  20001179    00000003     --HOLE--
                  2000117c    0000000c     rtsv7M4_T_le_v4SPD16_eabi.lib : exit.obj (.data:$O1$$)
                  20001188    0000000c     usblib.lib : usbtick.obj (.data)
                  20001194    00000008     rtsv7M4_T_le_v4SPD16_eabi.lib : _lock.obj (.data:$O1$$)
                  2000119c    00000008     usblib.lib : usbdenum.obj (.data)
                  200011a4    00000004     rtsv7M4_T_le_v4SPD16_eabi.lib : stkdepth_vars.obj (.data)

.stack     0    20000d4c    00000400     UNINITIALIZED
                  20000d4c    00000400     --HOLE--

MODULE SUMMARY

       Module                     code   ro data   rw data
       ------                     ----   -------   -------
    ./
       tx_direct_buffer.obj       340    0         2070   
       startup_ccs.obj            12     620       0      
    +--+--------------------------+------+---------+---------+
       Total:                     352    620       2070   
                                                          
    ./utils/
       uartstdio.obj              698    12        1181   
    +--+--------------------------+------+---------+---------+
       Total:                     698    12        1181   
                                                          
    /home/arktheshadow/ti/SW-EK-TM4C123GXL-2.1.3.156/driverlib/ccs/Debug/driverlib.lib
       usb.obj                    772    0         0      
       gpio.obj                   514    0         0      
       sysctl.obj                 302    0         0      
    +--+--------------------------+------+---------+---------+
       Total:                     1588   0         0      
                                                          
    /home/arktheshadow/ti/SW-EK-TM4C123GXL-2.1.3.156/usblib/ccs/Debug/usblib.lib
       usbdenum.obj               2436   52        156    
       usbdconfig.obj             576    0         0      
       usbdcdesc.obj              356    0         0      
       usbtick.obj                56     0         60     
       usbdesc.obj                86     0         0      
       usbdhandler.obj            24     0         0      
    +--+--------------------------+------+---------+---------+
       Total:                     3534   52        216    
                                                          
    /home/arktheshadow/ti/ccsv7/tools/compiler/ti-cgt-arm_16.9.0.LTS/lib/rtsv7M4_T_le_v4SPD16_eabi.lib
       memcpy_t2.obj              156    0         0      
       memset_t2.obj              122    0         0      
       autoinit.obj               112    0         0      
       copy_decompress_lzss.obj   104    0         0      
       exit.obj                   84     0         12     
       boot.obj                   84     0         0      
       cpy_tbl.obj                76     0         0      
       _lock.obj                  20     0         8      
       args_main.obj              24     0         0      
       copy_decompress_none.obj   14     0         0      
       copy_zero_init.obj         12     0         0      
       pre_init.obj               4      0         0      
       stkdepth_vars.obj          0      0         4      
       mpu_init.obj               2      0         0      
       startup.obj                2      0         0      
    +--+--------------------------+------+---------+---------+
       Total:                     816    0         24     
                                                          
       Stack:                     0      0         1024   
       Linker Generated:          0      74        0      
    +--+--------------------------+------+---------+---------+
       Grand Total:               6988   758       4515   


LINKER GENERATED COPY TABLES

__TI_cinit_table @ 00001e40 records: 2, size/record: 8, table size: 16
	.data: load addr=00001e00, load size=00000026 bytes, run addr=2000114c, run size=0000005c bytes, compression=lzss
	.bss: load addr=00001e38, load size=00000008 bytes, run addr=20000000, run size=00000d4c bytes, compression=zero_init


LINKER GENERATED HANDLER TABLE

__TI_handler_table @ 00001e28 records: 3, size/record: 4, table size: 12
	index: 0, handler: __TI_decompress_lzss
	index: 1, handler: __TI_decompress_none
	index: 2, handler: __TI_zero_init


GLOBAL SYMBOLS: SORTED ALPHABETICALLY BY Name 

address   name                            
-------   ----                            
0000157d  C$$EXIT                         
00001b01  GPIODirModeSet                  
00001d97  GPIOIntClear                    
00001d33  GPIOIntDisable                  
00001d6b  GPIOIntEnable                   
000014d1  GPIOIntTypeSet                  
000007b5  GPIOPadConfigSet                
00001d11  GPIOPinTypeGPIOInput            
00001c43  GPIOPinTypeGPIOOutput           
00001d9d  GPIOPinWrite                    
000018f9  InternalUSBStartOfFrameTick     
00001da3  ResetISR                        
UNDEFED   SHT$$INIT_ARRAY$$Base           
UNDEFED   SHT$$INIT_ARRAY$$Limit          
000008e9  SysCtlClockSet                  
00001da9  SysCtlDelay                     
000019d9  SysCtlPeripheralEnable          
0000026d  UARTStdioIntHandler             
00000b99  UARTwrite                       
00001c75  USB0DeviceIntHandler            
000015d1  USBDCDConfigDescGet             
00001b2b  USBDCDConfigDescGetNum          
00001c29  USBDCDConfigDescGetSize         
00001bf1  USBDCDConfigGetInterface        
00001931  USBDCDConfigGetInterfaceEndpoint
00001c0d  USBDCDStallEP0                  
00001ad5  USBDescGet                      
00001b55  USBDescGetNum                   
00001db5  USBDevAddrSet                   
00001d83  USBDevDisconnect                
00001031  USBDevEndpointConfigSet         
00001b7f  USBDevEndpointDataAck           
00001a73  USBDevEndpointStall             
0000179f  USBDevEndpointStallClear        
00001415  USBDevEndpointStatusClear       
00001d4f  USBDevLPMEnable                 
0000066d  USBDeviceConfig                 
00000f25  USBDeviceConfigAlternate        
00000ac1  USBDeviceEnumHandler            
000017e9  USBDeviceEnumResetHandler       
0000051d  USBDeviceIntHandlerInternal     
00001621  USBDeviceResumeTickHandler      
00001831  USBEndpointDataGet              
000019a1  USBEndpointDataPut              
00001a0d  USBEndpointDataSend             
00001d23  USBEndpointStatus               
000018bd  USBFIFOConfigSet                
00001cd5  USBHostResume                   
00001969  USBIntStatusControl             
00001d8d  USBIntStatusEndpoint            
00001daf  USBLPMIntStatus                 
2000114c  __STACK_END                     
00000400  __STACK_SIZE                    
2000114c  __STACK_TOP                     
00001e40  __TI_CINIT_Base                 
00001e50  __TI_CINIT_Limit                
00001e28  __TI_Handler_Table_Base         
00001e34  __TI_Handler_Table_Limit        
0000120d  __TI_auto_init                  
2000117c  __TI_cleanup_ptr                
000012e9  __TI_decompress_lzss            
00001d5d  __TI_decompress_none            
20001180  __TI_dtors_ptr                  
20001184  __TI_enable_exit_profile_output 
ffffffff  __TI_pprof_out_hndl             
ffffffff  __TI_prof_data_size             
ffffffff  __TI_prof_data_start            
00000000  __TI_static_base__              
00001d77  __TI_zero_init                  
000010ab  __aeabi_memclr                  
000010ab  __aeabi_memclr4                 
000010ab  __aeabi_memclr8                 
00000c41  __aeabi_memcpy                  
00000c41  __aeabi_memcpy4                 
00000c41  __aeabi_memcpy8                 
000010ad  __aeabi_memset                  
000010ad  __aeabi_memset4                 
000010ad  __aeabi_memset8                 
ffffffff  __binit__                       
ffffffff  __c_args__                      
00001877  __mpu_init                      
20000d4c  __stack                         
00001cbd  _args_main                      
00001529  _c_int00                        
20001194  _lock                           
00001d0b  _nop                            
00001d03  _register_lock                  
00001cfd  _register_unlock                
000018f7  _system_post_cinit              
00001db9  _system_pre_init                
20001198  _unlock                         
00001581  abort                           
ffffffff  binit                           
20001161  byte_test                       
20001158  cl_delay                        
20001160  clk                             
00001475  config_GPIO                     
00001709  copy_in                         
2000114c  data_buff_size                  
20000000  data_to_tx                      
00001589  exit                            
20001188  g_bUSBTimerInitialized          
20000d10  g_pfnTickHandlers               
00000000  g_pfnVectors                    
20000d48  g_ppsDevInfo                    
20000c80  g_psDCDInst                     
20000d28  g_pvTickInstance                
2000118c  g_ui32CurrentUSBTick            
20001190  g_ui32USBSOFCount               
00000d75  main                            
200011a4  main_func_sp                    
00000c41  memcpy                          
000010b3  memset                          
2000115c  n_bits_tx                       
00001351  send_data                       
20001154  tx_back                         
20001150  tx_front                        


GLOBAL SYMBOLS: SORTED BY Symbol Address 

address   name                            
-------   ----                            
00000000  __TI_static_base__              
00000000  g_pfnVectors                    
0000026d  UARTStdioIntHandler             
00000400  __STACK_SIZE                    
0000051d  USBDeviceIntHandlerInternal     
0000066d  USBDeviceConfig                 
000007b5  GPIOPadConfigSet                
000008e9  SysCtlClockSet                  
00000ac1  USBDeviceEnumHandler            
00000b99  UARTwrite                       
00000c41  __aeabi_memcpy                  
00000c41  __aeabi_memcpy4                 
00000c41  __aeabi_memcpy8                 
00000c41  memcpy                          
00000d75  main                            
00000f25  USBDeviceConfigAlternate        
00001031  USBDevEndpointConfigSet         
000010ab  __aeabi_memclr                  
000010ab  __aeabi_memclr4                 
000010ab  __aeabi_memclr8                 
000010ad  __aeabi_memset                  
000010ad  __aeabi_memset4                 
000010ad  __aeabi_memset8                 
000010b3  memset                          
0000120d  __TI_auto_init                  
000012e9  __TI_decompress_lzss            
00001351  send_data                       
00001415  USBDevEndpointStatusClear       
00001475  config_GPIO                     
000014d1  GPIOIntTypeSet                  
00001529  _c_int00                        
0000157d  C$$EXIT                         
00001581  abort                           
00001589  exit                            
000015d1  USBDCDConfigDescGet             
00001621  USBDeviceResumeTickHandler      
00001709  copy_in                         
0000179f  USBDevEndpointStallClear        
000017e9  USBDeviceEnumResetHandler       
00001831  USBEndpointDataGet              
00001877  __mpu_init                      
000018bd  USBFIFOConfigSet                
000018f7  _system_post_cinit              
000018f9  InternalUSBStartOfFrameTick     
00001931  USBDCDConfigGetInterfaceEndpoint
00001969  USBIntStatusControl             
000019a1  USBEndpointDataPut              
000019d9  SysCtlPeripheralEnable          
00001a0d  USBEndpointDataSend             
00001a73  USBDevEndpointStall             
00001ad5  USBDescGet                      
00001b01  GPIODirModeSet                  
00001b2b  USBDCDConfigDescGetNum          
00001b55  USBDescGetNum                   
00001b7f  USBDevEndpointDataAck           
00001bf1  USBDCDConfigGetInterface        
00001c0d  USBDCDStallEP0                  
00001c29  USBDCDConfigDescGetSize         
00001c43  GPIOPinTypeGPIOOutput           
00001c75  USB0DeviceIntHandler            
00001cbd  _args_main                      
00001cd5  USBHostResume                   
00001cfd  _register_unlock                
00001d03  _register_lock                  
00001d0b  _nop                            
00001d11  GPIOPinTypeGPIOInput            
00001d23  USBEndpointStatus               
00001d33  GPIOIntDisable                  
00001d4f  USBDevLPMEnable                 
00001d5d  __TI_decompress_none            
00001d6b  GPIOIntEnable                   
00001d77  __TI_zero_init                  
00001d83  USBDevDisconnect                
00001d8d  USBIntStatusEndpoint            
00001d97  GPIOIntClear                    
00001d9d  GPIOPinWrite                    
00001da3  ResetISR                        
00001da9  SysCtlDelay                     
00001daf  USBLPMIntStatus                 
00001db5  USBDevAddrSet                   
00001db9  _system_pre_init                
00001e28  __TI_Handler_Table_Base         
00001e34  __TI_Handler_Table_Limit        
00001e40  __TI_CINIT_Base                 
00001e50  __TI_CINIT_Limit                
20000000  data_to_tx                      
20000c80  g_psDCDInst                     
20000d10  g_pfnTickHandlers               
20000d28  g_pvTickInstance                
20000d48  g_ppsDevInfo                    
20000d4c  __stack                         
2000114c  __STACK_END                     
2000114c  __STACK_TOP                     
2000114c  data_buff_size                  
20001150  tx_front                        
20001154  tx_back                         
20001158  cl_delay                        
2000115c  n_bits_tx                       
20001160  clk                             
20001161  byte_test                       
2000117c  __TI_cleanup_ptr                
20001180  __TI_dtors_ptr                  
20001184  __TI_enable_exit_profile_output 
20001188  g_bUSBTimerInitialized          
2000118c  g_ui32CurrentUSBTick            
20001190  g_ui32USBSOFCount               
20001194  _lock                           
20001198  _unlock                         
200011a4  main_func_sp                    
ffffffff  __TI_pprof_out_hndl             
ffffffff  __TI_prof_data_size             
ffffffff  __TI_prof_data_start            
ffffffff  __binit__                       
ffffffff  __c_args__                      
ffffffff  binit                           
UNDEFED   SHT$$INIT_ARRAY$$Base           
UNDEFED   SHT$$INIT_ARRAY$$Limit          

[117 symbols]
