******************************************************************************
                  TI ARM Linker Unix v16.9.0                   
******************************************************************************
>> Linked Thu Mar 23 14:24:59 2017

OUTPUT FILE NAME:   <usb_tx_dev_bulk.out>
ENTRY POINT SYMBOL: "_c_int00"  address: 000022e1


MEMORY CONFIGURATION

         name            origin    length      used     unused   attr    fill
----------------------  --------  ---------  --------  --------  ----  --------
  FLASH                 00000000   00040000  00003950  0003c6b0  R  X
  SRAM                  20000000   00008000  00000ed0  00007130  RW X


SEGMENT ALLOCATION MAP

run origin  load origin   length   init length attrs members
----------  ----------- ---------- ----------- ----- -------
00000000    00000000    00003950   00003950    r-x
  00000000    00000000    0000026c   0000026c    r-- .intvecs
  0000026c    0000026c    000033f0   000033f0    r-x .text
  0000365c    0000365c    0000022c   0000022c    r-- .const
  00003888    00003888    000000c8   000000c8    r-- .cinit
20000000    20000000    00000ed0   00000000    rw-
  20000000    20000000    0000096c   00000000    rw- .bss
  2000096c    2000096c    00000400   00000000    rw- .stack
  20000d6c    20000d6c    00000164   00000000    rw- .data


SECTION ALLOCATION MAP

 output                                  attributes/
section   page    origin      length       input sections
--------  ----  ----------  ----------   ----------------
.intvecs   0    00000000    0000026c     
                  00000000    0000026c     startup_ccs.obj (.intvecs)

.text      0    0000026c    000033f0     
                  0000026c    000001ea     uartstdio.obj (.text:UARTvprintf)
                  00000456    00000002     startup_ccs.obj (.text:FaultISR)
                  00000458    00000160     uartstdio.obj (.text:UARTStdioIntHandler)
                  000005b8    00000160     usblib.lib : usbdma.obj (.text:USBLibDMAInit)
                  00000718    00000150                : usbdenum.obj (.text:USBDCDInit)
                  00000868    00000150                : usbdenum.obj (.text:USBDEP0StateTxConfig)
                  000009b8    00000150                : usbdenum.obj (.text:USBDeviceIntHandlerInternal)
                  00000b08    00000148                : usbdconfig.obj (.text:USBDeviceConfig)
                  00000c50    00000118     tx_data_over_usb.obj (.text:main)
                  00000d68    000000f4     usblib.lib : usbdma.obj (.text:iDMAUSBTransfer)
                  00000e5c    000000e4                : usbdenum.obj (.text:USBDGetDescriptor)
                  00000f40    000000d8                : usbdenum.obj (.text:USBDeviceEnumHandler)
                  00001018    000000c4                : usbdma.obj (.text:uDMAUSBChannelAllocate)
                  000010dc    000000be                : usbbuffer.obj (.text:HandleRxAvailable)
                  0000119a    000000bc                : usbdma.obj (.text:uDMAUSBTransfer)
                  00001256    00000002     startup_ccs.obj (.text:IntDefaultHandler)
                  00001258    000000b0     uartstdio.obj (.text:UARTStdioConfig)
                  00001308    000000a8     uartstdio.obj (.text:UARTwrite)
                  000013b0    0000009c     usblib.lib : usbdbulk.obj (.text:USBDBulkCompositeInit)
                  0000144c    0000009c     rtsv7M4_T_le_v4SPD16_eabi.lib : memcpy_t2.obj (.text)
                  000014e8    00000098     usblib.lib : usbdenum.obj (.text:USBDSetInterface)
                  00001580    00000094     tx_data_over_usb.obj (.text:RxHandler)
                  00001614    00000092     usblib.lib : usbbuffer.obj (.text:ScheduleNextTransmission)
                  000016a6    00000002     startup_ccs.obj (.text:NmiSR)
                  000016a8    00000090     usblib.lib : usbdenum.obj (.text:USBDSetConfiguration)
                  00001738    0000008c     uartstdio.obj (.text:UARTPrimeTransmit)
                  000017c4    0000008c     usblib.lib : usbdconfig.obj (.text:USBDeviceConfigAlternate)
                  00001850    00000084                : usbdma.obj (.text:iDMAUSBChannelAllocate)
                  000018d4    00000084     driverlib.lib : udma.obj (.text:uDMAChannelTransferSet)
                  00001958    00000080     usblib.lib : usbdenum.obj (.text:USBDClearFeature)
                  000019d8    0000007a     driverlib.lib : usb.obj (.text:USBDevEndpointConfigSet)
                  00001a52    0000007a     rtsv7M4_T_le_v4SPD16_eabi.lib : memset_t2.obj (.text)
                  00001acc    00000078     usblib.lib : usbdenum.obj (.text:USBDGetStatus)
                  00001b44    00000072                : usbdbulk.obj (.text:USBDBulkPacketRead)
                  00001bb6    00000002                : usbdma.obj (.text:iDMAUSBArbSizeSet)
                  00001bb8    00000070                : usbdenum.obj (.text:USBDEP0StateTx)
                  00001c28    00000070     rtsv7M4_T_le_v4SPD16_eabi.lib : autoinit.obj (.text)
                  00001c98    00000070     usblib.lib : usbdma.obj (.text:uDMAUSBArbSizeSet)
                  00001d08    00000070                : usbdma.obj (.text:uDMAUSBUnitSizeSet)
                  00001d78    0000006c                : usbdenum.obj (.text:USBDSetFeature)
                  00001de4    00000068     driverlib.lib : interrupt.obj (.text:IntDisable)
                  00001e4c    00000068                   : interrupt.obj (.text:IntEnable)
                  00001eb4    00000068     rtsv7M4_T_le_v4SPD16_eabi.lib : copy_decompress_lzss.obj (.text:decompress:lzss)
                  00001f1c    00000064     tx_data_over_usb.obj (.text:ConfigureUART)
                  00001f80    00000064     driverlib.lib : interrupt.obj (.text:IntIsEnabled)
                  00001fe4    00000064     usblib.lib : usbbuffer.obj (.text:USBBufferEventCallback)
                  00002048    00000064                : usbdma.obj (.text:uDMAUSBChannelEnable)
                  000020ac    00000060                : usbdbulk.obj (.text:HandleDevice)
                  0000210c    00000060                : usbdbulk.obj (.text:ProcessDataFromHost)
                  0000216c    00000060                : usbdenum.obj (.text:USBDReadAndDispatchRequest)
                  000021cc    0000005e     driverlib.lib : usb.obj (.text:USBDevEndpointStatusClear)
                  0000222a    00000002     usblib.lib : usbdma.obj (.text:iDMAUSBUnitSizeSet)
                  0000222c    0000005c                : usbdbulk.obj (.text:USBDBulkPacketWrite)
                  00002288    00000056                : usbdma.obj (.text:uDMAUSBChannelRelease)
                  000022de    00000002     rtsv7M4_T_le_v4SPD16_eabi.lib : i_div0.obj (.text)
                  000022e0    00000054                                   : boot.obj (.text)
                  00002334    00000054                                   : exit.obj (.text)
                  00002388    00000054     tx_data_over_usb.obj (.text:send_data2)
                  000023dc    00000052     usblib.lib : usbulpi.obj (.text:ULPIConfigSet)
                  0000242e    00000002     rtsv7M4_T_le_v4SPD16_eabi.lib : mpu_init.obj (.text)
                  00002430    00000050     driverlib.lib : sysctl.obj (.text:SysCtlPeripheralReset)
                  00002480    00000050     usblib.lib : usbdcdesc.obj (.text:USBDCDConfigDescGet)
                  000024d0    00000050                : usbdenum.obj (.text:USBDeviceResumeTickHandler)
                  00002520    0000004c                : usbdconfig.obj (.text:GetEPDescriptorType)
                  0000256c    0000004c                : usbdenum.obj (.text:USBDStringIndexFromRequest)
                  000025b8    0000004c     driverlib.lib : usb.obj (.text:USBEndpointDMAConfigSet)
                  00002604    0000004c     usblib.lib : usbdma.obj (.text:iDMAUSBChannelEnable)
                  00002650    0000004c     rtsv7M4_T_le_v4SPD16_eabi.lib : cpy_tbl.obj (.text)
                  0000269c    0000004a     usblib.lib : usbdcdesc.obj (.text:ConfigAlternateInterfaceGet)
                  000026e6    0000004a     driverlib.lib : usb.obj (.text:USBDevEndpointStallClear)
                  00002730    0000004a     usblib.lib : usbdma.obj (.text:uDMAUSBChannelDisable)
                  0000277a    00000002     rtsv7M4_T_le_v4SPD16_eabi.lib : startup.obj (.text)
                  0000277c    00000048     usblib.lib : usbdenum.obj (.text:USBDeviceEnumResetHandler)
                  000027c4    00000048     driverlib.lib : udma.obj (.text:uDMAChannelAttributeDisable)
                  0000280c    00000046                   : usb.obj (.text:USBEndpointDataGet)
                  00002852    00000002     usblib.lib : usbdma.obj (.text:uDMAUSBChannelIntDisable)
                  00002854    00000044                : usbdenum.obj (.text:USBDCDDeviceInfoInit)
                  00002898    00000044                : usbdenum.obj (.text:USBDGetInterface)
                  000028dc    00000040     tx_data_over_usb.obj (.text:Timer0IntHandler)
                  0000291c    00000040     usblib.lib : usbdbulk.obj (.text:USBDBulkInit)
                  0000295c    00000040     rtsv7M4_T_le_v4SPD16_eabi.lib : u_divt2.obj (.text)
                  0000299c    0000003c     uartstdio.obj (.text:UARTFlushTx)
                  000029d8    0000003c     usblib.lib : usbdma.obj (.text:iDMAUSBChannelRelease)
                  00002a14    0000003a     driverlib.lib : usb.obj (.text:USBFIFOConfigSet)
                  00002a4e    00000002     usblib.lib : usbdma.obj (.text:uDMAUSBChannelIntEnable)
                  00002a50    00000038                : usbtick.obj (.text:InternalUSBRegisterTickHandler)
                  00002a88    00000038                : usbtick.obj (.text:InternalUSBStartOfFrameTick)
                  00002ac0    00000038                : usbdcdesc.obj (.text:USBDCDConfigGetInterfaceEndpoint)
                  00002af8    00000038     driverlib.lib : usb.obj (.text:USBIntStatusControl)
                  00002b30    00000038     usblib.lib : usbringbuf.obj (.text:USBRingBufAdvanceWrite)
                  00002b68    00000036     driverlib.lib : usb.obj (.text:USBEndpointDataPut)
                  00002b9e    00000034     usblib.lib : usbdbulk.obj (.text:HandleEndpoints)
                  00002bd2    00000002     --HOLE-- [fill = 0]
                  00002bd4    00000034     driverlib.lib : sysctl.obj (.text:SysCtlPeripheralEnable)
                  00002c08    00000034                   : usb.obj (.text:USBEndpointDataSend)
                  00002c3c    00000034     usblib.lib : usbdma.obj (.text:iDMAUSBChannelStatus)
                  00002c70    00000032                : usbdcdesc.obj (.text:NextConfigDescGet)
                  00002ca2    00000032                : usbdbulk.obj (.text:ProcessDataToHost)
                  00002cd4    00000032     driverlib.lib : usb.obj (.text:USBDevEndpointStall)
                  00002d06    00000032     usblib.lib : usbdma.obj (.text:iDMAUSBChannelDisable)
                  00002d38    00000030                : usbdma.obj (.text:DMAUSBIntHandler)
                  00002d68    00000030                : usbtick.obj (.text:InternalUSBTickInit)
                  00002d98    00000030                : usbdenum.obj (.text:USBDGetConfiguration)
                  00002dc8    00000030                : usbringbuf.obj (.text:UpdateIndexAtomic)
                  00002df8    0000002c     uartstdio.obj (.text:UARTFlushRx)
                  00002e24    0000002c     usblib.lib : usbdesc.obj (.text:USBDescGet)
                  00002e50    0000002c                : usbdma.obj (.text:uDMAUSBIntStatus)
                  00002e7c    0000002a                : usbbuffer.obj (.text:HandleRequestBuffer)
                  00002ea6    0000002a                : usbdcdesc.obj (.text:USBDCDConfigDescGetNum)
                  00002ed0    0000002a                : usbdesc.obj (.text:USBDescGetNum)
                  00002efa    0000002a     driverlib.lib : usb.obj (.text:USBDevEndpointDataAck)
                  00002f24    00000028     usblib.lib : usbdenum.obj (.text:USBDSetAddress)
                  00002f4c    00000028     driverlib.lib : usb.obj (.text:USBIntEnableControl)
                  00002f74    00000028                   : udma.obj (.text:uDMAChannelModeGet)
                  00002f9c    00000024     usblib.lib : usbdbulk.obj (.text:BulkTickHandler)
                  00002fc0    00000024                : usbdbulk.obj (.text:HandleConfigChange)
                  00002fe4    00000024     driverlib.lib : usb.obj (.text:USBEndpointDMADisable)
                  00003008    00000024                   : usb.obj (.text:USBEndpointDMAEnable)
                  0000302c    00000024     usblib.lib : usbmode.obj (.text:USBStackModeSet)
                  00003050    00000024     driverlib.lib : udma.obj (.text:uDMAChannelControlSet)
                  00003074    00000022     usblib.lib : usbdbulk.obj (.text:HandleDisconnect)
                  00003096    00000022                : usbdbulk.obj (.text:USBDBulkRxPacketAvailable)
                  000030b8    00000022                : usbdma.obj (.text:uDMAUSBChannelStatus)
                  000030da    00000020                : usbdconfig.obj (.text:GetEndpointFIFOSize)
                  000030fa    00000020                : usbbuffer.obj (.text:HandleDataRemaining)
                  0000311a    00000020                : usbringbuf.obj (.text:USBRingBufAdvanceRead)
                  0000313a    0000001e                : usbringbuf.obj (.text:USBRingBufContigFree)
                  00003158    0000001e     driverlib.lib : usb.obj (.text:USBULPIRegRead)
                  00003176    0000001e                   : usb.obj (.text:USBULPIRegWrite)
                  00003194    0000001c     usblib.lib : usbdcdesc.obj (.text:USBDCDConfigGetInterface)
                  000031b0    0000001c                : usbdenum.obj (.text:USBDCDStallEP0)
                  000031cc    0000001c     driverlib.lib : usb.obj (.text:USBEndpointDataAvail)
                  000031e8    0000001c     usblib.lib : usbringbuf.obj (.text:USBRingBufWrite)
                  00003204    0000001a     uartstdio.obj (.text:UARTprintf)
                  0000321e    0000001a     usblib.lib : usbdcdesc.obj (.text:USBDCDConfigDescGetSize)
                  00003238    0000001a     driverlib.lib : usb.obj (.text:USBEndpointDMAChannel)
                  00003252    00000018     uartstdio.obj (.text:IsBufferFull)
                  0000326a    00000018     usblib.lib : usbdbulk.obj (.text:SetDeferredOpFlag)
                  00003282    00000002     --HOLE-- [fill = 0]
                  00003284    00000018                : usbdhandler.obj (.text:USB0DeviceIntHandler)
                  0000329c    00000018                : usbbuffer.obj (.text:USBBufferInit)
                  000032b4    00000018                : usbdenum.obj (.text:USBDCDFeatureGet)
                  000032cc    00000018                : usbdenum.obj (.text:USBDSetDescriptor)
                  000032e4    00000018                : usbdenum.obj (.text:USBDSyncFrame)
                  000032fc    00000018     rtsv7M4_T_le_v4SPD16_eabi.lib : args_main.obj (.text)
                  00003314    00000018     driverlib.lib : udma.obj (.text:uDMAChannelDisable)
                  0000332c    00000018                   : udma.obj (.text:uDMAChannelEnable)
                  00003344    00000016                   : usb.obj (.text:USBIntEnableEndpoint)
                  0000335a    00000016     usblib.lib : usbringbuf.obj (.text:USBRingBufFlush)
                  00003370    00000016                : usbringbuf.obj (.text:USBRingBufUsed)
                  00003386    00000014                : usbbuffer.obj (.text:HandleTxComplete)
                  0000339a    00000002     --HOLE-- [fill = 0]
                  0000339c    00000014     driverlib.lib : sysctl.obj (.text:SysCtlUSBPLLEnable)
                  000033b0    00000014     tx_data_over_usb.obj (.text:TxHandler)
                  000033c4    00000014     usblib.lib : usbdbulk.obj (.text:USBDBulkTxPacketAvailable)
                  000033d8    00000014     driverlib.lib : usb.obj (.text:USBDMAChannelConfigSet)
                  000033ec    00000014                   : usb.obj (.text:USBHostResume)
                  00003400    00000014                   : usb.obj (.text:_USBIndexWrite)
                  00003414    00000014     rtsv7M4_T_le_v4SPD16_eabi.lib : _lock.obj (.text)
                  00003428    00000012     usblib.lib : usbdbulk.obj (.text:HandleResume)
                  0000343a    00000012                : usbdbulk.obj (.text:HandleSuspend)
                  0000344c    00000012     driverlib.lib : usb.obj (.text:USBDMAChannelDisable)
                  0000345e    00000012                   : usb.obj (.text:USBDMAChannelEnable)
                  00003470    00000012                   : usb.obj (.text:USBDMAChannelIntDisable)
                  00003482    00000012                   : usb.obj (.text:USBDMAChannelIntEnable)
                  00003494    00000012     usblib.lib : usbringbuf.obj (.text:USBRingBufFree)
                  000034a6    00000010     driverlib.lib : interrupt.obj (.text:IntMasterDisable)
                  000034b6    00000010                   : interrupt.obj (.text:IntMasterEnable)
                  000034c6    00000010                   : usb.obj (.text:USBEndpointStatus)
                  000034d6    00000010     usblib.lib : usbringbuf.obj (.text:USBRingBufContigUsed)
                  000034e6    00000010                : usbringbuf.obj (.text:USBRingBufWriteOne)
                  000034f6    0000000e                : usbdma.obj (.text:DMAUSBIntStatusClear)
                  00003504    0000000e     uartstdio.obj (.text:IsBufferEmpty)
                  00003512    0000000e     driverlib.lib : usb.obj (.text:USBDMAChannelStatus)
                  00003520    0000000e                   : usb.obj (.text:USBDevLPMDisable)
                  0000352e    0000000e                   : usb.obj (.text:USBDevLPMEnable)
                  0000353c    0000000e                   : usb.obj (.text:USBULPIDisable)
                  0000354a    0000000e                   : usb.obj (.text:USBULPIEnable)
                  00003558    0000000e     rtsv7M4_T_le_v4SPD16_eabi.lib : copy_decompress_none.obj (.text:decompress:none)
                  00003566    0000000c     driverlib.lib : cpu.obj (.text:CPUcpsid)
                  00003572    0000000c                   : cpu.obj (.text:CPUcpsie)
                  0000357e    0000000c                   : usb.obj (.text:USBEndpointPacketCountSet)
                  0000358a    0000000c                   : usb.obj (.text:USBLPMIntEnable)
                  00003596    0000000c     usblib.lib : usbringbuf.obj (.text:USBRingBufInit)
                  000035a2    0000000c     rtsv7M4_T_le_v4SPD16_eabi.lib : copy_zero_init.obj (.text:decompress:ZI)
                  000035ae    0000000a     driverlib.lib : usb.obj (.text:USBClockEnable)
                  000035b8    0000000a                   : usb.obj (.text:USBControllerVersion)
                  000035c2    0000000a                   : usb.obj (.text:USBDMAChannelAddressSet)
                  000035cc    0000000a                   : usb.obj (.text:USBDMAChannelCountSet)
                  000035d6    0000000a                   : usb.obj (.text:USBDevConnect)
                  000035e0    0000000a                   : usb.obj (.text:USBDevDisconnect)
                  000035ea    0000000a                   : usb.obj (.text:USBIntStatusEndpoint)
                  000035f4    00000008                   : usb.obj (.text:USBDevMode)
                  000035fc    00000008                   : usb.obj (.text:USBFIFOAddrGet)
                  00003604    00000008                   : usb.obj (.text:USBOTGMode)
                  0000360c    00000008     usblib.lib : usbdma.obj (.text:iDMAUSBChannelIntDisable)
                  00003614    00000008                : usbdma.obj (.text:iDMAUSBChannelIntEnable)
                  0000361c    00000006     driverlib.lib : gpio.obj (.text:GPIOPinWrite)
                  00003622    00000006     startup_ccs.obj (.text:ResetISR)
                  00003628    00000006     driverlib.lib : uart.obj (.text:UARTClockSourceSet)
                  0000362e    00000006     usblib.lib : usbbuffer.obj (.text:USBBufferFlush)
                  00003634    00000006     driverlib.lib : usb.obj (.text:USBDMAChannelIntStatus)
                  0000363a    00000006                   : usb.obj (.text:USBDevLPMConfig)
                  00003640    00000006                   : usb.obj (.text:USBLPMIntStatus)
                  00003646    00000006     usblib.lib : usbdma.obj (.text:iDMAUSBIntStatus)
                  0000364c    00000004                : usbdma.obj (.text:DMAUSBStatus)
                  00003650    00000004     driverlib.lib : timer.obj (.text:TimerIntClear)
                  00003654    00000004                   : usb.obj (.text:USBDevAddrSet)
                  00003658    00000004     rtsv7M4_T_le_v4SPD16_eabi.lib : pre_init.obj (.text)

.const     0    0000365c    0000022c     
                  0000365c    00000070     driverlib.lib : interrupt.obj (.const)
                  000036cc    00000034     usblib.lib : usbdenum.obj (.const:g_psUSBDStdRequests)
                  00003700    00000030     usb_bulk_structs.obj (.const:.string:g_pui8ConfigString)
                  00003730    00000030     usblib.lib : usbdbulk.obj (.const:g_sBulkHandlers)
                  00003760    00000030                : usbdbulk.obj (.const)
                  00003790    0000002e                : usbdbulk.obj (.const:.string)
                  000037be    00000028     usb_bulk_structs.obj (.const:.string:g_pui8DataInterfaceString)
                  000037e6    00000028     usb_bulk_structs.obj (.const:.string:g_pui8ProductString)
                  0000380e    00000024     usb_bulk_structs.obj (.const:.string:g_pui8ManufacturerString)
                  00003832    00000002     --HOLE-- [fill = 0]
                  00003834    00000018     usb_bulk_structs.obj (.const:g_ppui8StringDescriptors)
                  0000384c    00000012     usb_bulk_structs.obj (.const:.string:g_pui8SerialNumberString)
                  0000385e    00000002     --HOLE-- [fill = 0]
                  00003860    0000000c     uartstdio.obj (.const:g_ui32UARTBase)
                  0000386c    0000000c     uartstdio.obj (.const:g_ui32UARTInt)
                  00003878    0000000c     uartstdio.obj (.const:g_ui32UARTPeriph)
                  00003884    00000004     usb_bulk_structs.obj (.const:.string:g_pui8LangDescriptor)

.cinit     0    00003888    000000c8     
                  00003888    000000a1     (.cinit..data.load) [load image, compression = lzss]
                  00003929    00000003     --HOLE-- [fill = 0]
                  0000392c    0000000c     (__TI_handler_table)
                  00003938    00000008     (.cinit..bss.load) [load image, compression = zero_init]
                  00003940    00000010     (__TI_cinit_table)

.init_array 
*          0    00000000    00000000     UNINITIALIZED

.bss       0    20000000    0000096c     UNINITIALIZED
                  20000000    00000400     uartstdio.obj (.bss:g_pcUARTTxBuffer)
                  20000400    00000110     usblib.lib : usbdma.obj (.bss:g_psUSBDMAInst)
                  20000510    00000100     (.common:data_to_tx)
                  20000610    00000100     (.common:g_pui8USBRxBuffer)
                  20000710    00000100     (.common:g_pui8USBTxBuffer)
                  20000810    00000080     uartstdio.obj (.bss:g_pcUARTRxBuffer)
                  20000890    00000050     usblib.lib : usbdenum.obj (.bss:g_psDCDInst)
                  200008e0    00000040                : usbdenum.obj (.bss:g_pui8DataBufferIn)
                  20000920    00000018     (.common:g_pfnTickHandlers)
                  20000938    00000018     (.common:g_pvTickInstance)
                  20000950    00000008     uartstdio.obj (.bss)
                  20000958    00000004     (.common:g_pfnUSBModeCallback)
                  2000095c    00000004     (.common:g_ppsDevInfo)
                  20000960    00000004     (.common:g_psRxDevice)
                  20000964    00000004     (.common:g_pvRxData)
                  20000968    00000004     (.common:g_ui32ULPISupport)

.data      0    20000d6c    00000164     UNINITIALIZED
                  20000d6c    00000044     usb_bulk_structs.obj (.data:g_sBulkDevice)
                  20000db0    00000038     usb_bulk_structs.obj (.data:g_sRxBuffer)
                  20000de8    00000038     usb_bulk_structs.obj (.data:g_sTxBuffer)
                  20000e20    0000002e     usblib.lib : usbdbulk.obj (.data)
                  20000e4e    00000002     --HOLE--
                  20000e50    0000002d     tx_data_over_usb.obj (.data)
                  20000e7d    00000003     --HOLE--
                  20000e80    00000015     uartstdio.obj (.data)
                  20000e95    00000003     --HOLE--
                  20000e98    0000000c     rtsv7M4_T_le_v4SPD16_eabi.lib : exit.obj (.data:$O1$$)
                  20000ea4    0000000c     usblib.lib : usbtick.obj (.data)
                  20000eb0    00000009                : usbmode.obj (.data)
                  20000eb9    00000003     --HOLE--
                  20000ebc    00000008     rtsv7M4_T_le_v4SPD16_eabi.lib : _lock.obj (.data:$O1$$)
                  20000ec4    00000008     usblib.lib : usbdenum.obj (.data)
                  20000ecc    00000004     rtsv7M4_T_le_v4SPD16_eabi.lib : stkdepth_vars.obj (.data)

.stack     0    2000096c    00000400     UNINITIALIZED
                  2000096c    00000400     --HOLE--

MODULE SUMMARY

       Module                     code    ro data   rw data
       ------                     ----    -------   -------
    ./
       tx_data_over_usb.obj       696     0         309    
       usb_bulk_structs.obj       0       210       692    
       startup_ccs.obj            12      620       0      
    +--+--------------------------+-------+---------+---------+
       Total:                     708     830       1001   
                                                           
    ./utils/
       uartstdio.obj              1494    36        1181   
    +--+--------------------------+-------+---------+---------+
       Total:                     1494    36        1181   
                                                           
    /home/arktheshadow/ti/SW-EK-TM4C123GXL-2.1.3.156/driverlib/ccs/Debug/driverlib.lib
       usb.obj                    1354    0         0      
       interrupt.obj              340     112       0      
       udma.obj                   328     0         0      
       sysctl.obj                 152     0         0      
       cpu.obj                    24      0         0      
       gpio.obj                   6       0         0      
       uart.obj                   6       0         0      
       timer.obj                  4       0         0      
    +--+--------------------------+-------+---------+---------+
       Total:                     2214    112       0      
                                                           
    /home/arktheshadow/ti/SW-EK-TM4C123GXL-2.1.3.156/usblib/ccs/Debug/usblib.lib
       usbdenum.obj               2864    52        160    
       usbdma.obj                 2008    0         272    
       usbdbulk.obj               940     142       46     
       usbdconfig.obj             576     0         0      
       usbbuffer.obj              560     0         0      
       usbdcdesc.obj              356     0         0      
       usbringbuf.obj             300     0         0      
       usbtick.obj                160     0         60     
       usbdesc.obj                86      0         0      
       usbulpi.obj                82      0         0      
       usbmode.obj                36      0         13     
       usbdhandler.obj            24      0         0      
    +--+--------------------------+-------+---------+---------+
       Total:                     7992    194       551    
                                                           
    /home/arktheshadow/ti/ccsv7/tools/compiler/ti-cgt-arm_16.9.0.LTS/lib/rtsv7M4_T_le_v4SPD16_eabi.lib
       memcpy_t2.obj              156     0         0      
       memset_t2.obj              122     0         0      
       autoinit.obj               112     0         0      
       copy_decompress_lzss.obj   104     0         0      
       exit.obj                   84      0         12     
       boot.obj                   84      0         0      
       cpy_tbl.obj                76      0         0      
       u_divt2.obj                64      0         0      
       _lock.obj                  20      0         8      
       args_main.obj              24      0         0      
       copy_decompress_none.obj   14      0         0      
       copy_zero_init.obj         12      0         0      
       pre_init.obj               4       0         0      
       stkdepth_vars.obj          0       0         4      
       i_div0.obj                 2       0         0      
       mpu_init.obj               2       0         0      
       startup.obj                2       0         0      
    +--+--------------------------+-------+---------+---------+
       Total:                     882     0         24     
                                                           
       Stack:                     0       0         1024   
       Linker Generated:          0       197       0      
    +--+--------------------------+-------+---------+---------+
       Grand Total:               13290   1369      3781   


LINKER GENERATED COPY TABLES

__TI_cinit_table @ 00003940 records: 2, size/record: 8, table size: 16
	.data: load addr=00003888, load size=000000a1 bytes, run addr=20000d6c, run size=00000164 bytes, compression=lzss
	.bss: load addr=00003938, load size=00000008 bytes, run addr=20000000, run size=0000096c bytes, compression=zero_init


LINKER GENERATED HANDLER TABLE

__TI_handler_table @ 0000392c records: 3, size/record: 4, table size: 12
	index: 0, handler: __TI_decompress_lzss
	index: 1, handler: __TI_decompress_none
	index: 2, handler: __TI_zero_init


GLOBAL SYMBOLS: SORTED ALPHABETICALLY BY Name 

address   name                            
-------   ----                            
00002335  C$$EXIT                         
00003567  CPUcpsid                        
00003573  CPUcpsie                        
00001f1d  ConfigureUART                   
0000361d  GPIOPinWrite                    
00001de5  IntDisable                      
00001e4d  IntEnable                       
00001f81  IntIsEnabled                    
000034a7  IntMasterDisable                
000034b7  IntMasterEnable                 
00002a51  InternalUSBRegisterTickHandler  
00002a89  InternalUSBStartOfFrameTick     
00002d69  InternalUSBTickInit             
00003623  ResetISR                        
00001581  RxHandler                       
UNDEFED   SHT$$INIT_ARRAY$$Base           
UNDEFED   SHT$$INIT_ARRAY$$Limit          
00002bd5  SysCtlPeripheralEnable          
00002431  SysCtlPeripheralReset           
0000339d  SysCtlUSBPLLEnable              
000028dd  Timer0IntHandler                
00003651  TimerIntClear                   
000033b1  TxHandler                       
00003629  UARTClockSourceSet              
00002df9  UARTFlushRx                     
0000299d  UARTFlushTx                     
00001259  UARTStdioConfig                 
00000459  UARTStdioIntHandler             
00003205  UARTprintf                      
0000026d  UARTvprintf                     
00001309  UARTwrite                       
000023dd  ULPIConfigSet                   
00003285  USB0DeviceIntHandler            
00001fe5  USBBufferEventCallback          
0000362f  USBBufferFlush                  
0000329d  USBBufferInit                   
000035af  USBClockEnable                  
000035b9  USBControllerVersion            
000013b1  USBDBulkCompositeInit           
0000291d  USBDBulkInit                    
00001b45  USBDBulkPacketRead              
0000222d  USBDBulkPacketWrite             
00003097  USBDBulkRxPacketAvailable       
000033c5  USBDBulkTxPacketAvailable       
00002481  USBDCDConfigDescGet             
00002ea7  USBDCDConfigDescGetNum          
0000321f  USBDCDConfigDescGetSize         
00003195  USBDCDConfigGetInterface        
00002ac1  USBDCDConfigGetInterfaceEndpoint
00002855  USBDCDDeviceInfoInit            
000032b5  USBDCDFeatureGet                
00000719  USBDCDInit                      
000031b1  USBDCDStallEP0                  
000035c3  USBDMAChannelAddressSet         
000033d9  USBDMAChannelConfigSet          
000035cd  USBDMAChannelCountSet           
0000344d  USBDMAChannelDisable            
0000345f  USBDMAChannelEnable             
00003471  USBDMAChannelIntDisable         
00003483  USBDMAChannelIntEnable          
00003635  USBDMAChannelIntStatus          
00003513  USBDMAChannelStatus             
00002e25  USBDescGet                      
00002ed1  USBDescGetNum                   
00003655  USBDevAddrSet                   
000035d7  USBDevConnect                   
000035e1  USBDevDisconnect                
000019d9  USBDevEndpointConfigSet         
00002efb  USBDevEndpointDataAck           
00002cd5  USBDevEndpointStall             
000026e7  USBDevEndpointStallClear        
000021cd  USBDevEndpointStatusClear       
0000363b  USBDevLPMConfig                 
00003521  USBDevLPMDisable                
0000352f  USBDevLPMEnable                 
000035f5  USBDevMode                      
00000b09  USBDeviceConfig                 
000017c5  USBDeviceConfigAlternate        
00000f41  USBDeviceEnumHandler            
0000277d  USBDeviceEnumResetHandler       
000009b9  USBDeviceIntHandlerInternal     
000024d1  USBDeviceResumeTickHandler      
00003239  USBEndpointDMAChannel           
000025b9  USBEndpointDMAConfigSet         
00002fe5  USBEndpointDMADisable           
00003009  USBEndpointDMAEnable            
000031cd  USBEndpointDataAvail            
0000280d  USBEndpointDataGet              
00002b69  USBEndpointDataPut              
00002c09  USBEndpointDataSend             
0000357f  USBEndpointPacketCountSet       
000034c7  USBEndpointStatus               
000035fd  USBFIFOAddrGet                  
00002a15  USBFIFOConfigSet                
000033ed  USBHostResume                   
00002f4d  USBIntEnableControl             
00003345  USBIntEnableEndpoint            
00002af9  USBIntStatusControl             
000035eb  USBIntStatusEndpoint            
0000358b  USBLPMIntEnable                 
00003641  USBLPMIntStatus                 
000005b9  USBLibDMAInit                   
00003605  USBOTGMode                      
0000311b  USBRingBufAdvanceRead           
00002b31  USBRingBufAdvanceWrite          
0000313b  USBRingBufContigFree            
000034d7  USBRingBufContigUsed            
0000335b  USBRingBufFlush                 
00003495  USBRingBufFree                  
00003597  USBRingBufInit                  
00003371  USBRingBufUsed                  
000031e9  USBRingBufWrite                 
000034e7  USBRingBufWriteOne              
0000302d  USBStackModeSet                 
0000353d  USBULPIDisable                  
0000354b  USBULPIEnable                   
00003159  USBULPIRegRead                  
00003177  USBULPIRegWrite                 
20000d6c  __STACK_END                     
00000400  __STACK_SIZE                    
20000d6c  __STACK_TOP                     
00003940  __TI_CINIT_Base                 
00003950  __TI_CINIT_Limit                
0000392c  __TI_Handler_Table_Base         
00003938  __TI_Handler_Table_Limit        
00001c29  __TI_auto_init                  
20000e98  __TI_cleanup_ptr                
00001eb5  __TI_decompress_lzss            
00003559  __TI_decompress_none            
20000e9c  __TI_dtors_ptr                  
20000ea0  __TI_enable_exit_profile_output 
ffffffff  __TI_pprof_out_hndl             
ffffffff  __TI_prof_data_size             
ffffffff  __TI_prof_data_start            
00000000  __TI_static_base__              
000035a3  __TI_zero_init                  
000022df  __aeabi_idiv0                   
00001a53  __aeabi_memclr                  
00001a53  __aeabi_memclr4                 
00001a53  __aeabi_memclr8                 
0000144d  __aeabi_memcpy                  
0000144d  __aeabi_memcpy4                 
0000144d  __aeabi_memcpy8                 
00001a55  __aeabi_memset                  
00001a55  __aeabi_memset4                 
00001a55  __aeabi_memset8                 
0000295d  __aeabi_uidiv                   
0000295d  __aeabi_uidivmod                
ffffffff  __binit__                       
ffffffff  __c_args__                      
0000242f  __mpu_init                      
2000096c  __stack                         
000032fd  _args_main                      
000022e1  _c_int00                        
20000ebc  _lock                           
00003423  _nop                            
0000341b  _register_lock                  
00003415  _register_unlock                
0000277b  _system_post_cinit              
00003659  _system_pre_init                
20000ec0  _unlock                         
00002339  abort                           
ffffffff  binit                           
00002651  copy_in                         
20000510  data_to_tx                      
00002341  exit                            
20000e59  g_bIntDone                      
20000e5a  g_bParallelDataReady            
20000e60  g_bRxAvailable                  
20000ea4  g_bUSBTimerInitialized          
20000eb0  g_iUSBMode                      
20000920  g_pfnTickHandlers               
00000000  g_pfnVectors                    
00003788  g_ppBulkConfigDescriptors       
0000378c  g_ppBulkConfigDescriptorsHS     
2000095c  g_ppsDevInfo                    
00003834  g_ppui8StringDescriptors        
20000e3c  g_psBulkSections                
20000e44  g_psBulkSectionsHS              
20000890  g_psDCDInst                     
20000960  g_psRxDevice                    
20000e32  g_pui8BulkDescriptor            
20000e20  g_pui8BulkDeviceDescriptor      
00003790  g_pui8BulkInterface             
000037a7  g_pui8BulkInterfaceHS           
00003700  g_pui8ConfigString              
000037be  g_pui8DataInterfaceString       
00003884  g_pui8LangDescriptor            
0000380e  g_pui8ManufacturerString        
000037e6  g_pui8ProductString             
0000384c  g_pui8SerialNumberString        
20000610  g_pui8USBRxBuffer               
20000710  g_pui8USBTxBuffer               
20000964  g_pvRxData                      
20000938  g_pvTickInstance                
00003778  g_sBulkConfigHeader             
00003780  g_sBulkConfigHeaderHS           
00003760  g_sBulkConfigSection            
20000d6c  g_sBulkDevice                   
00003730  g_sBulkHandlers                 
00003768  g_sBulkInterfaceSection         
00003770  g_sBulkInterfaceSectionHS       
20000db0  g_sRxBuffer                     
20000de8  g_sTxBuffer                     
20000ea8  g_ui32CurrentUSBTick            
20000e78  g_ui32Flags                     
20000e64  g_ui32NumBytes                  
20000e74  g_ui32RxCount                   
20000e5c  g_ui32SymbolsTx                 
20000e70  g_ui32TxCount                   
20000eac  g_ui32USBSOFCount               
20000eb4  g_ui32WaitTicks                 
20000e58  g_ui8ParallelOut                
00000c51  main                            
20000ecc  main_func_sp                    
0000144d  memcpy                          
00001a5b  memset                          
20000e68  rx_array_pos                    
00002389  send_data2                      
20000e6c  start_count                     
20000e54  tx_back                         
20000e50  tx_front                        
000027c5  uDMAChannelAttributeDisable     
00003051  uDMAChannelControlSet           
00003315  uDMAChannelDisable              
0000332d  uDMAChannelEnable               
00002f75  uDMAChannelModeGet              
000018d5  uDMAChannelTransferSet          


GLOBAL SYMBOLS: SORTED BY Symbol Address 

address   name                            
-------   ----                            
00000000  __TI_static_base__              
00000000  g_pfnVectors                    
0000026d  UARTvprintf                     
00000400  __STACK_SIZE                    
00000459  UARTStdioIntHandler             
000005b9  USBLibDMAInit                   
00000719  USBDCDInit                      
000009b9  USBDeviceIntHandlerInternal     
00000b09  USBDeviceConfig                 
00000c51  main                            
00000f41  USBDeviceEnumHandler            
00001259  UARTStdioConfig                 
00001309  UARTwrite                       
000013b1  USBDBulkCompositeInit           
0000144d  __aeabi_memcpy                  
0000144d  __aeabi_memcpy4                 
0000144d  __aeabi_memcpy8                 
0000144d  memcpy                          
00001581  RxHandler                       
000017c5  USBDeviceConfigAlternate        
000018d5  uDMAChannelTransferSet          
000019d9  USBDevEndpointConfigSet         
00001a53  __aeabi_memclr                  
00001a53  __aeabi_memclr4                 
00001a53  __aeabi_memclr8                 
00001a55  __aeabi_memset                  
00001a55  __aeabi_memset4                 
00001a55  __aeabi_memset8                 
00001a5b  memset                          
00001b45  USBDBulkPacketRead              
00001c29  __TI_auto_init                  
00001de5  IntDisable                      
00001e4d  IntEnable                       
00001eb5  __TI_decompress_lzss            
00001f1d  ConfigureUART                   
00001f81  IntIsEnabled                    
00001fe5  USBBufferEventCallback          
000021cd  USBDevEndpointStatusClear       
0000222d  USBDBulkPacketWrite             
000022df  __aeabi_idiv0                   
000022e1  _c_int00                        
00002335  C$$EXIT                         
00002339  abort                           
00002341  exit                            
00002389  send_data2                      
000023dd  ULPIConfigSet                   
0000242f  __mpu_init                      
00002431  SysCtlPeripheralReset           
00002481  USBDCDConfigDescGet             
000024d1  USBDeviceResumeTickHandler      
000025b9  USBEndpointDMAConfigSet         
00002651  copy_in                         
000026e7  USBDevEndpointStallClear        
0000277b  _system_post_cinit              
0000277d  USBDeviceEnumResetHandler       
000027c5  uDMAChannelAttributeDisable     
0000280d  USBEndpointDataGet              
00002855  USBDCDDeviceInfoInit            
000028dd  Timer0IntHandler                
0000291d  USBDBulkInit                    
0000295d  __aeabi_uidiv                   
0000295d  __aeabi_uidivmod                
0000299d  UARTFlushTx                     
00002a15  USBFIFOConfigSet                
00002a51  InternalUSBRegisterTickHandler  
00002a89  InternalUSBStartOfFrameTick     
00002ac1  USBDCDConfigGetInterfaceEndpoint
00002af9  USBIntStatusControl             
00002b31  USBRingBufAdvanceWrite          
00002b69  USBEndpointDataPut              
00002bd5  SysCtlPeripheralEnable          
00002c09  USBEndpointDataSend             
00002cd5  USBDevEndpointStall             
00002d69  InternalUSBTickInit             
00002df9  UARTFlushRx                     
00002e25  USBDescGet                      
00002ea7  USBDCDConfigDescGetNum          
00002ed1  USBDescGetNum                   
00002efb  USBDevEndpointDataAck           
00002f4d  USBIntEnableControl             
00002f75  uDMAChannelModeGet              
00002fe5  USBEndpointDMADisable           
00003009  USBEndpointDMAEnable            
0000302d  USBStackModeSet                 
00003051  uDMAChannelControlSet           
00003097  USBDBulkRxPacketAvailable       
0000311b  USBRingBufAdvanceRead           
0000313b  USBRingBufContigFree            
00003159  USBULPIRegRead                  
00003177  USBULPIRegWrite                 
00003195  USBDCDConfigGetInterface        
000031b1  USBDCDStallEP0                  
000031cd  USBEndpointDataAvail            
000031e9  USBRingBufWrite                 
00003205  UARTprintf                      
0000321f  USBDCDConfigDescGetSize         
00003239  USBEndpointDMAChannel           
00003285  USB0DeviceIntHandler            
0000329d  USBBufferInit                   
000032b5  USBDCDFeatureGet                
000032fd  _args_main                      
00003315  uDMAChannelDisable              
0000332d  uDMAChannelEnable               
00003345  USBIntEnableEndpoint            
0000335b  USBRingBufFlush                 
00003371  USBRingBufUsed                  
0000339d  SysCtlUSBPLLEnable              
000033b1  TxHandler                       
000033c5  USBDBulkTxPacketAvailable       
000033d9  USBDMAChannelConfigSet          
000033ed  USBHostResume                   
00003415  _register_unlock                
0000341b  _register_lock                  
00003423  _nop                            
0000344d  USBDMAChannelDisable            
0000345f  USBDMAChannelEnable             
00003471  USBDMAChannelIntDisable         
00003483  USBDMAChannelIntEnable          
00003495  USBRingBufFree                  
000034a7  IntMasterDisable                
000034b7  IntMasterEnable                 
000034c7  USBEndpointStatus               
000034d7  USBRingBufContigUsed            
000034e7  USBRingBufWriteOne              
00003513  USBDMAChannelStatus             
00003521  USBDevLPMDisable                
0000352f  USBDevLPMEnable                 
0000353d  USBULPIDisable                  
0000354b  USBULPIEnable                   
00003559  __TI_decompress_none            
00003567  CPUcpsid                        
00003573  CPUcpsie                        
0000357f  USBEndpointPacketCountSet       
0000358b  USBLPMIntEnable                 
00003597  USBRingBufInit                  
000035a3  __TI_zero_init                  
000035af  USBClockEnable                  
000035b9  USBControllerVersion            
000035c3  USBDMAChannelAddressSet         
000035cd  USBDMAChannelCountSet           
000035d7  USBDevConnect                   
000035e1  USBDevDisconnect                
000035eb  USBIntStatusEndpoint            
000035f5  USBDevMode                      
000035fd  USBFIFOAddrGet                  
00003605  USBOTGMode                      
0000361d  GPIOPinWrite                    
00003623  ResetISR                        
00003629  UARTClockSourceSet              
0000362f  USBBufferFlush                  
00003635  USBDMAChannelIntStatus          
0000363b  USBDevLPMConfig                 
00003641  USBLPMIntStatus                 
00003651  TimerIntClear                   
00003655  USBDevAddrSet                   
00003659  _system_pre_init                
00003700  g_pui8ConfigString              
00003730  g_sBulkHandlers                 
00003760  g_sBulkConfigSection            
00003768  g_sBulkInterfaceSection         
00003770  g_sBulkInterfaceSectionHS       
00003778  g_sBulkConfigHeader             
00003780  g_sBulkConfigHeaderHS           
00003788  g_ppBulkConfigDescriptors       
0000378c  g_ppBulkConfigDescriptorsHS     
00003790  g_pui8BulkInterface             
000037a7  g_pui8BulkInterfaceHS           
000037be  g_pui8DataInterfaceString       
000037e6  g_pui8ProductString             
0000380e  g_pui8ManufacturerString        
00003834  g_ppui8StringDescriptors        
0000384c  g_pui8SerialNumberString        
00003884  g_pui8LangDescriptor            
0000392c  __TI_Handler_Table_Base         
00003938  __TI_Handler_Table_Limit        
00003940  __TI_CINIT_Base                 
00003950  __TI_CINIT_Limit                
20000510  data_to_tx                      
20000610  g_pui8USBRxBuffer               
20000710  g_pui8USBTxBuffer               
20000890  g_psDCDInst                     
20000920  g_pfnTickHandlers               
20000938  g_pvTickInstance                
2000095c  g_ppsDevInfo                    
20000960  g_psRxDevice                    
20000964  g_pvRxData                      
2000096c  __stack                         
20000d6c  __STACK_END                     
20000d6c  __STACK_TOP                     
20000d6c  g_sBulkDevice                   
20000db0  g_sRxBuffer                     
20000de8  g_sTxBuffer                     
20000e20  g_pui8BulkDeviceDescriptor      
20000e32  g_pui8BulkDescriptor            
20000e3c  g_psBulkSections                
20000e44  g_psBulkSectionsHS              
20000e50  tx_front                        
20000e54  tx_back                         
20000e58  g_ui8ParallelOut                
20000e59  g_bIntDone                      
20000e5a  g_bParallelDataReady            
20000e5c  g_ui32SymbolsTx                 
20000e60  g_bRxAvailable                  
20000e64  g_ui32NumBytes                  
20000e68  rx_array_pos                    
20000e6c  start_count                     
20000e70  g_ui32TxCount                   
20000e74  g_ui32RxCount                   
20000e78  g_ui32Flags                     
20000e98  __TI_cleanup_ptr                
20000e9c  __TI_dtors_ptr                  
20000ea0  __TI_enable_exit_profile_output 
20000ea4  g_bUSBTimerInitialized          
20000ea8  g_ui32CurrentUSBTick            
20000eac  g_ui32USBSOFCount               
20000eb0  g_iUSBMode                      
20000eb4  g_ui32WaitTicks                 
20000ebc  _lock                           
20000ec0  _unlock                         
20000ecc  main_func_sp                    
ffffffff  __TI_pprof_out_hndl             
ffffffff  __TI_prof_data_size             
ffffffff  __TI_prof_data_start            
ffffffff  __binit__                       
ffffffff  __c_args__                      
ffffffff  binit                           
UNDEFED   SHT$$INIT_ARRAY$$Base           
UNDEFED   SHT$$INIT_ARRAY$$Limit          

[228 symbols]
